Copyright 1986-2022 Xilinx, Inc. All Rights Reserved. Copyright 2022-2024 Advanced Micro Devices, Inc. All Rights Reserved.
-------------------------------------------------------------------------------------------------------------------------------------------------------------------
| Tool Version     : Vivado v.2024.2 (win64) Build 5239630 Fri Nov 08 22:35:27 MST 2024
| Date             : Fri May  1 07:27:23 2026
| Host             : C27-5CG3121G96 running 64-bit major release  (build 9200)
| Command          : report_power -file ZoGolf_DataPath_power_routed.rpt -pb ZoGolf_DataPath_power_summary_routed.pb -rpx ZoGolf_DataPath_power_routed.rpx
| Design           : ZoGolf_DataPath
| Device           : xc7a200tsbg484-1
| Design State     : routed
| Grade            : commercial
| Process          : typical
| Characterization : Production
-------------------------------------------------------------------------------------------------------------------------------------------------------------------

Power Report

Table of Contents
-----------------
1. Summary
1.1 On-Chip Components
1.2 Power Supply Summary
1.3 Confidence Level
2. Settings
2.1 Environment
2.2 Clock Constraints
3. Detailed Reports
3.1 By Hierarchy

1. Summary
----------

+--------------------------+--------------+
| Total On-Chip Power (W)  | 0.392        |
| Design Power Budget (W)  | Unspecified* |
| Power Budget Margin (W)  | NA           |
| Dynamic (W)              | 0.252        |
| Device Static (W)        | 0.140        |
| Effective TJA (C/W)      | 3.3          |
| Max Ambient (C)          | 83.7         |
| Junction Temperature (C) | 26.3         |
| Confidence Level         | Low          |
| Setting File             | ---          |
| Simulation Activity File | ---          |
| Design Nets Matched      | NA           |
+--------------------------+--------------+
* Specify Design Power Budget using, set_operating_conditions -design_power_budget <value in Watts>


1.1 On-Chip Components
----------------------

+--------------------------+-----------+----------+-----------+-----------------+
| On-Chip                  | Power (W) | Used     | Available | Utilization (%) |
+--------------------------+-----------+----------+-----------+-----------------+
| Clocks                   |     0.004 |        6 |       --- |             --- |
| Slice Logic              |     0.002 |      959 |       --- |             --- |
|   LUT as Logic           |     0.001 |      346 |    133800 |            0.26 |
|   LUT as Distributed RAM |    <0.001 |       24 |     46200 |            0.05 |
|   CARRY4                 |    <0.001 |       23 |     33450 |            0.07 |
|   Register               |    <0.001 |      369 |    267600 |            0.14 |
|   BUFG                   |    <0.001 |        1 |        32 |            3.13 |
|   Others                 |     0.000 |       52 |       --- |             --- |
| Signals                  |     0.002 |      759 |       --- |             --- |
| Block RAM                |     0.004 |        3 |       365 |            0.82 |
| MMCM                     |     0.106 |        1 |        10 |           10.00 |
| DSPs                     |    <0.001 |        1 |       740 |            0.14 |
| I/O                      |     0.134 |       15 |       285 |            5.26 |
| Static Power             |     0.140 |          |           |                 |
| Total                    |     0.392 |          |           |                 |
+--------------------------+-----------+----------+-----------+-----------------+


1.2 Power Supply Summary
------------------------

+-----------+-------------+-----------+-------------+------------+-------------+-------------+------------+
| Source    | Voltage (V) | Total (A) | Dynamic (A) | Static (A) | Powerup (A) | Budget (A)  | Margin (A) |
+-----------+-------------+-----------+-------------+------------+-------------+-------------+------------+
| Vccint    |       1.000 |     0.044 |       0.013 |      0.031 |       NA    | Unspecified | NA         |
| Vccaux    |       1.800 |     0.089 |       0.059 |      0.031 |       NA    | Unspecified | NA         |
| Vcco33    |       3.300 |     0.045 |       0.040 |      0.005 |       NA    | Unspecified | NA         |
| Vcco25    |       2.500 |     0.000 |       0.000 |      0.000 |       NA    | Unspecified | NA         |
| Vcco18    |       1.800 |     0.000 |       0.000 |      0.000 |       NA    | Unspecified | NA         |
| Vcco15    |       1.500 |     0.000 |       0.000 |      0.000 |       NA    | Unspecified | NA         |
| Vcco135   |       1.350 |     0.000 |       0.000 |      0.000 |       NA    | Unspecified | NA         |
| Vcco12    |       1.200 |     0.000 |       0.000 |      0.000 |       NA    | Unspecified | NA         |
| Vccaux_io |       1.800 |     0.000 |       0.000 |      0.000 |       NA    | Unspecified | NA         |
| Vccbram   |       1.000 |     0.001 |       0.000 |      0.001 |       NA    | Unspecified | NA         |
| MGTAVcc   |       1.000 |     0.000 |       0.000 |      0.000 |       NA    | Unspecified | NA         |
| MGTAVtt   |       1.200 |     0.000 |       0.000 |      0.000 |       NA    | Unspecified | NA         |
| Vccadc    |       1.800 |     0.020 |       0.000 |      0.020 |       NA    | Unspecified | NA         |
+-----------+-------------+-----------+-------------+------------+-------------+-------------+------------+


1.3 Confidence Level
--------------------

+-----------------------------+------------+--------------------------------------------------------+--------------------------------------------------------------------------------------------------------------------+
| User Input Data             | Confidence | Details                                                | Action                                                                                                             |
+-----------------------------+------------+--------------------------------------------------------+--------------------------------------------------------------------------------------------------------------------+
| Design implementation state | High       | Design is routed                                       |                                                                                                                    |
| Clock nodes activity        | Medium     | More than 5% of clocks are missing user specification  | Provide missing clock activity with a constraint file, simulation results or by editing the "By Clock Domain" view |
| I/O nodes activity          | Low        | More than 75% of inputs are missing user specification | Provide missing input activity with simulation results or by editing the "By Resource Type -> I/Os" view           |
| Internal nodes activity     | Medium     | User specified less than 25% of internal nodes         | Provide missing internal nodes activity with simulation results or by editing the "By Resource Type" views         |
| Device models               | High       | Device models are Production                           |                                                                                                                    |
|                             |            |                                                        |                                                                                                                    |
| Overall confidence level    | Low        |                                                        |                                                                                                                    |
+-----------------------------+------------+--------------------------------------------------------+--------------------------------------------------------------------------------------------------------------------+


2. Settings
-----------

2.1 Environment
---------------

+-----------------------+--------------------------+
| Ambient Temp (C)      | 25.0                     |
| ThetaJA (C/W)         | 3.3                      |
| Airflow (LFM)         | 250                      |
| Heat Sink             | medium (Medium Profile)  |
| ThetaSA (C/W)         | 4.6                      |
| Board Selection       | medium (10"x10")         |
| # of Board Layers     | 12to15 (12 to 15 Layers) |
| Board Temperature (C) | 25.0                     |
+-----------------------+--------------------------+


2.2 Clock Constraints
---------------------

+------------------------------------------------------+-----------------------------------------------------------------+-----------------+
| Clock                                                | Domain                                                          | Constraint (ns) |
+------------------------------------------------------+-----------------------------------------------------------------+-----------------+
| clk_out1_clk_wiz_0                                   | video_inst/mmcm_adv_inst_display_clocks/inst/clk_out1_clk_wiz_0 |            40.0 |
| clk_out2_clk_wiz_0                                   | video_inst/mmcm_adv_inst_display_clocks/inst/clk_out2_clk_wiz_0 |             8.0 |
| clkfbout_clk_wiz_0                                   | video_inst/mmcm_adv_inst_display_clocks/inst/clkfbout_clk_wiz_0 |            10.0 |
| video_inst/mmcm_adv_inst_display_clocks/inst/clk_in1 | clk_IBUF_BUFG                                                   |            10.0 |
+------------------------------------------------------+-----------------------------------------------------------------+-----------------+


3. Detailed Reports
-------------------

3.1 By Hierarchy
----------------

+----------------------------------+-----------+
| Name                             | Power (W) |
+----------------------------------+-----------+
| ZoGolf_DataPath                  |     0.252 |
|   NES_inst                       |     0.004 |
|     processor                    |     0.003 |
|     program_rom                  |     0.001 |
|   PS2_decoder_inst               |     0.002 |
|     inst_PS2_mouse               |     0.001 |
|   level_selctor_inst             |     0.004 |
|     inst_level0                  |     0.004 |
|       BottomHalfMemory           |     0.002 |
|       TopHalfMemory              |     0.002 |
|   video_inst                     |     0.242 |
|     inst_dvid                    |     0.001 |
|     mmcm_adv_inst_display_clocks |     0.107 |
|       inst                       |     0.107 |
+----------------------------------+-----------+


