
*** Running vivado
    with args -log lec11_tb.vds -m64 -product Vivado -mode batch -messageDb vivado.pb -notrace -source lec11_tb.tcl



****** Vivado v2024.2 (64-bit)
  **** SW Build 5239630 on Fri Nov 08 22:35:27 MST 2024
  **** IP Build 5239520 on Sun Nov 10 16:12:51 MST 2024
  **** SharedData Build 5239561 on Fri Nov 08 14:39:27 MST 2024
  **** Start of session at: Wed Apr 29 18:03:01 2026
    ** Copyright 1986-2022 Xilinx, Inc. All Rights Reserved.
    ** Copyright 2022-2024 Advanced Micro Devices, Inc. All Rights Reserved.

source lec11_tb.tcl -notrace
create_project: Time (s): cpu = 00:00:03 ; elapsed = 00:00:05 . Memory (MB): peak = 439.562 ; gain = 127.859
Command: synth_design -top lec11_tb -part xc7a200tsbg484-1
Starting synth_design
Attempting to get a license for feature 'Synthesis' and/or device 'xc7a200t'
INFO: [Common 17-349] Got license for feature 'Synthesis' and/or device 'xc7a200t'
INFO: [Synth 8-7079] Multithreading enabled for synth_design using a maximum of 2 processes.
INFO: [Synth 8-7078] Launching helper process for spawning children vivado processes
INFO: [Synth 8-7075] Helper process launched with PID 27064
---------------------------------------------------------------------------------
Starting Synthesize : Time (s): cpu = 00:00:04 ; elapsed = 00:00:09 . Memory (MB): peak = 919.172 ; gain = 474.668
---------------------------------------------------------------------------------
INFO: [Synth 8-638] synthesizing module 'lec11_tb' [C:/Users/C27Soren.Herzog/ece383/Herzog_ece383_wksp/hw8/HW8.srcs/sources_1/imports/Homework_8/lec11_tb.vhdl:27]
INFO: [Synth 8-3491] module 'lec11' declared at 'C:/Users/C27Soren.Herzog/ece383/Herzog_ece383_wksp/hw8/HW8.srcs/sources_1/imports/Homework_8/lec11.vhdl:24' bound to instance 'uut' of component 'lec11' [C:/Users/C27Soren.Herzog/ece383/Herzog_ece383_wksp/hw8/HW8.srcs/sources_1/imports/Homework_8/lec11_tb.vhdl:55]
INFO: [Synth 8-638] synthesizing module 'lec11' [C:/Users/C27Soren.Herzog/ece383/Herzog_ece383_wksp/hw8/HW8.srcs/sources_1/imports/Homework_8/lec11.vhdl:35]
INFO: [Synth 8-3491] module 'lec11_cu' declared at 'C:/Users/C27Soren.Herzog/ece383/Herzog_ece383_wksp/hw8/HW8.srcs/sources_1/new/lec11_cu.vhd:35' bound to instance 'cu' of component 'lec11_cu' [C:/Users/C27Soren.Herzog/ece383/Herzog_ece383_wksp/hw8/HW8.srcs/sources_1/imports/Homework_8/lec11.vhdl:61]
INFO: [Synth 8-638] synthesizing module 'lec11_cu' [C:/Users/C27Soren.Herzog/ece383/Herzog_ece383_wksp/hw8/HW8.srcs/sources_1/new/lec11_cu.vhd:44]
INFO: [Synth 8-256] done synthesizing module 'lec11_cu' (0#1) [C:/Users/C27Soren.Herzog/ece383/Herzog_ece383_wksp/hw8/HW8.srcs/sources_1/new/lec11_cu.vhd:44]
INFO: [Synth 8-3491] module 'lec11_dp' declared at 'C:/Users/C27Soren.Herzog/ece383/Herzog_ece383_wksp/hw8/HW8.srcs/sources_1/imports/Homework_8/lec11_dp.vhdl:24' bound to instance 'dp' of component 'lec11_dp' [C:/Users/C27Soren.Herzog/ece383/Herzog_ece383_wksp/hw8/HW8.srcs/sources_1/imports/Homework_8/lec11.vhdl:62]
INFO: [Synth 8-638] synthesizing module 'lec11_dp' [C:/Users/C27Soren.Herzog/ece383/Herzog_ece383_wksp/hw8/HW8.srcs/sources_1/imports/Homework_8/lec11_dp.vhdl:33]
INFO: [Synth 8-256] done synthesizing module 'lec11_dp' (0#1) [C:/Users/C27Soren.Herzog/ece383/Herzog_ece383_wksp/hw8/HW8.srcs/sources_1/imports/Homework_8/lec11_dp.vhdl:33]
INFO: [Synth 8-256] done synthesizing module 'lec11' (0#1) [C:/Users/C27Soren.Herzog/ece383/Herzog_ece383_wksp/hw8/HW8.srcs/sources_1/imports/Homework_8/lec11.vhdl:35]
INFO: [Synth 8-3491] module 'keyboard' declared at 'C:/Users/C27Soren.Herzog/ece383/Herzog_ece383_wksp/hw8/HW8.srcs/sources_1/imports/Homework_8/keyboard.vhd:23' bound to instance 'sim' of component 'keyboard' [C:/Users/C27Soren.Herzog/ece383/Herzog_ece383_wksp/hw8/HW8.srcs/sources_1/imports/Homework_8/lec11_tb.vhdl:63]
INFO: [Synth 8-638] synthesizing module 'keyboard' [C:/Users/C27Soren.Herzog/ece383/Herzog_ece383_wksp/hw8/HW8.srcs/sources_1/imports/Homework_8/keyboard.vhd:28]
WARNING: [Synth 8-312] ignoring unsynthesizable construct: wait statement with no conditon [C:/Users/C27Soren.Herzog/ece383/Herzog_ece383_wksp/hw8/HW8.srcs/sources_1/imports/Homework_8/keyboard.vhd:115]
WARNING: [Synth 8-312] ignoring unsynthesizable construct: wait statement with no conditon [C:/Users/C27Soren.Herzog/ece383/Herzog_ece383_wksp/hw8/HW8.srcs/sources_1/imports/Homework_8/keyboard.vhd:72]
WARNING: [Synth 8-312] ignoring unsynthesizable construct: wait statement with no conditon [C:/Users/C27Soren.Herzog/ece383/Herzog_ece383_wksp/hw8/HW8.srcs/sources_1/imports/Homework_8/keyboard.vhd:73]
WARNING: [Synth 8-312] ignoring unsynthesizable construct: wait statement with no conditon [C:/Users/C27Soren.Herzog/ece383/Herzog_ece383_wksp/hw8/HW8.srcs/sources_1/imports/Homework_8/keyboard.vhd:81]
WARNING: [Synth 8-312] ignoring unsynthesizable construct: wait statement with no conditon [C:/Users/C27Soren.Herzog/ece383/Herzog_ece383_wksp/hw8/HW8.srcs/sources_1/imports/Homework_8/keyboard.vhd:81]
WARNING: [Synth 8-312] ignoring unsynthesizable construct: wait statement with no conditon [C:/Users/C27Soren.Herzog/ece383/Herzog_ece383_wksp/hw8/HW8.srcs/sources_1/imports/Homework_8/keyboard.vhd:81]
WARNING: [Synth 8-312] ignoring unsynthesizable construct: wait statement with no conditon [C:/Users/C27Soren.Herzog/ece383/Herzog_ece383_wksp/hw8/HW8.srcs/sources_1/imports/Homework_8/keyboard.vhd:81]
WARNING: [Synth 8-312] ignoring unsynthesizable construct: wait statement with no conditon [C:/Users/C27Soren.Herzog/ece383/Herzog_ece383_wksp/hw8/HW8.srcs/sources_1/imports/Homework_8/keyboard.vhd:81]
WARNING: [Synth 8-312] ignoring unsynthesizable construct: wait statement with no conditon [C:/Users/C27Soren.Herzog/ece383/Herzog_ece383_wksp/hw8/HW8.srcs/sources_1/imports/Homework_8/keyboard.vhd:81]
WARNING: [Synth 8-312] ignoring unsynthesizable construct: wait statement with no conditon [C:/Users/C27Soren.Herzog/ece383/Herzog_ece383_wksp/hw8/HW8.srcs/sources_1/imports/Homework_8/keyboard.vhd:81]
WARNING: [Synth 8-312] ignoring unsynthesizable construct: wait statement with no conditon [C:/Users/C27Soren.Herzog/ece383/Herzog_ece383_wksp/hw8/HW8.srcs/sources_1/imports/Homework_8/keyboard.vhd:81]
WARNING: [Synth 8-312] ignoring unsynthesizable construct: wait statement with no conditon [C:/Users/C27Soren.Herzog/ece383/Herzog_ece383_wksp/hw8/HW8.srcs/sources_1/imports/Homework_8/keyboard.vhd:86]
WARNING: [Synth 8-312] ignoring unsynthesizable construct: wait statement with no conditon [C:/Users/C27Soren.Herzog/ece383/Herzog_ece383_wksp/hw8/HW8.srcs/sources_1/imports/Homework_8/keyboard.vhd:87]
WARNING: [Synth 8-312] ignoring unsynthesizable construct: wait statement with no conditon [C:/Users/C27Soren.Herzog/ece383/Herzog_ece383_wksp/hw8/HW8.srcs/sources_1/imports/Homework_8/keyboard.vhd:90]
WARNING: [Synth 8-312] ignoring unsynthesizable construct: wait statement with no conditon [C:/Users/C27Soren.Herzog/ece383/Herzog_ece383_wksp/hw8/HW8.srcs/sources_1/imports/Homework_8/keyboard.vhd:91]
WARNING: [Synth 8-312] ignoring unsynthesizable construct: wait statement with no conditon [C:/Users/C27Soren.Herzog/ece383/Herzog_ece383_wksp/hw8/HW8.srcs/sources_1/imports/Homework_8/keyboard.vhd:123]
WARNING: [Synth 8-312] ignoring unsynthesizable construct: wait statement with no conditon [C:/Users/C27Soren.Herzog/ece383/Herzog_ece383_wksp/hw8/HW8.srcs/sources_1/imports/Homework_8/keyboard.vhd:72]
WARNING: [Synth 8-312] ignoring unsynthesizable construct: wait statement with no conditon [C:/Users/C27Soren.Herzog/ece383/Herzog_ece383_wksp/hw8/HW8.srcs/sources_1/imports/Homework_8/keyboard.vhd:73]
WARNING: [Synth 8-312] ignoring unsynthesizable construct: wait statement with no conditon [C:/Users/C27Soren.Herzog/ece383/Herzog_ece383_wksp/hw8/HW8.srcs/sources_1/imports/Homework_8/keyboard.vhd:81]
WARNING: [Synth 8-312] ignoring unsynthesizable construct: wait statement with no conditon [C:/Users/C27Soren.Herzog/ece383/Herzog_ece383_wksp/hw8/HW8.srcs/sources_1/imports/Homework_8/keyboard.vhd:81]
WARNING: [Synth 8-312] ignoring unsynthesizable construct: wait statement with no conditon [C:/Users/C27Soren.Herzog/ece383/Herzog_ece383_wksp/hw8/HW8.srcs/sources_1/imports/Homework_8/keyboard.vhd:81]
WARNING: [Synth 8-312] ignoring unsynthesizable construct: wait statement with no conditon [C:/Users/C27Soren.Herzog/ece383/Herzog_ece383_wksp/hw8/HW8.srcs/sources_1/imports/Homework_8/keyboard.vhd:81]
WARNING: [Synth 8-312] ignoring unsynthesizable construct: wait statement with no conditon [C:/Users/C27Soren.Herzog/ece383/Herzog_ece383_wksp/hw8/HW8.srcs/sources_1/imports/Homework_8/keyboard.vhd:81]
WARNING: [Synth 8-312] ignoring unsynthesizable construct: wait statement with no conditon [C:/Users/C27Soren.Herzog/ece383/Herzog_ece383_wksp/hw8/HW8.srcs/sources_1/imports/Homework_8/keyboard.vhd:81]
WARNING: [Synth 8-312] ignoring unsynthesizable construct: wait statement with no conditon [C:/Users/C27Soren.Herzog/ece383/Herzog_ece383_wksp/hw8/HW8.srcs/sources_1/imports/Homework_8/keyboard.vhd:81]
WARNING: [Synth 8-312] ignoring unsynthesizable construct: wait statement with no conditon [C:/Users/C27Soren.Herzog/ece383/Herzog_ece383_wksp/hw8/HW8.srcs/sources_1/imports/Homework_8/keyboard.vhd:81]
WARNING: [Synth 8-312] ignoring unsynthesizable construct: wait statement with no conditon [C:/Users/C27Soren.Herzog/ece383/Herzog_ece383_wksp/hw8/HW8.srcs/sources_1/imports/Homework_8/keyboard.vhd:86]
WARNING: [Synth 8-312] ignoring unsynthesizable construct: wait statement with no conditon [C:/Users/C27Soren.Herzog/ece383/Herzog_ece383_wksp/hw8/HW8.srcs/sources_1/imports/Homework_8/keyboard.vhd:87]
WARNING: [Synth 8-312] ignoring unsynthesizable construct: wait statement with no conditon [C:/Users/C27Soren.Herzog/ece383/Herzog_ece383_wksp/hw8/HW8.srcs/sources_1/imports/Homework_8/keyboard.vhd:90]
WARNING: [Synth 8-312] ignoring unsynthesizable construct: wait statement with no conditon [C:/Users/C27Soren.Herzog/ece383/Herzog_ece383_wksp/hw8/HW8.srcs/sources_1/imports/Homework_8/keyboard.vhd:91]
WARNING: [Synth 8-312] ignoring unsynthesizable construct: wait statement with no conditon [C:/Users/C27Soren.Herzog/ece383/Herzog_ece383_wksp/hw8/HW8.srcs/sources_1/imports/Homework_8/keyboard.vhd:127]
WARNING: [Synth 8-312] ignoring unsynthesizable construct: wait statement with no conditon [C:/Users/C27Soren.Herzog/ece383/Herzog_ece383_wksp/hw8/HW8.srcs/sources_1/imports/Homework_8/keyboard.vhd:123]
WARNING: [Synth 8-312] ignoring unsynthesizable construct: wait statement with no conditon [C:/Users/C27Soren.Herzog/ece383/Herzog_ece383_wksp/hw8/HW8.srcs/sources_1/imports/Homework_8/keyboard.vhd:127]
WARNING: [Synth 8-312] ignoring unsynthesizable construct: wait statement with no conditon [C:/Users/C27Soren.Herzog/ece383/Herzog_ece383_wksp/hw8/HW8.srcs/sources_1/imports/Homework_8/keyboard.vhd:123]
WARNING: [Synth 8-312] ignoring unsynthesizable construct: wait statement with no conditon [C:/Users/C27Soren.Herzog/ece383/Herzog_ece383_wksp/hw8/HW8.srcs/sources_1/imports/Homework_8/keyboard.vhd:127]
INFO: [Synth 8-256] done synthesizing module 'keyboard' (0#1) [C:/Users/C27Soren.Herzog/ece383/Herzog_ece383_wksp/hw8/HW8.srcs/sources_1/imports/Homework_8/keyboard.vhd:28]
WARNING: [Synth 8-312] ignoring unsynthesizable construct: wait statement with no conditon [C:/Users/C27Soren.Herzog/ece383/Herzog_ece383_wksp/hw8/HW8.srcs/sources_1/imports/Homework_8/lec11_tb.vhdl:71]
WARNING: [Synth 8-312] ignoring unsynthesizable construct: extra waveform elements [C:/Users/C27Soren.Herzog/ece383/Herzog_ece383_wksp/hw8/HW8.srcs/sources_1/imports/Homework_8/lec11_tb.vhdl:76]
INFO: [Synth 8-256] done synthesizing module 'lec11_tb' (0#1) [C:/Users/C27Soren.Herzog/ece383/Herzog_ece383_wksp/hw8/HW8.srcs/sources_1/imports/Homework_8/lec11_tb.vhdl:27]
---------------------------------------------------------------------------------
Finished Synthesize : Time (s): cpu = 00:00:05 ; elapsed = 00:00:11 . Memory (MB): peak = 1026.391 ; gain = 581.887
---------------------------------------------------------------------------------
---------------------------------------------------------------------------------
Finished Constraint Validation : Time (s): cpu = 00:00:05 ; elapsed = 00:00:12 . Memory (MB): peak = 1026.391 ; gain = 581.887
---------------------------------------------------------------------------------
---------------------------------------------------------------------------------
Start Loading Part and Timing Information
---------------------------------------------------------------------------------
Loading part: xc7a200tsbg484-1
---------------------------------------------------------------------------------
INFO: [Device 21-403] Loading part xc7a200tsbg484-1
Finished Loading Part and Timing Information : Time (s): cpu = 00:00:05 ; elapsed = 00:00:12 . Memory (MB): peak = 1026.391 ; gain = 581.887
---------------------------------------------------------------------------------
INFO: [Synth 8-802] inferred FSM for state register 'state_reg' in module 'lec11_cu'
---------------------------------------------------------------------------------------------------
                   State |                     New Encoding |                Previous Encoding 
---------------------------------------------------------------------------------------------------
               waitstart |                              000 |                              000
                readdata |                              001 |                              001
                  wait_0 |                              010 |                              010
                  comp_0 |                              011 |                              011
                  wait_1 |                              100 |                              100
---------------------------------------------------------------------------------------------------
INFO: [Synth 8-3354] encoded FSM with state register 'state_reg' using encoding 'sequential' in module 'lec11_cu'
WARNING: [Synth 8-327] inferring latch for variable 'cw_reg' [C:/Users/C27Soren.Herzog/ece383/Herzog_ece383_wksp/hw8/HW8.srcs/sources_1/new/lec11_cu.vhd:79]
---------------------------------------------------------------------------------
Finished RTL Optimization Phase 2 : Time (s): cpu = 00:00:06 ; elapsed = 00:00:12 . Memory (MB): peak = 1026.391 ; gain = 581.887
---------------------------------------------------------------------------------
No constraint files found.
---------------------------------------------------------------------------------
Start RTL Component Statistics 
---------------------------------------------------------------------------------
Detailed RTL Component Info : 
+---Adders : 
	   2 Input    6 Bit       Adders := 1     
+---Registers : 
	               11 Bit    Registers := 1     
	                8 Bit    Registers := 1     
	                6 Bit    Registers := 1     
+---Muxes : 
	   5 Input    4 Bit        Muxes := 1     
	   5 Input    3 Bit        Muxes := 1     
	   2 Input    3 Bit        Muxes := 1     
	   2 Input    1 Bit        Muxes := 3     
	   5 Input    1 Bit        Muxes := 2     
	   4 Input    1 Bit        Muxes := 1     
---------------------------------------------------------------------------------
Finished RTL Component Statistics 
---------------------------------------------------------------------------------
---------------------------------------------------------------------------------
Start Part Resource Summary
---------------------------------------------------------------------------------
Part Resources:
DSPs: 740 (col length:100)
BRAMs: 730 (col length: RAMB18 100 RAMB36 50)
---------------------------------------------------------------------------------
Finished Part Resource Summary
---------------------------------------------------------------------------------
No constraint files found.
---------------------------------------------------------------------------------
Start Cross Boundary and Area Optimization
---------------------------------------------------------------------------------
WARNING: [Synth 8-7080] Parallel synthesis criteria is not met
WARNING: [Synth 8-3332] Sequential element (uut/cu/FSM_sequential_state_reg[2]) is unused and will be removed from module lec11_tb.
WARNING: [Synth 8-3332] Sequential element (uut/cu/FSM_sequential_state_reg[1]) is unused and will be removed from module lec11_tb.
WARNING: [Synth 8-3332] Sequential element (uut/cu/FSM_sequential_state_reg[0]) is unused and will be removed from module lec11_tb.
WARNING: [Synth 8-3332] Sequential element (uut/cu/cw_reg[3]) is unused and will be removed from module lec11_tb.
WARNING: [Synth 8-3332] Sequential element (uut/cu/cw_reg[2]) is unused and will be removed from module lec11_tb.
WARNING: [Synth 8-3332] Sequential element (uut/cu/cw_reg[1]) is unused and will be removed from module lec11_tb.
WARNING: [Synth 8-3332] Sequential element (uut/cu/cw_reg[0]) is unused and will be removed from module lec11_tb.
---------------------------------------------------------------------------------
Finished Cross Boundary and Area Optimization : Time (s): cpu = 00:00:09 ; elapsed = 00:00:47 . Memory (MB): peak = 1206.203 ; gain = 761.699
---------------------------------------------------------------------------------
No constraint files found.
---------------------------------------------------------------------------------
Start Timing Optimization
---------------------------------------------------------------------------------
---------------------------------------------------------------------------------
Finished Timing Optimization : Time (s): cpu = 00:00:09 ; elapsed = 00:00:47 . Memory (MB): peak = 1231.055 ; gain = 786.551
---------------------------------------------------------------------------------
---------------------------------------------------------------------------------
Start Technology Mapping
---------------------------------------------------------------------------------
---------------------------------------------------------------------------------
Finished Technology Mapping : Time (s): cpu = 00:00:09 ; elapsed = 00:00:47 . Memory (MB): peak = 1231.055 ; gain = 786.551
---------------------------------------------------------------------------------
---------------------------------------------------------------------------------
Start IO Insertion
---------------------------------------------------------------------------------
---------------------------------------------------------------------------------
Start Flattening Before IO Insertion
---------------------------------------------------------------------------------
---------------------------------------------------------------------------------
Finished Flattening Before IO Insertion
---------------------------------------------------------------------------------
---------------------------------------------------------------------------------
Start Final Netlist Cleanup
---------------------------------------------------------------------------------
---------------------------------------------------------------------------------
Finished Final Netlist Cleanup
---------------------------------------------------------------------------------
---------------------------------------------------------------------------------
Finished IO Insertion : Time (s): cpu = 00:00:13 ; elapsed = 00:00:53 . Memory (MB): peak = 1435.648 ; gain = 991.145
---------------------------------------------------------------------------------
---------------------------------------------------------------------------------
Start Renaming Generated Instances
---------------------------------------------------------------------------------
---------------------------------------------------------------------------------
Finished Renaming Generated Instances : Time (s): cpu = 00:00:13 ; elapsed = 00:00:53 . Memory (MB): peak = 1435.648 ; gain = 991.145
---------------------------------------------------------------------------------
---------------------------------------------------------------------------------
Start Rebuilding User Hierarchy
---------------------------------------------------------------------------------
---------------------------------------------------------------------------------
Finished Rebuilding User Hierarchy : Time (s): cpu = 00:00:13 ; elapsed = 00:00:53 . Memory (MB): peak = 1435.648 ; gain = 991.145
---------------------------------------------------------------------------------
---------------------------------------------------------------------------------
Start Renaming Generated Ports
---------------------------------------------------------------------------------
---------------------------------------------------------------------------------
Finished Renaming Generated Ports : Time (s): cpu = 00:00:13 ; elapsed = 00:00:53 . Memory (MB): peak = 1435.648 ; gain = 991.145
---------------------------------------------------------------------------------
---------------------------------------------------------------------------------
Start Handling Custom Attributes
---------------------------------------------------------------------------------
---------------------------------------------------------------------------------
Finished Handling Custom Attributes : Time (s): cpu = 00:00:13 ; elapsed = 00:00:53 . Memory (MB): peak = 1435.648 ; gain = 991.145
---------------------------------------------------------------------------------
---------------------------------------------------------------------------------
Start Renaming Generated Nets
---------------------------------------------------------------------------------
---------------------------------------------------------------------------------
Finished Renaming Generated Nets : Time (s): cpu = 00:00:13 ; elapsed = 00:00:53 . Memory (MB): peak = 1435.648 ; gain = 991.145
---------------------------------------------------------------------------------
---------------------------------------------------------------------------------
Start Writing Synthesis Report
---------------------------------------------------------------------------------

Report BlackBoxes: 
+-+--------------+----------+
| |BlackBox name |Instances |
+-+--------------+----------+
+-+--------------+----------+

Report Cell Usage: 
+-+-----+------+
| |Cell |Count |
+-+-----+------+
+-+-----+------+

Report Instance Areas: 
+------+---------+-------+------+
|      |Instance |Module |Cells |
+------+---------+-------+------+
|1     |top      |       |     0|
+------+---------+-------+------+
---------------------------------------------------------------------------------
Finished Writing Synthesis Report : Time (s): cpu = 00:00:13 ; elapsed = 00:00:53 . Memory (MB): peak = 1435.648 ; gain = 991.145
---------------------------------------------------------------------------------
Synthesis finished with 0 errors, 0 critical warnings and 46 warnings.
Synthesis Optimization Runtime : Time (s): cpu = 00:00:13 ; elapsed = 00:00:53 . Memory (MB): peak = 1435.648 ; gain = 991.145
Synthesis Optimization Complete : Time (s): cpu = 00:00:13 ; elapsed = 00:00:53 . Memory (MB): peak = 1435.648 ; gain = 991.145
INFO: [Project 1-571] Translating synthesized netlist
Netlist sorting complete. Time (s): cpu = 00:00:00 ; elapsed = 00:00:00 . Memory (MB): peak = 1436.656 ; gain = 0.000
INFO: [Project 1-570] Preparing netlist for logic optimization
INFO: [Opt 31-138] Pushed 0 inverter(s) to 0 load pin(s).
Netlist sorting complete. Time (s): cpu = 00:00:00 ; elapsed = 00:00:00 . Memory (MB): peak = 1569.039 ; gain = 0.000
INFO: [Project 1-111] Unisim Transformation Summary:
No Unisim elements were transformed.

Synth Design complete | Checksum: 9b2f1739
INFO: [Common 17-83] Releasing license: Synthesis
26 Infos, 46 Warnings, 0 Critical Warnings and 0 Errors encountered.
synth_design completed successfully
synth_design: Time (s): cpu = 00:00:15 ; elapsed = 00:00:58 . Memory (MB): peak = 1569.039 ; gain = 1129.477
INFO: [Common 17-1381] The checkpoint 'C:/Users/C27Soren.Herzog/ece383/Herzog_ece383_wksp/hw8/HW8.runs/synth_1/lec11_tb.dcp' has been generated.
INFO: [Vivado 12-24828] Executing command : report_utilization -file lec11_tb_utilization_synth.rpt -pb lec11_tb_utilization_synth.pb
INFO: [Common 17-206] Exiting Vivado at Wed Apr 29 18:04:11 2026...
