Copyright 1986-2022 Xilinx, Inc. All Rights Reserved. Copyright 2022-2024 Advanced Micro Devices, Inc. All Rights Reserved.
---------------------------------------------------------------------------------------------------------------------------------------------
| Tool Version : Vivado v.2024.2 (win64) Build 5239630 Fri Nov 08 22:35:27 MST 2024
| Date         : Tue Feb 17 09:02:13 2026
| Host         : C27-5CG3121G96 running 64-bit major release  (build 9200)
| Command      : report_control_sets -verbose -file lab2_control_sets_placed.rpt
| Design       : lab2
| Device       : xc7a200t
---------------------------------------------------------------------------------------------------------------------------------------------

Control Set Information

Table of Contents
-----------------
1. Summary
2. Histogram
3. Flip-Flop Distribution
4. Detailed Control Set Information

1. Summary
----------

+----------------------------------------------------------+-------+
|                          Status                          | Count |
+----------------------------------------------------------+-------+
| Total control sets                                       |    51 |
|    Minimum number of control sets                        |    51 |
|    Addition due to synthesis replication                 |     0 |
|    Addition due to physical synthesis replication        |     0 |
| Unused register locations in slices containing registers |   167 |
+----------------------------------------------------------+-------+
* Control sets can be merged at opt_design using control_set_merge or merge_equivalent_drivers
** Run report_qor_suggestions for automated merging and remapping suggestions


2. Histogram
------------

+--------------------+-------+
|       Fanout       | Count |
+--------------------+-------+
| Total control sets |    51 |
| >= 0 to < 4        |     3 |
| >= 4 to < 6        |    18 |
| >= 6 to < 8        |     7 |
| >= 8 to < 10       |     3 |
| >= 10 to < 12      |     3 |
| >= 12 to < 14      |     3 |
| >= 14 to < 16      |     1 |
| >= 16              |    13 |
+--------------------+-------+
* Control sets can be remapped at either synth_design or opt_design


3. Flip-Flop Distribution
-------------------------

+--------------+-----------------------+------------------------+-----------------+--------------+
| Clock Enable | Synchronous Set/Reset | Asynchronous Set/Reset | Total Registers | Total Slices |
+--------------+-----------------------+------------------------+-----------------+--------------+
| No           | No                    | No                     |             100 |           37 |
| No           | No                    | Yes                    |               0 |            0 |
| No           | Yes                   | No                     |             130 |           39 |
| Yes          | No                    | No                     |             101 |           34 |
| Yes          | No                    | Yes                    |               0 |            0 |
| Yes          | Yes                   | No                     |             214 |           64 |
+--------------+-----------------------+------------------------+-----------------+--------------+


4. Detailed Control Set Information
-----------------------------------

+-----------------------------------------------------------------+--------------------------------------------------------------------------------+-----------------------------------------------------------------------------------------+------------------+----------------+--------------+
|                           Clock Signal                          |                                  Enable Signal                                 |                                     Set/Reset Signal                                    | Slice Load Count | Bel Load Count | Bels / Slice |
+-----------------------------------------------------------------+--------------------------------------------------------------------------------+-----------------------------------------------------------------------------------------+------------------+----------------+--------------+
|  datapath/video_inst/mmcm_adv_inst_display_clocks/inst/clk_out1 |                                                                                | datapath/video_inst/Inst_vga/inst_vga_signal_generator/h_counter/processQ[8]_i_1__1_n_0 |                1 |              1 |         1.00 |
|  clk_IBUF_BUFG                                                  | oled/Initialize/temp_vdd1_out                                                  |                                                                                         |                1 |              1 |         1.00 |
|  clk_IBUF_BUFG                                                  | oled/Initialize/temp_vbat2_out                                                 |                                                                                         |                1 |              1 |         1.00 |
|  clk_IBUF_BUFG                                                  | oled/Example/E[0]                                                              | datapath/Audio_Codec/audio_inout/SR[0]                                                  |                1 |              4 |         4.00 |
|  clk_IBUF_BUFG                                                  | oled/Example/temp_sdata[5]_i_1_n_0                                             |                                                                                         |                2 |              4 |         2.00 |
|  clk_IBUF_BUFG                                                  | oled/Example/temp_sdata[5]_i_1_n_0                                             | oled/Example/temp_sdata[7]_i_1_n_0                                                      |                1 |              4 |         4.00 |
|  datapath/Audio_Codec/audiocodec_master_clock/inst/clk_out2     | datapath/Audio_Codec/initialize_audio/twi_controller/E[0]                      | datapath/Audio_Codec/audio_inout/SR[0]                                                  |                1 |              4 |         4.00 |
|  datapath/Audio_Codec/audiocodec_master_clock/inst/clk_out2     | datapath/Audio_Codec/initialize_audio/twi_controller/FSM_gray_state[3]_i_1_n_0 |                                                                                         |                1 |              4 |         4.00 |
|  clk_IBUF_BUFG                                                  | oled/Example/temp_page[1]_i_1_n_0                                              |                                                                                         |                1 |              4 |         4.00 |
|  datapath/Audio_Codec/audiocodec_master_clock/inst/clk_out2     | reset_n_IBUF                                                                   | datapath/Audio_Codec/initialize_audio/data_i[5]_i_1_n_0                                 |                1 |              4 |         4.00 |
|  datapath/video_inst/mmcm_adv_inst_display_clocks/inst/clk_out2 |                                                                                | datapath/video_inst/inst_dvid/shift_red[7]_i_1_n_0                                      |                1 |              5 |         5.00 |
|  clk_IBUF_BUFG                                                  | datapath/Audio_Codec/audio_inout/BCLK_Fall_int                                 | datapath/Audio_Codec/audio_inout/SR[0]                                                  |                1 |              5 |         5.00 |
|  clk_IBUF_BUFG                                                  |                                                                                | datapath/Audio_Codec/audio_inout/Cnt_Bclk[4]_i_1_n_0                                    |                1 |              5 |         5.00 |
|  clk_IBUF_BUFG                                                  | oled/Example/delay_comp/E[0]                                                   | datapath/Audio_Codec/audio_inout/SR[0]                                                  |                1 |              5 |         5.00 |
|  clk_IBUF_BUFG                                                  | oled/Example/spi_comp/temp_sdata                                               | oled/Example/spi_comp/FSM_onehot_current_state_reg_n_0_[0]                              |                1 |              5 |         5.00 |
|  clk_IBUF_BUFG                                                  |                                                                                | oled/Initialize/spi_comp/counter                                                        |                1 |              5 |         5.00 |
|  clk_IBUF_BUFG                                                  | oled/Example/g0_b0__3_n_0                                                      |                                                                                         |                1 |              5 |         5.00 |
|  clk_IBUF_BUFG                                                  | oled/Initialize/delay_comp/E[0]                                                | datapath/Audio_Codec/audio_inout/SR[0]                                                  |                2 |              5 |         2.50 |
|  clk_IBUF_BUFG                                                  | oled/Initialize/spi_comp/temp_sdata                                            | oled/Initialize/spi_comp/FSM_onehot_current_state_reg_n_0_[0]                           |                1 |              5 |         5.00 |
|  clk_IBUF_BUFG                                                  |                                                                                | oled/Example/spi_comp/counter                                                           |                1 |              5 |         5.00 |
|  clk_IBUF_BUFG                                                  | oled/Initialize/after_state_0                                                  |                                                                                         |                2 |              5 |         2.50 |
|  datapath/video_inst/mmcm_adv_inst_display_clocks/inst/clk_out2 |                                                                                | datapath/video_inst/inst_dvid/shift_red[9]_i_1_n_0                                      |                3 |              6 |         2.00 |
|  datapath/Audio_Codec/audiocodec_master_clock/inst/clk_out2     | reset_n_IBUF                                                                   |                                                                                         |                3 |              6 |         2.00 |
|  clk_IBUF_BUFG                                                  | oled/Initialize/spi_comp/shift_register                                        |                                                                                         |                1 |              7 |         7.00 |
|  clk_IBUF_BUFG                                                  | oled/Example/spi_comp/shift_register                                           |                                                                                         |                1 |              7 |         7.00 |
|  datapath/Audio_Codec/audiocodec_master_clock/inst/clk_out2     |                                                                                | datapath/Audio_Codec/initialize_audio/twi_controller/busFreeCnt0_1                      |                3 |              7 |         2.33 |
|  datapath/Audio_Codec/audiocodec_master_clock/inst/clk_out2     | datapath/Audio_Codec/initialize_audio/twi_controller/sclCnt[6]_i_2_n_0         | datapath/Audio_Codec/initialize_audio/twi_controller/sclCnt0_0                          |                3 |              7 |         2.33 |
|  datapath/Audio_Codec/audiocodec_master_clock/inst/clk_out2     | datapath/Audio_Codec/initialize_audio/twi_controller/state_reg[3][0]           | datapath/Audio_Codec/audio_inout/SR[0]                                                  |                2 |              7 |         3.50 |
|  clk_IBUF_BUFG                                                  | oled/Initialize/temp_sdata                                                     |                                                                                         |                1 |              8 |         8.00 |
|  datapath/Audio_Codec/audiocodec_master_clock/inst/clk_out2     | datapath/Audio_Codec/initialize_audio/twi_controller/dataByte[7]_i_1_n_0       |                                                                                         |                2 |              8 |         4.00 |
|  datapath/video_inst/mmcm_adv_inst_display_clocks/inst/clk_out1 | datapath/video_inst/Inst_vga/inst_vga_signal_generator/h_counter/processQ0     | datapath/video_inst/Inst_vga/inst_vga_signal_generator/h_counter/processQ[8]_i_1__1_n_0 |                5 |              9 |         1.80 |
|  datapath/video_inst/mmcm_adv_inst_display_clocks/inst/clk_out1 | datapath/video_inst/Inst_vga/inst_vga_signal_generator/v_counter/processQ0     | datapath/video_inst/Inst_vga/inst_vga_signal_generator/h_counter/SR[0]                  |                6 |             10 |         1.67 |
|  clk_IBUF_BUFG                                                  | oled/Example/g0_b0__4_n_0                                                      |                                                                                         |                2 |             10 |         5.00 |
|  clk_IBUF_BUFG                                                  | datapath/address_counter/processQ[9]_i_2__1_n_0                                | datapath/address_counter/processQ[9]_i_1__0_n_0                                         |                3 |             10 |         3.33 |
|  clk_IBUF_BUFG                                                  | oled/Initialize/delay_comp/ms_counter[0]_i_2_n_0                               | oled/Initialize/delay_comp/ms_counter                                                   |                3 |             12 |         4.00 |
|  clk_IBUF_BUFG                                                  | oled/Example/delay_comp/ms_counter[0]_i_2__0_n_0                               | oled/Example/delay_comp/ms_counter                                                      |                3 |             12 |         4.00 |
|  clk_IBUF_BUFG                                                  | oled/Example/temp_char                                                         |                                                                                         |                8 |             13 |         1.62 |
|  clk_IBUF_BUFG                                                  |                                                                                | datapath/Audio_Codec/audio_inout/SR[0]                                                  |                5 |             14 |         2.80 |
|  datapath/video_inst/mmcm_adv_inst_display_clocks/inst/clk_out1 |                                                                                | datapath/video_inst/Inst_vga/inst_vga_signal_generator/vga_reg[blank]_0                 |                4 |             16 |         4.00 |
|  clk_IBUF_BUFG                                                  | datapath/Audio_Codec/audio_inout/D_L_O_int_0                                   | datapath/Audio_Codec/audio_inout/SR[0]                                                  |                4 |             16 |         4.00 |
|  clk_IBUF_BUFG                                                  | datapath/Audio_Codec/audio_inout/D_R_O_int[23]_i_1_n_0                         | datapath/Audio_Codec/audio_inout/SR[0]                                                  |                4 |             16 |         4.00 |
|  clk_IBUF_BUFG                                                  |                                                                                | oled/Example/delay_comp/clk_counter[0]_i_1__0_n_0                                       |                5 |             17 |         3.40 |
|  clk_IBUF_BUFG                                                  |                                                                                | oled/Initialize/delay_comp/clk_counter[0]_i_1_n_0                                       |                5 |             17 |         3.40 |
|  datapath/Audio_Codec/audiocodec_master_clock/inst/clk_out2     |                                                                                |                                                                                         |               10 |             18 |         1.80 |
|  datapath/Audio_Codec/audiocodec_master_clock/inst/clk_out2     | datapath/Audio_Codec/initialize_audio/initWord[30]_i_1_n_0                     |                                                                                         |                7 |             18 |         2.57 |
|  clk_IBUF_BUFG                                                  |                                                                                |                                                                                         |               12 |             22 |         1.83 |
|  datapath/video_inst/mmcm_adv_inst_display_clocks/inst/clk_out2 |                                                                                |                                                                                         |                6 |             29 |         4.83 |
|  datapath/video_inst/mmcm_adv_inst_display_clocks/inst/clk_out1 |                                                                                |                                                                                         |                9 |             31 |         3.44 |
|  clk_IBUF_BUFG                                                  | datapath/Audio_Codec/audio_inout/p_17_in                                       | datapath/Audio_Codec/audio_inout/Data_In_int[31]_i_1_n_0                                |               12 |             32 |         2.67 |
|  datapath/Audio_Codec/audiocodec_master_clock/inst/clk_out2     |                                                                                | datapath/Audio_Codec/initialize_audio/delaycnt0                                         |                9 |             32 |         3.56 |
|  clk_IBUF_BUFG                                                  | datapath/Audio_Codec/E[0]                                                      | datapath/Audio_Codec/audio_inout/SR[0]                                                  |                9 |             42 |         4.67 |
+-----------------------------------------------------------------+--------------------------------------------------------------------------------+-----------------------------------------------------------------------------------------+------------------+----------------+--------------+


