#-----------------------------------------------------------
# Vivado v2024.2 (64-bit)
# SW Build 5239630 on Fri Nov 08 22:35:27 MST 2024
# IP Build 5239520 on Sun Nov 10 16:12:51 MST 2024
# SharedData Build 5239561 on Fri Nov 08 14:39:27 MST 2024
# Start of session at: Mon May  4 19:54:27 2026
# Process ID         : 39004
# Current directory  : C:/Users/C27Soren.Herzog/ece383/Herzog_ece383_wksp/lab3/lab3
# Command line       : vivado.exe -gui_launcher_event rodinguilauncherevent27876 C:\Users\C27Soren.Herzog\ece383\Herzog_ece383_wksp\lab3\lab3\Lab3.xpr
# Log file           : C:/Users/C27Soren.Herzog/ece383/Herzog_ece383_wksp/lab3/lab3/vivado.log
# Journal file       : C:/Users/C27Soren.Herzog/ece383/Herzog_ece383_wksp/lab3/lab3\vivado.jou
# Running On         : C27-5CG3121G96
# Platform           : Windows Server 2016 or Windows 10
# Operating System   : 22631
# Processor Detail   : AMD Ryzen 7 PRO 6850U with Radeon Graphics     
# CPU Frequency      : 2695 MHz
# CPU Physical cores : 8
# CPU Logical cores  : 16
# Host memory        : 16442 MB
# Swap memory        : 12852 MB
# Total Virtual      : 29295 MB
# Available Virtual  : 5998 MB
#-----------------------------------------------------------
start_gui
open_project C:/Users/C27Soren.Herzog/ece383/Herzog_ece383_wksp/lab3/lab3/Lab3.xpr
CRITICAL WARNING: [Project 1-19] Could not find the file 'C:/Users/C27Soren.Herzog/ece383/Herzog_ece383_wksp/FinalProj_IP/design_ZoGolf_1/ip/design_ZoGolf_1_mig_7series_0_0/mig_a.prj'.
Scanning sources...
Finished scanning sources
INFO: [IP_Flow 19-234] Refreshing IP repositories
INFO: [IP_Flow 19-1700] Loaded user IP repository 'c:/Users/C27Soren.Herzog/Downloads/ece383_code-main/ece383_code-main/ip_repo/My_Lab3_1_0'.
INFO: [IP_Flow 19-1700] Loaded user IP repository 'c:/Users/C27Soren.Herzog/ece383/Herzog_ece383_wksp/ip_repo/ZoGolf_DP_1_0'.
INFO: [IP_Flow 19-1700] Loaded user IP repository 'c:/Users/C27Soren.Herzog/Downloads/ece383_code-main/ece383_code-main/ip_repo/My_Counter_IP_1_0'.
INFO: [IP_Flow 19-2313] Loaded Vivado IP repository 'C:/Xilinx/Vivado/2024.2/data/ip'.
WARNING: [Board 49-26] cannot add Board Part xilinx.com:vck190:part0:2.2 available at C:/Xilinx/Vivado/2024.2/data/xhub/boards/XilinxBoardStore/boards/Xilinx/vck190/production/2.2/board.xml as part xcvc1902-vsva2197-2mp-e-s specified in board_part file is either invalid or not available
WARNING: [Board 49-26] cannot add Board Part xilinx.com:vck190:part0:3.0 available at C:/Xilinx/Vivado/2024.2/data/xhub/boards/XilinxBoardStore/boards/Xilinx/vck190/production/3.0/board.xml as part xcvc1902-vsva2197-2mp-e-s specified in board_part file is either invalid or not available
WARNING: [Board 49-26] cannot add Board Part xilinx.com:vck190:part0:3.1 available at C:/Xilinx/Vivado/2024.2/data/xhub/boards/XilinxBoardStore/boards/Xilinx/vck190/production/3.1/board.xml as part xcvc1902-vsva2197-2mp-e-s specified in board_part file is either invalid or not available
WARNING: [Board 49-26] cannot add Board Part xilinx.com:vck190:part0:3.2 available at C:/Xilinx/Vivado/2024.2/data/xhub/boards/XilinxBoardStore/boards/Xilinx/vck190/production/3.2/board.xml as part xcvc1902-vsva2197-2mp-e-s specified in board_part file is either invalid or not available
WARNING: [Board 49-26] cannot add Board Part xilinx.com:vck190:part0:3.3 available at C:/Xilinx/Vivado/2024.2/data/xhub/boards/XilinxBoardStore/boards/Xilinx/vck190/production/3.3/board.xml as part xcvc1902-vsva2197-2mp-e-s specified in board_part file is either invalid or not available
WARNING: [Board 49-26] cannot add Board Part xilinx.com:vck190_newl:part0:1.0 available at C:/Xilinx/Vivado/2024.2/data/xhub/boards/XilinxBoardStore/boards/Xilinx/vck190_newl/production/1.0/board.xml as part xcvc1902-vsva2197-2mp-e-s specified in board_part file is either invalid or not available
WARNING: [Board 49-26] cannot add Board Part xilinx.com:vck190_newl:part0:1.1 available at C:/Xilinx/Vivado/2024.2/data/xhub/boards/XilinxBoardStore/boards/Xilinx/vck190_newl/production/1.1/board.xml as part xcvc1902-vsva2197-2mp-e-s specified in board_part file is either invalid or not available
WARNING: [Board 49-26] cannot add Board Part xilinx.com:vck190_newl:part0:1.2 available at C:/Xilinx/Vivado/2024.2/data/xhub/boards/XilinxBoardStore/boards/Xilinx/vck190_newl/production/1.2/board.xml as part xcvc1902-vsva2197-2mp-e-s specified in board_part file is either invalid or not available
WARNING: [Board 49-26] cannot add Board Part xilinx.com:vmk180:part0:2.2 available at C:/Xilinx/Vivado/2024.2/data/xhub/boards/XilinxBoardStore/boards/Xilinx/vmk180/production/2.2/board.xml as part xcvm1802-vsva2197-2mp-e-s specified in board_part file is either invalid or not available
WARNING: [Board 49-26] cannot add Board Part xilinx.com:vmk180:part0:3.0 available at C:/Xilinx/Vivado/2024.2/data/xhub/boards/XilinxBoardStore/boards/Xilinx/vmk180/production/3.0/board.xml as part xcvm1802-vsva2197-2mp-e-s specified in board_part file is either invalid or not available
WARNING: [Board 49-26] cannot add Board Part xilinx.com:vmk180:part0:3.1 available at C:/Xilinx/Vivado/2024.2/data/xhub/boards/XilinxBoardStore/boards/Xilinx/vmk180/production/3.1/board.xml as part xcvm1802-vsva2197-2mp-e-s specified in board_part file is either invalid or not available
WARNING: [Board 49-26] cannot add Board Part xilinx.com:vmk180:part0:3.2 available at C:/Xilinx/Vivado/2024.2/data/xhub/boards/XilinxBoardStore/boards/Xilinx/vmk180/production/3.2/board.xml as part xcvm1802-vsva2197-2mp-e-s specified in board_part file is either invalid or not available
WARNING: [Board 49-26] cannot add Board Part xilinx.com:vmk180_newl:part0:1.0 available at C:/Xilinx/Vivado/2024.2/data/xhub/boards/XilinxBoardStore/boards/Xilinx/vmk180_newl/production/1.0/board.xml as part xcvm1802-vsva2197-2mp-e-s specified in board_part file is either invalid or not available
WARNING: [Board 49-26] cannot add Board Part xilinx.com:vmk180_newl:part0:1.1 available at C:/Xilinx/Vivado/2024.2/data/xhub/boards/XilinxBoardStore/boards/Xilinx/vmk180_newl/production/1.1/board.xml as part xcvm1802-vsva2197-2mp-e-s specified in board_part file is either invalid or not available
WARNING: [Board 49-26] cannot add Board Part xilinx.com:vpk120:part0:1.0 available at C:/Xilinx/Vivado/2024.2/data/xhub/boards/XilinxBoardStore/boards/Xilinx/vpk120/production/1.0/board.xml as part xcvp1202-vsva2785-2mp-e-s specified in board_part file is either invalid or not available
WARNING: [Board 49-26] cannot add Board Part xilinx.com:vpk120:part0:1.1 available at C:/Xilinx/Vivado/2024.2/data/xhub/boards/XilinxBoardStore/boards/Xilinx/vpk120/production/1.1/board.xml as part xcvp1202-vsva2785-2mp-e-s specified in board_part file is either invalid or not available
WARNING: [Board 49-26] cannot add Board Part xilinx.com:vpk120:part0:1.2 available at C:/Xilinx/Vivado/2024.2/data/xhub/boards/XilinxBoardStore/boards/Xilinx/vpk120/production/1.2/board.xml as part xcvp1202-vsva2785-2mp-e-s specified in board_part file is either invalid or not available
WARNING: [IP_Flow 19-3664] IP 'design_1_mig_7series_0_0' generated file not found 'c:/Users/C27Soren.Herzog/ece383/Herzog_ece383_wksp/lab3/lab3/Lab3.gen/sources_1/bd/design_1/ip/design_1_mig_7series_0_0/design_1_mig_7series_0_0/user_design/rtl/axi/mig_7series_v4_2_axi_ctrl_addr_decode.v'. Please regenerate to continue.
WARNING: [IP_Flow 19-3664] IP 'design_1_mig_7series_0_0' generated file not found 'c:/Users/C27Soren.Herzog/ece383/Herzog_ece383_wksp/lab3/lab3/Lab3.gen/sources_1/bd/design_1/ip/design_1_mig_7series_0_0/design_1_mig_7series_0_0/user_design/rtl/axi/mig_7series_v4_2_axi_ctrl_read.v'. Please regenerate to continue.
WARNING: [IP_Flow 19-3664] IP 'design_1_mig_7series_0_0' generated file not found 'c:/Users/C27Soren.Herzog/ece383/Herzog_ece383_wksp/lab3/lab3/Lab3.gen/sources_1/bd/design_1/ip/design_1_mig_7series_0_0/design_1_mig_7series_0_0/user_design/rtl/axi/mig_7series_v4_2_axi_ctrl_reg.v'. Please regenerate to continue.
WARNING: [IP_Flow 19-3664] IP 'design_1_mig_7series_0_0' generated file not found 'c:/Users/C27Soren.Herzog/ece383/Herzog_ece383_wksp/lab3/lab3/Lab3.gen/sources_1/bd/design_1/ip/design_1_mig_7series_0_0/design_1_mig_7series_0_0/user_design/rtl/axi/mig_7series_v4_2_axi_ctrl_reg_bank.v'. Please regenerate to continue.
WARNING: [IP_Flow 19-3664] IP 'design_1_mig_7series_0_0' generated file not found 'c:/Users/C27Soren.Herzog/ece383/Herzog_ece383_wksp/lab3/lab3/Lab3.gen/sources_1/bd/design_1/ip/design_1_mig_7series_0_0/design_1_mig_7series_0_0/user_design/rtl/axi/mig_7series_v4_2_axi_ctrl_top.v'. Please regenerate to continue.
WARNING: [IP_Flow 19-3664] IP 'design_1_mig_7series_0_0' generated file not found 'c:/Users/C27Soren.Herzog/ece383/Herzog_ece383_wksp/lab3/lab3/Lab3.gen/sources_1/bd/design_1/ip/design_1_mig_7series_0_0/design_1_mig_7series_0_0/user_design/rtl/axi/mig_7series_v4_2_axi_ctrl_write.v'. Please regenerate to continue.
WARNING: [IP_Flow 19-3664] IP 'design_1_mig_7series_0_0' generated file not found 'c:/Users/C27Soren.Herzog/ece383/Herzog_ece383_wksp/lab3/lab3/Lab3.gen/sources_1/bd/design_1/ip/design_1_mig_7series_0_0/design_1_mig_7series_0_0/user_design/rtl/axi/mig_7series_v4_2_axi_mc.v'. Please regenerate to continue.
WARNING: [IP_Flow 19-3664] IP 'design_1_mig_7series_0_0' generated file not found 'c:/Users/C27Soren.Herzog/ece383/Herzog_ece383_wksp/lab3/lab3/Lab3.gen/sources_1/bd/design_1/ip/design_1_mig_7series_0_0/design_1_mig_7series_0_0/user_design/rtl/axi/mig_7series_v4_2_axi_mc_ar_channel.v'. Please regenerate to continue.
WARNING: [IP_Flow 19-3664] IP 'design_1_mig_7series_0_0' generated file not found 'c:/Users/C27Soren.Herzog/ece383/Herzog_ece383_wksp/lab3/lab3/Lab3.gen/sources_1/bd/design_1/ip/design_1_mig_7series_0_0/design_1_mig_7series_0_0/user_design/rtl/axi/mig_7series_v4_2_axi_mc_aw_channel.v'. Please regenerate to continue.
WARNING: [IP_Flow 19-3664] IP 'design_1_mig_7series_0_0' generated file not found 'c:/Users/C27Soren.Herzog/ece383/Herzog_ece383_wksp/lab3/lab3/Lab3.gen/sources_1/bd/design_1/ip/design_1_mig_7series_0_0/design_1_mig_7series_0_0/user_design/rtl/axi/mig_7series_v4_2_axi_mc_b_channel.v'. Please regenerate to continue.
WARNING: [IP_Flow 19-3664] IP 'design_1_mig_7series_0_0' generated file not found 'c:/Users/C27Soren.Herzog/ece383/Herzog_ece383_wksp/lab3/lab3/Lab3.gen/sources_1/bd/design_1/ip/design_1_mig_7series_0_0/design_1_mig_7series_0_0/user_design/rtl/axi/mig_7series_v4_2_axi_mc_cmd_arbiter.v'. Please regenerate to continue.
WARNING: [IP_Flow 19-3664] IP 'design_1_mig_7series_0_0' generated file not found 'c:/Users/C27Soren.Herzog/ece383/Herzog_ece383_wksp/lab3/lab3/Lab3.gen/sources_1/bd/design_1/ip/design_1_mig_7series_0_0/design_1_mig_7series_0_0/user_design/rtl/axi/mig_7series_v4_2_axi_mc_cmd_fsm.v'. Please regenerate to continue.
WARNING: [IP_Flow 19-3664] IP 'design_1_mig_7series_0_0' generated file not found 'c:/Users/C27Soren.Herzog/ece383/Herzog_ece383_wksp/lab3/lab3/Lab3.gen/sources_1/bd/design_1/ip/design_1_mig_7series_0_0/design_1_mig_7series_0_0/user_design/rtl/axi/mig_7series_v4_2_axi_mc_cmd_translator.v'. Please regenerate to continue.
WARNING: [IP_Flow 19-3664] IP 'design_1_mig_7series_0_0' generated file not found 'c:/Users/C27Soren.Herzog/ece383/Herzog_ece383_wksp/lab3/lab3/Lab3.gen/sources_1/bd/design_1/ip/design_1_mig_7series_0_0/design_1_mig_7series_0_0/user_design/rtl/axi/mig_7series_v4_2_axi_mc_fifo.v'. Please regenerate to continue.
WARNING: [IP_Flow 19-3664] IP 'design_1_mig_7series_0_0' generated file not found 'c:/Users/C27Soren.Herzog/ece383/Herzog_ece383_wksp/lab3/lab3/Lab3.gen/sources_1/bd/design_1/ip/design_1_mig_7series_0_0/design_1_mig_7series_0_0/user_design/rtl/axi/mig_7series_v4_2_axi_mc_incr_cmd.v'. Please regenerate to continue.
WARNING: [IP_Flow 19-3664] IP 'design_1_mig_7series_0_0' generated file not found 'c:/Users/C27Soren.Herzog/ece383/Herzog_ece383_wksp/lab3/lab3/Lab3.gen/sources_1/bd/design_1/ip/design_1_mig_7series_0_0/design_1_mig_7series_0_0/user_design/rtl/axi/mig_7series_v4_2_axi_mc_r_channel.v'. Please regenerate to continue.
WARNING: [IP_Flow 19-3664] IP 'design_1_mig_7series_0_0' generated file not found 'c:/Users/C27Soren.Herzog/ece383/Herzog_ece383_wksp/lab3/lab3/Lab3.gen/sources_1/bd/design_1/ip/design_1_mig_7series_0_0/design_1_mig_7series_0_0/user_design/rtl/axi/mig_7series_v4_2_axi_mc_simple_fifo.v'. Please regenerate to continue.
WARNING: [IP_Flow 19-3664] IP 'design_1_mig_7series_0_0' generated file not found 'c:/Users/C27Soren.Herzog/ece383/Herzog_ece383_wksp/lab3/lab3/Lab3.gen/sources_1/bd/design_1/ip/design_1_mig_7series_0_0/design_1_mig_7series_0_0/user_design/rtl/axi/mig_7series_v4_2_axi_mc_wrap_cmd.v'. Please regenerate to continue.
WARNING: [IP_Flow 19-3664] IP 'design_1_mig_7series_0_0' generated file not found 'c:/Users/C27Soren.Herzog/ece383/Herzog_ece383_wksp/lab3/lab3/Lab3.gen/sources_1/bd/design_1/ip/design_1_mig_7series_0_0/design_1_mig_7series_0_0/user_design/rtl/axi/mig_7series_v4_2_axi_mc_wr_cmd_fsm.v'. Please regenerate to continue.
WARNING: [IP_Flow 19-3664] IP 'design_1_mig_7series_0_0' generated file not found 'c:/Users/C27Soren.Herzog/ece383/Herzog_ece383_wksp/lab3/lab3/Lab3.gen/sources_1/bd/design_1/ip/design_1_mig_7series_0_0/design_1_mig_7series_0_0/user_design/rtl/axi/mig_7series_v4_2_axi_mc_w_channel.v'. Please regenerate to continue.
WARNING: [IP_Flow 19-3664] IP 'design_1_mig_7series_0_0' generated file not found 'c:/Users/C27Soren.Herzog/ece383/Herzog_ece383_wksp/lab3/lab3/Lab3.gen/sources_1/bd/design_1/ip/design_1_mig_7series_0_0/design_1_mig_7series_0_0/user_design/rtl/axi/mig_7series_v4_2_ddr_axic_register_slice.v'. Please regenerate to continue.
WARNING: [IP_Flow 19-3664] IP 'design_1_mig_7series_0_0' generated file not found 'c:/Users/C27Soren.Herzog/ece383/Herzog_ece383_wksp/lab3/lab3/Lab3.gen/sources_1/bd/design_1/ip/design_1_mig_7series_0_0/design_1_mig_7series_0_0/user_design/rtl/axi/mig_7series_v4_2_ddr_axi_register_slice.v'. Please regenerate to continue.
WARNING: [IP_Flow 19-3664] IP 'design_1_mig_7series_0_0' generated file not found 'c:/Users/C27Soren.Herzog/ece383/Herzog_ece383_wksp/lab3/lab3/Lab3.gen/sources_1/bd/design_1/ip/design_1_mig_7series_0_0/design_1_mig_7series_0_0/user_design/rtl/axi/mig_7series_v4_2_ddr_axi_upsizer.v'. Please regenerate to continue.
WARNING: [IP_Flow 19-3664] IP 'design_1_mig_7series_0_0' generated file not found 'c:/Users/C27Soren.Herzog/ece383/Herzog_ece383_wksp/lab3/lab3/Lab3.gen/sources_1/bd/design_1/ip/design_1_mig_7series_0_0/design_1_mig_7series_0_0/user_design/rtl/axi/mig_7series_v4_2_ddr_a_upsizer.v'. Please regenerate to continue.
WARNING: [IP_Flow 19-3664] IP 'design_1_mig_7series_0_0' generated file not found 'c:/Users/C27Soren.Herzog/ece383/Herzog_ece383_wksp/lab3/lab3/Lab3.gen/sources_1/bd/design_1/ip/design_1_mig_7series_0_0/design_1_mig_7series_0_0/user_design/rtl/axi/mig_7series_v4_2_ddr_carry_and.v'. Please regenerate to continue.
WARNING: [IP_Flow 19-3664] IP 'design_1_mig_7series_0_0' generated file not found 'c:/Users/C27Soren.Herzog/ece383/Herzog_ece383_wksp/lab3/lab3/Lab3.gen/sources_1/bd/design_1/ip/design_1_mig_7series_0_0/design_1_mig_7series_0_0/user_design/rtl/axi/mig_7series_v4_2_ddr_carry_latch_and.v'. Please regenerate to continue.
WARNING: [IP_Flow 19-3664] IP 'design_1_mig_7series_0_0' generated file not found 'c:/Users/C27Soren.Herzog/ece383/Herzog_ece383_wksp/lab3/lab3/Lab3.gen/sources_1/bd/design_1/ip/design_1_mig_7series_0_0/design_1_mig_7series_0_0/user_design/rtl/axi/mig_7series_v4_2_ddr_carry_latch_or.v'. Please regenerate to continue.
WARNING: [IP_Flow 19-3664] IP 'design_1_mig_7series_0_0' generated file not found 'c:/Users/C27Soren.Herzog/ece383/Herzog_ece383_wksp/lab3/lab3/Lab3.gen/sources_1/bd/design_1/ip/design_1_mig_7series_0_0/design_1_mig_7series_0_0/user_design/rtl/axi/mig_7series_v4_2_ddr_carry_or.v'. Please regenerate to continue.
WARNING: [IP_Flow 19-3664] IP 'design_1_mig_7series_0_0' generated file not found 'c:/Users/C27Soren.Herzog/ece383/Herzog_ece383_wksp/lab3/lab3/Lab3.gen/sources_1/bd/design_1/ip/design_1_mig_7series_0_0/design_1_mig_7series_0_0/user_design/rtl/axi/mig_7series_v4_2_ddr_command_fifo.v'. Please regenerate to continue.
WARNING: [IP_Flow 19-3664] IP 'design_1_mig_7series_0_0' generated file not found 'c:/Users/C27Soren.Herzog/ece383/Herzog_ece383_wksp/lab3/lab3/Lab3.gen/sources_1/bd/design_1/ip/design_1_mig_7series_0_0/design_1_mig_7series_0_0/user_design/rtl/axi/mig_7series_v4_2_ddr_comparator.v'. Please regenerate to continue.
WARNING: [IP_Flow 19-3664] IP 'design_1_mig_7series_0_0' generated file not found 'c:/Users/C27Soren.Herzog/ece383/Herzog_ece383_wksp/lab3/lab3/Lab3.gen/sources_1/bd/design_1/ip/design_1_mig_7series_0_0/design_1_mig_7series_0_0/user_design/rtl/axi/mig_7series_v4_2_ddr_comparator_sel.v'. Please regenerate to continue.
WARNING: [IP_Flow 19-3664] IP 'design_1_mig_7series_0_0' generated file not found 'c:/Users/C27Soren.Herzog/ece383/Herzog_ece383_wksp/lab3/lab3/Lab3.gen/sources_1/bd/design_1/ip/design_1_mig_7series_0_0/design_1_mig_7series_0_0/user_design/rtl/axi/mig_7series_v4_2_ddr_comparator_sel_static.v'. Please regenerate to continue.
WARNING: [IP_Flow 19-3664] IP 'design_1_mig_7series_0_0' generated file not found 'c:/Users/C27Soren.Herzog/ece383/Herzog_ece383_wksp/lab3/lab3/Lab3.gen/sources_1/bd/design_1/ip/design_1_mig_7series_0_0/design_1_mig_7series_0_0/user_design/rtl/axi/mig_7series_v4_2_ddr_r_upsizer.v'. Please regenerate to continue.
WARNING: [IP_Flow 19-3664] IP 'design_1_mig_7series_0_0' generated file not found 'c:/Users/C27Soren.Herzog/ece383/Herzog_ece383_wksp/lab3/lab3/Lab3.gen/sources_1/bd/design_1/ip/design_1_mig_7series_0_0/design_1_mig_7series_0_0/user_design/rtl/axi/mig_7series_v4_2_ddr_w_upsizer.v'. Please regenerate to continue.
WARNING: [IP_Flow 19-3664] IP 'design_1_mig_7series_0_0' generated file not found 'c:/Users/C27Soren.Herzog/ece383/Herzog_ece383_wksp/lab3/lab3/Lab3.gen/sources_1/bd/design_1/ip/design_1_mig_7series_0_0/design_1_mig_7series_0_0/user_design/rtl/clocking/mig_7series_v4_2_clk_ibuf.v'. Please regenerate to continue.
WARNING: [IP_Flow 19-3664] IP 'design_1_mig_7series_0_0' generated file not found 'c:/Users/C27Soren.Herzog/ece383/Herzog_ece383_wksp/lab3/lab3/Lab3.gen/sources_1/bd/design_1/ip/design_1_mig_7series_0_0/design_1_mig_7series_0_0/user_design/rtl/clocking/mig_7series_v4_2_infrastructure.v'. Please regenerate to continue.
WARNING: [IP_Flow 19-3664] IP 'design_1_mig_7series_0_0' generated file not found 'c:/Users/C27Soren.Herzog/ece383/Herzog_ece383_wksp/lab3/lab3/Lab3.gen/sources_1/bd/design_1/ip/design_1_mig_7series_0_0/design_1_mig_7series_0_0/user_design/rtl/clocking/mig_7series_v4_2_iodelay_ctrl.v'. Please regenerate to continue.
WARNING: [IP_Flow 19-3664] IP 'design_1_mig_7series_0_0' generated file not found 'c:/Users/C27Soren.Herzog/ece383/Herzog_ece383_wksp/lab3/lab3/Lab3.gen/sources_1/bd/design_1/ip/design_1_mig_7series_0_0/design_1_mig_7series_0_0/user_design/rtl/clocking/mig_7series_v4_2_tempmon.v'. Please regenerate to continue.
WARNING: [IP_Flow 19-3664] IP 'design_1_mig_7series_0_0' generated file not found 'c:/Users/C27Soren.Herzog/ece383/Herzog_ece383_wksp/lab3/lab3/Lab3.gen/sources_1/bd/design_1/ip/design_1_mig_7series_0_0/design_1_mig_7series_0_0/user_design/rtl/controller/mig_7series_v4_2_arb_mux.v'. Please regenerate to continue.
WARNING: [IP_Flow 19-3664] IP 'design_1_mig_7series_0_0' generated file not found 'c:/Users/C27Soren.Herzog/ece383/Herzog_ece383_wksp/lab3/lab3/Lab3.gen/sources_1/bd/design_1/ip/design_1_mig_7series_0_0/design_1_mig_7series_0_0/user_design/rtl/controller/mig_7series_v4_2_arb_row_col.v'. Please regenerate to continue.
WARNING: [IP_Flow 19-3664] IP 'design_1_mig_7series_0_0' generated file not found 'c:/Users/C27Soren.Herzog/ece383/Herzog_ece383_wksp/lab3/lab3/Lab3.gen/sources_1/bd/design_1/ip/design_1_mig_7series_0_0/design_1_mig_7series_0_0/user_design/rtl/controller/mig_7series_v4_2_arb_select.v'. Please regenerate to continue.
WARNING: [IP_Flow 19-3664] IP 'design_1_mig_7series_0_0' generated file not found 'c:/Users/C27Soren.Herzog/ece383/Herzog_ece383_wksp/lab3/lab3/Lab3.gen/sources_1/bd/design_1/ip/design_1_mig_7series_0_0/design_1_mig_7series_0_0/user_design/rtl/controller/mig_7series_v4_2_bank_cntrl.v'. Please regenerate to continue.
WARNING: [IP_Flow 19-3664] IP 'design_1_mig_7series_0_0' generated file not found 'c:/Users/C27Soren.Herzog/ece383/Herzog_ece383_wksp/lab3/lab3/Lab3.gen/sources_1/bd/design_1/ip/design_1_mig_7series_0_0/design_1_mig_7series_0_0/user_design/rtl/controller/mig_7series_v4_2_bank_common.v'. Please regenerate to continue.
WARNING: [IP_Flow 19-3664] IP 'design_1_mig_7series_0_0' generated file not found 'c:/Users/C27Soren.Herzog/ece383/Herzog_ece383_wksp/lab3/lab3/Lab3.gen/sources_1/bd/design_1/ip/design_1_mig_7series_0_0/design_1_mig_7series_0_0/user_design/rtl/controller/mig_7series_v4_2_bank_compare.v'. Please regenerate to continue.
WARNING: [IP_Flow 19-3664] IP 'design_1_mig_7series_0_0' generated file not found 'c:/Users/C27Soren.Herzog/ece383/Herzog_ece383_wksp/lab3/lab3/Lab3.gen/sources_1/bd/design_1/ip/design_1_mig_7series_0_0/design_1_mig_7series_0_0/user_design/rtl/controller/mig_7series_v4_2_bank_mach.v'. Please regenerate to continue.
WARNING: [IP_Flow 19-3664] IP 'design_1_mig_7series_0_0' generated file not found 'c:/Users/C27Soren.Herzog/ece383/Herzog_ece383_wksp/lab3/lab3/Lab3.gen/sources_1/bd/design_1/ip/design_1_mig_7series_0_0/design_1_mig_7series_0_0/user_design/rtl/controller/mig_7series_v4_2_bank_queue.v'. Please regenerate to continue.
WARNING: [IP_Flow 19-3664] IP 'design_1_mig_7series_0_0' generated file not found 'c:/Users/C27Soren.Herzog/ece383/Herzog_ece383_wksp/lab3/lab3/Lab3.gen/sources_1/bd/design_1/ip/design_1_mig_7series_0_0/design_1_mig_7series_0_0/user_design/rtl/controller/mig_7series_v4_2_bank_state.v'. Please regenerate to continue.
WARNING: [IP_Flow 19-3664] IP 'design_1_mig_7series_0_0' generated file not found 'c:/Users/C27Soren.Herzog/ece383/Herzog_ece383_wksp/lab3/lab3/Lab3.gen/sources_1/bd/design_1/ip/design_1_mig_7series_0_0/design_1_mig_7series_0_0/user_design/rtl/controller/mig_7series_v4_2_col_mach.v'. Please regenerate to continue.
WARNING: [IP_Flow 19-3664] IP 'design_1_mig_7series_0_0' generated file not found 'c:/Users/C27Soren.Herzog/ece383/Herzog_ece383_wksp/lab3/lab3/Lab3.gen/sources_1/bd/design_1/ip/design_1_mig_7series_0_0/design_1_mig_7series_0_0/user_design/rtl/controller/mig_7series_v4_2_mc.v'. Please regenerate to continue.
WARNING: [IP_Flow 19-3664] IP 'design_1_mig_7series_0_0' generated file not found 'c:/Users/C27Soren.Herzog/ece383/Herzog_ece383_wksp/lab3/lab3/Lab3.gen/sources_1/bd/design_1/ip/design_1_mig_7series_0_0/design_1_mig_7series_0_0/user_design/rtl/controller/mig_7series_v4_2_rank_cntrl.v'. Please regenerate to continue.
WARNING: [IP_Flow 19-3664] IP 'design_1_mig_7series_0_0' generated file not found 'c:/Users/C27Soren.Herzog/ece383/Herzog_ece383_wksp/lab3/lab3/Lab3.gen/sources_1/bd/design_1/ip/design_1_mig_7series_0_0/design_1_mig_7series_0_0/user_design/rtl/controller/mig_7series_v4_2_rank_common.v'. Please regenerate to continue.
WARNING: [IP_Flow 19-3664] IP 'design_1_mig_7series_0_0' generated file not found 'c:/Users/C27Soren.Herzog/ece383/Herzog_ece383_wksp/lab3/lab3/Lab3.gen/sources_1/bd/design_1/ip/design_1_mig_7series_0_0/design_1_mig_7series_0_0/user_design/rtl/controller/mig_7series_v4_2_rank_mach.v'. Please regenerate to continue.
WARNING: [IP_Flow 19-3664] IP 'design_1_mig_7series_0_0' generated file not found 'c:/Users/C27Soren.Herzog/ece383/Herzog_ece383_wksp/lab3/lab3/Lab3.gen/sources_1/bd/design_1/ip/design_1_mig_7series_0_0/design_1_mig_7series_0_0/user_design/rtl/controller/mig_7series_v4_2_round_robin_arb.v'. Please regenerate to continue.
WARNING: [IP_Flow 19-3664] IP 'design_1_mig_7series_0_0' generated file not found 'c:/Users/C27Soren.Herzog/ece383/Herzog_ece383_wksp/lab3/lab3/Lab3.gen/sources_1/bd/design_1/ip/design_1_mig_7series_0_0/design_1_mig_7series_0_0/user_design/rtl/ecc/mig_7series_v4_2_ecc_buf.v'. Please regenerate to continue.
WARNING: [IP_Flow 19-3664] IP 'design_1_mig_7series_0_0' generated file not found 'c:/Users/C27Soren.Herzog/ece383/Herzog_ece383_wksp/lab3/lab3/Lab3.gen/sources_1/bd/design_1/ip/design_1_mig_7series_0_0/design_1_mig_7series_0_0/user_design/rtl/ecc/mig_7series_v4_2_ecc_dec_fix.v'. Please regenerate to continue.
WARNING: [IP_Flow 19-3664] IP 'design_1_mig_7series_0_0' generated file not found 'c:/Users/C27Soren.Herzog/ece383/Herzog_ece383_wksp/lab3/lab3/Lab3.gen/sources_1/bd/design_1/ip/design_1_mig_7series_0_0/design_1_mig_7series_0_0/user_design/rtl/ecc/mig_7series_v4_2_ecc_gen.v'. Please regenerate to continue.
WARNING: [IP_Flow 19-3664] IP 'design_1_mig_7series_0_0' generated file not found 'c:/Users/C27Soren.Herzog/ece383/Herzog_ece383_wksp/lab3/lab3/Lab3.gen/sources_1/bd/design_1/ip/design_1_mig_7series_0_0/design_1_mig_7series_0_0/user_design/rtl/ecc/mig_7series_v4_2_ecc_merge_enc.v'. Please regenerate to continue.
WARNING: [IP_Flow 19-3664] IP 'design_1_mig_7series_0_0' generated file not found 'c:/Users/C27Soren.Herzog/ece383/Herzog_ece383_wksp/lab3/lab3/Lab3.gen/sources_1/bd/design_1/ip/design_1_mig_7series_0_0/design_1_mig_7series_0_0/user_design/rtl/ecc/mig_7series_v4_2_fi_xor.v'. Please regenerate to continue.
WARNING: [IP_Flow 19-3664] IP 'design_1_mig_7series_0_0' generated file not found 'c:/Users/C27Soren.Herzog/ece383/Herzog_ece383_wksp/lab3/lab3/Lab3.gen/sources_1/bd/design_1/ip/design_1_mig_7series_0_0/design_1_mig_7series_0_0/user_design/rtl/ip_top/mig_7series_v4_2_memc_ui_top_axi.v'. Please regenerate to continue.
WARNING: [IP_Flow 19-3664] IP 'design_1_mig_7series_0_0' generated file not found 'c:/Users/C27Soren.Herzog/ece383/Herzog_ece383_wksp/lab3/lab3/Lab3.gen/sources_1/bd/design_1/ip/design_1_mig_7series_0_0/design_1_mig_7series_0_0/user_design/rtl/ip_top/mig_7series_v4_2_mem_intfc.v'. Please regenerate to continue.
WARNING: [IP_Flow 19-3664] IP 'design_1_mig_7series_0_0' generated file not found 'c:/Users/C27Soren.Herzog/ece383/Herzog_ece383_wksp/lab3/lab3/Lab3.gen/sources_1/bd/design_1/ip/design_1_mig_7series_0_0/design_1_mig_7series_0_0/user_design/rtl/phy/mig_7series_v4_2_ddr_byte_group_io.v'. Please regenerate to continue.
WARNING: [IP_Flow 19-3664] IP 'design_1_mig_7series_0_0' generated file not found 'c:/Users/C27Soren.Herzog/ece383/Herzog_ece383_wksp/lab3/lab3/Lab3.gen/sources_1/bd/design_1/ip/design_1_mig_7series_0_0/design_1_mig_7series_0_0/user_design/rtl/phy/mig_7series_v4_2_ddr_byte_lane.v'. Please regenerate to continue.
WARNING: [IP_Flow 19-3664] IP 'design_1_mig_7series_0_0' generated file not found 'c:/Users/C27Soren.Herzog/ece383/Herzog_ece383_wksp/lab3/lab3/Lab3.gen/sources_1/bd/design_1/ip/design_1_mig_7series_0_0/design_1_mig_7series_0_0/user_design/rtl/phy/mig_7series_v4_2_ddr_calib_top.v'. Please regenerate to continue.
WARNING: [IP_Flow 19-3664] IP 'design_1_mig_7series_0_0' generated file not found 'c:/Users/C27Soren.Herzog/ece383/Herzog_ece383_wksp/lab3/lab3/Lab3.gen/sources_1/bd/design_1/ip/design_1_mig_7series_0_0/design_1_mig_7series_0_0/user_design/rtl/phy/mig_7series_v4_2_ddr_if_post_fifo.v'. Please regenerate to continue.
WARNING: [IP_Flow 19-3664] IP 'design_1_mig_7series_0_0' generated file not found 'c:/Users/C27Soren.Herzog/ece383/Herzog_ece383_wksp/lab3/lab3/Lab3.gen/sources_1/bd/design_1/ip/design_1_mig_7series_0_0/design_1_mig_7series_0_0/user_design/rtl/phy/mig_7series_v4_2_ddr_mc_phy.v'. Please regenerate to continue.
WARNING: [IP_Flow 19-3664] IP 'design_1_mig_7series_0_0' generated file not found 'c:/Users/C27Soren.Herzog/ece383/Herzog_ece383_wksp/lab3/lab3/Lab3.gen/sources_1/bd/design_1/ip/design_1_mig_7series_0_0/design_1_mig_7series_0_0/user_design/rtl/phy/mig_7series_v4_2_ddr_mc_phy_wrapper.v'. Please regenerate to continue.
WARNING: [IP_Flow 19-3664] IP 'design_1_mig_7series_0_0' generated file not found 'c:/Users/C27Soren.Herzog/ece383/Herzog_ece383_wksp/lab3/lab3/Lab3.gen/sources_1/bd/design_1/ip/design_1_mig_7series_0_0/design_1_mig_7series_0_0/user_design/rtl/phy/mig_7series_v4_2_ddr_of_pre_fifo.v'. Please regenerate to continue.
WARNING: [IP_Flow 19-3664] IP 'design_1_mig_7series_0_0' generated file not found 'c:/Users/C27Soren.Herzog/ece383/Herzog_ece383_wksp/lab3/lab3/Lab3.gen/sources_1/bd/design_1/ip/design_1_mig_7series_0_0/design_1_mig_7series_0_0/user_design/rtl/phy/mig_7series_v4_2_ddr_phy_4lanes.v'. Please regenerate to continue.
WARNING: [IP_Flow 19-3664] IP 'design_1_mig_7series_0_0' generated file not found 'c:/Users/C27Soren.Herzog/ece383/Herzog_ece383_wksp/lab3/lab3/Lab3.gen/sources_1/bd/design_1/ip/design_1_mig_7series_0_0/design_1_mig_7series_0_0/user_design/rtl/phy/mig_7series_v4_2_ddr_phy_ck_addr_cmd_delay.v'. Please regenerate to continue.
WARNING: [IP_Flow 19-3664] IP 'design_1_mig_7series_0_0' generated file not found 'c:/Users/C27Soren.Herzog/ece383/Herzog_ece383_wksp/lab3/lab3/Lab3.gen/sources_1/bd/design_1/ip/design_1_mig_7series_0_0/design_1_mig_7series_0_0/user_design/rtl/phy/mig_7series_v4_2_ddr_phy_dqs_found_cal.v'. Please regenerate to continue.
WARNING: [IP_Flow 19-3664] IP 'design_1_mig_7series_0_0' generated file not found 'c:/Users/C27Soren.Herzog/ece383/Herzog_ece383_wksp/lab3/lab3/Lab3.gen/sources_1/bd/design_1/ip/design_1_mig_7series_0_0/design_1_mig_7series_0_0/user_design/rtl/phy/mig_7series_v4_2_ddr_phy_dqs_found_cal_hr.v'. Please regenerate to continue.
WARNING: [IP_Flow 19-3664] IP 'design_1_mig_7series_0_0' generated file not found 'c:/Users/C27Soren.Herzog/ece383/Herzog_ece383_wksp/lab3/lab3/Lab3.gen/sources_1/bd/design_1/ip/design_1_mig_7series_0_0/design_1_mig_7series_0_0/user_design/rtl/phy/mig_7series_v4_2_ddr_phy_init.v'. Please regenerate to continue.
WARNING: [IP_Flow 19-3664] IP 'design_1_mig_7series_0_0' generated file not found 'c:/Users/C27Soren.Herzog/ece383/Herzog_ece383_wksp/lab3/lab3/Lab3.gen/sources_1/bd/design_1/ip/design_1_mig_7series_0_0/design_1_mig_7series_0_0/user_design/rtl/phy/mig_7series_v4_2_ddr_phy_ocd_cntlr.v'. Please regenerate to continue.
WARNING: [IP_Flow 19-3664] IP 'design_1_mig_7series_0_0' generated file not found 'c:/Users/C27Soren.Herzog/ece383/Herzog_ece383_wksp/lab3/lab3/Lab3.gen/sources_1/bd/design_1/ip/design_1_mig_7series_0_0/design_1_mig_7series_0_0/user_design/rtl/phy/mig_7series_v4_2_ddr_phy_ocd_data.v'. Please regenerate to continue.
WARNING: [IP_Flow 19-3664] IP 'design_1_mig_7series_0_0' generated file not found 'c:/Users/C27Soren.Herzog/ece383/Herzog_ece383_wksp/lab3/lab3/Lab3.gen/sources_1/bd/design_1/ip/design_1_mig_7series_0_0/design_1_mig_7series_0_0/user_design/rtl/phy/mig_7series_v4_2_ddr_phy_ocd_edge.v'. Please regenerate to continue.
WARNING: [IP_Flow 19-3664] IP 'design_1_mig_7series_0_0' generated file not found 'c:/Users/C27Soren.Herzog/ece383/Herzog_ece383_wksp/lab3/lab3/Lab3.gen/sources_1/bd/design_1/ip/design_1_mig_7series_0_0/design_1_mig_7series_0_0/user_design/rtl/phy/mig_7series_v4_2_ddr_phy_ocd_lim.v'. Please regenerate to continue.
WARNING: [IP_Flow 19-3664] IP 'design_1_mig_7series_0_0' generated file not found 'c:/Users/C27Soren.Herzog/ece383/Herzog_ece383_wksp/lab3/lab3/Lab3.gen/sources_1/bd/design_1/ip/design_1_mig_7series_0_0/design_1_mig_7series_0_0/user_design/rtl/phy/mig_7series_v4_2_ddr_phy_ocd_mux.v'. Please regenerate to continue.
WARNING: [IP_Flow 19-3664] IP 'design_1_mig_7series_0_0' generated file not found 'c:/Users/C27Soren.Herzog/ece383/Herzog_ece383_wksp/lab3/lab3/Lab3.gen/sources_1/bd/design_1/ip/design_1_mig_7series_0_0/design_1_mig_7series_0_0/user_design/rtl/phy/mig_7series_v4_2_ddr_phy_ocd_po_cntlr.v'. Please regenerate to continue.
WARNING: [IP_Flow 19-3664] IP 'design_1_mig_7series_0_0' generated file not found 'c:/Users/C27Soren.Herzog/ece383/Herzog_ece383_wksp/lab3/lab3/Lab3.gen/sources_1/bd/design_1/ip/design_1_mig_7series_0_0/design_1_mig_7series_0_0/user_design/rtl/phy/mig_7series_v4_2_ddr_phy_ocd_samp.v'. Please regenerate to continue.
WARNING: [IP_Flow 19-3664] IP 'design_1_mig_7series_0_0' generated file not found 'c:/Users/C27Soren.Herzog/ece383/Herzog_ece383_wksp/lab3/lab3/Lab3.gen/sources_1/bd/design_1/ip/design_1_mig_7series_0_0/design_1_mig_7series_0_0/user_design/rtl/phy/mig_7series_v4_2_ddr_phy_oclkdelay_cal.v'. Please regenerate to continue.
WARNING: [IP_Flow 19-3664] IP 'design_1_mig_7series_0_0' generated file not found 'c:/Users/C27Soren.Herzog/ece383/Herzog_ece383_wksp/lab3/lab3/Lab3.gen/sources_1/bd/design_1/ip/design_1_mig_7series_0_0/design_1_mig_7series_0_0/user_design/rtl/phy/mig_7series_v4_2_ddr_phy_prbs_rdlvl.v'. Please regenerate to continue.
WARNING: [IP_Flow 19-3664] IP 'design_1_mig_7series_0_0' generated file not found 'c:/Users/C27Soren.Herzog/ece383/Herzog_ece383_wksp/lab3/lab3/Lab3.gen/sources_1/bd/design_1/ip/design_1_mig_7series_0_0/design_1_mig_7series_0_0/user_design/rtl/phy/mig_7series_v4_2_ddr_phy_rdlvl.v'. Please regenerate to continue.
WARNING: [IP_Flow 19-3664] IP 'design_1_mig_7series_0_0' generated file not found 'c:/Users/C27Soren.Herzog/ece383/Herzog_ece383_wksp/lab3/lab3/Lab3.gen/sources_1/bd/design_1/ip/design_1_mig_7series_0_0/design_1_mig_7series_0_0/user_design/rtl/phy/mig_7series_v4_2_ddr_phy_tempmon.v'. Please regenerate to continue.
WARNING: [IP_Flow 19-3664] IP 'design_1_mig_7series_0_0' generated file not found 'c:/Users/C27Soren.Herzog/ece383/Herzog_ece383_wksp/lab3/lab3/Lab3.gen/sources_1/bd/design_1/ip/design_1_mig_7series_0_0/design_1_mig_7series_0_0/user_design/rtl/phy/mig_7series_v4_2_ddr_phy_top.v'. Please regenerate to continue.
WARNING: [IP_Flow 19-3664] IP 'design_1_mig_7series_0_0' generated file not found 'c:/Users/C27Soren.Herzog/ece383/Herzog_ece383_wksp/lab3/lab3/Lab3.gen/sources_1/bd/design_1/ip/design_1_mig_7series_0_0/design_1_mig_7series_0_0/user_design/rtl/phy/mig_7series_v4_2_ddr_phy_wrcal.v'. Please regenerate to continue.
WARNING: [IP_Flow 19-3664] IP 'design_1_mig_7series_0_0' generated file not found 'c:/Users/C27Soren.Herzog/ece383/Herzog_ece383_wksp/lab3/lab3/Lab3.gen/sources_1/bd/design_1/ip/design_1_mig_7series_0_0/design_1_mig_7series_0_0/user_design/rtl/phy/mig_7series_v4_2_ddr_phy_wrlvl.v'. Please regenerate to continue.
WARNING: [IP_Flow 19-3664] IP 'design_1_mig_7series_0_0' generated file not found 'c:/Users/C27Soren.Herzog/ece383/Herzog_ece383_wksp/lab3/lab3/Lab3.gen/sources_1/bd/design_1/ip/design_1_mig_7series_0_0/design_1_mig_7series_0_0/user_design/rtl/phy/mig_7series_v4_2_ddr_phy_wrlvl_off_delay.v'. Please regenerate to continue.
WARNING: [IP_Flow 19-3664] IP 'design_1_mig_7series_0_0' generated file not found 'c:/Users/C27Soren.Herzog/ece383/Herzog_ece383_wksp/lab3/lab3/Lab3.gen/sources_1/bd/design_1/ip/design_1_mig_7series_0_0/design_1_mig_7series_0_0/user_design/rtl/phy/mig_7series_v4_2_ddr_prbs_gen.v'. Please regenerate to continue.
WARNING: [IP_Flow 19-3664] IP 'design_1_mig_7series_0_0' generated file not found 'c:/Users/C27Soren.Herzog/ece383/Herzog_ece383_wksp/lab3/lab3/Lab3.gen/sources_1/bd/design_1/ip/design_1_mig_7series_0_0/design_1_mig_7series_0_0/user_design/rtl/phy/mig_7series_v4_2_ddr_skip_calib_tap.v'. Please regenerate to continue.
WARNING: [IP_Flow 19-3664] IP 'design_1_mig_7series_0_0' generated file not found 'c:/Users/C27Soren.Herzog/ece383/Herzog_ece383_wksp/lab3/lab3/Lab3.gen/sources_1/bd/design_1/ip/design_1_mig_7series_0_0/design_1_mig_7series_0_0/user_design/rtl/phy/mig_7series_v4_2_poc_cc.v'. Please regenerate to continue.
WARNING: [IP_Flow 19-3664] IP 'design_1_mig_7series_0_0' generated file not found 'c:/Users/C27Soren.Herzog/ece383/Herzog_ece383_wksp/lab3/lab3/Lab3.gen/sources_1/bd/design_1/ip/design_1_mig_7series_0_0/design_1_mig_7series_0_0/user_design/rtl/phy/mig_7series_v4_2_poc_edge_store.v'. Please regenerate to continue.
WARNING: [IP_Flow 19-3664] IP 'design_1_mig_7series_0_0' generated file not found 'c:/Users/C27Soren.Herzog/ece383/Herzog_ece383_wksp/lab3/lab3/Lab3.gen/sources_1/bd/design_1/ip/design_1_mig_7series_0_0/design_1_mig_7series_0_0/user_design/rtl/phy/mig_7series_v4_2_poc_meta.v'. Please regenerate to continue.
WARNING: [IP_Flow 19-3664] IP 'design_1_mig_7series_0_0' generated file not found 'c:/Users/C27Soren.Herzog/ece383/Herzog_ece383_wksp/lab3/lab3/Lab3.gen/sources_1/bd/design_1/ip/design_1_mig_7series_0_0/design_1_mig_7series_0_0/user_design/rtl/phy/mig_7series_v4_2_poc_pd.v'. Please regenerate to continue.
WARNING: [IP_Flow 19-3664] IP 'design_1_mig_7series_0_0' generated file not found 'c:/Users/C27Soren.Herzog/ece383/Herzog_ece383_wksp/lab3/lab3/Lab3.gen/sources_1/bd/design_1/ip/design_1_mig_7series_0_0/design_1_mig_7series_0_0/user_design/rtl/phy/mig_7series_v4_2_poc_tap_base.v'. Please regenerate to continue.
WARNING: [IP_Flow 19-3664] IP 'design_1_mig_7series_0_0' generated file not found 'c:/Users/C27Soren.Herzog/ece383/Herzog_ece383_wksp/lab3/lab3/Lab3.gen/sources_1/bd/design_1/ip/design_1_mig_7series_0_0/design_1_mig_7series_0_0/user_design/rtl/phy/mig_7series_v4_2_poc_top.v'. Please regenerate to continue.
WARNING: [IP_Flow 19-3664] IP 'design_1_mig_7series_0_0' generated file not found 'c:/Users/C27Soren.Herzog/ece383/Herzog_ece383_wksp/lab3/lab3/Lab3.gen/sources_1/bd/design_1/ip/design_1_mig_7series_0_0/design_1_mig_7series_0_0/user_design/rtl/ui/mig_7series_v4_2_ui_cmd.v'. Please regenerate to continue.
WARNING: [IP_Flow 19-3664] IP 'design_1_mig_7series_0_0' generated file not found 'c:/Users/C27Soren.Herzog/ece383/Herzog_ece383_wksp/lab3/lab3/Lab3.gen/sources_1/bd/design_1/ip/design_1_mig_7series_0_0/design_1_mig_7series_0_0/user_design/rtl/ui/mig_7series_v4_2_ui_rd_data.v'. Please regenerate to continue.
WARNING: [IP_Flow 19-3664] IP 'design_1_mig_7series_0_0' generated file not found 'c:/Users/C27Soren.Herzog/ece383/Herzog_ece383_wksp/lab3/lab3/Lab3.gen/sources_1/bd/design_1/ip/design_1_mig_7series_0_0/design_1_mig_7series_0_0/user_design/rtl/ui/mig_7series_v4_2_ui_top.v'. Please regenerate to continue.
WARNING: [IP_Flow 19-3664] IP 'design_1_mig_7series_0_0' generated file not found 'c:/Users/C27Soren.Herzog/ece383/Herzog_ece383_wksp/lab3/lab3/Lab3.gen/sources_1/bd/design_1/ip/design_1_mig_7series_0_0/design_1_mig_7series_0_0/user_design/rtl/ui/mig_7series_v4_2_ui_wr_data.v'. Please regenerate to continue.
WARNING: [IP_Flow 19-3664] IP 'design_1_mig_7series_0_0' generated file not found 'c:/Users/C27Soren.Herzog/ece383/Herzog_ece383_wksp/lab3/lab3/Lab3.gen/sources_1/bd/design_1/ip/design_1_mig_7series_0_0/design_1_mig_7series_0_0/user_design/constraints/design_1_mig_7series_0_0.xdc'. Please regenerate to continue.
INFO: [Common 17-14] Message 'IP_Flow 19-3664' appears 100 times and further instances of the messages will be disabled. Use the Tcl command set_msg_config to change the current settings.
INFO: [Project 1-5579] Found utility IPs instantiated in one or more block designs which have equivalent inline hdl with improved performance and reduced diskspace. It is recommended to migrate these utility IPs to inline hdl using the command upgrade_project -migrate_to_inline_hdl. The utility IPs may be deprecated in future releases. More information on inline hdl is available in UG994.
open_project: Time (s): cpu = 00:00:19 ; elapsed = 00:00:30 . Memory (MB): peak = 1335.223 ; gain = 239.566
update_compile_order -fileset sources_1
launch_runs impl_1 -to_step write_bitstream -jobs 8
[Mon May  4 19:56:51 2026] Launched synth_1...
Run output will be captured here: C:/Users/C27Soren.Herzog/ece383/Herzog_ece383_wksp/lab3/lab3/Lab3.runs/synth_1/runme.log
[Mon May  4 19:56:51 2026] Launched impl_1...
Run output will be captured here: C:/Users/C27Soren.Herzog/ece383/Herzog_ece383_wksp/lab3/lab3/Lab3.runs/impl_1/runme.log
open_bd_design {C:/Users/C27Soren.Herzog/ece383/Herzog_ece383_wksp/lab3/lab3/Lab3.srcs/sources_1/bd/design_1/design_1.bd}
Reading block design file <C:/Users/C27Soren.Herzog/ece383/Herzog_ece383_wksp/lab3/lab3/Lab3.srcs/sources_1/bd/design_1/design_1.bd>...
Adding component instance block -- xilinx.com:ip:microblaze:11.0 - microblaze_0
Adding component instance block -- xilinx.com:ip:lmb_v10:3.0 - dlmb_v10
Adding component instance block -- xilinx.com:ip:lmb_v10:3.0 - ilmb_v10
Adding component instance block -- xilinx.com:ip:lmb_bram_if_cntlr:4.0 - dlmb_bram_if_cntlr
Adding component instance block -- xilinx.com:ip:lmb_bram_if_cntlr:4.0 - ilmb_bram_if_cntlr
Adding component instance block -- xilinx.com:ip:blk_mem_gen:8.4 - lmb_bram
Adding component instance block -- xilinx.com:ip:mdm:3.2 - mdm_1
Adding component instance block -- xilinx.com:ip:clk_wiz:6.0 - clk_wiz_1
Adding component instance block -- xilinx.com:ip:proc_sys_reset:5.0 - rst_clk_wiz_1_100M
Adding component instance block -- xilinx.com:ip:mig_7series:4.2 - mig_7series_0
Adding component instance block -- xilinx.com:ip:axi_uartlite:2.0 - axi_uartlite_0
Adding component instance block -- xilinx.com:ip:smartconnect:1.0 - axi_smc
Adding component instance block -- xilinx.com:ip:util_ds_buf:2.2 - util_ds_buf_0
Adding component instance block -- xilinx.com:ip:smartconnect:1.0 - axi_smc_1
Adding component instance block -- xilinx.com:ip:proc_sys_reset:5.0 - rst_mig_7series_0_100M
Adding component instance block -- xilinx.com:user:ZoGolf_DP:1.0 - ZoGolf_DP_0
Successfully read diagram <design_1> from block design file <C:/Users/C27Soren.Herzog/ece383/Herzog_ece383_wksp/lab3/lab3/Lab3.srcs/sources_1/bd/design_1/design_1.bd>
open_bd_design: Time (s): cpu = 00:00:05 ; elapsed = 00:00:12 . Memory (MB): peak = 1488.109 ; gain = 121.395
reset_run synth_1
launch_runs impl_1 -to_step write_bitstream -jobs 8
[Mon May  4 19:59:07 2026] Launched synth_1...
Run output will be captured here: C:/Users/C27Soren.Herzog/ece383/Herzog_ece383_wksp/lab3/lab3/Lab3.runs/synth_1/runme.log
[Mon May  4 19:59:07 2026] Launched impl_1...
Run output will be captured here: C:/Users/C27Soren.Herzog/ece383/Herzog_ece383_wksp/lab3/lab3/Lab3.runs/impl_1/runme.log
generate_target all [get_files  {C:/Users/C27Soren.Herzog/ece383/Herzog_ece383_wksp/lab3/lab3/Lab3.srcs/sources_1/bd/design_1/design_1.bd C:/Users/C27Soren.Herzog/ece383/Herzog_ece383_wksp/lab3/lab3/Lab3.srcs/sources_1/bd/design_1/design_1.bd C:/Users/C27Soren.Herzog/ece383/Herzog_ece383_wksp/lab3/lab3/Lab3.srcs/sources_1/bd/design_1/design_1.bd C:/Users/C27Soren.Herzog/ece383/Herzog_ece383_wksp/lab3/lab3/Lab3.srcs/sources_1/bd/design_1/design_1.bd C:/Users/C27Soren.Herzog/ece383/Herzog_ece383_wksp/lab3/lab3/Lab3.srcs/sources_1/bd/design_1/design_1.bd C:/Users/C27Soren.Herzog/ece383/Herzog_ece383_wksp/lab3/lab3/Lab3.srcs/sources_1/bd/design_1/design_1.bd C:/Users/C27Soren.Herzog/ece383/Herzog_ece383_wksp/lab3/lab3/Lab3.srcs/sources_1/bd/design_1/design_1.bd C:/Users/C27Soren.Herzog/ece383/Herzog_ece383_wksp/lab3/lab3/Lab3.srcs/sources_1/bd/design_1/design_1.bd C:/Users/C27Soren.Herzog/ece383/Herzog_ece383_wksp/lab3/lab3/Lab3.srcs/sources_1/bd/design_1/design_1.bd C:/Users/C27Soren.Herzog/ece383/Herzog_ece383_wksp/lab3/lab3/Lab3.srcs/sources_1/bd/design_1/design_1.bd C:/Users/C27Soren.Herzog/ece383/Herzog_ece383_wksp/lab3/lab3/Lab3.srcs/sources_1/bd/design_1/design_1.bd C:/Users/C27Soren.Herzog/ece383/Herzog_ece383_wksp/lab3/lab3/Lab3.srcs/sources_1/bd/design_1/design_1.bd C:/Users/C27Soren.Herzog/ece383/Herzog_ece383_wksp/lab3/lab3/Lab3.srcs/sources_1/bd/design_1/design_1.bd C:/Users/C27Soren.Herzog/ece383/Herzog_ece383_wksp/lab3/lab3/Lab3.srcs/sources_1/bd/design_1/design_1.bd C:/Users/C27Soren.Herzog/ece383/Herzog_ece383_wksp/lab3/lab3/Lab3.srcs/sources_1/bd/design_1/design_1.bd C:/Users/C27Soren.Herzog/ece383/Herzog_ece383_wksp/lab3/lab3/Lab3.srcs/sources_1/bd/design_1/design_1.bd}]
INFO: [Device 21-403] Loading part xc7a200tsbg484-1
error renaming "c:/Users/C27Soren.Herzog/ece383/Herzog_ece383_wksp/lab3/lab3/Lab3.gen/sources_1/bd/design_1/ip/design_1_mig_7series_0_0/_tmp/design_1_mig_7series_0_0" to "c:/Users/C27Soren.Herzog/ece383/Herzog_ece383_wksp/lab3/lab3/Lab3.gen/sources_1/bd/design_1/ip/design_1_mig_7series_0_0/design_1_mig_7series_0_0": permission denied
CRITICAL WARNING: [IP_Flow 19-1747] Failed to deliver file 'c:/Xilinx/Vivado/2024.2/data/ip/xilinx/mig_7series_v4_2/xit/vhdl_synth_rpr.xit': error renaming "c:/Users/C27Soren.Herzog/ece383/Herzog_ece383_wksp/lab3/lab3/Lab3.gen/sources_1/bd/design_1/ip/design_1_mig_7series_0_0/_tmp/design_1_mig_7series_0_0" to "c:/Users/C27Soren.Herzog/ece383/Herzog_ece383_wksp/lab3/lab3/Lab3.gen/sources_1/bd/design_1/ip/design_1_mig_7series_0_0/design_1_mig_7series_0_0": permission denied
ERROR: [IP_Flow 19-167] Failed to deliver one or more file(s).
INFO: [IP_Flow 19-3500] Reset failed 'Synthesis' target for IP 'mig_7series_0'.
ERROR: [IP_Flow 19-3505] IP Generation error: Failed to generate IP 'mig_7series_0'. Failed to generate 'VHDL Synthesis Wrapper' outputs: 
ERROR: [IP_Flow 19-98] Generation of the IP CORE failed.
Failed to generate IP 'mig_7series_0'. Failed to generate 'VHDL Synthesis Wrapper' outputs: 
ERROR: [BD 41-1030] Generation failed for the IP Integrator block mig_7series_0 
Exporting to file c:/Users/C27Soren.Herzog/ece383/Herzog_ece383_wksp/lab3/lab3/Lab3.gen/sources_1/bd/design_1/ip/design_1_axi_smc_0/bd_0/hw_handoff/design_1_axi_smc_0.hwh
Generated Hardware Definition File c:/Users/C27Soren.Herzog/ece383/Herzog_ece383_wksp/lab3/lab3/Lab3.gen/sources_1/bd/design_1/ip/design_1_axi_smc_0/bd_0/synth/design_1_axi_smc_0.hwdef
Exporting to file c:/Users/C27Soren.Herzog/ece383/Herzog_ece383_wksp/lab3/lab3/Lab3.gen/sources_1/bd/design_1/ip/design_1_axi_smc_1_0/bd_0/hw_handoff/design_1_axi_smc_1_0.hwh
Generated Hardware Definition File c:/Users/C27Soren.Herzog/ece383/Herzog_ece383_wksp/lab3/lab3/Lab3.gen/sources_1/bd/design_1/ip/design_1_axi_smc_1_0/bd_0/synth/design_1_axi_smc_1_0.hwdef
error renaming "c:/Users/C27Soren.Herzog/ece383/Herzog_ece383_wksp/lab3/lab3/Lab3.gen/sources_1/bd/design_1/ip/design_1_mig_7series_0_0/_tmp/design_1_mig_7series_0_0" to "c:/Users/C27Soren.Herzog/ece383/Herzog_ece383_wksp/lab3/lab3/Lab3.gen/sources_1/bd/design_1/ip/design_1_mig_7series_0_0/design_1_mig_7series_0_0": permission denied
CRITICAL WARNING: [IP_Flow 19-1747] Failed to deliver file 'c:/Xilinx/Vivado/2024.2/data/ip/xilinx/mig_7series_v4_2/xit/vhdl_synth_rpr.xit': error renaming "c:/Users/C27Soren.Herzog/ece383/Herzog_ece383_wksp/lab3/lab3/Lab3.gen/sources_1/bd/design_1/ip/design_1_mig_7series_0_0/_tmp/design_1_mig_7series_0_0" to "c:/Users/C27Soren.Herzog/ece383/Herzog_ece383_wksp/lab3/lab3/Lab3.gen/sources_1/bd/design_1/ip/design_1_mig_7series_0_0/design_1_mig_7series_0_0": permission denied
ERROR: [IP_Flow 19-167] Failed to deliver one or more file(s).
INFO: [IP_Flow 19-3500] Reset failed 'Synthesis' target for IP 'mig_7series_0'.
ERROR: [IP_Flow 19-3505] IP Generation error: Failed to generate IP 'mig_7series_0'. Failed to generate 'VHDL Synthesis Wrapper' outputs: 
ERROR: [IP_Flow 19-98] Generation of the IP CORE failed.
Failed to generate IP 'mig_7series_0'. Failed to generate 'VHDL Synthesis Wrapper' outputs: 
ERROR: [BD 41-1030] Generation failed for the IP Integrator block mig_7series_0 
Exporting to file c:/Users/C27Soren.Herzog/ece383/Herzog_ece383_wksp/lab3/lab3/Lab3.gen/sources_1/bd/design_1/ip/design_1_axi_smc_0/bd_0/hw_handoff/design_1_axi_smc_0.hwh
Generated Hardware Definition File c:/Users/C27Soren.Herzog/ece383/Herzog_ece383_wksp/lab3/lab3/Lab3.gen/sources_1/bd/design_1/ip/design_1_axi_smc_0/bd_0/synth/design_1_axi_smc_0.hwdef
Exporting to file c:/Users/C27Soren.Herzog/ece383/Herzog_ece383_wksp/lab3/lab3/Lab3.gen/sources_1/bd/design_1/ip/design_1_axi_smc_1_0/bd_0/hw_handoff/design_1_axi_smc_1_0.hwh
Generated Hardware Definition File c:/Users/C27Soren.Herzog/ece383/Herzog_ece383_wksp/lab3/lab3/Lab3.gen/sources_1/bd/design_1/ip/design_1_axi_smc_1_0/bd_0/synth/design_1_axi_smc_1_0.hwdef
INFO: [BD 41-1029] Generation completed for the IP Integrator block mig_7series_0 .
Exporting to file c:/Users/C27Soren.Herzog/ece383/Herzog_ece383_wksp/lab3/lab3/Lab3.gen/sources_1/bd/design_1/ip/design_1_axi_smc_0/bd_0/hw_handoff/design_1_axi_smc_0.hwh
Generated Hardware Definition File c:/Users/C27Soren.Herzog/ece383/Herzog_ece383_wksp/lab3/lab3/Lab3.gen/sources_1/bd/design_1/ip/design_1_axi_smc_0/bd_0/synth/design_1_axi_smc_0.hwdef
Exporting to file c:/Users/C27Soren.Herzog/ece383/Herzog_ece383_wksp/lab3/lab3/Lab3.gen/sources_1/bd/design_1/ip/design_1_axi_smc_1_0/bd_0/hw_handoff/design_1_axi_smc_1_0.hwh
Generated Hardware Definition File c:/Users/C27Soren.Herzog/ece383/Herzog_ece383_wksp/lab3/lab3/Lab3.gen/sources_1/bd/design_1/ip/design_1_axi_smc_1_0/bd_0/synth/design_1_axi_smc_1_0.hwdef
INFO: [BD 41-1637] Generated targets are already up-to-date for block design 'design_1' - hence not re-generating.
INFO: [BD 41-1637] Generated targets are already up-to-date for block design 'design_1' - hence not re-generating.
INFO: [BD 41-1637] Generated targets are already up-to-date for block design 'design_1' - hence not re-generating.
INFO: [BD 41-1637] Generated targets are already up-to-date for block design 'design_1' - hence not re-generating.
INFO: [BD 41-1637] Generated targets are already up-to-date for block design 'design_1' - hence not re-generating.
INFO: [BD 41-1637] Generated targets are already up-to-date for block design 'design_1' - hence not re-generating.
INFO: [BD 41-1637] Generated targets are already up-to-date for block design 'design_1' - hence not re-generating.
INFO: [BD 41-1637] Generated targets are already up-to-date for block design 'design_1' - hence not re-generating.
INFO: [BD 41-1637] Generated targets are already up-to-date for block design 'design_1' - hence not re-generating.
INFO: [BD 41-1637] Generated targets are already up-to-date for block design 'design_1' - hence not re-generating.
INFO: [BD 41-1637] Generated targets are already up-to-date for block design 'design_1' - hence not re-generating.
INFO: [BD 41-1637] Generated targets are already up-to-date for block design 'design_1' - hence not re-generating.
INFO: [BD 41-1637] Generated targets are already up-to-date for block design 'design_1' - hence not re-generating.
generate_target: Time (s): cpu = 00:01:12 ; elapsed = 00:02:00 . Memory (MB): peak = 2311.527 ; gain = 734.371
ERROR: [Common 17-39] 'generate_target' failed due to earlier errors.
import_files
INFO: [filemgmt 20-334] All file(s) are already imported in fileset: 'constrs_1'
INFO: [filemgmt 20-348] Importing the appropriate files for fileset: 'constrs_1'
INFO: [filemgmt 20-348] Importing the appropriate files for fileset: 'sources_1'
WARNING: [filemgmt 20-342] File / dir doesn't exist, skipping: C:/Users/C27Soren.Herzog/ece383/Herzog_ece383_wksp/FinalProj_IP/design_ZoGolf_1/ip/design_ZoGolf_1_mig_7series_0_0/mig_a.prj
INFO: [filemgmt 20-334] All file(s) are already imported in fileset: 'utils_1'
INFO: [filemgmt 20-348] Importing the appropriate files for fileset: 'utils_1'
reset_run synth_1
launch_runs impl_1 -to_step write_bitstream -jobs 8
[Mon May  4 20:05:50 2026] Launched synth_1...
Run output will be captured here: C:/Users/C27Soren.Herzog/ece383/Herzog_ece383_wksp/lab3/lab3/Lab3.runs/synth_1/runme.log
[Mon May  4 20:05:50 2026] Launched impl_1...
Run output will be captured here: C:/Users/C27Soren.Herzog/ece383/Herzog_ece383_wksp/lab3/lab3/Lab3.runs/impl_1/runme.log
write_hw_platform -fixed -include_bit -force -file C:/Users/C27Soren.Herzog/ece383/Herzog_ece383_wksp/lab3/lab3/ZoGolf_V1_wrapper.xsa
INFO: [Project 1-1918] Creating Hardware Platform: C:/Users/C27Soren.Herzog/ece383/Herzog_ece383_wksp/lab3/lab3/ZoGolf_V1_wrapper.xsa ...
WARNING: [Project 1-645] Board images not set in Hardware Platform.
INFO: [Project 1-1943] The Hardware Platform can be used for Hardware
INFO: [Project 1-1941] Successfully created Hardware Platform: C:/Users/C27Soren.Herzog/ece383/Herzog_ece383_wksp/lab3/lab3/ZoGolf_V1_wrapper.xsa
INFO: [Hsi 55-2053] elapsed time for repository (C:/Xilinx/Vivado/2024.2/data/embeddedsw) loading 3 seconds
exit
INFO: [Common 17-206] Exiting Vivado at Mon May  4 21:00:15 2026...
