#-----------------------------------------------------------
# Vivado v2024.2 (64-bit)
# SW Build 5239630 on Fri Nov 08 22:35:27 MST 2024
# IP Build 5239520 on Sun Nov 10 16:12:51 MST 2024
# SharedData Build 5239561 on Fri Nov 08 14:39:27 MST 2024
# Start of session at: Mon May  4 15:05:15 2026
# Process ID         : 40880
# Current directory  : C:/Users/C27Soren.Herzog/ece383/Herzog_ece383_wksp/lab3/lab3
# Command line       : vivado.exe -gui_launcher_event rodinguilauncherevent30516 C:\Users\C27Soren.Herzog\ece383\Herzog_ece383_wksp\lab3\lab3\Lab3.xpr
# Log file           : C:/Users/C27Soren.Herzog/ece383/Herzog_ece383_wksp/lab3/lab3/vivado.log
# Journal file       : C:/Users/C27Soren.Herzog/ece383/Herzog_ece383_wksp/lab3/lab3\vivado.jou
# Running On         : C27-5CG3121G96
# Platform           : Windows Server 2016 or Windows 10
# Operating System   : 22631
# Processor Detail   : AMD Ryzen 7 PRO 6850U with Radeon Graphics     
# CPU Frequency      : 2695 MHz
# CPU Physical cores : 8
# CPU Logical cores  : 16
# Host memory        : 16442 MB
# Swap memory        : 12121 MB
# Total Virtual      : 28564 MB
# Available Virtual  : 5808 MB
#-----------------------------------------------------------
start_gui
open_project C:/Users/C27Soren.Herzog/ece383/Herzog_ece383_wksp/lab3/lab3/Lab3.xpr
Scanning sources...
Finished scanning sources
INFO: [IP_Flow 19-234] Refreshing IP repositories
INFO: [IP_Flow 19-1700] Loaded user IP repository 'c:/Users/C27Soren.Herzog/Downloads/ece383_code-main/ece383_code-main/ip_repo/My_Lab3_1_0'.
INFO: [IP_Flow 19-1700] Loaded user IP repository 'c:/Users/C27Soren.Herzog/ece383/Herzog_ece383_wksp/ip_repo/ZoGolf_DP_1_0'.
INFO: [IP_Flow 19-1700] Loaded user IP repository 'c:/Users/C27Soren.Herzog/Downloads/ece383_code-main/ece383_code-main/ip_repo/My_Counter_IP_1_0'.
WARNING: [Board 49-26] cannot add Board Part xilinx.com:vck190:part0:2.2 available at C:/Xilinx/Vivado/2024.2/data/xhub/boards/XilinxBoardStore/boards/Xilinx/vck190/production/2.2/board.xml as part xcvc1902-vsva2197-2mp-e-s specified in board_part file is either invalid or not available
WARNING: [Board 49-26] cannot add Board Part xilinx.com:vck190:part0:3.0 available at C:/Xilinx/Vivado/2024.2/data/xhub/boards/XilinxBoardStore/boards/Xilinx/vck190/production/3.0/board.xml as part xcvc1902-vsva2197-2mp-e-s specified in board_part file is either invalid or not available
WARNING: [Board 49-26] cannot add Board Part xilinx.com:vck190:part0:3.1 available at C:/Xilinx/Vivado/2024.2/data/xhub/boards/XilinxBoardStore/boards/Xilinx/vck190/production/3.1/board.xml as part xcvc1902-vsva2197-2mp-e-s specified in board_part file is either invalid or not available
WARNING: [Board 49-26] cannot add Board Part xilinx.com:vck190:part0:3.2 available at C:/Xilinx/Vivado/2024.2/data/xhub/boards/XilinxBoardStore/boards/Xilinx/vck190/production/3.2/board.xml as part xcvc1902-vsva2197-2mp-e-s specified in board_part file is either invalid or not available
WARNING: [Board 49-26] cannot add Board Part xilinx.com:vck190:part0:3.3 available at C:/Xilinx/Vivado/2024.2/data/xhub/boards/XilinxBoardStore/boards/Xilinx/vck190/production/3.3/board.xml as part xcvc1902-vsva2197-2mp-e-s specified in board_part file is either invalid or not available
WARNING: [Board 49-26] cannot add Board Part xilinx.com:vck190_newl:part0:1.0 available at C:/Xilinx/Vivado/2024.2/data/xhub/boards/XilinxBoardStore/boards/Xilinx/vck190_newl/production/1.0/board.xml as part xcvc1902-vsva2197-2mp-e-s specified in board_part file is either invalid or not available
WARNING: [Board 49-26] cannot add Board Part xilinx.com:vck190_newl:part0:1.1 available at C:/Xilinx/Vivado/2024.2/data/xhub/boards/XilinxBoardStore/boards/Xilinx/vck190_newl/production/1.1/board.xml as part xcvc1902-vsva2197-2mp-e-s specified in board_part file is either invalid or not available
WARNING: [Board 49-26] cannot add Board Part xilinx.com:vck190_newl:part0:1.2 available at C:/Xilinx/Vivado/2024.2/data/xhub/boards/XilinxBoardStore/boards/Xilinx/vck190_newl/production/1.2/board.xml as part xcvc1902-vsva2197-2mp-e-s specified in board_part file is either invalid or not available
WARNING: [Board 49-26] cannot add Board Part xilinx.com:vmk180:part0:2.2 available at C:/Xilinx/Vivado/2024.2/data/xhub/boards/XilinxBoardStore/boards/Xilinx/vmk180/production/2.2/board.xml as part xcvm1802-vsva2197-2mp-e-s specified in board_part file is either invalid or not available
WARNING: [Board 49-26] cannot add Board Part xilinx.com:vmk180:part0:3.0 available at C:/Xilinx/Vivado/2024.2/data/xhub/boards/XilinxBoardStore/boards/Xilinx/vmk180/production/3.0/board.xml as part xcvm1802-vsva2197-2mp-e-s specified in board_part file is either invalid or not available
WARNING: [Board 49-26] cannot add Board Part xilinx.com:vmk180:part0:3.1 available at C:/Xilinx/Vivado/2024.2/data/xhub/boards/XilinxBoardStore/boards/Xilinx/vmk180/production/3.1/board.xml as part xcvm1802-vsva2197-2mp-e-s specified in board_part file is either invalid or not available
WARNING: [Board 49-26] cannot add Board Part xilinx.com:vmk180:part0:3.2 available at C:/Xilinx/Vivado/2024.2/data/xhub/boards/XilinxBoardStore/boards/Xilinx/vmk180/production/3.2/board.xml as part xcvm1802-vsva2197-2mp-e-s specified in board_part file is either invalid or not available
WARNING: [Board 49-26] cannot add Board Part xilinx.com:vmk180_newl:part0:1.0 available at C:/Xilinx/Vivado/2024.2/data/xhub/boards/XilinxBoardStore/boards/Xilinx/vmk180_newl/production/1.0/board.xml as part xcvm1802-vsva2197-2mp-e-s specified in board_part file is either invalid or not available
WARNING: [Board 49-26] cannot add Board Part xilinx.com:vmk180_newl:part0:1.1 available at C:/Xilinx/Vivado/2024.2/data/xhub/boards/XilinxBoardStore/boards/Xilinx/vmk180_newl/production/1.1/board.xml as part xcvm1802-vsva2197-2mp-e-s specified in board_part file is either invalid or not available
WARNING: [Board 49-26] cannot add Board Part xilinx.com:vpk120:part0:1.0 available at C:/Xilinx/Vivado/2024.2/data/xhub/boards/XilinxBoardStore/boards/Xilinx/vpk120/production/1.0/board.xml as part xcvp1202-vsva2785-2mp-e-s specified in board_part file is either invalid or not available
WARNING: [Board 49-26] cannot add Board Part xilinx.com:vpk120:part0:1.1 available at C:/Xilinx/Vivado/2024.2/data/xhub/boards/XilinxBoardStore/boards/Xilinx/vpk120/production/1.1/board.xml as part xcvp1202-vsva2785-2mp-e-s specified in board_part file is either invalid or not available
WARNING: [Board 49-26] cannot add Board Part xilinx.com:vpk120:part0:1.2 available at C:/Xilinx/Vivado/2024.2/data/xhub/boards/XilinxBoardStore/boards/Xilinx/vpk120/production/1.2/board.xml as part xcvp1202-vsva2785-2mp-e-s specified in board_part file is either invalid or not available
INFO: [IP_Flow 19-2313] Loaded Vivado IP repository 'C:/Xilinx/Vivado/2024.2/data/ip'.
INFO: [Project 1-5579] Found utility IPs instantiated in one or more block designs which have equivalent inline hdl with improved performance and reduced diskspace. It is recommended to migrate these utility IPs to inline hdl using the command upgrade_project -migrate_to_inline_hdl. The utility IPs may be deprecated in future releases. More information on inline hdl is available in UG994.
open_project: Time (s): cpu = 00:00:24 ; elapsed = 00:00:44 . Memory (MB): peak = 1432.176 ; gain = 347.348
update_compile_order -fileset sources_1
open_bd_design {C:/Users/C27Soren.Herzog/ece383/Herzog_ece383_wksp/lab3/lab3/Lab3.srcs/sources_1/bd/design_1/design_1.bd}
Reading block design file <C:/Users/C27Soren.Herzog/ece383/Herzog_ece383_wksp/lab3/lab3/Lab3.srcs/sources_1/bd/design_1/design_1.bd>...
Adding component instance block -- xilinx.com:ip:microblaze:11.0 - microblaze_0
Adding component instance block -- xilinx.com:ip:lmb_v10:3.0 - dlmb_v10
Adding component instance block -- xilinx.com:ip:lmb_v10:3.0 - ilmb_v10
Adding component instance block -- xilinx.com:ip:lmb_bram_if_cntlr:4.0 - dlmb_bram_if_cntlr
Adding component instance block -- xilinx.com:ip:lmb_bram_if_cntlr:4.0 - ilmb_bram_if_cntlr
Adding component instance block -- xilinx.com:ip:blk_mem_gen:8.4 - lmb_bram
Adding component instance block -- xilinx.com:ip:mdm:3.2 - mdm_1
Adding component instance block -- xilinx.com:ip:clk_wiz:6.0 - clk_wiz_1
Adding component instance block -- xilinx.com:ip:proc_sys_reset:5.0 - rst_clk_wiz_1_100M
Adding component instance block -- xilinx.com:ip:mig_7series:4.2 - mig_7series_0
Adding component instance block -- xilinx.com:ip:axi_uartlite:2.0 - axi_uartlite_0
Adding component instance block -- xilinx.com:ip:smartconnect:1.0 - axi_smc
Adding component instance block -- xilinx.com:ip:util_ds_buf:2.2 - util_ds_buf_0
Adding component instance block -- xilinx.com:ip:smartconnect:1.0 - axi_smc_1
Adding component instance block -- xilinx.com:ip:proc_sys_reset:5.0 - rst_mig_7series_0_100M
Adding component instance block -- xilinx.com:user:My_Lab3:1.0 - My_Lab3_0
Adding component instance block -- xilinx.com:user:ZoGolf_DP:1.0 - ZoGolf_DP_0
Successfully read diagram <design_1> from block design file <C:/Users/C27Soren.Herzog/ece383/Herzog_ece383_wksp/lab3/lab3/Lab3.srcs/sources_1/bd/design_1/design_1.bd>
open_bd_design: Time (s): cpu = 00:00:09 ; elapsed = 00:00:18 . Memory (MB): peak = 1581.570 ; gain = 142.641
set_property location {6 2009 1587} [get_bd_cells ZoGolf_DP_0]
delete_bd_objs [get_bd_nets My_Lab3_0_tmds]
delete_bd_objs [get_bd_nets My_Lab3_0_tmdsb]
delete_bd_objs [get_bd_nets My_Lab3_0_ac_mclk] [get_bd_ports ac_mclk]
delete_bd_objs [get_bd_nets My_Lab3_0_ac_dac_sdata] [get_bd_ports ac_dac_sdata]
delete_bd_objs [get_bd_nets My_Lab3_0_ac_bclk] [get_bd_ports ac_bclk]
delete_bd_objs [get_bd_nets My_Lab3_0_ac_lrclk] [get_bd_ports ac_lrclk]
delete_bd_objs [get_bd_nets Net] [get_bd_ports scl]
delete_bd_objs [get_bd_nets Net1] [get_bd_ports sda]
connect_bd_net [get_bd_ports tmds] [get_bd_pins ZoGolf_DP_0/tmds]
connect_bd_net [get_bd_ports tmdsb] [get_bd_pins ZoGolf_DP_0/tmdsb]
delete_bd_objs [get_bd_nets My_Lab3_0_flagQ]
undo
INFO: [Common 17-17] undo 'delete_bd_objs [get_bd_nets My_Lab3_0_flagQ]'
delete_bd_objs [get_bd_nets My_Lab3_0_flagQ]
connect_bd_net [get_bd_pins microblaze_0/Interrupt] [get_bd_pins ZoGolf_DP_0/frame_flag]
WARNING: [BD 41-1306] The connection to interface pin </microblaze_0/Interrupt> is being overridden by the user with net <ZoGolf_DP_0_frame_flag>. This pin will not be connected as a part of interface connection <INTERRUPT>, and might not recreate the connectivity as expected using the writ_bd_tcl command.
startgroup
make_bd_pins_external  [get_bd_pins ZoGolf_DP_0/latch]
endgroup
set_property name latch [get_bd_ports latch_0]
startgroup
make_bd_pins_external  [get_bd_pins ZoGolf_DP_0/pulse]
endgroup
set_property name pulse [get_bd_ports pulse_0]
startgroup
make_bd_pins_external  [get_bd_pins ZoGolf_DP_0/ps2_clk]
endgroup
set_property name ps2_clk [get_bd_ports ps2_clk_0]
startgroup
make_bd_pins_external  [get_bd_pins ZoGolf_DP_0/ps2_data]
endgroup
set_property name ps2_data [get_bd_ports ps2_data_0]
delete_bd_objs [get_bd_nets ZoGolf_DP_0_tmdsb] [get_bd_ports tmdsb]
delete_bd_objs [get_bd_nets ZoGolf_DP_0_tmds] [get_bd_ports tmds]
startgroup
make_bd_pins_external  [get_bd_pins ZoGolf_DP_0/tmds]
endgroup
set_property name tmds [get_bd_ports tmds_0]
startgroup
make_bd_pins_external  [get_bd_pins ZoGolf_DP_0/tmdsb]
endgroup
set_property name tmdsb [get_bd_ports tmdsb_0]
delete_bd_objs [get_bd_nets btn_0_1] [get_bd_ports btn]
delete_bd_objs [get_bd_nets switch_0_1] [get_bd_ports switch]
delete_bd_objs [get_bd_nets ac_adc_sdata_0_1] [get_bd_ports ac_adc_sdata]
connect_bd_net [get_bd_pins rst_clk_wiz_1_100M/peripheral_aresetn] [get_bd_pins ZoGolf_DP_0/s00_axi_aresetn]
connect_bd_net [get_bd_pins clk_wiz_1/clk_out1] [get_bd_pins ZoGolf_DP_0/s00_axi_aclk]
delete_bd_objs [get_bd_cells My_Lab3_0]
set_property location {6 2035 1304} [get_bd_cells ZoGolf_DP_0]
set_property location {2265 1206} [get_bd_ports tmds]
set_property location {2248 1230} [get_bd_ports tmdsb]
set_property location {2246 1205} [get_bd_ports tmds]
set_property location {2258 1261} [get_bd_ports latch]
set_property location {2270 1294} [get_bd_ports pulse]
set_property location {2280 1324} [get_bd_ports ps2_clk]
set_property location {2270 1358} [get_bd_ports ps2_data]
set_property location {2249 1345} [get_bd_ports ps2_data]
set_property location {6 2050 885} [get_bd_cells axi_uartlite_0]
set_property location {6 2044 1048} [get_bd_cells ZoGolf_DP_0]
set_property location {2279 865} [get_bd_intf_ports usb_uart]
ipx::edit_ip_in_project -upgrade true -name ZoGolf_DP_v1_0_project -directory C:/Users/C27Soren.Herzog/ece383/Herzog_ece383_wksp/lab3/lab3/Lab3.tmp/ZoGolf_DP_v1_0_project c:/Users/C27Soren.Herzog/ece383/Herzog_ece383_wksp/ip_repo/ZoGolf_DP_1_0/component.xml
INFO: [ProjectBase 1-489] The host OS only allows 260 characters in a normal path. The project is stored in a path with more than 80 characters. If you experience issues with IP, Block Designs, or files not being found, please consider moving the project to a location with a shorter path. Alternately consider using the OS subst command to map part of the path to a drive letter.
Current project path is 'c:/users/c27soren.herzog/ece383/herzog_ece383_wksp/lab3/lab3/lab3.tmp/zogolf_dp_v1_0_project'
INFO: [IP_Flow 19-234] Refreshing IP repositories
INFO: [IP_Flow 19-1704] No user IP repositories specified
INFO: [IP_Flow 19-2313] Loaded Vivado IP repository 'C:/Xilinx/Vivado/2024.2/data/ip'.
WARNING: [Board 49-26] cannot add Board Part xilinx.com:vck190:part0:2.2 available at C:/Xilinx/Vivado/2024.2/data/xhub/boards/XilinxBoardStore/boards/Xilinx/vck190/production/2.2/board.xml as part xcvc1902-vsva2197-2mp-e-s specified in board_part file is either invalid or not available
WARNING: [Board 49-26] cannot add Board Part xilinx.com:vck190:part0:3.0 available at C:/Xilinx/Vivado/2024.2/data/xhub/boards/XilinxBoardStore/boards/Xilinx/vck190/production/3.0/board.xml as part xcvc1902-vsva2197-2mp-e-s specified in board_part file is either invalid or not available
WARNING: [Board 49-26] cannot add Board Part xilinx.com:vck190:part0:3.1 available at C:/Xilinx/Vivado/2024.2/data/xhub/boards/XilinxBoardStore/boards/Xilinx/vck190/production/3.1/board.xml as part xcvc1902-vsva2197-2mp-e-s specified in board_part file is either invalid or not available
WARNING: [Board 49-26] cannot add Board Part xilinx.com:vck190:part0:3.2 available at C:/Xilinx/Vivado/2024.2/data/xhub/boards/XilinxBoardStore/boards/Xilinx/vck190/production/3.2/board.xml as part xcvc1902-vsva2197-2mp-e-s specified in board_part file is either invalid or not available
WARNING: [Board 49-26] cannot add Board Part xilinx.com:vck190:part0:3.3 available at C:/Xilinx/Vivado/2024.2/data/xhub/boards/XilinxBoardStore/boards/Xilinx/vck190/production/3.3/board.xml as part xcvc1902-vsva2197-2mp-e-s specified in board_part file is either invalid or not available
WARNING: [Board 49-26] cannot add Board Part xilinx.com:vck190_newl:part0:1.0 available at C:/Xilinx/Vivado/2024.2/data/xhub/boards/XilinxBoardStore/boards/Xilinx/vck190_newl/production/1.0/board.xml as part xcvc1902-vsva2197-2mp-e-s specified in board_part file is either invalid or not available
WARNING: [Board 49-26] cannot add Board Part xilinx.com:vck190_newl:part0:1.1 available at C:/Xilinx/Vivado/2024.2/data/xhub/boards/XilinxBoardStore/boards/Xilinx/vck190_newl/production/1.1/board.xml as part xcvc1902-vsva2197-2mp-e-s specified in board_part file is either invalid or not available
WARNING: [Board 49-26] cannot add Board Part xilinx.com:vck190_newl:part0:1.2 available at C:/Xilinx/Vivado/2024.2/data/xhub/boards/XilinxBoardStore/boards/Xilinx/vck190_newl/production/1.2/board.xml as part xcvc1902-vsva2197-2mp-e-s specified in board_part file is either invalid or not available
WARNING: [Board 49-26] cannot add Board Part xilinx.com:vmk180:part0:2.2 available at C:/Xilinx/Vivado/2024.2/data/xhub/boards/XilinxBoardStore/boards/Xilinx/vmk180/production/2.2/board.xml as part xcvm1802-vsva2197-2mp-e-s specified in board_part file is either invalid or not available
WARNING: [Board 49-26] cannot add Board Part xilinx.com:vmk180:part0:3.0 available at C:/Xilinx/Vivado/2024.2/data/xhub/boards/XilinxBoardStore/boards/Xilinx/vmk180/production/3.0/board.xml as part xcvm1802-vsva2197-2mp-e-s specified in board_part file is either invalid or not available
WARNING: [Board 49-26] cannot add Board Part xilinx.com:vmk180:part0:3.1 available at C:/Xilinx/Vivado/2024.2/data/xhub/boards/XilinxBoardStore/boards/Xilinx/vmk180/production/3.1/board.xml as part xcvm1802-vsva2197-2mp-e-s specified in board_part file is either invalid or not available
WARNING: [Board 49-26] cannot add Board Part xilinx.com:vmk180:part0:3.2 available at C:/Xilinx/Vivado/2024.2/data/xhub/boards/XilinxBoardStore/boards/Xilinx/vmk180/production/3.2/board.xml as part xcvm1802-vsva2197-2mp-e-s specified in board_part file is either invalid or not available
WARNING: [Board 49-26] cannot add Board Part xilinx.com:vmk180_newl:part0:1.0 available at C:/Xilinx/Vivado/2024.2/data/xhub/boards/XilinxBoardStore/boards/Xilinx/vmk180_newl/production/1.0/board.xml as part xcvm1802-vsva2197-2mp-e-s specified in board_part file is either invalid or not available
WARNING: [Board 49-26] cannot add Board Part xilinx.com:vmk180_newl:part0:1.1 available at C:/Xilinx/Vivado/2024.2/data/xhub/boards/XilinxBoardStore/boards/Xilinx/vmk180_newl/production/1.1/board.xml as part xcvm1802-vsva2197-2mp-e-s specified in board_part file is either invalid or not available
WARNING: [Board 49-26] cannot add Board Part xilinx.com:vpk120:part0:1.0 available at C:/Xilinx/Vivado/2024.2/data/xhub/boards/XilinxBoardStore/boards/Xilinx/vpk120/production/1.0/board.xml as part xcvp1202-vsva2785-2mp-e-s specified in board_part file is either invalid or not available
WARNING: [Board 49-26] cannot add Board Part xilinx.com:vpk120:part0:1.1 available at C:/Xilinx/Vivado/2024.2/data/xhub/boards/XilinxBoardStore/boards/Xilinx/vpk120/production/1.1/board.xml as part xcvp1202-vsva2785-2mp-e-s specified in board_part file is either invalid or not available
WARNING: [Board 49-26] cannot add Board Part xilinx.com:vpk120:part0:1.2 available at C:/Xilinx/Vivado/2024.2/data/xhub/boards/XilinxBoardStore/boards/Xilinx/vpk120/production/1.2/board.xml as part xcvp1202-vsva2785-2mp-e-s specified in board_part file is either invalid or not available
create_project: Time (s): cpu = 00:00:06 ; elapsed = 00:00:07 . Memory (MB): peak = 1650.270 ; gain = 2.348
INFO: [IP_Flow 19-234] Refreshing IP repositories
INFO: [IP_Flow 19-1700] Loaded user IP repository 'c:/Users/C27Soren.Herzog/Downloads/ece383_code-main/ece383_code-main/ip_repo/My_Lab3_1_0'.
INFO: [IP_Flow 19-1700] Loaded user IP repository 'c:/Users/C27Soren.Herzog/ece383/Herzog_ece383_wksp/ip_repo/ZoGolf_DP_1_0'.
INFO: [IP_Flow 19-1700] Loaded user IP repository 'c:/Users/C27Soren.Herzog/Downloads/ece383_code-main/ece383_code-main/ip_repo/My_Counter_IP_1_0'.
INFO: [IP_Flow 19-795] Syncing license key meta-data
ipx::edit_ip_in_project: Time (s): cpu = 00:00:08 ; elapsed = 00:00:10 . Memory (MB): peak = 1655.562 ; gain = 7.641
update_compile_order -fileset sources_1
current_project Lab3
startgroup
make_bd_pins_external  [get_bd_pins ZoGolf_DP_0/data]
endgroup
set_property name data [get_bd_ports data_0]
set_property location {2293 954} [get_bd_ports tmds]
set_property location {2272 984} [get_bd_ports tmdsb]
set_property location {2286 1021} [get_bd_ports latch]
set_property location {2288 1048} [get_bd_ports pulse]
set_property location {2284 1084} [get_bd_ports ps2_clk]
save_bd_design
Wrote  : <C:\Users\C27Soren.Herzog\ece383\Herzog_ece383_wksp\lab3\lab3\Lab3.srcs\sources_1\bd\design_1\design_1.bd> 
Wrote  : <C:/Users/C27Soren.Herzog/ece383/Herzog_ece383_wksp/lab3/lab3/Lab3.srcs/sources_1/bd/design_1/ui/bd_1f5defd0.ui> 
current_project ZoGolf_DP_v1_0_project
current_project Lab3
save_bd_design_as design_ZoGolf_1 -dir {C:/Users/C27Soren.Herzog/ece383/Herzog_ece383_wksp/FinalProj_IP}
WARNING: [BD 5-902] Design <design_1> has not been validated yet. Please validate your design to preserve boundary parameter values in the resulting new design from running this save_bd_design_as command.
INFO: [BD 41-1943] The current project board is set to 'digilentinc.com:nexys_video:part0:1.2'. In order to avoid issues with upgrade, please make sure that the 'design_ZoGolf_1.bd' opened in a project that uses the same board.
Wrote  : <C:\Users\C27Soren.Herzog\ece383\Herzog_ece383_wksp\FinalProj_IP\design_ZoGolf_1\design_ZoGolf_1.bd> 
INFO: [Device 21-403] Loading part xc7a200tsbg484-1
INFO: [Common 17-365] Interrupt caught but 'save_bd_design_as' cannot be canceled. Please wait for command to finish.
Slave segment '/microblaze_0_local_memory/dlmb_bram_if_cntlr/SLMB/Mem' is being assigned into address space '/microblaze_0/Data' at <0x0000_0000 [ 32K ]>.
Slave segment '/axi_uartlite_0/S_AXI/Reg' is being assigned into address space '/microblaze_0/Data' at <0x4060_0000 [ 64K ]>.
Slave segment '/mig_7series_0/memmap/memaddr' is being assigned into address space '/microblaze_0/Data' at <0x8000_0000 [ 512M ]>.
Slave segment '/microblaze_0_local_memory/ilmb_bram_if_cntlr/SLMB/Mem' is being assigned into address space '/microblaze_0/Instruction' at <0x0000_0000 [ 32K ]>.
Slave segment '/mig_7series_0/memmap/memaddr' is being assigned into address space '/microblaze_0/Instruction' at <0x8000_0000 [ 512M ]>.
Wrote  : <C:\Users\C27Soren.Herzog\ece383\Herzog_ece383_wksp\FinalProj_IP\design_ZoGolf_1\design_ZoGolf_1.bd> 
Wrote  : <C:/Users/C27Soren.Herzog/ece383/Herzog_ece383_wksp/FinalProj_IP/design_ZoGolf_1/ui/bd_d18dc7aa.ui> 
Wrote  : <C:/Users/C27Soren.Herzog/ece383/Herzog_ece383_wksp/FinalProj_IP/design_ZoGolf_1/ui/bd_f98a5dfb.ui> 
save_bd_design_as: Time (s): cpu = 00:00:21 ; elapsed = 00:00:58 . Memory (MB): peak = 2052.254 ; gain = 356.773
INFO: [Common 17-681] Processing pending cancel.
add_files -norecurse C:/Users/C27Soren.Herzog/ece383/Herzog_ece383_wksp/FinalProj_IP/design_ZoGolf_1/design_ZoGolf_1.bd
open_bd_design {C:/Users/C27Soren.Herzog/ece383/Herzog_ece383_wksp/FinalProj_IP/design_ZoGolf_1/design_ZoGolf_1.bd}
Reading block design file <C:/Users/C27Soren.Herzog/ece383/Herzog_ece383_wksp/FinalProj_IP/design_ZoGolf_1/design_ZoGolf_1.bd>...
Adding component instance block -- xilinx.com:ip:microblaze:11.0 - microblaze_0
Adding component instance block -- xilinx.com:ip:lmb_v10:3.0 - dlmb_v10
Adding component instance block -- xilinx.com:ip:lmb_v10:3.0 - ilmb_v10
Adding component instance block -- xilinx.com:ip:lmb_bram_if_cntlr:4.0 - dlmb_bram_if_cntlr
Adding component instance block -- xilinx.com:ip:lmb_bram_if_cntlr:4.0 - ilmb_bram_if_cntlr
Adding component instance block -- xilinx.com:ip:blk_mem_gen:8.4 - lmb_bram
Adding component instance block -- xilinx.com:ip:mdm:3.2 - mdm_1
Adding component instance block -- xilinx.com:ip:clk_wiz:6.0 - clk_wiz_1
Adding component instance block -- xilinx.com:ip:proc_sys_reset:5.0 - rst_clk_wiz_1_100M
Adding component instance block -- xilinx.com:ip:mig_7series:4.2 - mig_7series_0
Adding component instance block -- xilinx.com:ip:axi_uartlite:2.0 - axi_uartlite_0
Adding component instance block -- xilinx.com:ip:smartconnect:1.0 - axi_smc
Adding component instance block -- xilinx.com:ip:util_ds_buf:2.2 - util_ds_buf_0
Adding component instance block -- xilinx.com:ip:smartconnect:1.0 - axi_smc_1
Adding component instance block -- xilinx.com:ip:proc_sys_reset:5.0 - rst_mig_7series_0_100M
Adding component instance block -- xilinx.com:user:ZoGolf_DP:1.0 - ZoGolf_DP_0
Successfully read diagram <design_ZoGolf_1> from block design file <C:/Users/C27Soren.Herzog/ece383/Herzog_ece383_wksp/FinalProj_IP/design_ZoGolf_1/design_ZoGolf_1.bd>
open_bd_design: Time (s): cpu = 00:00:02 ; elapsed = 00:00:05 . Memory (MB): peak = 2061.070 ; gain = 8.816
current_project ZoGolf_DP_v1_0_project
current_project Lab3
update_compile_order -fileset sources_1
reset_run synth_1
INFO: [Project 1-1161] Replacing file C:/Users/C27Soren.Herzog/ece383/Herzog_ece383_wksp/lab3/lab3/Lab3.srcs/utils_1/imports/synth_1/design_1_wrapper.dcp with file C:/Users/C27Soren.Herzog/ece383/Herzog_ece383_wksp/lab3/lab3/Lab3.runs/synth_1/design_1_wrapper.dcp
launch_runs impl_1 -to_step write_bitstream -jobs 8
CRITICAL WARNING: [BD 41-1356] Slave segment </ZoGolf_DP_0/S00_AXI/S00_AXI_reg> is not assigned into address space </microblaze_0/Data>. Please use Address Editor to either assign or exclude it.
INFO: [BD 5-943] Reserving offset range <0x4060_0000 [ 64K ]> from slave interface '/axi_smc/S00_AXI' to master interface '/axi_smc/M00_AXI'. This will be used by smartconnect on path for routing.
INFO: [xilinx.com:ip:smartconnect:1.0-1] design_1_axi_smc_0: SmartConnect design_1_axi_smc_0 is in Low-Area Mode.
xit::source_ipfile: Time (s): cpu = 00:00:04 ; elapsed = 00:00:05 . Memory (MB): peak = 2136.191 ; gain = 0.000
INFO: [BD 5-943] Reserving offset range <0x8000_0000 [ 512M ]> from slave interface '/axi_smc_1/S00_AXI' to master interface '/axi_smc_1/M00_AXI'. This will be used by smartconnect on path for routing.
INFO: [BD 5-943] Reserving offset range <0x8000_0000 [ 512M ]> from slave interface '/axi_smc_1/S01_AXI' to master interface '/axi_smc_1/M00_AXI'. This will be used by smartconnect on path for routing.
INFO: [xilinx.com:ip:smartconnect:1.0-1] design_1_axi_smc_1_0: SmartConnect design_1_axi_smc_1_0 is in High-performance Mode.
xit::source_ipfile: Time (s): cpu = 00:00:05 ; elapsed = 00:00:06 . Memory (MB): peak = 2136.191 ; gain = 0.000
WARNING: [filemgmt 56-443] The ECC Algorithm string is empty. Setting the Memory Map to default ECC value to ECC_NONE.
WARNING: [filemgmt 56-443] The ECC Algorithm string is empty. Setting the Memory Map to default ECC value to ECC_NONE.
INFO: [xilinx.com:ip:clk_wiz:6.0-1] /clk_wiz_1 clk_wiz propagate
INFO: [xilinx.com:ip:microblaze:11.0-16] /microblaze_0: Setting D-cache cacheable area base address C_DCACHE_BASEADDR to 0x80000000 and high address C_DCACHE_HIGHADDR to 0x9FFFFFFF.
INFO: [xilinx.com:ip:microblaze:11.0-16] /microblaze_0: Setting I-cache cacheable area base address C_ICACHE_BASEADDR to 0x80000000 and high address C_ICACHE_HIGHADDR to 0x9FFFFFFF.
INFO: [xilinx.com:ip:microblaze:11.0-9] /microblaze_0: Setting C_BASE_VECTORS to 0x00000000.
Wrote  : <C:\Users\C27Soren.Herzog\ece383\Herzog_ece383_wksp\lab3\lab3\Lab3.srcs\sources_1\bd\design_1\design_1.bd> 
VHDL Output written to : c:/Users/C27Soren.Herzog/ece383/Herzog_ece383_wksp/lab3/lab3/Lab3.gen/sources_1/bd/design_1/synth/design_1.vhd
VHDL Output written to : c:/Users/C27Soren.Herzog/ece383/Herzog_ece383_wksp/lab3/lab3/Lab3.gen/sources_1/bd/design_1/sim/design_1.vhd
VHDL Output written to : c:/Users/C27Soren.Herzog/ece383/Herzog_ece383_wksp/lab3/lab3/Lab3.gen/sources_1/bd/design_1/hdl/design_1_wrapper.vhd
INFO: [BD 41-1029] Generation completed for the IP Integrator block mig_7series_0 .
WARNING: [IP_Flow 19-5160] IP 'bd_afc3_one_0' detected simulation language mismatch. Simulation type 'rtl' does not support 'VHDL' outputs (see project's "simulator_language" property), delivering 'Verilog' outputs instead.
Exporting to file c:/Users/C27Soren.Herzog/ece383/Herzog_ece383_wksp/lab3/lab3/Lab3.gen/sources_1/bd/design_1/ip/design_1_axi_smc_0/bd_0/hw_handoff/design_1_axi_smc_0.hwh
Generated Hardware Definition File c:/Users/C27Soren.Herzog/ece383/Herzog_ece383_wksp/lab3/lab3/Lab3.gen/sources_1/bd/design_1/ip/design_1_axi_smc_0/bd_0/synth/design_1_axi_smc_0.hwdef
WARNING: [IP_Flow 19-5160] IP 'bd_a878_one_0' detected simulation language mismatch. Simulation type 'rtl' does not support 'VHDL' outputs (see project's "simulator_language" property), delivering 'Verilog' outputs instead.
Exporting to file c:/Users/C27Soren.Herzog/ece383/Herzog_ece383_wksp/lab3/lab3/Lab3.gen/sources_1/bd/design_1/ip/design_1_axi_smc_1_0/bd_0/hw_handoff/design_1_axi_smc_1_0.hwh
Generated Hardware Definition File c:/Users/C27Soren.Herzog/ece383/Herzog_ece383_wksp/lab3/lab3/Lab3.gen/sources_1/bd/design_1/ip/design_1_axi_smc_1_0/bd_0/synth/design_1_axi_smc_1_0.hwdef
INFO: [BD 41-1029] Generation completed for the IP Integrator block ZoGolf_DP_0 .
Exporting to file c:/Users/C27Soren.Herzog/ece383/Herzog_ece383_wksp/lab3/lab3/Lab3.gen/sources_1/bd/design_1/hw_handoff/design_1.hwh
Generated Hardware Definition File c:/Users/C27Soren.Herzog/ece383/Herzog_ece383_wksp/lab3/lab3/Lab3.gen/sources_1/bd/design_1/synth/design_1.hwdef
[Mon May  4 15:26:22 2026] Launched synth_1...
Run output will be captured here: C:/Users/C27Soren.Herzog/ece383/Herzog_ece383_wksp/lab3/lab3/Lab3.runs/synth_1/runme.log
[Mon May  4 15:26:22 2026] Launched impl_1...
Run output will be captured here: C:/Users/C27Soren.Herzog/ece383/Herzog_ece383_wksp/lab3/lab3/Lab3.runs/impl_1/runme.log
launch_runs: Time (s): cpu = 00:01:08 ; elapsed = 00:02:00 . Memory (MB): peak = 2455.277 ; gain = 319.086
current_project ZoGolf_DP_v1_0_project
current_project Lab3
ipx::edit_ip_in_project -upgrade true -name ZoGolf_DP_v1_0_project -directory C:/Users/C27Soren.Herzog/ece383/Herzog_ece383_wksp/lab3/lab3/Lab3.tmp/ZoGolf_DP_v1_0_project c:/Users/C27Soren.Herzog/ece383/Herzog_ece383_wksp/ip_repo/ZoGolf_DP_1_0/component.xml
ERROR: [Ipptcl 7-561] A project named 'ZoGolf_DP_v1_0_project' is already opened.
ERROR: [Common 17-39] 'ipx::edit_ip_in_project' failed due to earlier errors.
current_project ZoGolf_DP_v1_0_project
close_project
ipx::edit_ip_in_project -upgrade true -name ZoGolf_DP_v1_0_project -directory C:/Users/C27Soren.Herzog/ece383/Herzog_ece383_wksp/lab3/lab3/Lab3.tmp/ZoGolf_DP_v1_0_project c:/Users/C27Soren.Herzog/ece383/Herzog_ece383_wksp/ip_repo/ZoGolf_DP_1_0/component.xml
INFO: [ProjectBase 1-489] The host OS only allows 260 characters in a normal path. The project is stored in a path with more than 80 characters. If you experience issues with IP, Block Designs, or files not being found, please consider moving the project to a location with a shorter path. Alternately consider using the OS subst command to map part of the path to a drive letter.
Current project path is 'c:/users/c27soren.herzog/ece383/herzog_ece383_wksp/lab3/lab3/lab3.tmp/zogolf_dp_v1_0_project'
INFO: [IP_Flow 19-234] Refreshing IP repositories
INFO: [IP_Flow 19-1704] No user IP repositories specified
INFO: [IP_Flow 19-2313] Loaded Vivado IP repository 'C:/Xilinx/Vivado/2024.2/data/ip'.
WARNING: [Board 49-26] cannot add Board Part xilinx.com:vck190:part0:2.2 available at C:/Xilinx/Vivado/2024.2/data/xhub/boards/XilinxBoardStore/boards/Xilinx/vck190/production/2.2/board.xml as part xcvc1902-vsva2197-2mp-e-s specified in board_part file is either invalid or not available
WARNING: [Board 49-26] cannot add Board Part xilinx.com:vck190:part0:3.0 available at C:/Xilinx/Vivado/2024.2/data/xhub/boards/XilinxBoardStore/boards/Xilinx/vck190/production/3.0/board.xml as part xcvc1902-vsva2197-2mp-e-s specified in board_part file is either invalid or not available
WARNING: [Board 49-26] cannot add Board Part xilinx.com:vck190:part0:3.1 available at C:/Xilinx/Vivado/2024.2/data/xhub/boards/XilinxBoardStore/boards/Xilinx/vck190/production/3.1/board.xml as part xcvc1902-vsva2197-2mp-e-s specified in board_part file is either invalid or not available
WARNING: [Board 49-26] cannot add Board Part xilinx.com:vck190:part0:3.2 available at C:/Xilinx/Vivado/2024.2/data/xhub/boards/XilinxBoardStore/boards/Xilinx/vck190/production/3.2/board.xml as part xcvc1902-vsva2197-2mp-e-s specified in board_part file is either invalid or not available
WARNING: [Board 49-26] cannot add Board Part xilinx.com:vck190:part0:3.3 available at C:/Xilinx/Vivado/2024.2/data/xhub/boards/XilinxBoardStore/boards/Xilinx/vck190/production/3.3/board.xml as part xcvc1902-vsva2197-2mp-e-s specified in board_part file is either invalid or not available
WARNING: [Board 49-26] cannot add Board Part xilinx.com:vck190_newl:part0:1.0 available at C:/Xilinx/Vivado/2024.2/data/xhub/boards/XilinxBoardStore/boards/Xilinx/vck190_newl/production/1.0/board.xml as part xcvc1902-vsva2197-2mp-e-s specified in board_part file is either invalid or not available
WARNING: [Board 49-26] cannot add Board Part xilinx.com:vck190_newl:part0:1.1 available at C:/Xilinx/Vivado/2024.2/data/xhub/boards/XilinxBoardStore/boards/Xilinx/vck190_newl/production/1.1/board.xml as part xcvc1902-vsva2197-2mp-e-s specified in board_part file is either invalid or not available
WARNING: [Board 49-26] cannot add Board Part xilinx.com:vck190_newl:part0:1.2 available at C:/Xilinx/Vivado/2024.2/data/xhub/boards/XilinxBoardStore/boards/Xilinx/vck190_newl/production/1.2/board.xml as part xcvc1902-vsva2197-2mp-e-s specified in board_part file is either invalid or not available
WARNING: [Board 49-26] cannot add Board Part xilinx.com:vmk180:part0:2.2 available at C:/Xilinx/Vivado/2024.2/data/xhub/boards/XilinxBoardStore/boards/Xilinx/vmk180/production/2.2/board.xml as part xcvm1802-vsva2197-2mp-e-s specified in board_part file is either invalid or not available
WARNING: [Board 49-26] cannot add Board Part xilinx.com:vmk180:part0:3.0 available at C:/Xilinx/Vivado/2024.2/data/xhub/boards/XilinxBoardStore/boards/Xilinx/vmk180/production/3.0/board.xml as part xcvm1802-vsva2197-2mp-e-s specified in board_part file is either invalid or not available
WARNING: [Board 49-26] cannot add Board Part xilinx.com:vmk180:part0:3.1 available at C:/Xilinx/Vivado/2024.2/data/xhub/boards/XilinxBoardStore/boards/Xilinx/vmk180/production/3.1/board.xml as part xcvm1802-vsva2197-2mp-e-s specified in board_part file is either invalid or not available
WARNING: [Board 49-26] cannot add Board Part xilinx.com:vmk180:part0:3.2 available at C:/Xilinx/Vivado/2024.2/data/xhub/boards/XilinxBoardStore/boards/Xilinx/vmk180/production/3.2/board.xml as part xcvm1802-vsva2197-2mp-e-s specified in board_part file is either invalid or not available
WARNING: [Board 49-26] cannot add Board Part xilinx.com:vmk180_newl:part0:1.0 available at C:/Xilinx/Vivado/2024.2/data/xhub/boards/XilinxBoardStore/boards/Xilinx/vmk180_newl/production/1.0/board.xml as part xcvm1802-vsva2197-2mp-e-s specified in board_part file is either invalid or not available
WARNING: [Board 49-26] cannot add Board Part xilinx.com:vmk180_newl:part0:1.1 available at C:/Xilinx/Vivado/2024.2/data/xhub/boards/XilinxBoardStore/boards/Xilinx/vmk180_newl/production/1.1/board.xml as part xcvm1802-vsva2197-2mp-e-s specified in board_part file is either invalid or not available
WARNING: [Board 49-26] cannot add Board Part xilinx.com:vpk120:part0:1.0 available at C:/Xilinx/Vivado/2024.2/data/xhub/boards/XilinxBoardStore/boards/Xilinx/vpk120/production/1.0/board.xml as part xcvp1202-vsva2785-2mp-e-s specified in board_part file is either invalid or not available
WARNING: [Board 49-26] cannot add Board Part xilinx.com:vpk120:part0:1.1 available at C:/Xilinx/Vivado/2024.2/data/xhub/boards/XilinxBoardStore/boards/Xilinx/vpk120/production/1.1/board.xml as part xcvp1202-vsva2785-2mp-e-s specified in board_part file is either invalid or not available
WARNING: [Board 49-26] cannot add Board Part xilinx.com:vpk120:part0:1.2 available at C:/Xilinx/Vivado/2024.2/data/xhub/boards/XilinxBoardStore/boards/Xilinx/vpk120/production/1.2/board.xml as part xcvp1202-vsva2785-2mp-e-s specified in board_part file is either invalid or not available
create_project: Time (s): cpu = 00:00:05 ; elapsed = 00:00:07 . Memory (MB): peak = 2517.758 ; gain = 0.000
INFO: [IP_Flow 19-234] Refreshing IP repositories
INFO: [IP_Flow 19-1700] Loaded user IP repository 'c:/Users/C27Soren.Herzog/Downloads/ece383_code-main/ece383_code-main/ip_repo/My_Lab3_1_0'.
INFO: [IP_Flow 19-1700] Loaded user IP repository 'c:/Users/C27Soren.Herzog/ece383/Herzog_ece383_wksp/ip_repo/ZoGolf_DP_1_0'.
INFO: [IP_Flow 19-1700] Loaded user IP repository 'c:/Users/C27Soren.Herzog/Downloads/ece383_code-main/ece383_code-main/ip_repo/My_Counter_IP_1_0'.
INFO: [IP_Flow 19-795] Syncing license key meta-data
ipx::edit_ip_in_project: Time (s): cpu = 00:00:08 ; elapsed = 00:00:10 . Memory (MB): peak = 2517.758 ; gain = 0.000
update_compile_order -fileset sources_1
add_files -norecurse -copy_to c:/Users/C27Soren.Herzog/ece383/Herzog_ece383_wksp/ip_repo/ZoGolf_DP_1_0/src C:/Users/C27Soren.Herzog/ece383/Herzog_ece383_wksp/FinalProj/ZoGolf_FinalProj.srcs/sources_1/ip/clk_wiz_0/clk_wiz_0.xci
ERROR: [Vivado 12-3629] The destination directory 'c:/Users/C27Soren.Herzog/ece383/Herzog_ece383_wksp/ip_repo/ZoGolf_DP_1_0/src/clk_wiz_0' already exists, please use -force if you want to overwrite!
add_files -norecurse -copy_to c:/Users/C27Soren.Herzog/ece383/Herzog_ece383_wksp/ip_repo/ZoGolf_DP_1_0/src C:/Users/C27Soren.Herzog/ece383/Herzog_ece383_wksp/FinalProj/ZoGolf_FinalProj.srcs/sources_1/ip/clk_wiz_0/clk_wiz_0.xci -force
WARNING: [Vivado 12-3631] The destination file or directory 'c:/Users/C27Soren.Herzog/ece383/Herzog_ece383_wksp/ip_repo/ZoGolf_DP_1_0/src/clk_wiz_0' already exists, -force is used to overwrite it
WARNING: [Vivado 12-13650] The IP file 'c:/Users/C27Soren.Herzog/ece383/Herzog_ece383_wksp/ip_repo/ZoGolf_DP_1_0/src/clk_wiz_0/clk_wiz_0.xci' has been moved from its original location, as a result the outputs for this IP will now be generated in 'c:/Users/C27Soren.Herzog/ece383/Herzog_ece383_wksp/ZoGolf_FinalProj.gen/sources_1/ip/clk_wiz_0'. Alternatively a copy of the IP can be imported into the project using one of the 'import_ip' or 'import_files' commands.
c:/Users/C27Soren.Herzog/ece383/Herzog_ece383_wksp/ip_repo/ZoGolf_DP_1_0/src/clk_wiz_0/clk_wiz_0.xci
update_compile_order -fileset sources_1
ipx::merge_project_changes files [ipx::current_core]
WARNING: [IP_Flow 19-4963] clk_wiz_0 has board value specified. The packaged IP will be restricted to usage with board 'digilentinc.com:nexys_video:part0:1.2'
WARNING: [IP_Flow 19-5898] Updating the required XPM macros from '' to 'XPM_CDC'
ipx::merge_project_changes files [ipx::current_core]
WARNING: [IP_Flow 19-4963] clk_wiz_0 has board value specified. The packaged IP will be restricted to usage with board 'digilentinc.com:nexys_video:part0:1.2'
set_property core_revision 3 [ipx::current_core]
ipx::update_source_project_archive -component [ipx::current_core]
ipx::create_xgui_files [ipx::current_core]
ipx::update_checksums [ipx::current_core]
ipx::check_integrity [ipx::current_core]
WARNING: [IP_Flow 19-11889] HDL Parameter 'C_S00_AXI_DATA_WIDTH (C S00 AXI DATA WIDTH)': Order is obsolete with XGUI version >= 2.0
WARNING: [IP_Flow 19-11889] HDL Parameter 'C_S00_AXI_ADDR_WIDTH (C S00 AXI ADDR WIDTH)': Order is obsolete with XGUI version >= 2.0
CRITICAL WARNING: [IP_Flow 19-626] File Group 'xilinx_vhdlsynthesis (VHDL Synthesis)': verilogSource subcore file "mmcm_pll_drp_func_7s_mmcm.vh" is referenced from the pure language VHDL file group. Please consider changing the file group type to support mixed language sources.
CRITICAL WARNING: [IP_Flow 19-626] File Group 'xilinx_vhdlsynthesis (VHDL Synthesis)': verilogSource subcore file "mmcm_pll_drp_func_7s_pll.vh" is referenced from the pure language VHDL file group. Please consider changing the file group type to support mixed language sources.
CRITICAL WARNING: [IP_Flow 19-626] File Group 'xilinx_vhdlsynthesis (VHDL Synthesis)': verilogSource subcore file "mmcm_pll_drp_func_us_mmcm.vh" is referenced from the pure language VHDL file group. Please consider changing the file group type to support mixed language sources.
CRITICAL WARNING: [IP_Flow 19-626] File Group 'xilinx_vhdlsynthesis (VHDL Synthesis)': verilogSource subcore file "mmcm_pll_drp_func_us_pll.vh" is referenced from the pure language VHDL file group. Please consider changing the file group type to support mixed language sources.
CRITICAL WARNING: [IP_Flow 19-626] File Group 'xilinx_vhdlsynthesis (VHDL Synthesis)': verilogSource subcore file "mmcm_pll_drp_func_us_plus_pll.vh" is referenced from the pure language VHDL file group. Please consider changing the file group type to support mixed language sources.
CRITICAL WARNING: [IP_Flow 19-626] File Group 'xilinx_vhdlsynthesis (VHDL Synthesis)': verilogSource subcore file "mmcm_pll_drp_func_us_plus_mmcm.vh" is referenced from the pure language VHDL file group. Please consider changing the file group type to support mixed language sources.
CRITICAL WARNING: [IP_Flow 19-626] File Group 'xilinx_vhdlbehavioralsimulation (VHDL Simulation)': verilogSource subcore file "mmcm_pll_drp_func_7s_mmcm.vh" is referenced from the pure language VHDL file group. Please consider changing the file group type to support mixed language sources.
CRITICAL WARNING: [IP_Flow 19-626] File Group 'xilinx_vhdlbehavioralsimulation (VHDL Simulation)': verilogSource subcore file "mmcm_pll_drp_func_7s_pll.vh" is referenced from the pure language VHDL file group. Please consider changing the file group type to support mixed language sources.
CRITICAL WARNING: [IP_Flow 19-626] File Group 'xilinx_vhdlbehavioralsimulation (VHDL Simulation)': verilogSource subcore file "mmcm_pll_drp_func_us_mmcm.vh" is referenced from the pure language VHDL file group. Please consider changing the file group type to support mixed language sources.
CRITICAL WARNING: [IP_Flow 19-626] File Group 'xilinx_vhdlbehavioralsimulation (VHDL Simulation)': verilogSource subcore file "mmcm_pll_drp_func_us_pll.vh" is referenced from the pure language VHDL file group. Please consider changing the file group type to support mixed language sources.
CRITICAL WARNING: [IP_Flow 19-626] File Group 'xilinx_vhdlbehavioralsimulation (VHDL Simulation)': verilogSource subcore file "mmcm_pll_drp_func_us_plus_pll.vh" is referenced from the pure language VHDL file group. Please consider changing the file group type to support mixed language sources.
CRITICAL WARNING: [IP_Flow 19-626] File Group 'xilinx_vhdlbehavioralsimulation (VHDL Simulation)': verilogSource subcore file "mmcm_pll_drp_func_us_plus_mmcm.vh" is referenced from the pure language VHDL file group. Please consider changing the file group type to support mixed language sources.
WARNING: [IP_Flow 19-11770] Clock interface 'S00_AXI_CLK' has no FREQ_HZ parameter.
WARNING: [IP_Flow 19-5661] Bus Interface 'ps2_clk' does not have any bus interfaces associated with it.
WARNING: [IP_Flow 19-11770] Clock interface 'ps2_clk' has no FREQ_HZ parameter.
WARNING: [IP_Flow 19-801] The last file in file group "VHDL Synthesis" should be an HDL file: "src/clk_wiz_0/clk_wiz_0.xci".  During generation the IP Flow uses the last file to determine library and other information when generating the top wrapper file.  If possible, please make sure that non-HDL files are located earlier in the list of files for this file group.
WARNING: [IP_Flow 19-801] The last file in file group "VHDL Simulation" should be an HDL file: "src/clk_wiz_0/clk_wiz_0.xci".  During generation the IP Flow uses the last file to determine library and other information when generating the top wrapper file.  If possible, please make sure that non-HDL files are located earlier in the list of files for this file group.
INFO: [IP_Flow 19-2181] Payment is not required for this core.
WARNING: [IP_Flow 19-2187] The Product Guide file is missing.
INFO: [Ipptcl 7-1486] check_integrity: Integrity check passed.
ipx::save_core [ipx::current_core]
ipx::move_temp_component_back -component [ipx::current_core]
close_project -delete
update_ip_catalog -rebuild -repo_path c:/Users/C27Soren.Herzog/ece383/Herzog_ece383_wksp/ip_repo/ZoGolf_DP_1_0
INFO: [IP_Flow 19-725] Reloaded user IP repository 'c:/Users/C27Soren.Herzog/ece383/Herzog_ece383_wksp/ip_repo/ZoGolf_DP_1_0'
report_ip_status -name ip_status 
upgrade_ip [get_ips  {design_1_ZoGolf_DP_0_2 design_ZoGolf_1_ZoGolf_DP_0_0}] -log ip_upgrade.log
Upgrading 'C:/Users/C27Soren.Herzog/ece383/Herzog_ece383_wksp/lab3/lab3/Lab3.srcs/sources_1/bd/design_1/design_1.bd'
INFO: [IP_Flow 19-3422] Upgraded design_1_ZoGolf_DP_0_2 (ZoGolf_DP_v1.0 1.0) from revision 2 to revision 3
Wrote  : <C:\Users\C27Soren.Herzog\ece383\Herzog_ece383_wksp\lab3\lab3\Lab3.srcs\sources_1\bd\design_1\design_1.bd> 
Wrote  : <C:/Users/C27Soren.Herzog/ece383/Herzog_ece383_wksp/lab3/lab3/Lab3.srcs/sources_1/bd/design_1/ui/bd_1f5defd0.ui> 
Upgrading 'C:/Users/C27Soren.Herzog/ece383/Herzog_ece383_wksp/FinalProj_IP/design_ZoGolf_1/design_ZoGolf_1.bd'
INFO: [IP_Flow 19-3422] Upgraded design_ZoGolf_1_ZoGolf_DP_0_0 (ZoGolf_DP_v1.0 1.0) from revision 2 to revision 3
Wrote  : <C:\Users\C27Soren.Herzog\ece383\Herzog_ece383_wksp\FinalProj_IP\design_ZoGolf_1\design_ZoGolf_1.bd> 
Wrote  : <C:/Users/C27Soren.Herzog/ece383/Herzog_ece383_wksp/FinalProj_IP/design_ZoGolf_1/ui/bd_d18dc7aa.ui> 
INFO: [Coretcl 2-1525] Wrote upgrade log to 'C:/Users/C27Soren.Herzog/ece383/Herzog_ece383_wksp/lab3/lab3/ip_upgrade.log'.
export_ip_user_files -of_objects [get_ips {design_1_ZoGolf_DP_0_2 design_ZoGolf_1_ZoGolf_DP_0_0}] -no_script -sync -force -quiet
report_ip_status -name ip_status 
reset_run synth_1
launch_runs impl_1 -to_step write_bitstream -jobs 8
CRITICAL WARNING: [BD 41-1356] Slave segment </ZoGolf_DP_0/S00_AXI/S00_AXI_reg> is not assigned into address space </microblaze_0/Data>. Please use Address Editor to either assign or exclude it.
INFO: [BD 5-943] Reserving offset range <0x4060_0000 [ 64K ]> from slave interface '/axi_smc/S00_AXI' to master interface '/axi_smc/M00_AXI'. This will be used by smartconnect on path for routing.
INFO: [xilinx.com:ip:smartconnect:1.0-1] design_1_axi_smc_0: SmartConnect design_1_axi_smc_0 is in Low-Area Mode.
INFO: [BD 5-943] Reserving offset range <0x8000_0000 [ 512M ]> from slave interface '/axi_smc_1/S00_AXI' to master interface '/axi_smc_1/M00_AXI'. This will be used by smartconnect on path for routing.
INFO: [BD 5-943] Reserving offset range <0x8000_0000 [ 512M ]> from slave interface '/axi_smc_1/S01_AXI' to master interface '/axi_smc_1/M00_AXI'. This will be used by smartconnect on path for routing.
INFO: [xilinx.com:ip:smartconnect:1.0-1] design_1_axi_smc_1_0: SmartConnect design_1_axi_smc_1_0 is in High-performance Mode.
WARNING: [filemgmt 56-443] The ECC Algorithm string is empty. Setting the Memory Map to default ECC value to ECC_NONE.
WARNING: [filemgmt 56-443] The ECC Algorithm string is empty. Setting the Memory Map to default ECC value to ECC_NONE.
INFO: [xilinx.com:ip:clk_wiz:6.0-1] /clk_wiz_1 clk_wiz propagate
INFO: [xilinx.com:ip:microblaze:11.0-16] /microblaze_0: Setting D-cache cacheable area base address C_DCACHE_BASEADDR to 0x80000000 and high address C_DCACHE_HIGHADDR to 0x9FFFFFFF.
INFO: [xilinx.com:ip:microblaze:11.0-16] /microblaze_0: Setting I-cache cacheable area base address C_ICACHE_BASEADDR to 0x80000000 and high address C_ICACHE_HIGHADDR to 0x9FFFFFFF.
INFO: [xilinx.com:ip:microblaze:11.0-9] /microblaze_0: Setting C_BASE_VECTORS to 0x00000000.
Wrote  : <C:\Users\C27Soren.Herzog\ece383\Herzog_ece383_wksp\lab3\lab3\Lab3.srcs\sources_1\bd\design_1\design_1.bd> 
VHDL Output written to : c:/Users/C27Soren.Herzog/ece383/Herzog_ece383_wksp/lab3/lab3/Lab3.gen/sources_1/bd/design_1/synth/design_1.vhd
VHDL Output written to : c:/Users/C27Soren.Herzog/ece383/Herzog_ece383_wksp/lab3/lab3/Lab3.gen/sources_1/bd/design_1/sim/design_1.vhd
VHDL Output written to : c:/Users/C27Soren.Herzog/ece383/Herzog_ece383_wksp/lab3/lab3/Lab3.gen/sources_1/bd/design_1/hdl/design_1_wrapper.vhd
WARNING: [IP_Flow 19-5160] IP 'bd_afc3_one_0' detected simulation language mismatch. Simulation type 'rtl' does not support 'VHDL' outputs (see project's "simulator_language" property), delivering 'Verilog' outputs instead.
Exporting to file c:/Users/C27Soren.Herzog/ece383/Herzog_ece383_wksp/lab3/lab3/Lab3.gen/sources_1/bd/design_1/ip/design_1_axi_smc_0/bd_0/hw_handoff/design_1_axi_smc_0.hwh
Generated Hardware Definition File c:/Users/C27Soren.Herzog/ece383/Herzog_ece383_wksp/lab3/lab3/Lab3.gen/sources_1/bd/design_1/ip/design_1_axi_smc_0/bd_0/synth/design_1_axi_smc_0.hwdef
WARNING: [IP_Flow 19-5160] IP 'bd_a878_one_0' detected simulation language mismatch. Simulation type 'rtl' does not support 'VHDL' outputs (see project's "simulator_language" property), delivering 'Verilog' outputs instead.
Exporting to file c:/Users/C27Soren.Herzog/ece383/Herzog_ece383_wksp/lab3/lab3/Lab3.gen/sources_1/bd/design_1/ip/design_1_axi_smc_1_0/bd_0/hw_handoff/design_1_axi_smc_1_0.hwh
Generated Hardware Definition File c:/Users/C27Soren.Herzog/ece383/Herzog_ece383_wksp/lab3/lab3/Lab3.gen/sources_1/bd/design_1/ip/design_1_axi_smc_1_0/bd_0/synth/design_1_axi_smc_1_0.hwdef
INFO: [BD 41-1029] Generation completed for the IP Integrator block ZoGolf_DP_0 .
Exporting to file c:/Users/C27Soren.Herzog/ece383/Herzog_ece383_wksp/lab3/lab3/Lab3.gen/sources_1/bd/design_1/hw_handoff/design_1.hwh
Generated Hardware Definition File c:/Users/C27Soren.Herzog/ece383/Herzog_ece383_wksp/lab3/lab3/Lab3.gen/sources_1/bd/design_1/synth/design_1.hwdef
[Mon May  4 18:28:14 2026] Launched synth_1...
Run output will be captured here: C:/Users/C27Soren.Herzog/ece383/Herzog_ece383_wksp/lab3/lab3/Lab3.runs/synth_1/runme.log
[Mon May  4 18:28:14 2026] Launched impl_1...
Run output will be captured here: C:/Users/C27Soren.Herzog/ece383/Herzog_ece383_wksp/lab3/lab3/Lab3.runs/impl_1/runme.log
launch_runs: Time (s): cpu = 00:00:24 ; elapsed = 00:00:59 . Memory (MB): peak = 2566.312 ; gain = 45.438
current_bd_design [get_bd_designs design_1]
ipx::edit_ip_in_project -upgrade true -name ZoGolf_DP_v1_0_project -directory C:/Users/C27Soren.Herzog/ece383/Herzog_ece383_wksp/lab3/lab3/Lab3.tmp/ZoGolf_DP_v1_0_project c:/Users/C27Soren.Herzog/ece383/Herzog_ece383_wksp/ip_repo/ZoGolf_DP_1_0/component.xml
INFO: [ProjectBase 1-489] The host OS only allows 260 characters in a normal path. The project is stored in a path with more than 80 characters. If you experience issues with IP, Block Designs, or files not being found, please consider moving the project to a location with a shorter path. Alternately consider using the OS subst command to map part of the path to a drive letter.
Current project path is 'c:/users/c27soren.herzog/ece383/herzog_ece383_wksp/lab3/lab3/lab3.tmp/zogolf_dp_v1_0_project'
INFO: [IP_Flow 19-234] Refreshing IP repositories
INFO: [IP_Flow 19-1704] No user IP repositories specified
INFO: [IP_Flow 19-2313] Loaded Vivado IP repository 'C:/Xilinx/Vivado/2024.2/data/ip'.
WARNING: [Board 49-26] cannot add Board Part xilinx.com:vck190:part0:2.2 available at C:/Xilinx/Vivado/2024.2/data/xhub/boards/XilinxBoardStore/boards/Xilinx/vck190/production/2.2/board.xml as part xcvc1902-vsva2197-2mp-e-s specified in board_part file is either invalid or not available
WARNING: [Board 49-26] cannot add Board Part xilinx.com:vck190:part0:3.0 available at C:/Xilinx/Vivado/2024.2/data/xhub/boards/XilinxBoardStore/boards/Xilinx/vck190/production/3.0/board.xml as part xcvc1902-vsva2197-2mp-e-s specified in board_part file is either invalid or not available
WARNING: [Board 49-26] cannot add Board Part xilinx.com:vck190:part0:3.1 available at C:/Xilinx/Vivado/2024.2/data/xhub/boards/XilinxBoardStore/boards/Xilinx/vck190/production/3.1/board.xml as part xcvc1902-vsva2197-2mp-e-s specified in board_part file is either invalid or not available
WARNING: [Board 49-26] cannot add Board Part xilinx.com:vck190:part0:3.2 available at C:/Xilinx/Vivado/2024.2/data/xhub/boards/XilinxBoardStore/boards/Xilinx/vck190/production/3.2/board.xml as part xcvc1902-vsva2197-2mp-e-s specified in board_part file is either invalid or not available
WARNING: [Board 49-26] cannot add Board Part xilinx.com:vck190:part0:3.3 available at C:/Xilinx/Vivado/2024.2/data/xhub/boards/XilinxBoardStore/boards/Xilinx/vck190/production/3.3/board.xml as part xcvc1902-vsva2197-2mp-e-s specified in board_part file is either invalid or not available
WARNING: [Board 49-26] cannot add Board Part xilinx.com:vck190_newl:part0:1.0 available at C:/Xilinx/Vivado/2024.2/data/xhub/boards/XilinxBoardStore/boards/Xilinx/vck190_newl/production/1.0/board.xml as part xcvc1902-vsva2197-2mp-e-s specified in board_part file is either invalid or not available
WARNING: [Board 49-26] cannot add Board Part xilinx.com:vck190_newl:part0:1.1 available at C:/Xilinx/Vivado/2024.2/data/xhub/boards/XilinxBoardStore/boards/Xilinx/vck190_newl/production/1.1/board.xml as part xcvc1902-vsva2197-2mp-e-s specified in board_part file is either invalid or not available
WARNING: [Board 49-26] cannot add Board Part xilinx.com:vck190_newl:part0:1.2 available at C:/Xilinx/Vivado/2024.2/data/xhub/boards/XilinxBoardStore/boards/Xilinx/vck190_newl/production/1.2/board.xml as part xcvc1902-vsva2197-2mp-e-s specified in board_part file is either invalid or not available
WARNING: [Board 49-26] cannot add Board Part xilinx.com:vmk180:part0:2.2 available at C:/Xilinx/Vivado/2024.2/data/xhub/boards/XilinxBoardStore/boards/Xilinx/vmk180/production/2.2/board.xml as part xcvm1802-vsva2197-2mp-e-s specified in board_part file is either invalid or not available
WARNING: [Board 49-26] cannot add Board Part xilinx.com:vmk180:part0:3.0 available at C:/Xilinx/Vivado/2024.2/data/xhub/boards/XilinxBoardStore/boards/Xilinx/vmk180/production/3.0/board.xml as part xcvm1802-vsva2197-2mp-e-s specified in board_part file is either invalid or not available
WARNING: [Board 49-26] cannot add Board Part xilinx.com:vmk180:part0:3.1 available at C:/Xilinx/Vivado/2024.2/data/xhub/boards/XilinxBoardStore/boards/Xilinx/vmk180/production/3.1/board.xml as part xcvm1802-vsva2197-2mp-e-s specified in board_part file is either invalid or not available
WARNING: [Board 49-26] cannot add Board Part xilinx.com:vmk180:part0:3.2 available at C:/Xilinx/Vivado/2024.2/data/xhub/boards/XilinxBoardStore/boards/Xilinx/vmk180/production/3.2/board.xml as part xcvm1802-vsva2197-2mp-e-s specified in board_part file is either invalid or not available
WARNING: [Board 49-26] cannot add Board Part xilinx.com:vmk180_newl:part0:1.0 available at C:/Xilinx/Vivado/2024.2/data/xhub/boards/XilinxBoardStore/boards/Xilinx/vmk180_newl/production/1.0/board.xml as part xcvm1802-vsva2197-2mp-e-s specified in board_part file is either invalid or not available
WARNING: [Board 49-26] cannot add Board Part xilinx.com:vmk180_newl:part0:1.1 available at C:/Xilinx/Vivado/2024.2/data/xhub/boards/XilinxBoardStore/boards/Xilinx/vmk180_newl/production/1.1/board.xml as part xcvm1802-vsva2197-2mp-e-s specified in board_part file is either invalid or not available
WARNING: [Board 49-26] cannot add Board Part xilinx.com:vpk120:part0:1.0 available at C:/Xilinx/Vivado/2024.2/data/xhub/boards/XilinxBoardStore/boards/Xilinx/vpk120/production/1.0/board.xml as part xcvp1202-vsva2785-2mp-e-s specified in board_part file is either invalid or not available
WARNING: [Board 49-26] cannot add Board Part xilinx.com:vpk120:part0:1.1 available at C:/Xilinx/Vivado/2024.2/data/xhub/boards/XilinxBoardStore/boards/Xilinx/vpk120/production/1.1/board.xml as part xcvp1202-vsva2785-2mp-e-s specified in board_part file is either invalid or not available
WARNING: [Board 49-26] cannot add Board Part xilinx.com:vpk120:part0:1.2 available at C:/Xilinx/Vivado/2024.2/data/xhub/boards/XilinxBoardStore/boards/Xilinx/vpk120/production/1.2/board.xml as part xcvp1202-vsva2785-2mp-e-s specified in board_part file is either invalid or not available
create_project: Time (s): cpu = 00:00:04 ; elapsed = 00:00:06 . Memory (MB): peak = 2566.312 ; gain = 0.000
INFO: [IP_Flow 19-234] Refreshing IP repositories
INFO: [IP_Flow 19-1700] Loaded user IP repository 'c:/Users/C27Soren.Herzog/Downloads/ece383_code-main/ece383_code-main/ip_repo/My_Lab3_1_0'.
INFO: [IP_Flow 19-1700] Loaded user IP repository 'c:/Users/C27Soren.Herzog/ece383/Herzog_ece383_wksp/ip_repo/ZoGolf_DP_1_0'.
INFO: [IP_Flow 19-1700] Loaded user IP repository 'c:/Users/C27Soren.Herzog/Downloads/ece383_code-main/ece383_code-main/ip_repo/My_Counter_IP_1_0'.
INFO: [IP_Flow 19-795] Syncing license key meta-data
ipx::edit_ip_in_project: Time (s): cpu = 00:00:06 ; elapsed = 00:00:08 . Memory (MB): peak = 2566.312 ; gain = 0.000
update_compile_order -fileset sources_1
set_property file_type {VHDL 2008} [get_files  c:/Users/C27Soren.Herzog/ece383/Herzog_ece383_wksp/ip_repo/ZoGolf_DP_1_0/hdl/ZoGolf_DP.vhd]
set_property file_type {VHDL 2008} [get_files  c:/Users/C27Soren.Herzog/ece383/Herzog_ece383_wksp/ip_repo/ZoGolf_DP_1_0/hdl/ZoGolf_DP_slave_lite_v1_0_S00_AXI.vhd]
update_compile_order -fileset sources_1
set_property file_type {VHDL 2008} [get_files  c:/Users/C27Soren.Herzog/ece383/Herzog_ece383_wksp/ip_repo/ZoGolf_DP_1_0/src/ZoGolf_DataPath.vhd]
update_compile_order -fileset sources_1
set_property file_type {VHDL 2008} [get_files  c:/Users/C27Soren.Herzog/ece383/Herzog_ece383_wksp/ip_repo/ZoGolf_DP_1_0/src/video.vhdl]
update_compile_order -fileset sources_1
set_property file_type {VHDL 2008} [get_files  c:/Users/C27Soren.Herzog/ece383/Herzog_ece383_wksp/ip_repo/ZoGolf_DP_1_0/src/vga_signal_generator.vhd]
update_compile_order -fileset sources_1
set_property file_type {VHDL 2008} [get_files  c:/Users/C27Soren.Herzog/ece383/Herzog_ece383_wksp/ip_repo/ZoGolf_DP_1_0/src/counter.vhd]
update_compile_order -fileset sources_1
set_property file_type {VHDL 2008} [get_files  c:/Users/C27Soren.Herzog/ece383/Herzog_ece383_wksp/ip_repo/ZoGolf_DP_1_0/src/color_mapper.vhd]
set_property file_type {VHDL 2008} [get_files  c:/Users/C27Soren.Herzog/ece383/Herzog_ece383_wksp/ip_repo/ZoGolf_DP_1_0/src/dvid.vhdl]
update_compile_order -fileset sources_1
update_compile_order -fileset sources_1
set_property file_type {VHDL 2008} [get_files  c:/Users/C27Soren.Herzog/ece383/Herzog_ece383_wksp/ip_repo/ZoGolf_DP_1_0/src/BRAM_Level_Selector.vhd]
set_property file_type {VHDL 2008} [get_files  c:/Users/C27Soren.Herzog/ece383/Herzog_ece383_wksp/ip_repo/ZoGolf_DP_1_0/src/level0_BRAM_Pair.vhd]
update_compile_order -fileset sources_1
set_property file_type {VHDL 2008} [get_files  c:/Users/C27Soren.Herzog/ece383/Herzog_ece383_wksp/ip_repo/ZoGolf_DP_1_0/src/level1_BRAM_Pair.vhd]
update_compile_order -fileset sources_1
update_compile_order -fileset sources_1
set_property file_type {VHDL 2008} [get_files  c:/Users/C27Soren.Herzog/ece383/Herzog_ece383_wksp/ip_repo/ZoGolf_DP_1_0/src/NES_Controller.vhd]
update_compile_order -fileset sources_1
set_property file_type {VHDL 2008} [get_files  c:/Users/C27Soren.Herzog/ece383/Herzog_ece383_wksp/ip_repo/ZoGolf_DP_1_0/src/PS2_mouse_decoder.vhd]
update_compile_order -fileset sources_1
ipx::merge_project_changes files [ipx::current_core]
WARNING: [IP_Flow 19-4963] clk_wiz_0 has board value specified. The packaged IP will be restricted to usage with board 'digilentinc.com:nexys_video:part0:1.2'
current_project Lab3
assign_bd_address -target_address_space /microblaze_0/Data [get_bd_addr_segs ZoGolf_DP_0/S00_AXI/S00_AXI_reg] -force
Slave segment '/ZoGolf_DP_0/S00_AXI/S00_AXI_reg' is being assigned into address space '/microblaze_0/Data' at <0x44A0_0000 [ 64K ]>.
set_property core_revision 4 [ipx::current_core]
ipx::update_source_project_archive -component [ipx::current_core]
ipx::create_xgui_files [ipx::current_core]
ipx::update_checksums [ipx::current_core]
ipx::check_integrity [ipx::current_core]
WARNING: [IP_Flow 19-11889] HDL Parameter 'C_S00_AXI_DATA_WIDTH (C S00 AXI DATA WIDTH)': Order is obsolete with XGUI version >= 2.0
WARNING: [IP_Flow 19-11889] HDL Parameter 'C_S00_AXI_ADDR_WIDTH (C S00 AXI ADDR WIDTH)': Order is obsolete with XGUI version >= 2.0
CRITICAL WARNING: [IP_Flow 19-626] File Group 'xilinx_vhdlsynthesis (VHDL Synthesis)': verilogSource subcore file "mmcm_pll_drp_func_7s_mmcm.vh" is referenced from the pure language VHDL file group. Please consider changing the file group type to support mixed language sources.
CRITICAL WARNING: [IP_Flow 19-626] File Group 'xilinx_vhdlsynthesis (VHDL Synthesis)': verilogSource subcore file "mmcm_pll_drp_func_7s_pll.vh" is referenced from the pure language VHDL file group. Please consider changing the file group type to support mixed language sources.
CRITICAL WARNING: [IP_Flow 19-626] File Group 'xilinx_vhdlsynthesis (VHDL Synthesis)': verilogSource subcore file "mmcm_pll_drp_func_us_mmcm.vh" is referenced from the pure language VHDL file group. Please consider changing the file group type to support mixed language sources.
CRITICAL WARNING: [IP_Flow 19-626] File Group 'xilinx_vhdlsynthesis (VHDL Synthesis)': verilogSource subcore file "mmcm_pll_drp_func_us_pll.vh" is referenced from the pure language VHDL file group. Please consider changing the file group type to support mixed language sources.
CRITICAL WARNING: [IP_Flow 19-626] File Group 'xilinx_vhdlsynthesis (VHDL Synthesis)': verilogSource subcore file "mmcm_pll_drp_func_us_plus_pll.vh" is referenced from the pure language VHDL file group. Please consider changing the file group type to support mixed language sources.
CRITICAL WARNING: [IP_Flow 19-626] File Group 'xilinx_vhdlsynthesis (VHDL Synthesis)': verilogSource subcore file "mmcm_pll_drp_func_us_plus_mmcm.vh" is referenced from the pure language VHDL file group. Please consider changing the file group type to support mixed language sources.
CRITICAL WARNING: [IP_Flow 19-626] File Group 'xilinx_vhdlbehavioralsimulation (VHDL Simulation)': verilogSource subcore file "mmcm_pll_drp_func_7s_mmcm.vh" is referenced from the pure language VHDL file group. Please consider changing the file group type to support mixed language sources.
CRITICAL WARNING: [IP_Flow 19-626] File Group 'xilinx_vhdlbehavioralsimulation (VHDL Simulation)': verilogSource subcore file "mmcm_pll_drp_func_7s_pll.vh" is referenced from the pure language VHDL file group. Please consider changing the file group type to support mixed language sources.
CRITICAL WARNING: [IP_Flow 19-626] File Group 'xilinx_vhdlbehavioralsimulation (VHDL Simulation)': verilogSource subcore file "mmcm_pll_drp_func_us_mmcm.vh" is referenced from the pure language VHDL file group. Please consider changing the file group type to support mixed language sources.
CRITICAL WARNING: [IP_Flow 19-626] File Group 'xilinx_vhdlbehavioralsimulation (VHDL Simulation)': verilogSource subcore file "mmcm_pll_drp_func_us_pll.vh" is referenced from the pure language VHDL file group. Please consider changing the file group type to support mixed language sources.
CRITICAL WARNING: [IP_Flow 19-626] File Group 'xilinx_vhdlbehavioralsimulation (VHDL Simulation)': verilogSource subcore file "mmcm_pll_drp_func_us_plus_pll.vh" is referenced from the pure language VHDL file group. Please consider changing the file group type to support mixed language sources.
CRITICAL WARNING: [IP_Flow 19-626] File Group 'xilinx_vhdlbehavioralsimulation (VHDL Simulation)': verilogSource subcore file "mmcm_pll_drp_func_us_plus_mmcm.vh" is referenced from the pure language VHDL file group. Please consider changing the file group type to support mixed language sources.
WARNING: [IP_Flow 19-11770] Clock interface 'S00_AXI_CLK' has no FREQ_HZ parameter.
WARNING: [IP_Flow 19-5661] Bus Interface 'ps2_clk' does not have any bus interfaces associated with it.
WARNING: [IP_Flow 19-11770] Clock interface 'ps2_clk' has no FREQ_HZ parameter.
WARNING: [IP_Flow 19-801] The last file in file group "VHDL Synthesis" should be an HDL file: "src/clk_wiz_0/clk_wiz_0.xci".  During generation the IP Flow uses the last file to determine library and other information when generating the top wrapper file.  If possible, please make sure that non-HDL files are located earlier in the list of files for this file group.
WARNING: [IP_Flow 19-801] The last file in file group "VHDL Simulation" should be an HDL file: "src/clk_wiz_0/clk_wiz_0.xci".  During generation the IP Flow uses the last file to determine library and other information when generating the top wrapper file.  If possible, please make sure that non-HDL files are located earlier in the list of files for this file group.
INFO: [IP_Flow 19-2181] Payment is not required for this core.
WARNING: [IP_Flow 19-2187] The Product Guide file is missing.
INFO: [Ipptcl 7-1486] check_integrity: Integrity check passed.
ipx::save_core [ipx::current_core]
current_project ZoGolf_DP_v1_0_project
ipx::move_temp_component_back -component [ipx::current_core]
close_project -delete
update_ip_catalog -rebuild -repo_path c:/Users/C27Soren.Herzog/ece383/Herzog_ece383_wksp/ip_repo/ZoGolf_DP_1_0
INFO: [IP_Flow 19-725] Reloaded user IP repository 'c:/Users/C27Soren.Herzog/ece383/Herzog_ece383_wksp/ip_repo/ZoGolf_DP_1_0'
report_ip_status -name ip_status 
upgrade_ip [get_ips  {design_1_ZoGolf_DP_0_2 design_ZoGolf_1_ZoGolf_DP_0_0}] -log ip_upgrade.log
Upgrading 'C:/Users/C27Soren.Herzog/ece383/Herzog_ece383_wksp/lab3/lab3/Lab3.srcs/sources_1/bd/design_1/design_1.bd'
INFO: [IP_Flow 19-3422] Upgraded design_1_ZoGolf_DP_0_2 (ZoGolf_DP_v1.0 1.0) from revision 3 to revision 4
Wrote  : <C:\Users\C27Soren.Herzog\ece383\Herzog_ece383_wksp\lab3\lab3\Lab3.srcs\sources_1\bd\design_1\design_1.bd> 
Wrote  : <C:/Users/C27Soren.Herzog/ece383/Herzog_ece383_wksp/lab3/lab3/Lab3.srcs/sources_1/bd/design_1/ui/bd_1f5defd0.ui> 
Upgrading 'C:/Users/C27Soren.Herzog/ece383/Herzog_ece383_wksp/FinalProj_IP/design_ZoGolf_1/design_ZoGolf_1.bd'
INFO: [IP_Flow 19-3422] Upgraded design_ZoGolf_1_ZoGolf_DP_0_0 (ZoGolf_DP_v1.0 1.0) from revision 3 to revision 4
Wrote  : <C:\Users\C27Soren.Herzog\ece383\Herzog_ece383_wksp\FinalProj_IP\design_ZoGolf_1\design_ZoGolf_1.bd> 
Wrote  : <C:/Users/C27Soren.Herzog/ece383/Herzog_ece383_wksp/FinalProj_IP/design_ZoGolf_1/ui/bd_d18dc7aa.ui> 
INFO: [Coretcl 2-1525] Wrote upgrade log to 'C:/Users/C27Soren.Herzog/ece383/Herzog_ece383_wksp/lab3/lab3/ip_upgrade.log'.
current_bd_design [get_bd_designs design_ZoGolf_1]
export_ip_user_files -of_objects [get_ips {design_1_ZoGolf_DP_0_2 design_ZoGolf_1_ZoGolf_DP_0_0}] -no_script -sync -force -quiet
report_ip_status -name ip_status 
reset_run synth_1
launch_runs impl_1 -to_step write_bitstream -jobs 8
INFO: [BD 5-943] Reserving offset range <0x4060_0000 [ 64K ]> from slave interface '/axi_smc/S00_AXI' to master interface '/axi_smc/M00_AXI'. This will be used by smartconnect on path for routing.
INFO: [BD 5-943] Reserving offset range <0x44A0_0000 [ 64K ]> from slave interface '/axi_smc/S00_AXI' to master interface '/axi_smc/M01_AXI'. This will be used by smartconnect on path for routing.
INFO: [xilinx.com:ip:smartconnect:1.0-1] design_1_axi_smc_0: SmartConnect design_1_axi_smc_0 is in Low-Area Mode.
INFO: [BD 5-943] Reserving offset range <0x8000_0000 [ 512M ]> from slave interface '/axi_smc_1/S00_AXI' to master interface '/axi_smc_1/M00_AXI'. This will be used by smartconnect on path for routing.
INFO: [BD 5-943] Reserving offset range <0x8000_0000 [ 512M ]> from slave interface '/axi_smc_1/S01_AXI' to master interface '/axi_smc_1/M00_AXI'. This will be used by smartconnect on path for routing.
INFO: [xilinx.com:ip:smartconnect:1.0-1] design_1_axi_smc_1_0: SmartConnect design_1_axi_smc_1_0 is in High-performance Mode.
WARNING: [filemgmt 56-443] The ECC Algorithm string is empty. Setting the Memory Map to default ECC value to ECC_NONE.
WARNING: [filemgmt 56-443] The ECC Algorithm string is empty. Setting the Memory Map to default ECC value to ECC_NONE.
INFO: [xilinx.com:ip:clk_wiz:6.0-1] /clk_wiz_1 clk_wiz propagate
INFO: [xilinx.com:ip:microblaze:11.0-16] /microblaze_0: Setting D-cache cacheable area base address C_DCACHE_BASEADDR to 0x80000000 and high address C_DCACHE_HIGHADDR to 0x9FFFFFFF.
INFO: [xilinx.com:ip:microblaze:11.0-16] /microblaze_0: Setting I-cache cacheable area base address C_ICACHE_BASEADDR to 0x80000000 and high address C_ICACHE_HIGHADDR to 0x9FFFFFFF.
INFO: [xilinx.com:ip:microblaze:11.0-9] /microblaze_0: Setting C_BASE_VECTORS to 0x00000000.
Wrote  : <C:\Users\C27Soren.Herzog\ece383\Herzog_ece383_wksp\lab3\lab3\Lab3.srcs\sources_1\bd\design_1\design_1.bd> 
VHDL Output written to : c:/Users/C27Soren.Herzog/ece383/Herzog_ece383_wksp/lab3/lab3/Lab3.gen/sources_1/bd/design_1/synth/design_1.vhd
VHDL Output written to : c:/Users/C27Soren.Herzog/ece383/Herzog_ece383_wksp/lab3/lab3/Lab3.gen/sources_1/bd/design_1/sim/design_1.vhd
VHDL Output written to : c:/Users/C27Soren.Herzog/ece383/Herzog_ece383_wksp/lab3/lab3/Lab3.gen/sources_1/bd/design_1/hdl/design_1_wrapper.vhd
WARNING: [IP_Flow 19-5160] IP 'bd_afc3_one_0' detected simulation language mismatch. Simulation type 'rtl' does not support 'VHDL' outputs (see project's "simulator_language" property), delivering 'Verilog' outputs instead.
Exporting to file c:/Users/C27Soren.Herzog/ece383/Herzog_ece383_wksp/lab3/lab3/Lab3.gen/sources_1/bd/design_1/ip/design_1_axi_smc_0/bd_0/hw_handoff/design_1_axi_smc_0.hwh
Generated Hardware Definition File c:/Users/C27Soren.Herzog/ece383/Herzog_ece383_wksp/lab3/lab3/Lab3.gen/sources_1/bd/design_1/ip/design_1_axi_smc_0/bd_0/synth/design_1_axi_smc_0.hwdef
WARNING: [IP_Flow 19-5160] IP 'bd_a878_one_0' detected simulation language mismatch. Simulation type 'rtl' does not support 'VHDL' outputs (see project's "simulator_language" property), delivering 'Verilog' outputs instead.
Exporting to file c:/Users/C27Soren.Herzog/ece383/Herzog_ece383_wksp/lab3/lab3/Lab3.gen/sources_1/bd/design_1/ip/design_1_axi_smc_1_0/bd_0/hw_handoff/design_1_axi_smc_1_0.hwh
Generated Hardware Definition File c:/Users/C27Soren.Herzog/ece383/Herzog_ece383_wksp/lab3/lab3/Lab3.gen/sources_1/bd/design_1/ip/design_1_axi_smc_1_0/bd_0/synth/design_1_axi_smc_1_0.hwdef
INFO: [BD 41-1029] Generation completed for the IP Integrator block ZoGolf_DP_0 .
Exporting to file c:/Users/C27Soren.Herzog/ece383/Herzog_ece383_wksp/lab3/lab3/Lab3.gen/sources_1/bd/design_1/hw_handoff/design_1.hwh
Generated Hardware Definition File c:/Users/C27Soren.Herzog/ece383/Herzog_ece383_wksp/lab3/lab3/Lab3.gen/sources_1/bd/design_1/synth/design_1.hwdef
[Mon May  4 18:38:27 2026] Launched synth_1...
Run output will be captured here: C:/Users/C27Soren.Herzog/ece383/Herzog_ece383_wksp/lab3/lab3/Lab3.runs/synth_1/runme.log
[Mon May  4 18:38:27 2026] Launched impl_1...
Run output will be captured here: C:/Users/C27Soren.Herzog/ece383/Herzog_ece383_wksp/lab3/lab3/Lab3.runs/impl_1/runme.log
launch_runs: Time (s): cpu = 00:00:23 ; elapsed = 00:00:52 . Memory (MB): peak = 2613.500 ; gain = 45.555
report_ip_status -name ip_status 
reset_run synth_1
INFO: [Project 1-1161] Replacing file C:/Users/C27Soren.Herzog/ece383/Herzog_ece383_wksp/lab3/lab3/Lab3.srcs/utils_1/imports/synth_1/design_1_wrapper.dcp with file C:/Users/C27Soren.Herzog/ece383/Herzog_ece383_wksp/lab3/lab3/Lab3.runs/synth_1/design_1_wrapper.dcp
launch_runs impl_1 -to_step write_bitstream -jobs 8
[Mon May  4 18:59:34 2026] Launched synth_1...
Run output will be captured here: C:/Users/C27Soren.Herzog/ece383/Herzog_ece383_wksp/lab3/lab3/Lab3.runs/synth_1/runme.log
[Mon May  4 18:59:34 2026] Launched impl_1...
Run output will be captured here: C:/Users/C27Soren.Herzog/ece383/Herzog_ece383_wksp/lab3/lab3/Lab3.runs/impl_1/runme.log
startgroup
set_property CONFIG.C_JTAG_CHAIN {3} [get_bd_cells mdm_1]
endgroup
save_bd_design
Wrote  : <C:\Users\C27Soren.Herzog\ece383\Herzog_ece383_wksp\FinalProj_IP\design_ZoGolf_1\design_ZoGolf_1.bd> 
Wrote  : <C:/Users/C27Soren.Herzog/ece383/Herzog_ece383_wksp/FinalProj_IP/design_ZoGolf_1/ui/bd_d18dc7aa.ui> 
reset_run impl_1
reset_run synth_1
INFO: [Project 1-1161] Replacing file C:/Users/C27Soren.Herzog/ece383/Herzog_ece383_wksp/lab3/lab3/Lab3.srcs/utils_1/imports/synth_1/design_1_wrapper.dcp with file C:/Users/C27Soren.Herzog/ece383/Herzog_ece383_wksp/lab3/lab3/Lab3.runs/synth_1/design_1_wrapper.dcp
launch_runs impl_1 -to_step write_bitstream -jobs 8
[Mon May  4 19:22:04 2026] Launched synth_1...
Run output will be captured here: C:/Users/C27Soren.Herzog/ece383/Herzog_ece383_wksp/lab3/lab3/Lab3.runs/synth_1/runme.log
[Mon May  4 19:22:04 2026] Launched impl_1...
Run output will be captured here: C:/Users/C27Soren.Herzog/ece383/Herzog_ece383_wksp/lab3/lab3/Lab3.runs/impl_1/runme.log
current_bd_design [get_bd_designs design_1]
close_bd_design [get_bd_designs design_1]
Wrote  : <C:/Users/C27Soren.Herzog/ece383/Herzog_ece383_wksp/lab3/lab3/Lab3.srcs/sources_1/bd/design_1/ui/bd_1f5defd0.ui> 
current_bd_design [get_bd_designs design_ZoGolf_1]
startgroup
set_property CONFIG.C_JTAG_CHAIN {2} [get_bd_cells mdm_1]
endgroup
ipx::edit_ip_in_project -upgrade true -name ZoGolf_DP_v1_0_project -directory C:/Users/C27Soren.Herzog/ece383/Herzog_ece383_wksp/lab3/lab3/Lab3.tmp/ZoGolf_DP_v1_0_project c:/Users/C27Soren.Herzog/ece383/Herzog_ece383_wksp/ip_repo/ZoGolf_DP_1_0/component.xml
INFO: [ProjectBase 1-489] The host OS only allows 260 characters in a normal path. The project is stored in a path with more than 80 characters. If you experience issues with IP, Block Designs, or files not being found, please consider moving the project to a location with a shorter path. Alternately consider using the OS subst command to map part of the path to a drive letter.
Current project path is 'c:/users/c27soren.herzog/ece383/herzog_ece383_wksp/lab3/lab3/lab3.tmp/zogolf_dp_v1_0_project'
INFO: [IP_Flow 19-234] Refreshing IP repositories
INFO: [IP_Flow 19-1704] No user IP repositories specified
INFO: [IP_Flow 19-2313] Loaded Vivado IP repository 'C:/Xilinx/Vivado/2024.2/data/ip'.
WARNING: [Board 49-26] cannot add Board Part xilinx.com:vck190:part0:2.2 available at C:/Xilinx/Vivado/2024.2/data/xhub/boards/XilinxBoardStore/boards/Xilinx/vck190/production/2.2/board.xml as part xcvc1902-vsva2197-2mp-e-s specified in board_part file is either invalid or not available
WARNING: [Board 49-26] cannot add Board Part xilinx.com:vck190:part0:3.0 available at C:/Xilinx/Vivado/2024.2/data/xhub/boards/XilinxBoardStore/boards/Xilinx/vck190/production/3.0/board.xml as part xcvc1902-vsva2197-2mp-e-s specified in board_part file is either invalid or not available
WARNING: [Board 49-26] cannot add Board Part xilinx.com:vck190:part0:3.1 available at C:/Xilinx/Vivado/2024.2/data/xhub/boards/XilinxBoardStore/boards/Xilinx/vck190/production/3.1/board.xml as part xcvc1902-vsva2197-2mp-e-s specified in board_part file is either invalid or not available
WARNING: [Board 49-26] cannot add Board Part xilinx.com:vck190:part0:3.2 available at C:/Xilinx/Vivado/2024.2/data/xhub/boards/XilinxBoardStore/boards/Xilinx/vck190/production/3.2/board.xml as part xcvc1902-vsva2197-2mp-e-s specified in board_part file is either invalid or not available
WARNING: [Board 49-26] cannot add Board Part xilinx.com:vck190:part0:3.3 available at C:/Xilinx/Vivado/2024.2/data/xhub/boards/XilinxBoardStore/boards/Xilinx/vck190/production/3.3/board.xml as part xcvc1902-vsva2197-2mp-e-s specified in board_part file is either invalid or not available
WARNING: [Board 49-26] cannot add Board Part xilinx.com:vck190_newl:part0:1.0 available at C:/Xilinx/Vivado/2024.2/data/xhub/boards/XilinxBoardStore/boards/Xilinx/vck190_newl/production/1.0/board.xml as part xcvc1902-vsva2197-2mp-e-s specified in board_part file is either invalid or not available
WARNING: [Board 49-26] cannot add Board Part xilinx.com:vck190_newl:part0:1.1 available at C:/Xilinx/Vivado/2024.2/data/xhub/boards/XilinxBoardStore/boards/Xilinx/vck190_newl/production/1.1/board.xml as part xcvc1902-vsva2197-2mp-e-s specified in board_part file is either invalid or not available
WARNING: [Board 49-26] cannot add Board Part xilinx.com:vck190_newl:part0:1.2 available at C:/Xilinx/Vivado/2024.2/data/xhub/boards/XilinxBoardStore/boards/Xilinx/vck190_newl/production/1.2/board.xml as part xcvc1902-vsva2197-2mp-e-s specified in board_part file is either invalid or not available
WARNING: [Board 49-26] cannot add Board Part xilinx.com:vmk180:part0:2.2 available at C:/Xilinx/Vivado/2024.2/data/xhub/boards/XilinxBoardStore/boards/Xilinx/vmk180/production/2.2/board.xml as part xcvm1802-vsva2197-2mp-e-s specified in board_part file is either invalid or not available
WARNING: [Board 49-26] cannot add Board Part xilinx.com:vmk180:part0:3.0 available at C:/Xilinx/Vivado/2024.2/data/xhub/boards/XilinxBoardStore/boards/Xilinx/vmk180/production/3.0/board.xml as part xcvm1802-vsva2197-2mp-e-s specified in board_part file is either invalid or not available
WARNING: [Board 49-26] cannot add Board Part xilinx.com:vmk180:part0:3.1 available at C:/Xilinx/Vivado/2024.2/data/xhub/boards/XilinxBoardStore/boards/Xilinx/vmk180/production/3.1/board.xml as part xcvm1802-vsva2197-2mp-e-s specified in board_part file is either invalid or not available
WARNING: [Board 49-26] cannot add Board Part xilinx.com:vmk180:part0:3.2 available at C:/Xilinx/Vivado/2024.2/data/xhub/boards/XilinxBoardStore/boards/Xilinx/vmk180/production/3.2/board.xml as part xcvm1802-vsva2197-2mp-e-s specified in board_part file is either invalid or not available
WARNING: [Board 49-26] cannot add Board Part xilinx.com:vmk180_newl:part0:1.0 available at C:/Xilinx/Vivado/2024.2/data/xhub/boards/XilinxBoardStore/boards/Xilinx/vmk180_newl/production/1.0/board.xml as part xcvm1802-vsva2197-2mp-e-s specified in board_part file is either invalid or not available
WARNING: [Board 49-26] cannot add Board Part xilinx.com:vmk180_newl:part0:1.1 available at C:/Xilinx/Vivado/2024.2/data/xhub/boards/XilinxBoardStore/boards/Xilinx/vmk180_newl/production/1.1/board.xml as part xcvm1802-vsva2197-2mp-e-s specified in board_part file is either invalid or not available
WARNING: [Board 49-26] cannot add Board Part xilinx.com:vpk120:part0:1.0 available at C:/Xilinx/Vivado/2024.2/data/xhub/boards/XilinxBoardStore/boards/Xilinx/vpk120/production/1.0/board.xml as part xcvp1202-vsva2785-2mp-e-s specified in board_part file is either invalid or not available
WARNING: [Board 49-26] cannot add Board Part xilinx.com:vpk120:part0:1.1 available at C:/Xilinx/Vivado/2024.2/data/xhub/boards/XilinxBoardStore/boards/Xilinx/vpk120/production/1.1/board.xml as part xcvp1202-vsva2785-2mp-e-s specified in board_part file is either invalid or not available
WARNING: [Board 49-26] cannot add Board Part xilinx.com:vpk120:part0:1.2 available at C:/Xilinx/Vivado/2024.2/data/xhub/boards/XilinxBoardStore/boards/Xilinx/vpk120/production/1.2/board.xml as part xcvp1202-vsva2785-2mp-e-s specified in board_part file is either invalid or not available
create_project: Time (s): cpu = 00:00:04 ; elapsed = 00:00:06 . Memory (MB): peak = 2629.379 ; gain = 3.324
INFO: [IP_Flow 19-234] Refreshing IP repositories
INFO: [IP_Flow 19-1700] Loaded user IP repository 'c:/Users/C27Soren.Herzog/Downloads/ece383_code-main/ece383_code-main/ip_repo/My_Lab3_1_0'.
INFO: [IP_Flow 19-1700] Loaded user IP repository 'c:/Users/C27Soren.Herzog/ece383/Herzog_ece383_wksp/ip_repo/ZoGolf_DP_1_0'.
INFO: [IP_Flow 19-1700] Loaded user IP repository 'c:/Users/C27Soren.Herzog/Downloads/ece383_code-main/ece383_code-main/ip_repo/My_Counter_IP_1_0'.
INFO: [IP_Flow 19-795] Syncing license key meta-data
ipx::edit_ip_in_project: Time (s): cpu = 00:00:06 ; elapsed = 00:00:09 . Memory (MB): peak = 2630.570 ; gain = 4.516
update_compile_order -fileset sources_1
get_property JTAG_CHAIN [get_cells -hierarchical -filter {PRIMITIVE_TYPE =~ ADVANCED.BSCAN.*}]
ERROR: [Common 17-53] User Exception: No open design. Please open an elaborated, synthesized or implemented design before executing this command.
current_project Lab3
