#-----------------------------------------------------------
# Vivado v2024.2 (64-bit)
# SW Build 5239630 on Fri Nov 08 22:35:27 MST 2024
# IP Build 5239520 on Sun Nov 10 16:12:51 MST 2024
# SharedData Build 5239561 on Fri Nov 08 14:39:27 MST 2024
# Start of session at: Mon May  4 13:27:18 2026
# Process ID         : 13468
# Current directory  : C:/Users/C27Soren.Herzog/ece383/Herzog_ece383_wksp/lab3/lab3
# Command line       : vivado.exe -gui_launcher_event rodinguilauncherevent25868 C:\Users\C27Soren.Herzog\ece383\Herzog_ece383_wksp\lab3\lab3\Lab3.xpr
# Log file           : C:/Users/C27Soren.Herzog/ece383/Herzog_ece383_wksp/lab3/lab3/vivado.log
# Journal file       : C:/Users/C27Soren.Herzog/ece383/Herzog_ece383_wksp/lab3/lab3\vivado.jou
# Running On         : C27-5CG3121G96
# Platform           : Windows Server 2016 or Windows 10
# Operating System   : 22631
# Processor Detail   : AMD Ryzen 7 PRO 6850U with Radeon Graphics     
# CPU Frequency      : 2695 MHz
# CPU Physical cores : 8
# CPU Logical cores  : 16
# Host memory        : 16442 MB
# Swap memory        : 9259 MB
# Total Virtual      : 25702 MB
# Available Virtual  : 4497 MB
#-----------------------------------------------------------
start_gui
open_project C:/Users/C27Soren.Herzog/ece383/Herzog_ece383_wksp/lab3/lab3/Lab3.xpr
INFO: [Project 1-313] Project file moved from 'C:/Users/C27Soren.Herzog/Downloads/ece383_code-main/ece383_code-main/lab3' since last save.
INFO: [filemgmt 56-1] IP Repository Path: Directory not found as 'C:/Users/C27Soren.Herzog/ece383/Herzog_ece383_wksp/lab3/ip_repo/My_Lab3_1_0'; using path 'C:/Users/C27Soren.Herzog/Downloads/ece383_code-main/ece383_code-main/ip_repo/My_Lab3_1_0' instead.
INFO: [filemgmt 56-1] IP Repository Path: Directory not found as 'C:/Users/C27Soren.Herzog/ece383/Herzog_ece383_wksp/lab3/ip_repo/My_Counter_IP_1_0'; using path 'C:/Users/C27Soren.Herzog/Downloads/ece383_code-main/ece383_code-main/ip_repo/My_Counter_IP_1_0' instead.
INFO: [filemgmt 56-1] IP Repository Path: Directory not found as 'C:/Users/C27Soren.Herzog/ece383/Herzog_ece383_wksp/lab3/ip_repo/My_Counter_IP_1_0'; using path 'C:/Users/C27Soren.Herzog/Downloads/ece383_code-main/ece383_code-main/ip_repo/My_Counter_IP_1_0' instead.
Scanning sources...
Finished scanning sources
INFO: [IP_Flow 19-234] Refreshing IP repositories
INFO: [IP_Flow 19-1700] Loaded user IP repository 'c:/Users/C27Soren.Herzog/Downloads/ece383_code-main/ece383_code-main/ip_repo/My_Lab3_1_0'.
INFO: [IP_Flow 19-1700] Loaded user IP repository 'c:/Users/C27Soren.Herzog/Downloads/ece383_code-main/ece383_code-main/ip_repo/My_Counter_IP_1_0'.
WARNING: [IP_Flow 19-2207] Repository 'c:/Users/C27Soren.Herzog/Downloads/ece383_code-main/ece383_code-main/ip_repo/My_Counter_IP_1_0' already exists; ignoring attempt to add it again.
INFO: [IP_Flow 19-1700] Loaded user IP repository 'c:/Users/C27Soren.Herzog/Downloads/ece383_code-main/ece383_code-main/ip_repo/My_Counter_IP_1_0'.
WARNING: [Board 49-26] cannot add Board Part xilinx.com:vck190:part0:2.2 available at C:/Xilinx/Vivado/2024.2/data/xhub/boards/XilinxBoardStore/boards/Xilinx/vck190/production/2.2/board.xml as part xcvc1902-vsva2197-2mp-e-s specified in board_part file is either invalid or not available
WARNING: [Board 49-26] cannot add Board Part xilinx.com:vck190:part0:3.0 available at C:/Xilinx/Vivado/2024.2/data/xhub/boards/XilinxBoardStore/boards/Xilinx/vck190/production/3.0/board.xml as part xcvc1902-vsva2197-2mp-e-s specified in board_part file is either invalid or not available
WARNING: [Board 49-26] cannot add Board Part xilinx.com:vck190:part0:3.1 available at C:/Xilinx/Vivado/2024.2/data/xhub/boards/XilinxBoardStore/boards/Xilinx/vck190/production/3.1/board.xml as part xcvc1902-vsva2197-2mp-e-s specified in board_part file is either invalid or not available
WARNING: [Board 49-26] cannot add Board Part xilinx.com:vck190:part0:3.2 available at C:/Xilinx/Vivado/2024.2/data/xhub/boards/XilinxBoardStore/boards/Xilinx/vck190/production/3.2/board.xml as part xcvc1902-vsva2197-2mp-e-s specified in board_part file is either invalid or not available
WARNING: [Board 49-26] cannot add Board Part xilinx.com:vck190:part0:3.3 available at C:/Xilinx/Vivado/2024.2/data/xhub/boards/XilinxBoardStore/boards/Xilinx/vck190/production/3.3/board.xml as part xcvc1902-vsva2197-2mp-e-s specified in board_part file is either invalid or not available
WARNING: [Board 49-26] cannot add Board Part xilinx.com:vck190_newl:part0:1.0 available at C:/Xilinx/Vivado/2024.2/data/xhub/boards/XilinxBoardStore/boards/Xilinx/vck190_newl/production/1.0/board.xml as part xcvc1902-vsva2197-2mp-e-s specified in board_part file is either invalid or not available
WARNING: [Board 49-26] cannot add Board Part xilinx.com:vck190_newl:part0:1.1 available at C:/Xilinx/Vivado/2024.2/data/xhub/boards/XilinxBoardStore/boards/Xilinx/vck190_newl/production/1.1/board.xml as part xcvc1902-vsva2197-2mp-e-s specified in board_part file is either invalid or not available
WARNING: [Board 49-26] cannot add Board Part xilinx.com:vck190_newl:part0:1.2 available at C:/Xilinx/Vivado/2024.2/data/xhub/boards/XilinxBoardStore/boards/Xilinx/vck190_newl/production/1.2/board.xml as part xcvc1902-vsva2197-2mp-e-s specified in board_part file is either invalid or not available
WARNING: [Board 49-26] cannot add Board Part xilinx.com:vmk180:part0:2.2 available at C:/Xilinx/Vivado/2024.2/data/xhub/boards/XilinxBoardStore/boards/Xilinx/vmk180/production/2.2/board.xml as part xcvm1802-vsva2197-2mp-e-s specified in board_part file is either invalid or not available
WARNING: [Board 49-26] cannot add Board Part xilinx.com:vmk180:part0:3.0 available at C:/Xilinx/Vivado/2024.2/data/xhub/boards/XilinxBoardStore/boards/Xilinx/vmk180/production/3.0/board.xml as part xcvm1802-vsva2197-2mp-e-s specified in board_part file is either invalid or not available
WARNING: [Board 49-26] cannot add Board Part xilinx.com:vmk180:part0:3.1 available at C:/Xilinx/Vivado/2024.2/data/xhub/boards/XilinxBoardStore/boards/Xilinx/vmk180/production/3.1/board.xml as part xcvm1802-vsva2197-2mp-e-s specified in board_part file is either invalid or not available
WARNING: [Board 49-26] cannot add Board Part xilinx.com:vmk180:part0:3.2 available at C:/Xilinx/Vivado/2024.2/data/xhub/boards/XilinxBoardStore/boards/Xilinx/vmk180/production/3.2/board.xml as part xcvm1802-vsva2197-2mp-e-s specified in board_part file is either invalid or not available
WARNING: [Board 49-26] cannot add Board Part xilinx.com:vmk180_newl:part0:1.0 available at C:/Xilinx/Vivado/2024.2/data/xhub/boards/XilinxBoardStore/boards/Xilinx/vmk180_newl/production/1.0/board.xml as part xcvm1802-vsva2197-2mp-e-s specified in board_part file is either invalid or not available
WARNING: [Board 49-26] cannot add Board Part xilinx.com:vmk180_newl:part0:1.1 available at C:/Xilinx/Vivado/2024.2/data/xhub/boards/XilinxBoardStore/boards/Xilinx/vmk180_newl/production/1.1/board.xml as part xcvm1802-vsva2197-2mp-e-s specified in board_part file is either invalid or not available
WARNING: [Board 49-26] cannot add Board Part xilinx.com:vpk120:part0:1.0 available at C:/Xilinx/Vivado/2024.2/data/xhub/boards/XilinxBoardStore/boards/Xilinx/vpk120/production/1.0/board.xml as part xcvp1202-vsva2785-2mp-e-s specified in board_part file is either invalid or not available
WARNING: [Board 49-26] cannot add Board Part xilinx.com:vpk120:part0:1.1 available at C:/Xilinx/Vivado/2024.2/data/xhub/boards/XilinxBoardStore/boards/Xilinx/vpk120/production/1.1/board.xml as part xcvp1202-vsva2785-2mp-e-s specified in board_part file is either invalid or not available
WARNING: [Board 49-26] cannot add Board Part xilinx.com:vpk120:part0:1.2 available at C:/Xilinx/Vivado/2024.2/data/xhub/boards/XilinxBoardStore/boards/Xilinx/vpk120/production/1.2/board.xml as part xcvp1202-vsva2785-2mp-e-s specified in board_part file is either invalid or not available
INFO: [IP_Flow 19-2313] Loaded Vivado IP repository 'C:/Xilinx/Vivado/2024.2/data/ip'.
INFO: [Project 1-5579] Found utility IPs instantiated in one or more block designs which have equivalent inline hdl with improved performance and reduced diskspace. It is recommended to migrate these utility IPs to inline hdl using the command upgrade_project -migrate_to_inline_hdl. The utility IPs may be deprecated in future releases. More information on inline hdl is available in UG994.
open_project: Time (s): cpu = 00:00:20 ; elapsed = 00:00:23 . Memory (MB): peak = 1489.082 ; gain = 400.766
update_compile_order -fileset sources_1
open_bd_design {C:/Users/C27Soren.Herzog/ece383/Herzog_ece383_wksp/lab3/lab3/Lab3.srcs/sources_1/bd/design_1/design_1.bd}
Reading block design file <C:/Users/C27Soren.Herzog/ece383/Herzog_ece383_wksp/lab3/lab3/Lab3.srcs/sources_1/bd/design_1/design_1.bd>...
Adding component instance block -- xilinx.com:ip:microblaze:11.0 - microblaze_0
Adding component instance block -- xilinx.com:ip:lmb_v10:3.0 - dlmb_v10
Adding component instance block -- xilinx.com:ip:lmb_v10:3.0 - ilmb_v10
Adding component instance block -- xilinx.com:ip:lmb_bram_if_cntlr:4.0 - dlmb_bram_if_cntlr
Adding component instance block -- xilinx.com:ip:lmb_bram_if_cntlr:4.0 - ilmb_bram_if_cntlr
Adding component instance block -- xilinx.com:ip:blk_mem_gen:8.4 - lmb_bram
Adding component instance block -- xilinx.com:ip:mdm:3.2 - mdm_1
Adding component instance block -- xilinx.com:ip:clk_wiz:6.0 - clk_wiz_1
Adding component instance block -- xilinx.com:ip:proc_sys_reset:5.0 - rst_clk_wiz_1_100M
Adding component instance block -- xilinx.com:ip:mig_7series:4.2 - mig_7series_0
Adding component instance block -- xilinx.com:ip:axi_uartlite:2.0 - axi_uartlite_0
Adding component instance block -- xilinx.com:ip:smartconnect:1.0 - axi_smc
Adding component instance block -- xilinx.com:ip:util_ds_buf:2.2 - util_ds_buf_0
Adding component instance block -- xilinx.com:ip:smartconnect:1.0 - axi_smc_1
Adding component instance block -- xilinx.com:ip:proc_sys_reset:5.0 - rst_mig_7series_0_100M
Adding component instance block -- xilinx.com:user:My_Lab3:1.0 - My_Lab3_0
Successfully read diagram <design_1> from block design file <C:/Users/C27Soren.Herzog/ece383/Herzog_ece383_wksp/lab3/lab3/Lab3.srcs/sources_1/bd/design_1/design_1.bd>
open_bd_design: Time (s): cpu = 00:00:05 ; elapsed = 00:00:07 . Memory (MB): peak = 1658.258 ; gain = 137.918
ipx::edit_ip_in_project -upgrade true -name My_Lab3_v1_0_project -directory C:/Users/C27Soren.Herzog/ece383/Herzog_ece383_wksp/lab3/lab3/Lab3.tmp/My_Lab3_v1_0_project c:/Users/C27Soren.Herzog/Downloads/ece383_code-main/ece383_code-main/ip_repo/My_Lab3_1_0/component.xml
INFO: [ProjectBase 1-489] The host OS only allows 260 characters in a normal path. The project is stored in a path with more than 80 characters. If you experience issues with IP, Block Designs, or files not being found, please consider moving the project to a location with a shorter path. Alternately consider using the OS subst command to map part of the path to a drive letter.
Current project path is 'c:/users/c27soren.herzog/ece383/herzog_ece383_wksp/lab3/lab3/lab3.tmp/my_lab3_v1_0_project'
INFO: [IP_Flow 19-234] Refreshing IP repositories
INFO: [IP_Flow 19-1704] No user IP repositories specified
INFO: [IP_Flow 19-2313] Loaded Vivado IP repository 'C:/Xilinx/Vivado/2024.2/data/ip'.
WARNING: [Board 49-26] cannot add Board Part xilinx.com:vck190:part0:2.2 available at C:/Xilinx/Vivado/2024.2/data/xhub/boards/XilinxBoardStore/boards/Xilinx/vck190/production/2.2/board.xml as part xcvc1902-vsva2197-2mp-e-s specified in board_part file is either invalid or not available
WARNING: [Board 49-26] cannot add Board Part xilinx.com:vck190:part0:3.0 available at C:/Xilinx/Vivado/2024.2/data/xhub/boards/XilinxBoardStore/boards/Xilinx/vck190/production/3.0/board.xml as part xcvc1902-vsva2197-2mp-e-s specified in board_part file is either invalid or not available
WARNING: [Board 49-26] cannot add Board Part xilinx.com:vck190:part0:3.1 available at C:/Xilinx/Vivado/2024.2/data/xhub/boards/XilinxBoardStore/boards/Xilinx/vck190/production/3.1/board.xml as part xcvc1902-vsva2197-2mp-e-s specified in board_part file is either invalid or not available
WARNING: [Board 49-26] cannot add Board Part xilinx.com:vck190:part0:3.2 available at C:/Xilinx/Vivado/2024.2/data/xhub/boards/XilinxBoardStore/boards/Xilinx/vck190/production/3.2/board.xml as part xcvc1902-vsva2197-2mp-e-s specified in board_part file is either invalid or not available
WARNING: [Board 49-26] cannot add Board Part xilinx.com:vck190:part0:3.3 available at C:/Xilinx/Vivado/2024.2/data/xhub/boards/XilinxBoardStore/boards/Xilinx/vck190/production/3.3/board.xml as part xcvc1902-vsva2197-2mp-e-s specified in board_part file is either invalid or not available
WARNING: [Board 49-26] cannot add Board Part xilinx.com:vck190_newl:part0:1.0 available at C:/Xilinx/Vivado/2024.2/data/xhub/boards/XilinxBoardStore/boards/Xilinx/vck190_newl/production/1.0/board.xml as part xcvc1902-vsva2197-2mp-e-s specified in board_part file is either invalid or not available
WARNING: [Board 49-26] cannot add Board Part xilinx.com:vck190_newl:part0:1.1 available at C:/Xilinx/Vivado/2024.2/data/xhub/boards/XilinxBoardStore/boards/Xilinx/vck190_newl/production/1.1/board.xml as part xcvc1902-vsva2197-2mp-e-s specified in board_part file is either invalid or not available
WARNING: [Board 49-26] cannot add Board Part xilinx.com:vck190_newl:part0:1.2 available at C:/Xilinx/Vivado/2024.2/data/xhub/boards/XilinxBoardStore/boards/Xilinx/vck190_newl/production/1.2/board.xml as part xcvc1902-vsva2197-2mp-e-s specified in board_part file is either invalid or not available
WARNING: [Board 49-26] cannot add Board Part xilinx.com:vmk180:part0:2.2 available at C:/Xilinx/Vivado/2024.2/data/xhub/boards/XilinxBoardStore/boards/Xilinx/vmk180/production/2.2/board.xml as part xcvm1802-vsva2197-2mp-e-s specified in board_part file is either invalid or not available
WARNING: [Board 49-26] cannot add Board Part xilinx.com:vmk180:part0:3.0 available at C:/Xilinx/Vivado/2024.2/data/xhub/boards/XilinxBoardStore/boards/Xilinx/vmk180/production/3.0/board.xml as part xcvm1802-vsva2197-2mp-e-s specified in board_part file is either invalid or not available
WARNING: [Board 49-26] cannot add Board Part xilinx.com:vmk180:part0:3.1 available at C:/Xilinx/Vivado/2024.2/data/xhub/boards/XilinxBoardStore/boards/Xilinx/vmk180/production/3.1/board.xml as part xcvm1802-vsva2197-2mp-e-s specified in board_part file is either invalid or not available
WARNING: [Board 49-26] cannot add Board Part xilinx.com:vmk180:part0:3.2 available at C:/Xilinx/Vivado/2024.2/data/xhub/boards/XilinxBoardStore/boards/Xilinx/vmk180/production/3.2/board.xml as part xcvm1802-vsva2197-2mp-e-s specified in board_part file is either invalid or not available
WARNING: [Board 49-26] cannot add Board Part xilinx.com:vmk180_newl:part0:1.0 available at C:/Xilinx/Vivado/2024.2/data/xhub/boards/XilinxBoardStore/boards/Xilinx/vmk180_newl/production/1.0/board.xml as part xcvm1802-vsva2197-2mp-e-s specified in board_part file is either invalid or not available
WARNING: [Board 49-26] cannot add Board Part xilinx.com:vmk180_newl:part0:1.1 available at C:/Xilinx/Vivado/2024.2/data/xhub/boards/XilinxBoardStore/boards/Xilinx/vmk180_newl/production/1.1/board.xml as part xcvm1802-vsva2197-2mp-e-s specified in board_part file is either invalid or not available
WARNING: [Board 49-26] cannot add Board Part xilinx.com:vpk120:part0:1.0 available at C:/Xilinx/Vivado/2024.2/data/xhub/boards/XilinxBoardStore/boards/Xilinx/vpk120/production/1.0/board.xml as part xcvp1202-vsva2785-2mp-e-s specified in board_part file is either invalid or not available
WARNING: [Board 49-26] cannot add Board Part xilinx.com:vpk120:part0:1.1 available at C:/Xilinx/Vivado/2024.2/data/xhub/boards/XilinxBoardStore/boards/Xilinx/vpk120/production/1.1/board.xml as part xcvp1202-vsva2785-2mp-e-s specified in board_part file is either invalid or not available
WARNING: [Board 49-26] cannot add Board Part xilinx.com:vpk120:part0:1.2 available at C:/Xilinx/Vivado/2024.2/data/xhub/boards/XilinxBoardStore/boards/Xilinx/vpk120/production/1.2/board.xml as part xcvp1202-vsva2785-2mp-e-s specified in board_part file is either invalid or not available
create_project: Time (s): cpu = 00:00:07 ; elapsed = 00:00:07 . Memory (MB): peak = 1689.027 ; gain = 1.625
INFO: [IP_Flow 19-234] Refreshing IP repositories
INFO: [IP_Flow 19-1700] Loaded user IP repository 'c:/Users/C27Soren.Herzog/Downloads/ece383_code-main/ece383_code-main/ip_repo/My_Lab3_1_0'.
INFO: [IP_Flow 19-1700] Loaded user IP repository 'c:/Users/C27Soren.Herzog/Downloads/ece383_code-main/ece383_code-main/ip_repo/My_Counter_IP_1_0'.
WARNING: [IP_Flow 19-2207] Repository 'c:/Users/C27Soren.Herzog/Downloads/ece383_code-main/ece383_code-main/ip_repo/My_Counter_IP_1_0' already exists; ignoring attempt to add it again.
INFO: [IP_Flow 19-1700] Loaded user IP repository 'c:/Users/C27Soren.Herzog/Downloads/ece383_code-main/ece383_code-main/ip_repo/My_Counter_IP_1_0'.
INFO: [IP_Flow 19-795] Syncing license key meta-data
ipx::edit_ip_in_project: Time (s): cpu = 00:00:09 ; elapsed = 00:00:10 . Memory (MB): peak = 1699.320 ; gain = 11.918
update_compile_order -fileset sources_1
close_project
ipx::edit_ip_in_project -upgrade true -name My_Lab3_v1_0_project -directory C:/Users/C27Soren.Herzog/ece383/Herzog_ece383_wksp/lab3/lab3/Lab3.tmp/My_Lab3_v1_0_project c:/Users/C27Soren.Herzog/Downloads/ece383_code-main/ece383_code-main/ip_repo/My_Lab3_1_0/component.xml
INFO: [ProjectBase 1-489] The host OS only allows 260 characters in a normal path. The project is stored in a path with more than 80 characters. If you experience issues with IP, Block Designs, or files not being found, please consider moving the project to a location with a shorter path. Alternately consider using the OS subst command to map part of the path to a drive letter.
Current project path is 'c:/users/c27soren.herzog/ece383/herzog_ece383_wksp/lab3/lab3/lab3.tmp/my_lab3_v1_0_project'
INFO: [IP_Flow 19-234] Refreshing IP repositories
INFO: [IP_Flow 19-1704] No user IP repositories specified
INFO: [IP_Flow 19-2313] Loaded Vivado IP repository 'C:/Xilinx/Vivado/2024.2/data/ip'.
WARNING: [Board 49-26] cannot add Board Part xilinx.com:vck190:part0:2.2 available at C:/Xilinx/Vivado/2024.2/data/xhub/boards/XilinxBoardStore/boards/Xilinx/vck190/production/2.2/board.xml as part xcvc1902-vsva2197-2mp-e-s specified in board_part file is either invalid or not available
WARNING: [Board 49-26] cannot add Board Part xilinx.com:vck190:part0:3.0 available at C:/Xilinx/Vivado/2024.2/data/xhub/boards/XilinxBoardStore/boards/Xilinx/vck190/production/3.0/board.xml as part xcvc1902-vsva2197-2mp-e-s specified in board_part file is either invalid or not available
WARNING: [Board 49-26] cannot add Board Part xilinx.com:vck190:part0:3.1 available at C:/Xilinx/Vivado/2024.2/data/xhub/boards/XilinxBoardStore/boards/Xilinx/vck190/production/3.1/board.xml as part xcvc1902-vsva2197-2mp-e-s specified in board_part file is either invalid or not available
WARNING: [Board 49-26] cannot add Board Part xilinx.com:vck190:part0:3.2 available at C:/Xilinx/Vivado/2024.2/data/xhub/boards/XilinxBoardStore/boards/Xilinx/vck190/production/3.2/board.xml as part xcvc1902-vsva2197-2mp-e-s specified in board_part file is either invalid or not available
WARNING: [Board 49-26] cannot add Board Part xilinx.com:vck190:part0:3.3 available at C:/Xilinx/Vivado/2024.2/data/xhub/boards/XilinxBoardStore/boards/Xilinx/vck190/production/3.3/board.xml as part xcvc1902-vsva2197-2mp-e-s specified in board_part file is either invalid or not available
WARNING: [Board 49-26] cannot add Board Part xilinx.com:vck190_newl:part0:1.0 available at C:/Xilinx/Vivado/2024.2/data/xhub/boards/XilinxBoardStore/boards/Xilinx/vck190_newl/production/1.0/board.xml as part xcvc1902-vsva2197-2mp-e-s specified in board_part file is either invalid or not available
WARNING: [Board 49-26] cannot add Board Part xilinx.com:vck190_newl:part0:1.1 available at C:/Xilinx/Vivado/2024.2/data/xhub/boards/XilinxBoardStore/boards/Xilinx/vck190_newl/production/1.1/board.xml as part xcvc1902-vsva2197-2mp-e-s specified in board_part file is either invalid or not available
WARNING: [Board 49-26] cannot add Board Part xilinx.com:vck190_newl:part0:1.2 available at C:/Xilinx/Vivado/2024.2/data/xhub/boards/XilinxBoardStore/boards/Xilinx/vck190_newl/production/1.2/board.xml as part xcvc1902-vsva2197-2mp-e-s specified in board_part file is either invalid or not available
WARNING: [Board 49-26] cannot add Board Part xilinx.com:vmk180:part0:2.2 available at C:/Xilinx/Vivado/2024.2/data/xhub/boards/XilinxBoardStore/boards/Xilinx/vmk180/production/2.2/board.xml as part xcvm1802-vsva2197-2mp-e-s specified in board_part file is either invalid or not available
WARNING: [Board 49-26] cannot add Board Part xilinx.com:vmk180:part0:3.0 available at C:/Xilinx/Vivado/2024.2/data/xhub/boards/XilinxBoardStore/boards/Xilinx/vmk180/production/3.0/board.xml as part xcvm1802-vsva2197-2mp-e-s specified in board_part file is either invalid or not available
WARNING: [Board 49-26] cannot add Board Part xilinx.com:vmk180:part0:3.1 available at C:/Xilinx/Vivado/2024.2/data/xhub/boards/XilinxBoardStore/boards/Xilinx/vmk180/production/3.1/board.xml as part xcvm1802-vsva2197-2mp-e-s specified in board_part file is either invalid or not available
WARNING: [Board 49-26] cannot add Board Part xilinx.com:vmk180:part0:3.2 available at C:/Xilinx/Vivado/2024.2/data/xhub/boards/XilinxBoardStore/boards/Xilinx/vmk180/production/3.2/board.xml as part xcvm1802-vsva2197-2mp-e-s specified in board_part file is either invalid or not available
WARNING: [Board 49-26] cannot add Board Part xilinx.com:vmk180_newl:part0:1.0 available at C:/Xilinx/Vivado/2024.2/data/xhub/boards/XilinxBoardStore/boards/Xilinx/vmk180_newl/production/1.0/board.xml as part xcvm1802-vsva2197-2mp-e-s specified in board_part file is either invalid or not available
WARNING: [Board 49-26] cannot add Board Part xilinx.com:vmk180_newl:part0:1.1 available at C:/Xilinx/Vivado/2024.2/data/xhub/boards/XilinxBoardStore/boards/Xilinx/vmk180_newl/production/1.1/board.xml as part xcvm1802-vsva2197-2mp-e-s specified in board_part file is either invalid or not available
WARNING: [Board 49-26] cannot add Board Part xilinx.com:vpk120:part0:1.0 available at C:/Xilinx/Vivado/2024.2/data/xhub/boards/XilinxBoardStore/boards/Xilinx/vpk120/production/1.0/board.xml as part xcvp1202-vsva2785-2mp-e-s specified in board_part file is either invalid or not available
WARNING: [Board 49-26] cannot add Board Part xilinx.com:vpk120:part0:1.1 available at C:/Xilinx/Vivado/2024.2/data/xhub/boards/XilinxBoardStore/boards/Xilinx/vpk120/production/1.1/board.xml as part xcvp1202-vsva2785-2mp-e-s specified in board_part file is either invalid or not available
WARNING: [Board 49-26] cannot add Board Part xilinx.com:vpk120:part0:1.2 available at C:/Xilinx/Vivado/2024.2/data/xhub/boards/XilinxBoardStore/boards/Xilinx/vpk120/production/1.2/board.xml as part xcvp1202-vsva2785-2mp-e-s specified in board_part file is either invalid or not available
create_project: Time (s): cpu = 00:00:05 ; elapsed = 00:00:06 . Memory (MB): peak = 1710.445 ; gain = 5.344
INFO: [IP_Flow 19-234] Refreshing IP repositories
INFO: [IP_Flow 19-1700] Loaded user IP repository 'c:/Users/C27Soren.Herzog/Downloads/ece383_code-main/ece383_code-main/ip_repo/My_Lab3_1_0'.
INFO: [IP_Flow 19-1700] Loaded user IP repository 'c:/Users/C27Soren.Herzog/Downloads/ece383_code-main/ece383_code-main/ip_repo/My_Counter_IP_1_0'.
WARNING: [IP_Flow 19-2207] Repository 'c:/Users/C27Soren.Herzog/Downloads/ece383_code-main/ece383_code-main/ip_repo/My_Counter_IP_1_0' already exists; ignoring attempt to add it again.
INFO: [IP_Flow 19-1700] Loaded user IP repository 'c:/Users/C27Soren.Herzog/Downloads/ece383_code-main/ece383_code-main/ip_repo/My_Counter_IP_1_0'.
INFO: [IP_Flow 19-795] Syncing license key meta-data
INFO: [Device 21-403] Loading part xc7a200tsbg484-1
ipx::edit_ip_in_project: Time (s): cpu = 00:00:12 ; elapsed = 00:00:30 . Memory (MB): peak = 1956.516 ; gain = 251.414
update_compile_order -fileset sources_1
update_files -from_files C:/Users/C27Soren.Herzog/ece383/Herzog_ece383_wksp/FinalProj/ZoGolf_FinalProj.srcs/constrs_1/imports/code/FinalProj.xdc -to_files c:/Users/C27Soren.Herzog/Downloads/ece383_code-main/ece383_code-main/ip_repo/My_Lab3_1_0/src/Lab2.xdc -filesets [get_filesets *]
INFO: [filemgmt 20-762] Replacing file 'c:/Users/C27Soren.Herzog/Downloads/ece383_code-main/ece383_code-main/ip_repo/My_Lab3_1_0/src/Lab2.xdc' with file 'C:/Users/C27Soren.Herzog/ece383/Herzog_ece383_wksp/FinalProj/ZoGolf_FinalProj.srcs/constrs_1/imports/code/FinalProj.xdc'.
update_files -from_files C:/Users/C27Soren.Herzog/Downloads/ece383_code-main/ece383_code-main/lab3/Lab3.srcs/constrs_1/imports/Desktop/ice2.xdc -to_files C:/Users/C27Soren.Herzog/ece383/Herzog_ece383_wksp/FinalProj/ZoGolf_FinalProj.srcs/constrs_1/imports/code/FinalProj.xdc -filesets [get_filesets *]
INFO: [filemgmt 20-762] Replacing file 'C:/Users/C27Soren.Herzog/ece383/Herzog_ece383_wksp/FinalProj/ZoGolf_FinalProj.srcs/constrs_1/imports/code/FinalProj.xdc' with file 'C:/Users/C27Soren.Herzog/Downloads/ece383_code-main/ece383_code-main/lab3/Lab3.srcs/constrs_1/imports/Desktop/ice2.xdc'.
current_project Lab3
update_ip_catalog -rebuild -scan_changes
INFO: [IP_Flow 19-234] Refreshing IP repositories
INFO: [IP_Flow 19-1700] Loaded user IP repository 'c:/Users/C27Soren.Herzog/Downloads/ece383_code-main/ece383_code-main/ip_repo/My_Lab3_1_0'.
INFO: [IP_Flow 19-1700] Loaded user IP repository 'c:/Users/C27Soren.Herzog/Downloads/ece383_code-main/ece383_code-main/ip_repo/My_Counter_IP_1_0'.
WARNING: [IP_Flow 19-2207] Repository 'c:/Users/C27Soren.Herzog/Downloads/ece383_code-main/ece383_code-main/ip_repo/My_Counter_IP_1_0' already exists; ignoring attempt to add it again.
INFO: [IP_Flow 19-1700] Loaded user IP repository 'c:/Users/C27Soren.Herzog/Downloads/ece383_code-main/ece383_code-main/ip_repo/My_Counter_IP_1_0'.
report_ip_status -name ip_status
set_property  ip_repo_paths  {c:/Users/C27Soren.Herzog/Downloads/ece383_code-main/ece383_code-main/ip_repo/My_Lab3_1_0 C:/Users/C27Soren.Herzog/ece383/Herzog_ece383_wksp/ip_repo/ZoGolf_DP_1_0 c:/Users/C27Soren.Herzog/Downloads/ece383_code-main/ece383_code-main/ip_repo/My_Counter_IP_1_0} [current_project]
update_ip_catalog
INFO: [IP_Flow 19-234] Refreshing IP repositories
INFO: [IP_Flow 19-1700] Loaded user IP repository 'c:/Users/C27Soren.Herzog/Downloads/ece383_code-main/ece383_code-main/ip_repo/My_Lab3_1_0'.
INFO: [IP_Flow 19-1700] Loaded user IP repository 'c:/Users/C27Soren.Herzog/ece383/Herzog_ece383_wksp/ip_repo/ZoGolf_DP_1_0'.
INFO: [IP_Flow 19-1700] Loaded user IP repository 'c:/Users/C27Soren.Herzog/Downloads/ece383_code-main/ece383_code-main/ip_repo/My_Counter_IP_1_0'.
startgroup
create_bd_cell -type ip -vlnv xilinx.com:user:ZoGolf_DP:1.0 ZoGolf_DP_0
endgroup
current_project My_Lab3_v1_0_project
current_project Lab3
set_property location {5 1963 940} [get_bd_cells ZoGolf_DP_0]
ipx::edit_ip_in_project -upgrade true -name ZoGolf_DP_v1_0_project -directory C:/Users/C27Soren.Herzog/ece383/Herzog_ece383_wksp/lab3/lab3/Lab3.tmp/ZoGolf_DP_v1_0_project c:/Users/C27Soren.Herzog/ece383/Herzog_ece383_wksp/ip_repo/ZoGolf_DP_1_0/component.xml
INFO: [ProjectBase 1-489] The host OS only allows 260 characters in a normal path. The project is stored in a path with more than 80 characters. If you experience issues with IP, Block Designs, or files not being found, please consider moving the project to a location with a shorter path. Alternately consider using the OS subst command to map part of the path to a drive letter.
Current project path is 'c:/users/c27soren.herzog/ece383/herzog_ece383_wksp/lab3/lab3/lab3.tmp/zogolf_dp_v1_0_project'
INFO: [IP_Flow 19-234] Refreshing IP repositories
INFO: [IP_Flow 19-1704] No user IP repositories specified
INFO: [IP_Flow 19-2313] Loaded Vivado IP repository 'C:/Xilinx/Vivado/2024.2/data/ip'.
WARNING: [Board 49-26] cannot add Board Part xilinx.com:vck190:part0:2.2 available at C:/Xilinx/Vivado/2024.2/data/xhub/boards/XilinxBoardStore/boards/Xilinx/vck190/production/2.2/board.xml as part xcvc1902-vsva2197-2mp-e-s specified in board_part file is either invalid or not available
WARNING: [Board 49-26] cannot add Board Part xilinx.com:vck190:part0:3.0 available at C:/Xilinx/Vivado/2024.2/data/xhub/boards/XilinxBoardStore/boards/Xilinx/vck190/production/3.0/board.xml as part xcvc1902-vsva2197-2mp-e-s specified in board_part file is either invalid or not available
WARNING: [Board 49-26] cannot add Board Part xilinx.com:vck190:part0:3.1 available at C:/Xilinx/Vivado/2024.2/data/xhub/boards/XilinxBoardStore/boards/Xilinx/vck190/production/3.1/board.xml as part xcvc1902-vsva2197-2mp-e-s specified in board_part file is either invalid or not available
WARNING: [Board 49-26] cannot add Board Part xilinx.com:vck190:part0:3.2 available at C:/Xilinx/Vivado/2024.2/data/xhub/boards/XilinxBoardStore/boards/Xilinx/vck190/production/3.2/board.xml as part xcvc1902-vsva2197-2mp-e-s specified in board_part file is either invalid or not available
WARNING: [Board 49-26] cannot add Board Part xilinx.com:vck190:part0:3.3 available at C:/Xilinx/Vivado/2024.2/data/xhub/boards/XilinxBoardStore/boards/Xilinx/vck190/production/3.3/board.xml as part xcvc1902-vsva2197-2mp-e-s specified in board_part file is either invalid or not available
WARNING: [Board 49-26] cannot add Board Part xilinx.com:vck190_newl:part0:1.0 available at C:/Xilinx/Vivado/2024.2/data/xhub/boards/XilinxBoardStore/boards/Xilinx/vck190_newl/production/1.0/board.xml as part xcvc1902-vsva2197-2mp-e-s specified in board_part file is either invalid or not available
WARNING: [Board 49-26] cannot add Board Part xilinx.com:vck190_newl:part0:1.1 available at C:/Xilinx/Vivado/2024.2/data/xhub/boards/XilinxBoardStore/boards/Xilinx/vck190_newl/production/1.1/board.xml as part xcvc1902-vsva2197-2mp-e-s specified in board_part file is either invalid or not available
WARNING: [Board 49-26] cannot add Board Part xilinx.com:vck190_newl:part0:1.2 available at C:/Xilinx/Vivado/2024.2/data/xhub/boards/XilinxBoardStore/boards/Xilinx/vck190_newl/production/1.2/board.xml as part xcvc1902-vsva2197-2mp-e-s specified in board_part file is either invalid or not available
WARNING: [Board 49-26] cannot add Board Part xilinx.com:vmk180:part0:2.2 available at C:/Xilinx/Vivado/2024.2/data/xhub/boards/XilinxBoardStore/boards/Xilinx/vmk180/production/2.2/board.xml as part xcvm1802-vsva2197-2mp-e-s specified in board_part file is either invalid or not available
WARNING: [Board 49-26] cannot add Board Part xilinx.com:vmk180:part0:3.0 available at C:/Xilinx/Vivado/2024.2/data/xhub/boards/XilinxBoardStore/boards/Xilinx/vmk180/production/3.0/board.xml as part xcvm1802-vsva2197-2mp-e-s specified in board_part file is either invalid or not available
WARNING: [Board 49-26] cannot add Board Part xilinx.com:vmk180:part0:3.1 available at C:/Xilinx/Vivado/2024.2/data/xhub/boards/XilinxBoardStore/boards/Xilinx/vmk180/production/3.1/board.xml as part xcvm1802-vsva2197-2mp-e-s specified in board_part file is either invalid or not available
WARNING: [Board 49-26] cannot add Board Part xilinx.com:vmk180:part0:3.2 available at C:/Xilinx/Vivado/2024.2/data/xhub/boards/XilinxBoardStore/boards/Xilinx/vmk180/production/3.2/board.xml as part xcvm1802-vsva2197-2mp-e-s specified in board_part file is either invalid or not available
WARNING: [Board 49-26] cannot add Board Part xilinx.com:vmk180_newl:part0:1.0 available at C:/Xilinx/Vivado/2024.2/data/xhub/boards/XilinxBoardStore/boards/Xilinx/vmk180_newl/production/1.0/board.xml as part xcvm1802-vsva2197-2mp-e-s specified in board_part file is either invalid or not available
WARNING: [Board 49-26] cannot add Board Part xilinx.com:vmk180_newl:part0:1.1 available at C:/Xilinx/Vivado/2024.2/data/xhub/boards/XilinxBoardStore/boards/Xilinx/vmk180_newl/production/1.1/board.xml as part xcvm1802-vsva2197-2mp-e-s specified in board_part file is either invalid or not available
WARNING: [Board 49-26] cannot add Board Part xilinx.com:vpk120:part0:1.0 available at C:/Xilinx/Vivado/2024.2/data/xhub/boards/XilinxBoardStore/boards/Xilinx/vpk120/production/1.0/board.xml as part xcvp1202-vsva2785-2mp-e-s specified in board_part file is either invalid or not available
WARNING: [Board 49-26] cannot add Board Part xilinx.com:vpk120:part0:1.1 available at C:/Xilinx/Vivado/2024.2/data/xhub/boards/XilinxBoardStore/boards/Xilinx/vpk120/production/1.1/board.xml as part xcvp1202-vsva2785-2mp-e-s specified in board_part file is either invalid or not available
WARNING: [Board 49-26] cannot add Board Part xilinx.com:vpk120:part0:1.2 available at C:/Xilinx/Vivado/2024.2/data/xhub/boards/XilinxBoardStore/boards/Xilinx/vpk120/production/1.2/board.xml as part xcvp1202-vsva2785-2mp-e-s specified in board_part file is either invalid or not available
create_project: Time (s): cpu = 00:00:05 ; elapsed = 00:00:08 . Memory (MB): peak = 2071.340 ; gain = 0.000
INFO: [IP_Flow 19-234] Refreshing IP repositories
INFO: [IP_Flow 19-1700] Loaded user IP repository 'c:/Users/C27Soren.Herzog/Downloads/ece383_code-main/ece383_code-main/ip_repo/My_Lab3_1_0'.
INFO: [IP_Flow 19-1700] Loaded user IP repository 'c:/Users/C27Soren.Herzog/ece383/Herzog_ece383_wksp/ip_repo/ZoGolf_DP_1_0'.
INFO: [IP_Flow 19-1700] Loaded user IP repository 'c:/Users/C27Soren.Herzog/Downloads/ece383_code-main/ece383_code-main/ip_repo/My_Counter_IP_1_0'.
INFO: [IP_Flow 19-795] Syncing license key meta-data
ipx::edit_ip_in_project: Time (s): cpu = 00:00:07 ; elapsed = 00:00:10 . Memory (MB): peak = 2071.340 ; gain = 0.000
update_compile_order -fileset sources_1
close_project
current_project Lab3
delete_bd_objs [get_bd_cells ZoGolf_DP_0]
current_project My_Lab3_v1_0_project
undo
INFO: [Common 17-17] undo 'current_project My_Lab3_v1_0_project'
startgroup
create_bd_cell -type ip -vlnv xilinx.com:user:ZoGolf_DP:1.0 ZoGolf_DP_0
endgroup
current_project My_Lab3_v1_0_project
current_project Lab3
set_property location {5 2060 1000} [get_bd_cells ZoGolf_DP_0]
ipx::edit_ip_in_project -upgrade true -name ZoGolf_DP_v1_0_project -directory C:/Users/C27Soren.Herzog/ece383/Herzog_ece383_wksp/lab3/lab3/Lab3.tmp/ZoGolf_DP_v1_0_project c:/Users/C27Soren.Herzog/ece383/Herzog_ece383_wksp/ip_repo/ZoGolf_DP_1_0/component.xml
INFO: [ProjectBase 1-489] The host OS only allows 260 characters in a normal path. The project is stored in a path with more than 80 characters. If you experience issues with IP, Block Designs, or files not being found, please consider moving the project to a location with a shorter path. Alternately consider using the OS subst command to map part of the path to a drive letter.
Current project path is 'c:/users/c27soren.herzog/ece383/herzog_ece383_wksp/lab3/lab3/lab3.tmp/zogolf_dp_v1_0_project'
INFO: [IP_Flow 19-234] Refreshing IP repositories
INFO: [IP_Flow 19-1704] No user IP repositories specified
INFO: [IP_Flow 19-2313] Loaded Vivado IP repository 'C:/Xilinx/Vivado/2024.2/data/ip'.
WARNING: [Board 49-26] cannot add Board Part xilinx.com:vck190:part0:2.2 available at C:/Xilinx/Vivado/2024.2/data/xhub/boards/XilinxBoardStore/boards/Xilinx/vck190/production/2.2/board.xml as part xcvc1902-vsva2197-2mp-e-s specified in board_part file is either invalid or not available
WARNING: [Board 49-26] cannot add Board Part xilinx.com:vck190:part0:3.0 available at C:/Xilinx/Vivado/2024.2/data/xhub/boards/XilinxBoardStore/boards/Xilinx/vck190/production/3.0/board.xml as part xcvc1902-vsva2197-2mp-e-s specified in board_part file is either invalid or not available
WARNING: [Board 49-26] cannot add Board Part xilinx.com:vck190:part0:3.1 available at C:/Xilinx/Vivado/2024.2/data/xhub/boards/XilinxBoardStore/boards/Xilinx/vck190/production/3.1/board.xml as part xcvc1902-vsva2197-2mp-e-s specified in board_part file is either invalid or not available
WARNING: [Board 49-26] cannot add Board Part xilinx.com:vck190:part0:3.2 available at C:/Xilinx/Vivado/2024.2/data/xhub/boards/XilinxBoardStore/boards/Xilinx/vck190/production/3.2/board.xml as part xcvc1902-vsva2197-2mp-e-s specified in board_part file is either invalid or not available
WARNING: [Board 49-26] cannot add Board Part xilinx.com:vck190:part0:3.3 available at C:/Xilinx/Vivado/2024.2/data/xhub/boards/XilinxBoardStore/boards/Xilinx/vck190/production/3.3/board.xml as part xcvc1902-vsva2197-2mp-e-s specified in board_part file is either invalid or not available
WARNING: [Board 49-26] cannot add Board Part xilinx.com:vck190_newl:part0:1.0 available at C:/Xilinx/Vivado/2024.2/data/xhub/boards/XilinxBoardStore/boards/Xilinx/vck190_newl/production/1.0/board.xml as part xcvc1902-vsva2197-2mp-e-s specified in board_part file is either invalid or not available
WARNING: [Board 49-26] cannot add Board Part xilinx.com:vck190_newl:part0:1.1 available at C:/Xilinx/Vivado/2024.2/data/xhub/boards/XilinxBoardStore/boards/Xilinx/vck190_newl/production/1.1/board.xml as part xcvc1902-vsva2197-2mp-e-s specified in board_part file is either invalid or not available
WARNING: [Board 49-26] cannot add Board Part xilinx.com:vck190_newl:part0:1.2 available at C:/Xilinx/Vivado/2024.2/data/xhub/boards/XilinxBoardStore/boards/Xilinx/vck190_newl/production/1.2/board.xml as part xcvc1902-vsva2197-2mp-e-s specified in board_part file is either invalid or not available
WARNING: [Board 49-26] cannot add Board Part xilinx.com:vmk180:part0:2.2 available at C:/Xilinx/Vivado/2024.2/data/xhub/boards/XilinxBoardStore/boards/Xilinx/vmk180/production/2.2/board.xml as part xcvm1802-vsva2197-2mp-e-s specified in board_part file is either invalid or not available
WARNING: [Board 49-26] cannot add Board Part xilinx.com:vmk180:part0:3.0 available at C:/Xilinx/Vivado/2024.2/data/xhub/boards/XilinxBoardStore/boards/Xilinx/vmk180/production/3.0/board.xml as part xcvm1802-vsva2197-2mp-e-s specified in board_part file is either invalid or not available
WARNING: [Board 49-26] cannot add Board Part xilinx.com:vmk180:part0:3.1 available at C:/Xilinx/Vivado/2024.2/data/xhub/boards/XilinxBoardStore/boards/Xilinx/vmk180/production/3.1/board.xml as part xcvm1802-vsva2197-2mp-e-s specified in board_part file is either invalid or not available
WARNING: [Board 49-26] cannot add Board Part xilinx.com:vmk180:part0:3.2 available at C:/Xilinx/Vivado/2024.2/data/xhub/boards/XilinxBoardStore/boards/Xilinx/vmk180/production/3.2/board.xml as part xcvm1802-vsva2197-2mp-e-s specified in board_part file is either invalid or not available
WARNING: [Board 49-26] cannot add Board Part xilinx.com:vmk180_newl:part0:1.0 available at C:/Xilinx/Vivado/2024.2/data/xhub/boards/XilinxBoardStore/boards/Xilinx/vmk180_newl/production/1.0/board.xml as part xcvm1802-vsva2197-2mp-e-s specified in board_part file is either invalid or not available
WARNING: [Board 49-26] cannot add Board Part xilinx.com:vmk180_newl:part0:1.1 available at C:/Xilinx/Vivado/2024.2/data/xhub/boards/XilinxBoardStore/boards/Xilinx/vmk180_newl/production/1.1/board.xml as part xcvm1802-vsva2197-2mp-e-s specified in board_part file is either invalid or not available
WARNING: [Board 49-26] cannot add Board Part xilinx.com:vpk120:part0:1.0 available at C:/Xilinx/Vivado/2024.2/data/xhub/boards/XilinxBoardStore/boards/Xilinx/vpk120/production/1.0/board.xml as part xcvp1202-vsva2785-2mp-e-s specified in board_part file is either invalid or not available
WARNING: [Board 49-26] cannot add Board Part xilinx.com:vpk120:part0:1.1 available at C:/Xilinx/Vivado/2024.2/data/xhub/boards/XilinxBoardStore/boards/Xilinx/vpk120/production/1.1/board.xml as part xcvp1202-vsva2785-2mp-e-s specified in board_part file is either invalid or not available
WARNING: [Board 49-26] cannot add Board Part xilinx.com:vpk120:part0:1.2 available at C:/Xilinx/Vivado/2024.2/data/xhub/boards/XilinxBoardStore/boards/Xilinx/vpk120/production/1.2/board.xml as part xcvp1202-vsva2785-2mp-e-s specified in board_part file is either invalid or not available
create_project: Time (s): cpu = 00:00:05 ; elapsed = 00:00:06 . Memory (MB): peak = 2071.340 ; gain = 0.000
INFO: [IP_Flow 19-234] Refreshing IP repositories
INFO: [IP_Flow 19-1700] Loaded user IP repository 'c:/Users/C27Soren.Herzog/Downloads/ece383_code-main/ece383_code-main/ip_repo/My_Lab3_1_0'.
INFO: [IP_Flow 19-1700] Loaded user IP repository 'c:/Users/C27Soren.Herzog/ece383/Herzog_ece383_wksp/ip_repo/ZoGolf_DP_1_0'.
INFO: [IP_Flow 19-1700] Loaded user IP repository 'c:/Users/C27Soren.Herzog/Downloads/ece383_code-main/ece383_code-main/ip_repo/My_Counter_IP_1_0'.
INFO: [IP_Flow 19-795] Syncing license key meta-data
ipx::edit_ip_in_project: Time (s): cpu = 00:00:06 ; elapsed = 00:00:08 . Memory (MB): peak = 2071.340 ; gain = 0.000
update_compile_order -fileset sources_1
add_files -norecurse -copy_to c:/Users/C27Soren.Herzog/ece383/Herzog_ece383_wksp/ip_repo/ZoGolf_DP_1_0/src C:/Users/C27Soren.Herzog/ece383/Herzog_ece383_wksp/FinalProj/ZoGolf_FinalProj.srcs/sources_1/ip/clk_wiz_1/clk_wiz_1.xci
WARNING: [Vivado 12-13650] The IP file 'c:/Users/C27Soren.Herzog/ece383/Herzog_ece383_wksp/ip_repo/ZoGolf_DP_1_0/src/clk_wiz_1/clk_wiz_1.xci' has been moved from its original location, as a result the outputs for this IP will now be generated in 'c:/Users/C27Soren.Herzog/ece383/Herzog_ece383_wksp/ZoGolf_FinalProj.gen/sources_1/ip/clk_wiz_1'. Alternatively a copy of the IP can be imported into the project using one of the 'import_ip' or 'import_files' commands.
add_files -norecurse -copy_to c:/Users/C27Soren.Herzog/ece383/Herzog_ece383_wksp/ip_repo/ZoGolf_DP_1_0/src {C:/Users/C27Soren.Herzog/ece383/Herzog_ece383_wksp/FinalProj/ZoGolf_FinalProj.srcs/sources_1/new/PS2_mouse_decoder.vhd {C:/Users/C27Soren.Herzog/ece383/Herzog_ece383_wksp/FinalProj/ZoGolf_FinalProj.srcs/sources_1/imports/video components/counter.vhd} C:/Users/C27Soren.Herzog/ece383/Herzog_ece383_wksp/FinalProj/ZoGolf_FinalProj.srcs/sources_1/new/BRAM_Level_Selector.vhd C:/Users/C27Soren.Herzog/ece383/Herzog_ece383_wksp/FinalProj/ZoGolf_FinalProj.srcs/sources_1/imports/PS2_Mouse_HowTo/ps2_transceiver.vhd C:/Users/C27Soren.Herzog/ece383/Herzog_ece383_wksp/FinalProj/ZoGolf_FinalProj.srcs/sources_1/imports/sources_1/imports/KCPSM6/NES_Controller_ROM.vhd C:/Users/C27Soren.Herzog/ece383/Herzog_ece383_wksp/FinalProj/ZoGolf_FinalProj.srcs/sources_1/imports/PS2_Mouse_HowTo/debounce.vhd C:/Users/C27Soren.Herzog/ece383/Herzog_ece383_wksp/FinalProj/ZoGolf_FinalProj.srcs/sources_1/imports/sources_1/new/NES_Controller.vhd C:/Users/C27Soren.Herzog/ece383/Herzog_ece383_wksp/FinalProj/ZoGolf_FinalProj.srcs/sources_1/new/Level_BRAM_Pair.vhd C:/Users/C27Soren.Herzog/ece383/Herzog_ece383_wksp/FinalProj/ZoGolf_FinalProj.srcs/sources_1/new/level1_BRAM_Pair.vhd {C:/Users/C27Soren.Herzog/ece383/Herzog_ece383_wksp/FinalProj/ZoGolf_FinalProj.srcs/sources_1/imports/code/video components/ece383_pkg.vhd} C:/Users/C27Soren.Herzog/ece383/Herzog_ece383_wksp/FinalProj/ZoGolf_FinalProj.srcs/sources_1/imports/PS2_Mouse_HowTo/ps2_mouse.vhd {C:/Users/C27Soren.Herzog/ece383/Herzog_ece383_wksp/FinalProj/ZoGolf_FinalProj.srcs/sources_1/imports/code/video components/dvid.vhdl} {C:/Users/C27Soren.Herzog/ece383/Herzog_ece383_wksp/FinalProj/ZoGolf_FinalProj.srcs/sources_1/imports/code/video components/vga.vhd} C:/Users/C27Soren.Herzog/ece383/Herzog_ece383_wksp/FinalProj/ZoGolf_FinalProj.srcs/sources_1/new/ZoGolf_DataPath.vhd {C:/Users/C27Soren.Herzog/ece383/Herzog_ece383_wksp/FinalProj/ZoGolf_FinalProj.srcs/sources_1/imports/code/video components/vga_signal_generator.vhd} {C:/Users/C27Soren.Herzog/ece383/Herzog_ece383_wksp/FinalProj/ZoGolf_FinalProj.srcs/sources_1/imports/code/video components/video.vhdl} C:/Users/C27Soren.Herzog/ece383/Herzog_ece383_wksp/FinalProj/ZoGolf_FinalProj.srcs/sources_1/imports/code/color_mapper.vhd {C:/Users/C27Soren.Herzog/ece383/Herzog_ece383_wksp/FinalProj/ZoGolf_FinalProj.srcs/sources_1/imports/code/video components/tdms.vhdl} C:/Users/C27Soren.Herzog/ece383/Herzog_ece383_wksp/FinalProj/ZoGolf_FinalProj.srcs/sources_1/imports/sources_1/imports/picoblaze/kcpsm6.vhd C:/Users/C27Soren.Herzog/ece383/Herzog_ece383_wksp/FinalProj/ZoGolf_FinalProj.srcs/sources_1/new/level0_BRAM_Pair.vhd}
ERROR: [Vivado 12-3630] The destination file 'c:/Users/C27Soren.Herzog/ece383/Herzog_ece383_wksp/ip_repo/ZoGolf_DP_1_0/src/PS2_mouse_decoder.vhd' already exists, please use -force if you want to overwrite!
current_project My_Lab3_v1_0_project
current_project ZoGolf_DP_v1_0_project
update_compile_order -fileset sources_1
add_files -norecurse -copy_to c:/Users/C27Soren.Herzog/ece383/Herzog_ece383_wksp/ip_repo/ZoGolf_DP_1_0/src {C:/Users/C27Soren.Herzog/ece383/Herzog_ece383_wksp/FinalProj/ZoGolf_FinalProj.srcs/sources_1/new/PS2_mouse_decoder.vhd C:/Users/C27Soren.Herzog/ece383/Herzog_ece383_wksp/FinalProj/ZoGolf_FinalProj.srcs/sources_1/new/BRAM_Level_Selector.vhd C:/Users/C27Soren.Herzog/ece383/Herzog_ece383_wksp/FinalProj/ZoGolf_FinalProj.srcs/sources_1/new/level1_BRAM_Pair.vhd C:/Users/C27Soren.Herzog/ece383/Herzog_ece383_wksp/FinalProj/ZoGolf_FinalProj.srcs/sources_1/new/ZoGolf_DataPath.vhd C:/Users/C27Soren.Herzog/ece383/Herzog_ece383_wksp/FinalProj/ZoGolf_FinalProj.srcs/sources_1/new/Level_BRAM_Pair.vhd C:/Users/C27Soren.Herzog/ece383/Herzog_ece383_wksp/FinalProj/ZoGolf_FinalProj.srcs/sources_1/new/level0_BRAM_Pair.vhd}
ERROR: [Vivado 12-3630] The destination file 'c:/Users/C27Soren.Herzog/ece383/Herzog_ece383_wksp/ip_repo/ZoGolf_DP_1_0/src/PS2_mouse_decoder.vhd' already exists, please use -force if you want to overwrite!
add_files -norecurse -copy_to c:/Users/C27Soren.Herzog/ece383/Herzog_ece383_wksp/ip_repo/ZoGolf_DP_1_0/src {C:/Users/C27Soren.Herzog/ece383/Herzog_ece383_wksp/FinalProj/ZoGolf_FinalProj.srcs/sources_1/new/PS2_mouse_decoder.vhd C:/Users/C27Soren.Herzog/ece383/Herzog_ece383_wksp/FinalProj/ZoGolf_FinalProj.srcs/sources_1/new/BRAM_Level_Selector.vhd C:/Users/C27Soren.Herzog/ece383/Herzog_ece383_wksp/FinalProj/ZoGolf_FinalProj.srcs/sources_1/new/level1_BRAM_Pair.vhd C:/Users/C27Soren.Herzog/ece383/Herzog_ece383_wksp/FinalProj/ZoGolf_FinalProj.srcs/sources_1/new/Level_BRAM_Pair.vhd C:/Users/C27Soren.Herzog/ece383/Herzog_ece383_wksp/FinalProj/ZoGolf_FinalProj.srcs/sources_1/new/level0_BRAM_Pair.vhd}
ERROR: [Vivado 12-3630] The destination file 'c:/Users/C27Soren.Herzog/ece383/Herzog_ece383_wksp/ip_repo/ZoGolf_DP_1_0/src/PS2_mouse_decoder.vhd' already exists, please use -force if you want to overwrite!
ipx::merge_project_changes files [ipx::current_core]
WARNING: [IP_Flow 19-3833] Unreferenced file from the top module is not packaged: 'c:/Users/C27Soren.Herzog/ece383/Herzog_ece383_wksp/ip_repo/ZoGolf_DP_1_0/src/clk_wiz_1/clk_wiz_1.xci'.
current_project Lab3
ipx::edit_ip_in_project -upgrade true -name My_Lab3_v1_0_project -directory C:/Users/C27Soren.Herzog/ece383/Herzog_ece383_wksp/lab3/lab3/Lab3.tmp/My_Lab3_v1_0_project c:/Users/C27Soren.Herzog/Downloads/ece383_code-main/ece383_code-main/ip_repo/My_Lab3_1_0/component.xml
ERROR: [Ipptcl 7-561] A project named 'My_Lab3_v1_0_project' is already opened.
ERROR: [Common 17-39] 'ipx::edit_ip_in_project' failed due to earlier errors.
current_project ZoGolf_DP_v1_0_project
add_files -norecurse -copy_to c:/Users/C27Soren.Herzog/ece383/Herzog_ece383_wksp/ip_repo/ZoGolf_DP_1_0/src C:/Users/C27Soren.Herzog/ece383/Herzog_ece383_wksp/FinalProj/ZoGolf_FinalProj.srcs/sources_1/new/Level_BRAM_Pair.vhd
update_compile_order -fileset sources_1
remove_files  c:/Users/C27Soren.Herzog/ece383/Herzog_ece383_wksp/ip_repo/ZoGolf_DP_1_0/src/Level_BRAM_Pair.vhd
add_files -norecurse -copy_to c:/Users/C27Soren.Herzog/ece383/Herzog_ece383_wksp/ip_repo/ZoGolf_DP_1_0/src C:/Users/C27Soren.Herzog/ece383/Herzog_ece383_wksp/FinalProj/ZoGolf_FinalProj.srcs/sources_1/new/ZoGolf_DataPath.vhd
ERROR: [Vivado 12-3630] The destination file 'c:/Users/C27Soren.Herzog/ece383/Herzog_ece383_wksp/ip_repo/ZoGolf_DP_1_0/src/ZoGolf_DataPath.vhd' already exists, please use -force if you want to overwrite!
current_project Lab3
current_project ZoGolf_DP_v1_0_project
add_files -norecurse -copy_to c:/Users/C27Soren.Herzog/ece383/Herzog_ece383_wksp/ip_repo/ZoGolf_DP_1_0/src C:/Users/C27Soren.Herzog/ece383/Herzog_ece383_wksp/FinalProj/ZoGolf_FinalProj.srcs/sources_1/new/ZoGolf_DataPath.vhd
ERROR: [Vivado 12-3630] The destination file 'c:/Users/C27Soren.Herzog/ece383/Herzog_ece383_wksp/ip_repo/ZoGolf_DP_1_0/src/ZoGolf_DataPath.vhd' already exists, please use -force if you want to overwrite!
add_files -norecurse -copy_to c:/Users/C27Soren.Herzog/ece383/Herzog_ece383_wksp/ip_repo/ZoGolf_DP_1_0/src {C:/Users/C27Soren.Herzog/ece383/Sources_Final_proj/ps2_transceiver.vhd C:/Users/C27Soren.Herzog/ece383/Sources_Final_proj/NES_Controller_ROM.vhd C:/Users/C27Soren.Herzog/ece383/Sources_Final_proj/debounce.vhd C:/Users/C27Soren.Herzog/ece383/Sources_Final_proj/PS2_mouse_decoder.vhd C:/Users/C27Soren.Herzog/ece383/Sources_Final_proj/ps2_mouse.vhd C:/Users/C27Soren.Herzog/ece383/Sources_Final_proj/tdms.vhdl C:/Users/C27Soren.Herzog/ece383/Sources_Final_proj/Level_BRAM_Pair.vhd C:/Users/C27Soren.Herzog/ece383/Sources_Final_proj/ece383_pkg.vhd C:/Users/C27Soren.Herzog/ece383/Sources_Final_proj/level1_BRAM_Pair.vhd C:/Users/C27Soren.Herzog/ece383/Sources_Final_proj/BRAM_Level_Selector.vhd C:/Users/C27Soren.Herzog/ece383/Sources_Final_proj/level0_BRAM_Pair.vhd C:/Users/C27Soren.Herzog/ece383/Sources_Final_proj/dvid.vhdl C:/Users/C27Soren.Herzog/ece383/Sources_Final_proj/ZoGolf_DataPath.vhd C:/Users/C27Soren.Herzog/ece383/Sources_Final_proj/video.vhdl C:/Users/C27Soren.Herzog/ece383/Sources_Final_proj/vga_signal_generator.vhd C:/Users/C27Soren.Herzog/ece383/Sources_Final_proj/kcpsm6.vhd C:/Users/C27Soren.Herzog/ece383/Sources_Final_proj/vga.vhd C:/Users/C27Soren.Herzog/ece383/Sources_Final_proj/NES_Controller.vhd C:/Users/C27Soren.Herzog/ece383/Sources_Final_proj/color_mapper.vhd C:/Users/C27Soren.Herzog/ece383/Sources_Final_proj/counter.vhd}
ERROR: [Vivado 12-3630] The destination file 'c:/Users/C27Soren.Herzog/ece383/Herzog_ece383_wksp/ip_repo/ZoGolf_DP_1_0/src/ps2_transceiver.vhd' already exists, please use -force if you want to overwrite!
add_files -norecurse -copy_to c:/Users/C27Soren.Herzog/ece383/Herzog_ece383_wksp/ip_repo/ZoGolf_DP_1_0/src {C:/Users/C27Soren.Herzog/ece383/Sources_Final_proj/ps2_transceiver.vhd C:/Users/C27Soren.Herzog/ece383/Sources_Final_proj/NES_Controller_ROM.vhd C:/Users/C27Soren.Herzog/ece383/Sources_Final_proj/debounce.vhd C:/Users/C27Soren.Herzog/ece383/Sources_Final_proj/PS2_mouse_decoder.vhd C:/Users/C27Soren.Herzog/ece383/Sources_Final_proj/ps2_mouse.vhd C:/Users/C27Soren.Herzog/ece383/Sources_Final_proj/tdms.vhdl C:/Users/C27Soren.Herzog/ece383/Sources_Final_proj/Level_BRAM_Pair.vhd C:/Users/C27Soren.Herzog/ece383/Sources_Final_proj/ece383_pkg.vhd C:/Users/C27Soren.Herzog/ece383/Sources_Final_proj/level1_BRAM_Pair.vhd C:/Users/C27Soren.Herzog/ece383/Sources_Final_proj/BRAM_Level_Selector.vhd C:/Users/C27Soren.Herzog/ece383/Sources_Final_proj/level0_BRAM_Pair.vhd C:/Users/C27Soren.Herzog/ece383/Sources_Final_proj/dvid.vhdl C:/Users/C27Soren.Herzog/ece383/Sources_Final_proj/ZoGolf_DataPath.vhd C:/Users/C27Soren.Herzog/ece383/Sources_Final_proj/video.vhdl C:/Users/C27Soren.Herzog/ece383/Sources_Final_proj/vga_signal_generator.vhd C:/Users/C27Soren.Herzog/ece383/Sources_Final_proj/kcpsm6.vhd C:/Users/C27Soren.Herzog/ece383/Sources_Final_proj/vga.vhd C:/Users/C27Soren.Herzog/ece383/Sources_Final_proj/NES_Controller.vhd C:/Users/C27Soren.Herzog/ece383/Sources_Final_proj/color_mapper.vhd C:/Users/C27Soren.Herzog/ece383/Sources_Final_proj/counter.vhd} -force
WARNING: [Vivado 12-3631] The destination file or directory 'c:/Users/C27Soren.Herzog/ece383/Herzog_ece383_wksp/ip_repo/ZoGolf_DP_1_0/src/ps2_transceiver.vhd' already exists, -force is used to overwrite it
WARNING: [Vivado 12-3631] The destination file or directory 'c:/Users/C27Soren.Herzog/ece383/Herzog_ece383_wksp/ip_repo/ZoGolf_DP_1_0/src/NES_Controller_ROM.vhd' already exists, -force is used to overwrite it
WARNING: [Vivado 12-3631] The destination file or directory 'c:/Users/C27Soren.Herzog/ece383/Herzog_ece383_wksp/ip_repo/ZoGolf_DP_1_0/src/debounce.vhd' already exists, -force is used to overwrite it
WARNING: [Vivado 12-3631] The destination file or directory 'c:/Users/C27Soren.Herzog/ece383/Herzog_ece383_wksp/ip_repo/ZoGolf_DP_1_0/src/PS2_mouse_decoder.vhd' already exists, -force is used to overwrite it
WARNING: [Vivado 12-3631] The destination file or directory 'c:/Users/C27Soren.Herzog/ece383/Herzog_ece383_wksp/ip_repo/ZoGolf_DP_1_0/src/ps2_mouse.vhd' already exists, -force is used to overwrite it
WARNING: [Vivado 12-3631] The destination file or directory 'c:/Users/C27Soren.Herzog/ece383/Herzog_ece383_wksp/ip_repo/ZoGolf_DP_1_0/src/tdms.vhdl' already exists, -force is used to overwrite it
WARNING: [Vivado 12-3631] The destination file or directory 'c:/Users/C27Soren.Herzog/ece383/Herzog_ece383_wksp/ip_repo/ZoGolf_DP_1_0/src/Level_BRAM_Pair.vhd' already exists, -force is used to overwrite it
WARNING: [Vivado 12-3631] The destination file or directory 'c:/Users/C27Soren.Herzog/ece383/Herzog_ece383_wksp/ip_repo/ZoGolf_DP_1_0/src/ece383_pkg.vhd' already exists, -force is used to overwrite it
WARNING: [Vivado 12-3631] The destination file or directory 'c:/Users/C27Soren.Herzog/ece383/Herzog_ece383_wksp/ip_repo/ZoGolf_DP_1_0/src/level1_BRAM_Pair.vhd' already exists, -force is used to overwrite it
WARNING: [Vivado 12-3631] The destination file or directory 'c:/Users/C27Soren.Herzog/ece383/Herzog_ece383_wksp/ip_repo/ZoGolf_DP_1_0/src/BRAM_Level_Selector.vhd' already exists, -force is used to overwrite it
WARNING: [Vivado 12-3631] The destination file or directory 'c:/Users/C27Soren.Herzog/ece383/Herzog_ece383_wksp/ip_repo/ZoGolf_DP_1_0/src/level0_BRAM_Pair.vhd' already exists, -force is used to overwrite it
WARNING: [Vivado 12-3631] The destination file or directory 'c:/Users/C27Soren.Herzog/ece383/Herzog_ece383_wksp/ip_repo/ZoGolf_DP_1_0/src/dvid.vhdl' already exists, -force is used to overwrite it
WARNING: [Vivado 12-3631] The destination file or directory 'c:/Users/C27Soren.Herzog/ece383/Herzog_ece383_wksp/ip_repo/ZoGolf_DP_1_0/src/ZoGolf_DataPath.vhd' already exists, -force is used to overwrite it
WARNING: [Vivado 12-3631] The destination file or directory 'c:/Users/C27Soren.Herzog/ece383/Herzog_ece383_wksp/ip_repo/ZoGolf_DP_1_0/src/video.vhdl' already exists, -force is used to overwrite it
WARNING: [Vivado 12-3631] The destination file or directory 'c:/Users/C27Soren.Herzog/ece383/Herzog_ece383_wksp/ip_repo/ZoGolf_DP_1_0/src/vga_signal_generator.vhd' already exists, -force is used to overwrite it
WARNING: [Vivado 12-3631] The destination file or directory 'c:/Users/C27Soren.Herzog/ece383/Herzog_ece383_wksp/ip_repo/ZoGolf_DP_1_0/src/kcpsm6.vhd' already exists, -force is used to overwrite it
WARNING: [Vivado 12-3631] The destination file or directory 'c:/Users/C27Soren.Herzog/ece383/Herzog_ece383_wksp/ip_repo/ZoGolf_DP_1_0/src/vga.vhd' already exists, -force is used to overwrite it
WARNING: [Vivado 12-3631] The destination file or directory 'c:/Users/C27Soren.Herzog/ece383/Herzog_ece383_wksp/ip_repo/ZoGolf_DP_1_0/src/NES_Controller.vhd' already exists, -force is used to overwrite it
WARNING: [Vivado 12-3631] The destination file or directory 'c:/Users/C27Soren.Herzog/ece383/Herzog_ece383_wksp/ip_repo/ZoGolf_DP_1_0/src/color_mapper.vhd' already exists, -force is used to overwrite it
WARNING: [Vivado 12-3631] The destination file or directory 'c:/Users/C27Soren.Herzog/ece383/Herzog_ece383_wksp/ip_repo/ZoGolf_DP_1_0/src/counter.vhd' already exists, -force is used to overwrite it
c:/Users/C27Soren.Herzog/ece383/Herzog_ece383_wksp/ip_repo/ZoGolf_DP_1_0/src/ps2_transceiver.vhd c:/Users/C27Soren.Herzog/ece383/Herzog_ece383_wksp/ip_repo/ZoGolf_DP_1_0/src/NES_Controller_ROM.vhd c:/Users/C27Soren.Herzog/ece383/Herzog_ece383_wksp/ip_repo/ZoGolf_DP_1_0/src/debounce.vhd c:/Users/C27Soren.Herzog/ece383/Herzog_ece383_wksp/ip_repo/ZoGolf_DP_1_0/src/PS2_mouse_decoder.vhd c:/Users/C27Soren.Herzog/ece383/Herzog_ece383_wksp/ip_repo/ZoGolf_DP_1_0/src/ps2_mouse.vhd c:/Users/C27Soren.Herzog/ece383/Herzog_ece383_wksp/ip_repo/ZoGolf_DP_1_0/src/tdms.vhdl c:/Users/C27Soren.Herzog/ece383/Herzog_ece383_wksp/ip_repo/ZoGolf_DP_1_0/src/Level_BRAM_Pair.vhd c:/Users/C27Soren.Herzog/ece383/Herzog_ece383_wksp/ip_repo/ZoGolf_DP_1_0/src/ece383_pkg.vhd c:/Users/C27Soren.Herzog/ece383/Herzog_ece383_wksp/ip_repo/ZoGolf_DP_1_0/src/level1_BRAM_Pair.vhd c:/Users/C27Soren.Herzog/ece383/Herzog_ece383_wksp/ip_repo/ZoGolf_DP_1_0/src/BRAM_Level_Selector.vhd c:/Users/C27Soren.Herzog/ece383/Herzog_ece383_wksp/ip_repo/ZoGolf_DP_1_0/src/level0_BRAM_Pair.vhd c:/Users/C27Soren.Herzog/ece383/Herzog_ece383_wksp/ip_repo/ZoGolf_DP_1_0/src/dvid.vhdl c:/Users/C27Soren.Herzog/ece383/Herzog_ece383_wksp/ip_repo/ZoGolf_DP_1_0/src/ZoGolf_DataPath.vhd c:/Users/C27Soren.Herzog/ece383/Herzog_ece383_wksp/ip_repo/ZoGolf_DP_1_0/src/video.vhdl c:/Users/C27Soren.Herzog/ece383/Herzog_ece383_wksp/ip_repo/ZoGolf_DP_1_0/src/vga_signal_generator.vhd c:/Users/C27Soren.Herzog/ece383/Herzog_ece383_wksp/ip_repo/ZoGolf_DP_1_0/src/kcpsm6.vhd c:/Users/C27Soren.Herzog/ece383/Herzog_ece383_wksp/ip_repo/ZoGolf_DP_1_0/src/vga.vhd c:/Users/C27Soren.Herzog/ece383/Herzog_ece383_wksp/ip_repo/ZoGolf_DP_1_0/src/NES_Controller.vhd c:/Users/C27Soren.Herzog/ece383/Herzog_ece383_wksp/ip_repo/ZoGolf_DP_1_0/src/color_mapper.vhd c:/Users/C27Soren.Herzog/ece383/Herzog_ece383_wksp/ip_repo/ZoGolf_DP_1_0/src/counter.vhd
update_compile_order -fileset sources_1
ipx::merge_project_changes files [ipx::current_core]
WARNING: [IP_Flow 19-3833] Unreferenced file from the top module is not packaged: 'c:/Users/C27Soren.Herzog/ece383/Herzog_ece383_wksp/ip_repo/ZoGolf_DP_1_0/src/clk_wiz_1/clk_wiz_1.xci'.
WARNING: [IP_Flow 19-3833] Unreferenced file from the top module is not packaged: 'c:/Users/C27Soren.Herzog/ece383/Herzog_ece383_wksp/ip_repo/ZoGolf_DP_1_0/src/Level_BRAM_Pair.vhd'.
WARNING: [IP_Flow 19-3833] Unreferenced file from the top module is not packaged: 'c:/Users/C27Soren.Herzog/ece383/Herzog_ece383_wksp/ip_repo/ZoGolf_DP_1_0/src/vga.vhd'.
WARNING: [filemgmt 56-199] Attempt to get parsing info during refresh. "On-the-fly" syntax checking information may be incorrect. [c:\Users\C27Soren.Herzog\ece383\Herzog_ece383_wksp\ip_repo\ZoGolf_DP_1_0\hdl\ZoGolf_DP.vhd:]
WARNING: [filemgmt 56-199] Attempt to get parsing info during refresh. "On-the-fly" syntax checking information may be incorrect. [c:\Users\C27Soren.Herzog\ece383\Herzog_ece383_wksp\ip_repo\ZoGolf_DP_1_0\hdl\ZoGolf_DP_slave_lite_v1_0_S00_AXI.vhd:]
WARNING: [filemgmt 56-199] Attempt to get parsing info during refresh. "On-the-fly" syntax checking information may be incorrect. [c:\Users\C27Soren.Herzog\ece383\Herzog_ece383_wksp\ip_repo\ZoGolf_DP_1_0\hdl\ZoGolf_DP.vhd:]
WARNING: [filemgmt 56-199] Attempt to get parsing info during refresh. "On-the-fly" syntax checking information may be incorrect. [c:\Users\C27Soren.Herzog\ece383\Herzog_ece383_wksp\ip_repo\ZoGolf_DP_1_0\hdl\ZoGolf_DP.vhd:]
ERROR: [Common 17-180] Spawn failed: No error
ipx::merge_project_changes hdl_parameters [ipx::current_core]
WARNING: [IP_Flow 19-3833] Unreferenced file from the top module is not packaged: 'c:/Users/C27Soren.Herzog/ece383/Herzog_ece383_wksp/ip_repo/ZoGolf_DP_1_0/src/clk_wiz_1/clk_wiz_1.xci'.
WARNING: [IP_Flow 19-3833] Unreferenced file from the top module is not packaged: 'c:/Users/C27Soren.Herzog/ece383/Herzog_ece383_wksp/ip_repo/ZoGolf_DP_1_0/src/Level_BRAM_Pair.vhd'.
WARNING: [IP_Flow 19-3833] Unreferenced file from the top module is not packaged: 'c:/Users/C27Soren.Herzog/ece383/Herzog_ece383_wksp/ip_repo/ZoGolf_DP_1_0/src/vga.vhd'.
INFO: [IP_Flow 19-5107] Inferred bus interface 'ps2_clk' of definition 'xilinx.com:signal:clock:1.0' (from Xilinx Repository).
INFO: [IP_Flow 19-3166] Bus Interface 'S00_AXI': References existing memory map 'S00_AXI'.
set_property core_revision 2 [ipx::current_core]
ipx::update_source_project_archive -component [ipx::current_core]
ipx::create_xgui_files [ipx::current_core]
ipx::update_checksums [ipx::current_core]
ipx::check_integrity [ipx::current_core]
WARNING: [IP_Flow 19-11889] HDL Parameter 'C_S00_AXI_DATA_WIDTH (C S00 AXI DATA WIDTH)': Order is obsolete with XGUI version >= 2.0
WARNING: [IP_Flow 19-11889] HDL Parameter 'C_S00_AXI_ADDR_WIDTH (C S00 AXI ADDR WIDTH)': Order is obsolete with XGUI version >= 2.0
WARNING: [IP_Flow 19-11770] Clock interface 'S00_AXI_CLK' has no FREQ_HZ parameter.
WARNING: [IP_Flow 19-5661] Bus Interface 'ps2_clk' does not have any bus interfaces associated with it.
WARNING: [IP_Flow 19-11770] Clock interface 'ps2_clk' has no FREQ_HZ parameter.
INFO: [IP_Flow 19-2181] Payment is not required for this core.
WARNING: [IP_Flow 19-2187] The Product Guide file is missing.
INFO: [Ipptcl 7-1486] check_integrity: Integrity check passed.
ipx::save_core [ipx::current_core]
ipx::move_temp_component_back -component [ipx::current_core]
close_project -delete
set_property  ip_repo_paths  {c:/Users/C27Soren.Herzog/ece383/Herzog_ece383_wksp/ip_repo/ZoGolf_DP_1_0 c:/Users/C27Soren.Herzog/Downloads/ece383_code-main/ece383_code-main/ip_repo/My_Lab3_1_0 c:/Users/C27Soren.Herzog/Downloads/ece383_code-main/ece383_code-main/ip_repo/My_Counter_IP_1_0} [current_project]
update_ip_catalog
INFO: [IP_Flow 19-234] Refreshing IP repositories
INFO: [IP_Flow 19-1700] Loaded user IP repository 'c:/Users/C27Soren.Herzog/ece383/Herzog_ece383_wksp/ip_repo/ZoGolf_DP_1_0'.
INFO: [IP_Flow 19-1700] Loaded user IP repository 'c:/Users/C27Soren.Herzog/Downloads/ece383_code-main/ece383_code-main/ip_repo/My_Lab3_1_0'.
INFO: [IP_Flow 19-1700] Loaded user IP repository 'c:/Users/C27Soren.Herzog/Downloads/ece383_code-main/ece383_code-main/ip_repo/My_Counter_IP_1_0'.
current_project Lab3
report_ip_status -name ip_status 
upgrade_ip -vlnv xilinx.com:user:My_Lab3:1.0 [get_ips  design_1_My_Lab3_0_3] -log ip_upgrade.log
Upgrading 'C:/Users/C27Soren.Herzog/ece383/Herzog_ece383_wksp/lab3/lab3/Lab3.srcs/sources_1/bd/design_1/design_1.bd'
INFO: [IP_Flow 19-3420] Updated design_1_My_Lab3_0_3 to use current project options
Wrote  : <C:\Users\C27Soren.Herzog\ece383\Herzog_ece383_wksp\lab3\lab3\Lab3.srcs\sources_1\bd\design_1\design_1.bd> 
Wrote  : <C:/Users/C27Soren.Herzog/ece383/Herzog_ece383_wksp/lab3/lab3/Lab3.srcs/sources_1/bd/design_1/ui/bd_1f5defd0.ui> 
INFO: [Coretcl 2-1525] Wrote upgrade log to 'C:/Users/C27Soren.Herzog/ece383/Herzog_ece383_wksp/lab3/lab3/ip_upgrade.log'.
export_ip_user_files -of_objects [get_ips design_1_My_Lab3_0_3] -no_script -sync -force -quiet
current_project My_Lab3_v1_0_project
current_project Lab3
report_ip_status -name ip_status 
ipx::edit_ip_in_project -upgrade true -name ZoGolf_DP_v1_0_project -directory C:/Users/C27Soren.Herzog/ece383/Herzog_ece383_wksp/lab3/lab3/Lab3.tmp/ZoGolf_DP_v1_0_project c:/Users/C27Soren.Herzog/ece383/Herzog_ece383_wksp/ip_repo/ZoGolf_DP_1_0/component.xml
INFO: [ProjectBase 1-489] The host OS only allows 260 characters in a normal path. The project is stored in a path with more than 80 characters. If you experience issues with IP, Block Designs, or files not being found, please consider moving the project to a location with a shorter path. Alternately consider using the OS subst command to map part of the path to a drive letter.
Current project path is 'c:/users/c27soren.herzog/ece383/herzog_ece383_wksp/lab3/lab3/lab3.tmp/zogolf_dp_v1_0_project'
INFO: [IP_Flow 19-234] Refreshing IP repositories
INFO: [IP_Flow 19-1704] No user IP repositories specified
INFO: [IP_Flow 19-2313] Loaded Vivado IP repository 'C:/Xilinx/Vivado/2024.2/data/ip'.
WARNING: [Board 49-26] cannot add Board Part xilinx.com:vck190:part0:2.2 available at C:/Xilinx/Vivado/2024.2/data/xhub/boards/XilinxBoardStore/boards/Xilinx/vck190/production/2.2/board.xml as part xcvc1902-vsva2197-2mp-e-s specified in board_part file is either invalid or not available
WARNING: [Board 49-26] cannot add Board Part xilinx.com:vck190:part0:3.0 available at C:/Xilinx/Vivado/2024.2/data/xhub/boards/XilinxBoardStore/boards/Xilinx/vck190/production/3.0/board.xml as part xcvc1902-vsva2197-2mp-e-s specified in board_part file is either invalid or not available
WARNING: [Board 49-26] cannot add Board Part xilinx.com:vck190:part0:3.1 available at C:/Xilinx/Vivado/2024.2/data/xhub/boards/XilinxBoardStore/boards/Xilinx/vck190/production/3.1/board.xml as part xcvc1902-vsva2197-2mp-e-s specified in board_part file is either invalid or not available
WARNING: [Board 49-26] cannot add Board Part xilinx.com:vck190:part0:3.2 available at C:/Xilinx/Vivado/2024.2/data/xhub/boards/XilinxBoardStore/boards/Xilinx/vck190/production/3.2/board.xml as part xcvc1902-vsva2197-2mp-e-s specified in board_part file is either invalid or not available
WARNING: [Board 49-26] cannot add Board Part xilinx.com:vck190:part0:3.3 available at C:/Xilinx/Vivado/2024.2/data/xhub/boards/XilinxBoardStore/boards/Xilinx/vck190/production/3.3/board.xml as part xcvc1902-vsva2197-2mp-e-s specified in board_part file is either invalid or not available
WARNING: [Board 49-26] cannot add Board Part xilinx.com:vck190_newl:part0:1.0 available at C:/Xilinx/Vivado/2024.2/data/xhub/boards/XilinxBoardStore/boards/Xilinx/vck190_newl/production/1.0/board.xml as part xcvc1902-vsva2197-2mp-e-s specified in board_part file is either invalid or not available
WARNING: [Board 49-26] cannot add Board Part xilinx.com:vck190_newl:part0:1.1 available at C:/Xilinx/Vivado/2024.2/data/xhub/boards/XilinxBoardStore/boards/Xilinx/vck190_newl/production/1.1/board.xml as part xcvc1902-vsva2197-2mp-e-s specified in board_part file is either invalid or not available
WARNING: [Board 49-26] cannot add Board Part xilinx.com:vck190_newl:part0:1.2 available at C:/Xilinx/Vivado/2024.2/data/xhub/boards/XilinxBoardStore/boards/Xilinx/vck190_newl/production/1.2/board.xml as part xcvc1902-vsva2197-2mp-e-s specified in board_part file is either invalid or not available
WARNING: [Board 49-26] cannot add Board Part xilinx.com:vmk180:part0:2.2 available at C:/Xilinx/Vivado/2024.2/data/xhub/boards/XilinxBoardStore/boards/Xilinx/vmk180/production/2.2/board.xml as part xcvm1802-vsva2197-2mp-e-s specified in board_part file is either invalid or not available
WARNING: [Board 49-26] cannot add Board Part xilinx.com:vmk180:part0:3.0 available at C:/Xilinx/Vivado/2024.2/data/xhub/boards/XilinxBoardStore/boards/Xilinx/vmk180/production/3.0/board.xml as part xcvm1802-vsva2197-2mp-e-s specified in board_part file is either invalid or not available
WARNING: [Board 49-26] cannot add Board Part xilinx.com:vmk180:part0:3.1 available at C:/Xilinx/Vivado/2024.2/data/xhub/boards/XilinxBoardStore/boards/Xilinx/vmk180/production/3.1/board.xml as part xcvm1802-vsva2197-2mp-e-s specified in board_part file is either invalid or not available
WARNING: [Board 49-26] cannot add Board Part xilinx.com:vmk180:part0:3.2 available at C:/Xilinx/Vivado/2024.2/data/xhub/boards/XilinxBoardStore/boards/Xilinx/vmk180/production/3.2/board.xml as part xcvm1802-vsva2197-2mp-e-s specified in board_part file is either invalid or not available
WARNING: [Board 49-26] cannot add Board Part xilinx.com:vmk180_newl:part0:1.0 available at C:/Xilinx/Vivado/2024.2/data/xhub/boards/XilinxBoardStore/boards/Xilinx/vmk180_newl/production/1.0/board.xml as part xcvm1802-vsva2197-2mp-e-s specified in board_part file is either invalid or not available
WARNING: [Board 49-26] cannot add Board Part xilinx.com:vmk180_newl:part0:1.1 available at C:/Xilinx/Vivado/2024.2/data/xhub/boards/XilinxBoardStore/boards/Xilinx/vmk180_newl/production/1.1/board.xml as part xcvm1802-vsva2197-2mp-e-s specified in board_part file is either invalid or not available
WARNING: [Board 49-26] cannot add Board Part xilinx.com:vpk120:part0:1.0 available at C:/Xilinx/Vivado/2024.2/data/xhub/boards/XilinxBoardStore/boards/Xilinx/vpk120/production/1.0/board.xml as part xcvp1202-vsva2785-2mp-e-s specified in board_part file is either invalid or not available
WARNING: [Board 49-26] cannot add Board Part xilinx.com:vpk120:part0:1.1 available at C:/Xilinx/Vivado/2024.2/data/xhub/boards/XilinxBoardStore/boards/Xilinx/vpk120/production/1.1/board.xml as part xcvp1202-vsva2785-2mp-e-s specified in board_part file is either invalid or not available
WARNING: [Board 49-26] cannot add Board Part xilinx.com:vpk120:part0:1.2 available at C:/Xilinx/Vivado/2024.2/data/xhub/boards/XilinxBoardStore/boards/Xilinx/vpk120/production/1.2/board.xml as part xcvp1202-vsva2785-2mp-e-s specified in board_part file is either invalid or not available
create_project: Time (s): cpu = 00:00:04 ; elapsed = 00:00:07 . Memory (MB): peak = 2372.148 ; gain = 0.000
INFO: [IP_Flow 19-234] Refreshing IP repositories
INFO: [IP_Flow 19-1700] Loaded user IP repository 'c:/Users/C27Soren.Herzog/Downloads/ece383_code-main/ece383_code-main/ip_repo/My_Lab3_1_0'.
INFO: [IP_Flow 19-1700] Loaded user IP repository 'c:/Users/C27Soren.Herzog/ece383/Herzog_ece383_wksp/ip_repo/ZoGolf_DP_1_0'.
INFO: [IP_Flow 19-1700] Loaded user IP repository 'c:/Users/C27Soren.Herzog/Downloads/ece383_code-main/ece383_code-main/ip_repo/My_Counter_IP_1_0'.
INFO: [IP_Flow 19-795] Syncing license key meta-data
ipx::edit_ip_in_project: Time (s): cpu = 00:00:06 ; elapsed = 00:00:10 . Memory (MB): peak = 2372.148 ; gain = 0.000
update_compile_order -fileset sources_1
close_project
current_project Lab3
delete_bd_objs [get_bd_cells ZoGolf_DP_0]
current_project My_Lab3_v1_0_project
current_project Lab3
report_ip_status -name ip_status 
startgroup
create_bd_cell -type ip -vlnv xilinx.com:user:ZoGolf_DP:1.0 ZoGolf_DP_0
endgroup
current_project My_Lab3_v1_0_project
current_project Lab3
undo
INFO: [Common 17-17] undo 'current_project Lab3'
current_project Lab3
set_property location {5 2143 1041} [get_bd_cells ZoGolf_DP_0]
report_ip_status -name ip_status 
set_property location {5 2296 1273} [get_bd_cells ZoGolf_DP_0]
set_property location {6 2866 1160} [get_bd_cells ZoGolf_DP_0]
delete_bd_objs [get_bd_intf_nets axi_smc_M01_AXI]
connect_bd_intf_net [get_bd_intf_pins axi_smc/M01_AXI] [get_bd_intf_pins ZoGolf_DP_0/S00_AXI]
regenerate_bd_layout
update_files -from_files C:/Users/C27Soren.Herzog/ece383/Herzog_ece383_wksp/FinalProj/ZoGolf_FinalProj.srcs/constrs_1/imports/code/FinalProj.xdc -to_files C:/Users/C27Soren.Herzog/ece383/Herzog_ece383_wksp/lab3/lab3/Lab3.srcs/constrs_1/imports/Desktop/ice2.xdc -filesets [get_filesets *]
INFO: [filemgmt 20-762] Replacing file 'C:/Users/C27Soren.Herzog/ece383/Herzog_ece383_wksp/lab3/lab3/Lab3.srcs/constrs_1/imports/Desktop/ice2.xdc' with file 'C:/Users/C27Soren.Herzog/ece383/Herzog_ece383_wksp/FinalProj/ZoGolf_FinalProj.srcs/constrs_1/imports/code/FinalProj.xdc'.
INFO: [filemgmt 20-1080] Importing file from 'C:/Users/C27Soren.Herzog/ece383/Herzog_ece383_wksp/FinalProj/ZoGolf_FinalProj.srcs/constrs_1/imports/code/FinalProj.xdc' to 'C:/Users/C27Soren.Herzog/ece383/Herzog_ece383_wksp/lab3/lab3/Lab3.srcs/constrs_1/imports/Desktop/FinalProj.xdc'.
update_ip_catalog -rebuild -scan_changes
INFO: [IP_Flow 19-234] Refreshing IP repositories
INFO: [IP_Flow 19-1700] Loaded user IP repository 'c:/Users/C27Soren.Herzog/Downloads/ece383_code-main/ece383_code-main/ip_repo/My_Lab3_1_0'.
INFO: [IP_Flow 19-1700] Loaded user IP repository 'c:/Users/C27Soren.Herzog/ece383/Herzog_ece383_wksp/ip_repo/ZoGolf_DP_1_0'.
INFO: [IP_Flow 19-1700] Loaded user IP repository 'c:/Users/C27Soren.Herzog/Downloads/ece383_code-main/ece383_code-main/ip_repo/My_Counter_IP_1_0'.
report_ip_status -name ip_status
current_project My_Lab3_v1_0_project
current_project Lab3
upgrade_ip [get_ips  design_1_ZoGolf_DP_0_2] -log ip_upgrade.log
Upgrading 'C:/Users/C27Soren.Herzog/ece383/Herzog_ece383_wksp/lab3/lab3/Lab3.srcs/sources_1/bd/design_1/design_1.bd'
INFO: [IP_Flow 19-3422] Upgraded design_1_ZoGolf_DP_0_2 (ZoGolf_DP_v1.0 1.0) from revision 1 to revision 2
WARNING: [IP_Flow 19-4698] Upgrade has added port 'data'
WARNING: [IP_Flow 19-4698] Upgrade has added port 'frame_flag'
WARNING: [IP_Flow 19-4698] Upgrade has added port 'latch'
WARNING: [IP_Flow 19-4698] Upgrade has added port 'ps2_clk'
WARNING: [IP_Flow 19-4698] Upgrade has added port 'ps2_data'
WARNING: [IP_Flow 19-4698] Upgrade has added port 'pulse'
WARNING: [IP_Flow 19-4698] Upgrade has added port 'tmds'
WARNING: [IP_Flow 19-4698] Upgrade has added port 'tmdsb'
WARNING: [IP_Flow 19-3298] Detected external port differences while upgrading 'design_1_ZoGolf_DP_0_2'. These changes may impact your design.
CRITICAL WARNING: [Coretcl 2-1279] The upgrade of 'design_1_ZoGolf_DP_0_2' has identified issues that may require user intervention. Please review the upgrade log 'c:/Users/C27Soren.Herzog/ece383/Herzog_ece383_wksp/lab3/lab3/ip_upgrade.log', and verify that the upgraded IP is correctly configured.
Wrote  : <C:\Users\C27Soren.Herzog\ece383\Herzog_ece383_wksp\lab3\lab3\Lab3.srcs\sources_1\bd\design_1\design_1.bd> 
Wrote  : <C:/Users/C27Soren.Herzog/ece383/Herzog_ece383_wksp/lab3/lab3/Lab3.srcs/sources_1/bd/design_1/ui/bd_1f5defd0.ui> 
INFO: [Coretcl 2-1525] Wrote upgrade log to 'C:/Users/C27Soren.Herzog/ece383/Herzog_ece383_wksp/lab3/lab3/ip_upgrade.log'.
export_ip_user_files -of_objects [get_ips design_1_ZoGolf_DP_0_2] -no_script -sync -force -quiet
current_project My_Lab3_v1_0_project
current_project Lab3
set_property location {6 2415 1571} [get_bd_cells ZoGolf_DP_0]
connect_bd_net [get_bd_pins rst_clk_wiz_1_100M/peripheral_aresetn] [get_bd_pins ZoGolf_DP_0/s00_axi_aresetn]
delete_bd_objs [get_bd_nets rst_clk_wiz_1_100M_peripheral_aresetn]
undo
INFO: [Common 17-17] undo 'delete_bd_objs [get_bd_nets rst_clk_wiz_1_100M_peripheral_aresetn]'
