Copyright 1986-2022 Xilinx, Inc. All Rights Reserved. Copyright 2022-2024 Advanced Micro Devices, Inc. All Rights Reserved.
---------------------------------------------------------------------------------------------------------------------------------------------
| Tool Version : Vivado v.2024.2 (win64) Build 5239630 Fri Nov 08 22:35:27 MST 2024
| Date         : Thu May  7 22:53:25 2026
| Host         : C27-5CG3121G96 running 64-bit major release  (build 9200)
| Command      : upgrade_ip
| Device       : xc7a200tsbg484-1
---------------------------------------------------------------------------------------------------------------------------------------------

Upgrade Log for IP 'design_1_ZoGolf_DP_0_2'

1. Summary
----------

SUCCESS in the upgrade of design_1_ZoGolf_DP_0_2 (xilinx.com:user:ZoGolf_DP:1.0) from (Rev. 18) to (Rev. 19)






Copyright 1986-2022 Xilinx, Inc. All Rights Reserved. Copyright 2022-2024 Advanced Micro Devices, Inc. All Rights Reserved.
---------------------------------------------------------------------------------------------------------------------------------------------
| Tool Version : Vivado v.2024.2 (win64) Build 5239630 Fri Nov 08 22:35:27 MST 2024
| Date         : Thu May  7 22:14:46 2026
| Host         : C27-5CG3121G96 running 64-bit major release  (build 9200)
| Command      : upgrade_ip
| Device       : xc7a200tsbg484-1
---------------------------------------------------------------------------------------------------------------------------------------------

Upgrade Log for IP 'design_1_ZoGolf_DP_0_2'

1. Summary
----------

SUCCESS in the upgrade of design_1_ZoGolf_DP_0_2 (xilinx.com:user:ZoGolf_DP:1.0) from (Rev. 17) to (Rev. 18)






Copyright 1986-2022 Xilinx, Inc. All Rights Reserved. Copyright 2022-2024 Advanced Micro Devices, Inc. All Rights Reserved.
---------------------------------------------------------------------------------------------------------------------------------------------
| Tool Version : Vivado v.2024.2 (win64) Build 5239630 Fri Nov 08 22:35:27 MST 2024
| Date         : Thu May  7 20:42:06 2026
| Host         : C27-5CG3121G96 running 64-bit major release  (build 9200)
| Command      : upgrade_ip
| Device       : xc7a200tsbg484-1
---------------------------------------------------------------------------------------------------------------------------------------------

Upgrade Log for IP 'design_1_ZoGolf_DP_0_2'

1. Summary
----------

SUCCESS in the upgrade of design_1_ZoGolf_DP_0_2 (xilinx.com:user:ZoGolf_DP:1.0) from (Rev. 16) to (Rev. 17)






Copyright 1986-2022 Xilinx, Inc. All Rights Reserved. Copyright 2022-2024 Advanced Micro Devices, Inc. All Rights Reserved.
---------------------------------------------------------------------------------------------------------------------------------------------
| Tool Version : Vivado v.2024.2 (win64) Build 5239630 Fri Nov 08 22:35:27 MST 2024
| Date         : Thu May  7 20:33:27 2026
| Host         : C27-5CG3121G96 running 64-bit major release  (build 9200)
| Command      : upgrade_ip
| Device       : xc7a200tsbg484-1
---------------------------------------------------------------------------------------------------------------------------------------------

Upgrade Log for IP 'design_1_ZoGolf_DP_0_2'

1. Summary
----------

SUCCESS in the upgrade of design_1_ZoGolf_DP_0_2 (xilinx.com:user:ZoGolf_DP:1.0) from (Rev. 15) to (Rev. 16)






Copyright 1986-2022 Xilinx, Inc. All Rights Reserved. Copyright 2022-2024 Advanced Micro Devices, Inc. All Rights Reserved.
---------------------------------------------------------------------------------------------------------------------------------------------
| Tool Version : Vivado v.2024.2 (win64) Build 5239630 Fri Nov 08 22:35:27 MST 2024
| Date         : Thu May  7 20:27:42 2026
| Host         : C27-5CG3121G96 running 64-bit major release  (build 9200)
| Command      : upgrade_ip
| Device       : xc7a200tsbg484-1
---------------------------------------------------------------------------------------------------------------------------------------------

Upgrade Log for IP 'design_1_ZoGolf_DP_0_2'

1. Summary
----------

SUCCESS in the upgrade of design_1_ZoGolf_DP_0_2 (xilinx.com:user:ZoGolf_DP:1.0) from (Rev. 14) to (Rev. 15)






Copyright 1986-2022 Xilinx, Inc. All Rights Reserved. Copyright 2022-2024 Advanced Micro Devices, Inc. All Rights Reserved.
---------------------------------------------------------------------------------------------------------------------------------------------
| Tool Version : Vivado v.2024.2 (win64) Build 5239630 Fri Nov 08 22:35:27 MST 2024
| Date         : Thu May  7 18:20:36 2026
| Host         : C27-5CG3121G96 running 64-bit major release  (build 9200)
| Command      : upgrade_ip
| Device       : xc7a200tsbg484-1
---------------------------------------------------------------------------------------------------------------------------------------------

Upgrade Log for IP 'design_1_ZoGolf_DP_0_2'

1. Summary
----------

SUCCESS in the upgrade of design_1_ZoGolf_DP_0_2 (xilinx.com:user:ZoGolf_DP:1.0) from (Rev. 13) to (Rev. 14)






Copyright 1986-2022 Xilinx, Inc. All Rights Reserved. Copyright 2022-2024 Advanced Micro Devices, Inc. All Rights Reserved.
---------------------------------------------------------------------------------------------------------------------------------------------
| Tool Version : Vivado v.2024.2 (win64) Build 5239630 Fri Nov 08 22:35:27 MST 2024
| Date         : Thu May  7 18:09:22 2026
| Host         : C27-5CG3121G96 running 64-bit major release  (build 9200)
| Command      : upgrade_ip
| Device       : xc7a200tsbg484-1
---------------------------------------------------------------------------------------------------------------------------------------------

Upgrade Log for IP 'design_1_ZoGolf_DP_0_2'

1. Summary
----------

SUCCESS in the upgrade of design_1_ZoGolf_DP_0_2 (xilinx.com:user:ZoGolf_DP:1.0) from (Rev. 12) to (Rev. 13)






Copyright 1986-2022 Xilinx, Inc. All Rights Reserved. Copyright 2022-2024 Advanced Micro Devices, Inc. All Rights Reserved.
---------------------------------------------------------------------------------------------------------------------------------------------
| Tool Version : Vivado v.2024.2 (win64) Build 5239630 Fri Nov 08 22:35:27 MST 2024
| Date         : Thu May  7 18:03:45 2026
| Host         : C27-5CG3121G96 running 64-bit major release  (build 9200)
| Command      : upgrade_ip
| Device       : xc7a200tsbg484-1
---------------------------------------------------------------------------------------------------------------------------------------------

Upgrade Log for IP 'design_1_ZoGolf_DP_0_2'

1. Summary
----------

SUCCESS in the upgrade of design_1_ZoGolf_DP_0_2 (xilinx.com:user:ZoGolf_DP:1.0) from (Rev. 10) to (Rev. 12)






Copyright 1986-2022 Xilinx, Inc. All Rights Reserved. Copyright 2022-2024 Advanced Micro Devices, Inc. All Rights Reserved.
---------------------------------------------------------------------------------------------------------------------------------------------
| Tool Version : Vivado v.2024.2 (win64) Build 5239630 Fri Nov 08 22:35:27 MST 2024
| Date         : Thu May  7 00:50:21 2026
| Host         : C27-5CG3121G96 running 64-bit major release  (build 9200)
| Command      : upgrade_ip
| Device       : xc7a200tsbg484-1
---------------------------------------------------------------------------------------------------------------------------------------------

Upgrade Log for IP 'design_1_ZoGolf_DP_0_2'

1. Summary
----------

SUCCESS in the upgrade of design_1_ZoGolf_DP_0_2 (xilinx.com:user:ZoGolf_DP:1.0) from (Rev. 9) to (Rev. 10)






Copyright 1986-2022 Xilinx, Inc. All Rights Reserved. Copyright 2022-2024 Advanced Micro Devices, Inc. All Rights Reserved.
---------------------------------------------------------------------------------------------------------------------------------------------
| Tool Version : Vivado v.2024.2 (win64) Build 5239630 Fri Nov 08 22:35:27 MST 2024
| Date         : Thu May  7 00:26:52 2026
| Host         : C27-5CG3121G96 running 64-bit major release  (build 9200)
| Command      : upgrade_ip
| Device       : xc7a200tsbg484-1
---------------------------------------------------------------------------------------------------------------------------------------------

Upgrade Log for IP 'design_1_ZoGolf_DP_0_2'

1. Summary
----------

SUCCESS in the upgrade of design_1_ZoGolf_DP_0_2 (xilinx.com:user:ZoGolf_DP:1.0) from (Rev. 8) to (Rev. 9)






Copyright 1986-2022 Xilinx, Inc. All Rights Reserved. Copyright 2022-2024 Advanced Micro Devices, Inc. All Rights Reserved.
---------------------------------------------------------------------------------------------------------------------------------------------
| Tool Version : Vivado v.2024.2 (win64) Build 5239630 Fri Nov 08 22:35:27 MST 2024
| Date         : Thu May  7 00:23:37 2026
| Host         : C27-5CG3121G96 running 64-bit major release  (build 9200)
| Command      : upgrade_ip
| Device       : xc7a200tsbg484-1
---------------------------------------------------------------------------------------------------------------------------------------------

Upgrade Log for IP 'design_1_ZoGolf_DP_0_2'

1. Summary
----------

SUCCESS in the upgrade of design_1_ZoGolf_DP_0_2 (xilinx.com:user:ZoGolf_DP:1.0) from (Rev. 7) to (Rev. 8)

