18:56:17 DEBUG : Logs will be stored at 'C:/Users/C27Soren.Herzog/ece383/Herzog_ece383_wksp/FinalProj/FinalProj_vitis/IDE.log'.
18:58:05 INFO  : Launching XSCT server: xsct.bat -n  -interactive C:\Users\C27Soren.Herzog\ece383\Herzog_ece383_wksp\FinalProj\FinalProj_vitis\temp_xsdb_launch_script.tcl
18:58:05 INFO  : Registering command handlers for Vitis TCF services
18:58:05 INFO  : Platform repository initialization has completed.
18:58:09 INFO  : XSCT server has started successfully.
18:58:10 INFO  : plnx-install-location is set to ''
18:58:10 INFO  : Successfully done setting XSCT server connection channel  
18:58:10 INFO  : Successfully done query RDI_DATADIR 
18:58:10 INFO  : Successfully done setting workspace for the tool. 
18:59:17 INFO  : Result from executing command 'getProjects': ZoGolf_V4_wrapper
18:59:17 INFO  : Result from executing command 'getPlatforms': 
18:59:17 WARN  : An unexpected exception occurred in the module 'platform project logging'
18:59:17 INFO  : Platform 'ZoGolf_V4_wrapper' is added to custom repositories.
18:59:21 INFO  : Platform 'ZoGolf_V4_wrapper' is added to custom repositories.
19:15:11 DEBUG : Logs will be stored at 'C:/Users/C27Soren.Herzog/ece383/Herzog_ece383_wksp/FinalProj/FinalProj_vitis/IDE.log'.
19:15:12 INFO  : Launching XSCT server: xsct.bat -n  -interactive C:\Users\C27Soren.Herzog\ece383\Herzog_ece383_wksp\FinalProj\FinalProj_vitis\temp_xsdb_launch_script.tcl
19:15:18 INFO  : Platform repository initialization has completed.
19:15:18 INFO  : Registering command handlers for Vitis TCF services
19:15:20 INFO  : XSCT server has started successfully.
19:15:34 INFO  : plnx-install-location is set to ''
19:15:34 INFO  : Successfully done setting XSCT server connection channel  
19:15:34 INFO  : Successfully done query RDI_DATADIR 
19:15:34 INFO  : Successfully done setting workspace for the tool. 
19:16:10 INFO  : Result from executing command 'removePlatformRepo': 
19:18:11 INFO  : Result from executing command 'getProjects': ZoGolf_V4_wrapper
19:18:11 INFO  : Result from executing command 'getPlatforms': 
19:18:11 INFO  : Checking for BSP changes to sync application flags for project 'ublaze_ZoGolf_V4'...
19:18:41 INFO  : Connected to target on host '127.0.0.1' and port '3121'.
19:18:44 INFO  : Jtag cable 'Digilent Nexys Video 210276B817F4B' is selected.
19:18:44 INFO  : 'jtag frequency' command is executed.
19:18:45 INFO  : 'targets -set -filter {jtag_cable_name =~ "Digilent Nexys Video 210276B817F4B" && level==0 && jtag_device_ctx=="jsn-Nexys Video-210276B817F4B-13636093-0"}' command is executed.
19:18:51 INFO  : Device configured successfully with "C:/Users/C27Soren.Herzog/ece383/Herzog_ece383_wksp/FinalProj/FinalProj_vitis/ublaze_ZoGolf_V4/_ide/bitstream/ZoGolf_V4_wrapper.bit"
19:18:51 INFO  : Context for processor 'microblaze_0' is selected.
19:18:51 INFO  : Hardware design and registers information is loaded from 'C:/Users/C27Soren.Herzog/ece383/Herzog_ece383_wksp/FinalProj/FinalProj_vitis/ZoGolf_V4_wrapper/export/ZoGolf_V4_wrapper/hw/ZoGolf_V4_wrapper.xsa'.
19:18:51 INFO  : 'configparams mdm-detect-bscan-mask 2' command is executed.
19:18:51 INFO  : Context for processor 'microblaze_0' is selected.
19:18:51 INFO  : System reset is completed.
19:18:54 INFO  : 'after 3000' command is executed.
19:18:54 INFO  : ----------------XSDB Script----------------
connect -url tcp:127.0.0.1:3121
targets -set -filter {jtag_cable_name =~ "Digilent Nexys Video 210276B817F4B" && level==0 && jtag_device_ctx=="jsn-Nexys Video-210276B817F4B-13636093-0"}
fpga -file C:/Users/C27Soren.Herzog/ece383/Herzog_ece383_wksp/FinalProj/FinalProj_vitis/ublaze_ZoGolf_V4/_ide/bitstream/ZoGolf_V4_wrapper.bit
targets -set -nocase -filter {name =~ "*microblaze*#0" && bscan=="USER2" }
loadhw -hw C:/Users/C27Soren.Herzog/ece383/Herzog_ece383_wksp/FinalProj/FinalProj_vitis/ZoGolf_V4_wrapper/export/ZoGolf_V4_wrapper/hw/ZoGolf_V4_wrapper.xsa -regs
configparams mdm-detect-bscan-mask 2
targets -set -nocase -filter {name =~ "*microblaze*#0" && bscan=="USER2" }
rst -system
after 3000
----------------End of Script----------------

19:18:54 INFO  : Launch script is exported to file 'C:\Users\C27Soren.Herzog\ece383\Herzog_ece383_wksp\FinalProj\FinalProj_vitis\ublaze_ZoGolf_V4_system\_ide\scripts\systemdebugger_ublaze_zogolf_v4_system_standalone.tcl'
19:23:56 INFO  : Result from executing command 'getProjects': ZoGolf_V4_wrapper
19:23:56 INFO  : Result from executing command 'getPlatforms': ZoGolf_V4_wrapper|C:/Users/C27Soren.Herzog/ece383/Herzog_ece383_wksp/FinalProj/FinalProj_vitis/ZoGolf_V4_wrapper/export/ZoGolf_V4_wrapper/ZoGolf_V4_wrapper.xpfm
19:24:32 INFO  : Checking for BSP changes to sync application flags for project 'ublaze_ZoGolf_V4'...
19:31:03 INFO  : Checking for BSP changes to sync application flags for project 'ublaze_ZoGolf_V4'...
19:37:45 INFO  : Checking for BSP changes to sync application flags for project 'ublaze_ZoGolf_V4'...
19:38:11 INFO  : Disconnected from the channel tcfchan#3.
19:38:12 INFO  : Connected to target on host '127.0.0.1' and port '3121'.
19:38:21 INFO  : ----------------XSDB Script----------------
connect -url tcp:127.0.0.1:3121
----------------End of Script----------------

19:38:21 ERROR : Could not find FPGA device on the board for connection 'Local'.


Troubleshooting hints:
1. Check whether board is connected to system properly.
2. In case of zynq board, check whether Digilent/Xilinx cable switch settings are correct.
3. If you are using Xilinx Platform Cable USB, ensure that status LED is green.
19:38:41 INFO  : Connected to target on host '127.0.0.1' and port '3121'.
19:38:42 INFO  : Jtag cable 'Digilent Nexys Video 210276B817F4B' is selected.
19:38:42 INFO  : 'jtag frequency' command is executed.
19:38:43 INFO  : 'targets -set -filter {jtag_cable_name =~ "Digilent Nexys Video 210276B817F4B" && level==0 && jtag_device_ctx=="jsn-Nexys Video-210276B817F4B-13636093-0"}' command is executed.
19:38:49 INFO  : Device configured successfully with "C:/Users/C27Soren.Herzog/ece383/Herzog_ece383_wksp/FinalProj/FinalProj_vitis/ublaze_ZoGolf_V4/_ide/bitstream/ZoGolf_V4_wrapper.bit"
19:38:49 INFO  : Context for processor 'microblaze_0' is selected.
19:38:49 INFO  : Hardware design and registers information is loaded from 'C:/Users/C27Soren.Herzog/ece383/Herzog_ece383_wksp/FinalProj/FinalProj_vitis/ZoGolf_V4_wrapper/export/ZoGolf_V4_wrapper/hw/ZoGolf_V4_wrapper.xsa'.
19:38:49 INFO  : 'configparams mdm-detect-bscan-mask 2' command is executed.
19:38:49 INFO  : Context for processor 'microblaze_0' is selected.
19:38:49 INFO  : System reset is completed.
19:38:52 INFO  : 'after 3000' command is executed.
19:38:52 INFO  : Context for processor 'microblaze_0' is selected.
19:38:53 INFO  : The application 'C:/Users/C27Soren.Herzog/ece383/Herzog_ece383_wksp/FinalProj/FinalProj_vitis/ublaze_ZoGolf_V4/Debug/ublaze_ZoGolf_V4.elf' is downloaded to processor 'microblaze_0'.
19:38:53 INFO  : ----------------XSDB Script----------------
connect -url tcp:127.0.0.1:3121
targets -set -filter {jtag_cable_name =~ "Digilent Nexys Video 210276B817F4B" && level==0 && jtag_device_ctx=="jsn-Nexys Video-210276B817F4B-13636093-0"}
fpga -file C:/Users/C27Soren.Herzog/ece383/Herzog_ece383_wksp/FinalProj/FinalProj_vitis/ublaze_ZoGolf_V4/_ide/bitstream/ZoGolf_V4_wrapper.bit
targets -set -nocase -filter {name =~ "*microblaze*#0" && bscan=="USER2" }
loadhw -hw C:/Users/C27Soren.Herzog/ece383/Herzog_ece383_wksp/FinalProj/FinalProj_vitis/ZoGolf_V4_wrapper/export/ZoGolf_V4_wrapper/hw/ZoGolf_V4_wrapper.xsa -regs
configparams mdm-detect-bscan-mask 2
targets -set -nocase -filter {name =~ "*microblaze*#0" && bscan=="USER2" }
rst -system
after 3000
targets -set -nocase -filter {name =~ "*microblaze*#0" && bscan=="USER2" }
dow C:/Users/C27Soren.Herzog/ece383/Herzog_ece383_wksp/FinalProj/FinalProj_vitis/ublaze_ZoGolf_V4/Debug/ublaze_ZoGolf_V4.elf
----------------End of Script----------------

19:38:53 INFO  : Context for processor 'microblaze_0' is selected.
19:38:53 INFO  : 'con' command is executed.
19:38:53 INFO  : ----------------XSDB Script (After Launch)----------------
targets -set -nocase -filter {name =~ "*microblaze*#0" && bscan=="USER2" }
con
----------------End of Script----------------

19:38:53 INFO  : Launch script is exported to file 'C:\Users\C27Soren.Herzog\ece383\Herzog_ece383_wksp\FinalProj\FinalProj_vitis\ublaze_ZoGolf_V4_system\_ide\scripts\systemdebugger_ublaze_zogolf_v4_system_2_standalone.tcl'
19:41:28 INFO  : Checking for BSP changes to sync application flags for project 'ublaze_ZoGolf_V4'...
19:47:27 INFO  : Checking for BSP changes to sync application flags for project 'ublaze_ZoGolf_V4'...
19:47:42 INFO  : Disconnected from the channel tcfchan#5.
19:47:42 INFO  : Connected to target on host '127.0.0.1' and port '3121'.
19:47:42 INFO  : Jtag cable 'Digilent Nexys Video 210276B817F4B' is selected.
19:47:42 INFO  : 'jtag frequency' command is executed.
19:47:42 INFO  : 'targets -set -filter {jtag_cable_name =~ "Digilent Nexys Video 210276B817F4B" && level==0 && jtag_device_ctx=="jsn-Nexys Video-210276B817F4B-13636093-0"}' command is executed.
19:47:47 INFO  : Device configured successfully with "C:/Users/C27Soren.Herzog/ece383/Herzog_ece383_wksp/FinalProj/FinalProj_vitis/ublaze_ZoGolf_V4/_ide/bitstream/ZoGolf_V4_wrapper.bit"
19:47:48 INFO  : Context for processor 'microblaze_0' is selected.
19:47:48 INFO  : Hardware design and registers information is loaded from 'C:/Users/C27Soren.Herzog/ece383/Herzog_ece383_wksp/FinalProj/FinalProj_vitis/ZoGolf_V4_wrapper/export/ZoGolf_V4_wrapper/hw/ZoGolf_V4_wrapper.xsa'.
19:47:48 INFO  : 'configparams mdm-detect-bscan-mask 2' command is executed.
19:47:48 INFO  : Context for processor 'microblaze_0' is selected.
19:47:48 INFO  : System reset is completed.
19:47:51 INFO  : 'after 3000' command is executed.
19:47:51 INFO  : Context for processor 'microblaze_0' is selected.
19:47:51 INFO  : The application 'C:/Users/C27Soren.Herzog/ece383/Herzog_ece383_wksp/FinalProj/FinalProj_vitis/ublaze_ZoGolf_V4/Debug/ublaze_ZoGolf_V4.elf' is downloaded to processor 'microblaze_0'.
19:47:51 INFO  : ----------------XSDB Script----------------
connect -url tcp:127.0.0.1:3121
targets -set -filter {jtag_cable_name =~ "Digilent Nexys Video 210276B817F4B" && level==0 && jtag_device_ctx=="jsn-Nexys Video-210276B817F4B-13636093-0"}
fpga -file C:/Users/C27Soren.Herzog/ece383/Herzog_ece383_wksp/FinalProj/FinalProj_vitis/ublaze_ZoGolf_V4/_ide/bitstream/ZoGolf_V4_wrapper.bit
targets -set -nocase -filter {name =~ "*microblaze*#0" && bscan=="USER2" }
loadhw -hw C:/Users/C27Soren.Herzog/ece383/Herzog_ece383_wksp/FinalProj/FinalProj_vitis/ZoGolf_V4_wrapper/export/ZoGolf_V4_wrapper/hw/ZoGolf_V4_wrapper.xsa -regs
configparams mdm-detect-bscan-mask 2
targets -set -nocase -filter {name =~ "*microblaze*#0" && bscan=="USER2" }
rst -system
after 3000
targets -set -nocase -filter {name =~ "*microblaze*#0" && bscan=="USER2" }
dow C:/Users/C27Soren.Herzog/ece383/Herzog_ece383_wksp/FinalProj/FinalProj_vitis/ublaze_ZoGolf_V4/Debug/ublaze_ZoGolf_V4.elf
----------------End of Script----------------

19:47:52 INFO  : Context for processor 'microblaze_0' is selected.
19:47:52 INFO  : 'con' command is executed.
19:47:52 INFO  : ----------------XSDB Script (After Launch)----------------
targets -set -nocase -filter {name =~ "*microblaze*#0" && bscan=="USER2" }
con
----------------End of Script----------------

19:47:52 INFO  : Launch script is exported to file 'C:\Users\C27Soren.Herzog\ece383\Herzog_ece383_wksp\FinalProj\FinalProj_vitis\ublaze_ZoGolf_V4_system\_ide\scripts\systemdebugger_ublaze_zogolf_v4_system_2_standalone.tcl'
21:36:14 WARN  : An unexpected exception occurred in the module 'platform project logging'
21:37:18 INFO  : Result from executing command 'getProjects': ZoGolf_V4alpha_wrapper
21:37:18 INFO  : Result from executing command 'getPlatforms': 
21:37:18 WARN  : An unexpected exception occurred in the module 'platform project logging'
21:37:18 INFO  : Platform 'ZoGolf_V4alpha_wrapper' is added to custom repositories.
21:37:21 INFO  : Platform 'ZoGolf_V4alpha_wrapper' is added to custom repositories.
21:39:07 INFO  : Result from executing command 'getProjects': ZoGolf_V4alpha_wrapper
21:39:07 INFO  : Result from executing command 'getPlatforms': ZoGolf_V4alpha_wrapper|C:/Users/C27Soren.Herzog/ece383/Herzog_ece383_wksp/FinalProj/FinalProj_vitis/ZoGolf_V4alpha_wrapper/export/ZoGolf_V4alpha_wrapper/ZoGolf_V4alpha_wrapper.xpfm
21:39:07 INFO  : Checking for BSP changes to sync application flags for project 'ublaze_ZoGolf_V4aplha'...
21:39:47 INFO  : Checking for BSP changes to sync application flags for project 'ublaze_ZoGolf_V4aplha'...
21:40:12 INFO  : Disconnected from the channel tcfchan#6.
21:40:13 INFO  : Connected to target on host '127.0.0.1' and port '3121'.
21:40:22 INFO  : ----------------XSDB Script----------------
connect -url tcp:127.0.0.1:3121
----------------End of Script----------------

21:40:22 ERROR : Could not find FPGA device on the board for connection 'Local'.


Troubleshooting hints:
1. Check whether board is connected to system properly.
2. In case of zynq board, check whether Digilent/Xilinx cable switch settings are correct.
3. If you are using Xilinx Platform Cable USB, ensure that status LED is green.
21:40:50 INFO  : Checking for BSP changes to sync application flags for project 'ublaze_ZoGolf_V4aplha'...
21:41:52 INFO  : Checking for BSP changes to sync application flags for project 'ublaze_ZoGolf_V4aplha'...
21:42:06 INFO  : Result from executing command 'removePlatformRepo': 
21:42:20 ERROR : The platform 'C:/Users/C27Soren.Herzog/ece383/Herzog_ece383_wksp/FinalProj/FinalProj_vitis/ZoGolf_V4alpha_wrapper/export/ZoGolf_V4alpha_wrapper/ZoGolf_V4alpha_wrapper.xpfm' used by the system project 'ublaze_ZoGolf_V4aplha_system' is not valid.
21:53:38 INFO  : Result from executing command 'getProjects': ZoGolf_V4alpha_wrapper
21:53:38 INFO  : Result from executing command 'getPlatforms': 
21:53:38 INFO  : Platform 'ZoGolf_V4alpha_wrapper' is added to custom repositories.
21:53:41 INFO  : Platform 'ZoGolf_V4alpha_wrapper' is added to custom repositories.
21:55:06 INFO  : Result from executing command 'getProjects': ZoGolf_V4alpha_wrapper
21:55:06 INFO  : Result from executing command 'getPlatforms': ZoGolf_V4alpha_wrapper|C:/Users/C27Soren.Herzog/ece383/Herzog_ece383_wksp/FinalProj/FinalProj_vitis/ZoGolf_V4alpha_wrapper/export/ZoGolf_V4alpha_wrapper/ZoGolf_V4alpha_wrapper.xpfm
21:55:06 INFO  : Checking for BSP changes to sync application flags for project 'ublaze_ZoGolf_V4alpha'...
21:56:44 INFO  : Connected to target on host '127.0.0.1' and port '3121'.
21:56:44 INFO  : Jtag cable 'Digilent Nexys Video 210276B817F4B' is selected.
21:56:44 INFO  : 'jtag frequency' command is executed.
21:56:44 INFO  : 'targets -set -filter {jtag_cable_name =~ "Digilent Nexys Video 210276B817F4B" && level==0 && jtag_device_ctx=="jsn-Nexys Video-210276B817F4B-13636093-0"}' command is executed.
21:56:50 INFO  : Device configured successfully with "C:/Users/C27Soren.Herzog/ece383/Herzog_ece383_wksp/FinalProj/FinalProj_vitis/ublaze_ZoGolf_V4alpha/_ide/bitstream/ZoGolf_V4alpha_wrapper.bit"
21:56:50 INFO  : Context for processor 'microblaze_0' is selected.
21:56:50 INFO  : Hardware design and registers information is loaded from 'C:/Users/C27Soren.Herzog/ece383/Herzog_ece383_wksp/FinalProj/FinalProj_vitis/ZoGolf_V4alpha_wrapper/export/ZoGolf_V4alpha_wrapper/hw/ZoGolf_V4alpha_wrapper.xsa'.
21:56:50 INFO  : 'configparams mdm-detect-bscan-mask 2' command is executed.
21:56:50 INFO  : Context for processor 'microblaze_0' is selected.
21:56:50 INFO  : System reset is completed.
21:56:53 INFO  : 'after 3000' command is executed.
21:56:53 INFO  : Context for processor 'microblaze_0' is selected.
21:56:54 INFO  : The application 'C:/Users/C27Soren.Herzog/ece383/Herzog_ece383_wksp/FinalProj/FinalProj_vitis/ublaze_ZoGolf_V4alpha/Debug/ublaze_ZoGolf_V4alpha.elf' is downloaded to processor 'microblaze_0'.
21:56:54 INFO  : ----------------XSDB Script----------------
connect -url tcp:127.0.0.1:3121
targets -set -filter {jtag_cable_name =~ "Digilent Nexys Video 210276B817F4B" && level==0 && jtag_device_ctx=="jsn-Nexys Video-210276B817F4B-13636093-0"}
fpga -file C:/Users/C27Soren.Herzog/ece383/Herzog_ece383_wksp/FinalProj/FinalProj_vitis/ublaze_ZoGolf_V4alpha/_ide/bitstream/ZoGolf_V4alpha_wrapper.bit
targets -set -nocase -filter {name =~ "*microblaze*#0" && bscan=="USER2" }
loadhw -hw C:/Users/C27Soren.Herzog/ece383/Herzog_ece383_wksp/FinalProj/FinalProj_vitis/ZoGolf_V4alpha_wrapper/export/ZoGolf_V4alpha_wrapper/hw/ZoGolf_V4alpha_wrapper.xsa -regs
configparams mdm-detect-bscan-mask 2
targets -set -nocase -filter {name =~ "*microblaze*#0" && bscan=="USER2" }
rst -system
after 3000
targets -set -nocase -filter {name =~ "*microblaze*#0" && bscan=="USER2" }
dow C:/Users/C27Soren.Herzog/ece383/Herzog_ece383_wksp/FinalProj/FinalProj_vitis/ublaze_ZoGolf_V4alpha/Debug/ublaze_ZoGolf_V4alpha.elf
----------------End of Script----------------

21:56:54 INFO  : Context for processor 'microblaze_0' is selected.
21:56:54 INFO  : 'con' command is executed.
21:56:54 INFO  : ----------------XSDB Script (After Launch)----------------
targets -set -nocase -filter {name =~ "*microblaze*#0" && bscan=="USER2" }
con
----------------End of Script----------------

21:56:54 INFO  : Launch script is exported to file 'C:\Users\C27Soren.Herzog\ece383\Herzog_ece383_wksp\FinalProj\FinalProj_vitis\ublaze_ZoGolf_V4alpha_system\_ide\scripts\systemdebugger_ublaze_zogolf_v4alpha_system_1_standalone.tcl'
22:41:23 INFO  : Result from executing command 'getProjects': ZoGolf_V5_wrapper
22:41:23 INFO  : Result from executing command 'getPlatforms': 
22:41:23 ERROR : An unexpected exception occurred in the module 'platform project logging'
22:41:23 INFO  : Platform 'ZoGolf_V5_wrapper' is added to custom repositories.
22:41:26 INFO  : Platform 'ZoGolf_V5_wrapper' is added to custom repositories.
22:43:40 INFO  : Result from executing command 'getProjects': ZoGolf_V5_wrapper
22:43:40 INFO  : Result from executing command 'getPlatforms': ZoGolf_V5_wrapper|C:/Users/C27Soren.Herzog/ece383/Herzog_ece383_wksp/FinalProj/FinalProj_vitis/ZoGolf_V5_wrapper/export/ZoGolf_V5_wrapper/ZoGolf_V5_wrapper.xpfm
22:43:40 INFO  : Checking for BSP changes to sync application flags for project 'ublaze_ZoGolf_V5'...
22:44:11 INFO  : Disconnected from the channel tcfchan#8.
22:44:12 INFO  : Connected to target on host '127.0.0.1' and port '3121'.
22:44:22 INFO  : ----------------XSDB Script----------------
connect -url tcp:127.0.0.1:3121
----------------End of Script----------------

22:44:22 ERROR : Could not find FPGA device on the board for connection 'Local'.


Troubleshooting hints:
1. Check whether board is connected to system properly.
2. In case of zynq board, check whether Digilent/Xilinx cable switch settings are correct.
3. If you are using Xilinx Platform Cable USB, ensure that status LED is green.
22:44:37 INFO  : Connected to target on host '127.0.0.1' and port '3121'.
22:44:38 INFO  : Jtag cable 'Digilent Nexys Video 210276B817F4B' is selected.
22:44:38 INFO  : 'jtag frequency' command is executed.
22:44:39 INFO  : 'targets -set -filter {jtag_cable_name =~ "Digilent Nexys Video 210276B817F4B" && level==0 && jtag_device_ctx=="jsn-Nexys Video-210276B817F4B-13636093-0"}' command is executed.
22:44:45 INFO  : Device configured successfully with "C:/Users/C27Soren.Herzog/ece383/Herzog_ece383_wksp/FinalProj/FinalProj_vitis/ublaze_ZoGolf_V5/_ide/bitstream/ZoGolf_V5_wrapper.bit"
22:44:45 INFO  : Context for processor 'microblaze_0' is selected.
22:44:45 INFO  : Hardware design and registers information is loaded from 'C:/Users/C27Soren.Herzog/ece383/Herzog_ece383_wksp/FinalProj/FinalProj_vitis/ZoGolf_V5_wrapper/export/ZoGolf_V5_wrapper/hw/ZoGolf_V5_wrapper.xsa'.
22:44:45 INFO  : 'configparams mdm-detect-bscan-mask 2' command is executed.
22:44:45 INFO  : Context for processor 'microblaze_0' is selected.
22:44:45 INFO  : System reset is completed.
22:44:48 INFO  : 'after 3000' command is executed.
22:44:48 INFO  : Context for processor 'microblaze_0' is selected.
22:44:49 INFO  : The application 'C:/Users/C27Soren.Herzog/ece383/Herzog_ece383_wksp/FinalProj/FinalProj_vitis/ublaze_ZoGolf_V5/Debug/ublaze_ZoGolf_V5.elf' is downloaded to processor 'microblaze_0'.
22:44:49 INFO  : ----------------XSDB Script----------------
connect -url tcp:127.0.0.1:3121
targets -set -filter {jtag_cable_name =~ "Digilent Nexys Video 210276B817F4B" && level==0 && jtag_device_ctx=="jsn-Nexys Video-210276B817F4B-13636093-0"}
fpga -file C:/Users/C27Soren.Herzog/ece383/Herzog_ece383_wksp/FinalProj/FinalProj_vitis/ublaze_ZoGolf_V5/_ide/bitstream/ZoGolf_V5_wrapper.bit
targets -set -nocase -filter {name =~ "*microblaze*#0" && bscan=="USER2" }
loadhw -hw C:/Users/C27Soren.Herzog/ece383/Herzog_ece383_wksp/FinalProj/FinalProj_vitis/ZoGolf_V5_wrapper/export/ZoGolf_V5_wrapper/hw/ZoGolf_V5_wrapper.xsa -regs
configparams mdm-detect-bscan-mask 2
targets -set -nocase -filter {name =~ "*microblaze*#0" && bscan=="USER2" }
rst -system
after 3000
targets -set -nocase -filter {name =~ "*microblaze*#0" && bscan=="USER2" }
dow C:/Users/C27Soren.Herzog/ece383/Herzog_ece383_wksp/FinalProj/FinalProj_vitis/ublaze_ZoGolf_V5/Debug/ublaze_ZoGolf_V5.elf
----------------End of Script----------------

22:44:49 INFO  : Context for processor 'microblaze_0' is selected.
22:44:49 INFO  : 'con' command is executed.
22:44:49 INFO  : ----------------XSDB Script (After Launch)----------------
targets -set -nocase -filter {name =~ "*microblaze*#0" && bscan=="USER2" }
con
----------------End of Script----------------

22:44:49 INFO  : Launch script is exported to file 'C:\Users\C27Soren.Herzog\ece383\Herzog_ece383_wksp\FinalProj\FinalProj_vitis\ublaze_ZoGolf_V5_system\_ide\scripts\systemdebugger_ublaze_zogolf_v5_system_1_standalone.tcl'
22:52:24 ERROR : An unexpected exception occurred in the module 'reading platform'
23:22:08 INFO  : Result from executing command 'getProjects': ZoGolf_V5_wrapper
23:22:08 INFO  : Result from executing command 'getPlatforms': 
23:22:08 INFO  : Platform 'ZoGolf_V5_wrapper' is added to custom repositories.
23:22:11 INFO  : Platform 'ZoGolf_V5_wrapper' is added to custom repositories.
23:23:53 INFO  : Result from executing command 'getProjects': ZoGolf_V5_wrapper
23:23:53 INFO  : Result from executing command 'getPlatforms': ZoGolf_V5_wrapper|C:/Users/C27Soren.Herzog/ece383/Herzog_ece383_wksp/FinalProj/FinalProj_vitis/ZoGolf_V5_wrapper/export/ZoGolf_V5_wrapper/ZoGolf_V5_wrapper.xpfm
23:23:53 INFO  : Checking for BSP changes to sync application flags for project 'ublaze_ZoGolf_V5'...
23:24:25 INFO  : Disconnected from the channel tcfchan#12.
23:24:26 INFO  : Connected to target on host '127.0.0.1' and port '3121'.
23:24:27 INFO  : Jtag cable 'Digilent Nexys Video 210276B817F4B' is selected.
23:24:27 INFO  : 'jtag frequency' command is executed.
23:24:27 INFO  : 'targets -set -filter {jtag_cable_name =~ "Digilent Nexys Video 210276B817F4B" && level==0 && jtag_device_ctx=="jsn-Nexys Video-210276B817F4B-13636093-0"}' command is executed.
23:24:33 INFO  : Device configured successfully with "C:/Users/C27Soren.Herzog/ece383/Herzog_ece383_wksp/FinalProj/FinalProj_vitis/ublaze_ZoGolf_V5/_ide/bitstream/ZoGolf_V5_wrapper.bit"
23:24:33 INFO  : Context for processor 'microblaze_0' is selected.
23:24:33 INFO  : Hardware design and registers information is loaded from 'C:/Users/C27Soren.Herzog/ece383/Herzog_ece383_wksp/FinalProj/FinalProj_vitis/ZoGolf_V5_wrapper/export/ZoGolf_V5_wrapper/hw/ZoGolf_V5_wrapper.xsa'.
23:24:33 INFO  : 'configparams mdm-detect-bscan-mask 2' command is executed.
23:24:33 INFO  : Context for processor 'microblaze_0' is selected.
23:24:33 INFO  : System reset is completed.
23:24:36 INFO  : 'after 3000' command is executed.
23:24:36 INFO  : Context for processor 'microblaze_0' is selected.
23:24:37 INFO  : The application 'C:/Users/C27Soren.Herzog/ece383/Herzog_ece383_wksp/FinalProj/FinalProj_vitis/ublaze_ZoGolf_V5/Debug/ublaze_ZoGolf_V5.elf' is downloaded to processor 'microblaze_0'.
23:24:37 INFO  : ----------------XSDB Script----------------
connect -url tcp:127.0.0.1:3121
targets -set -filter {jtag_cable_name =~ "Digilent Nexys Video 210276B817F4B" && level==0 && jtag_device_ctx=="jsn-Nexys Video-210276B817F4B-13636093-0"}
fpga -file C:/Users/C27Soren.Herzog/ece383/Herzog_ece383_wksp/FinalProj/FinalProj_vitis/ublaze_ZoGolf_V5/_ide/bitstream/ZoGolf_V5_wrapper.bit
targets -set -nocase -filter {name =~ "*microblaze*#0" && bscan=="USER2" }
loadhw -hw C:/Users/C27Soren.Herzog/ece383/Herzog_ece383_wksp/FinalProj/FinalProj_vitis/ZoGolf_V5_wrapper/export/ZoGolf_V5_wrapper/hw/ZoGolf_V5_wrapper.xsa -regs
configparams mdm-detect-bscan-mask 2
targets -set -nocase -filter {name =~ "*microblaze*#0" && bscan=="USER2" }
rst -system
after 3000
targets -set -nocase -filter {name =~ "*microblaze*#0" && bscan=="USER2" }
dow C:/Users/C27Soren.Herzog/ece383/Herzog_ece383_wksp/FinalProj/FinalProj_vitis/ublaze_ZoGolf_V5/Debug/ublaze_ZoGolf_V5.elf
----------------End of Script----------------

23:24:37 INFO  : Context for processor 'microblaze_0' is selected.
23:24:37 INFO  : 'con' command is executed.
23:24:37 INFO  : ----------------XSDB Script (After Launch)----------------
targets -set -nocase -filter {name =~ "*microblaze*#0" && bscan=="USER2" }
con
----------------End of Script----------------

23:24:37 INFO  : Launch script is exported to file 'C:\Users\C27Soren.Herzog\ece383\Herzog_ece383_wksp\FinalProj\FinalProj_vitis\ublaze_ZoGolf_V5_system\_ide\scripts\systemdebugger_ublaze_zogolf_v5_system_standalone.tcl'
20:54:03 INFO  : Disconnected from the channel tcfchan#14.
20:54:03 INFO  : Connected to target on host '127.0.0.1' and port '3121'.
20:54:03 INFO  : Jtag cable 'Digilent Nexys Video 210276B817F4B' is selected.
20:54:03 INFO  : 'jtag frequency' command is executed.
20:54:03 INFO  : 'targets -set -filter {jtag_cable_name =~ "Digilent Nexys Video 210276B817F4B" && level==0 && jtag_device_ctx=="jsn-Nexys Video-210276B817F4B-13636093-0"}' command is executed.
20:54:09 INFO  : Device configured successfully with "C:/Users/C27Soren.Herzog/ece383/Herzog_ece383_wksp/FinalProj/FinalProj_vitis/ublaze_ZoGolf_V5/_ide/bitstream/ZoGolf_V5_wrapper.bit"
20:54:09 INFO  : Context for processor 'microblaze_0' is selected.
20:54:09 INFO  : Hardware design and registers information is loaded from 'C:/Users/C27Soren.Herzog/ece383/Herzog_ece383_wksp/FinalProj/FinalProj_vitis/ZoGolf_V5_wrapper/export/ZoGolf_V5_wrapper/hw/ZoGolf_V5_wrapper.xsa'.
20:54:09 INFO  : 'configparams mdm-detect-bscan-mask 2' command is executed.
20:54:09 INFO  : Context for processor 'microblaze_0' is selected.
20:54:09 INFO  : System reset is completed.
20:54:12 INFO  : 'after 3000' command is executed.
20:54:12 INFO  : Context for processor 'microblaze_0' is selected.
20:54:13 INFO  : The application 'C:/Users/C27Soren.Herzog/ece383/Herzog_ece383_wksp/FinalProj/FinalProj_vitis/ublaze_ZoGolf_V5/Debug/ublaze_ZoGolf_V5.elf' is downloaded to processor 'microblaze_0'.
20:54:13 INFO  : ----------------XSDB Script----------------
connect -url tcp:127.0.0.1:3121
targets -set -filter {jtag_cable_name =~ "Digilent Nexys Video 210276B817F4B" && level==0 && jtag_device_ctx=="jsn-Nexys Video-210276B817F4B-13636093-0"}
fpga -file C:/Users/C27Soren.Herzog/ece383/Herzog_ece383_wksp/FinalProj/FinalProj_vitis/ublaze_ZoGolf_V5/_ide/bitstream/ZoGolf_V5_wrapper.bit
targets -set -nocase -filter {name =~ "*microblaze*#0" && bscan=="USER2" }
loadhw -hw C:/Users/C27Soren.Herzog/ece383/Herzog_ece383_wksp/FinalProj/FinalProj_vitis/ZoGolf_V5_wrapper/export/ZoGolf_V5_wrapper/hw/ZoGolf_V5_wrapper.xsa -regs
configparams mdm-detect-bscan-mask 2
targets -set -nocase -filter {name =~ "*microblaze*#0" && bscan=="USER2" }
rst -system
after 3000
targets -set -nocase -filter {name =~ "*microblaze*#0" && bscan=="USER2" }
dow C:/Users/C27Soren.Herzog/ece383/Herzog_ece383_wksp/FinalProj/FinalProj_vitis/ublaze_ZoGolf_V5/Debug/ublaze_ZoGolf_V5.elf
----------------End of Script----------------

20:54:13 INFO  : Context for processor 'microblaze_0' is selected.
20:54:13 INFO  : 'con' command is executed.
20:54:13 INFO  : ----------------XSDB Script (After Launch)----------------
targets -set -nocase -filter {name =~ "*microblaze*#0" && bscan=="USER2" }
con
----------------End of Script----------------

20:54:13 INFO  : Launch script is exported to file 'C:\Users\C27Soren.Herzog\ece383\Herzog_ece383_wksp\FinalProj\FinalProj_vitis\ublaze_ZoGolf_V5_system\_ide\scripts\systemdebugger_ublaze_zogolf_v5_system_standalone.tcl'
20:56:34 INFO  : Disconnected from the channel tcfchan#15.
20:56:34 INFO  : Connected to target on host '127.0.0.1' and port '3121'.
20:56:35 INFO  : Jtag cable 'Digilent Nexys Video 210276B817F4B' is selected.
20:56:35 INFO  : 'jtag frequency' command is executed.
20:56:35 INFO  : 'targets -set -filter {jtag_cable_name =~ "Digilent Nexys Video 210276B817F4B" && level==0 && jtag_device_ctx=="jsn-Nexys Video-210276B817F4B-13636093-0"}' command is executed.
20:56:40 INFO  : Device configured successfully with "C:/Users/C27Soren.Herzog/ece383/Herzog_ece383_wksp/FinalProj/FinalProj_vitis/ublaze_ZoGolf_V5/_ide/bitstream/ZoGolf_V5_wrapper.bit"
20:56:41 INFO  : Context for processor 'microblaze_0' is selected.
20:56:41 INFO  : Hardware design and registers information is loaded from 'C:/Users/C27Soren.Herzog/ece383/Herzog_ece383_wksp/FinalProj/FinalProj_vitis/ZoGolf_V5_wrapper/export/ZoGolf_V5_wrapper/hw/ZoGolf_V5_wrapper.xsa'.
20:56:41 INFO  : 'configparams mdm-detect-bscan-mask 2' command is executed.
20:56:41 INFO  : Context for processor 'microblaze_0' is selected.
20:56:41 INFO  : System reset is completed.
20:56:44 INFO  : 'after 3000' command is executed.
20:56:44 INFO  : Context for processor 'microblaze_0' is selected.
20:56:44 INFO  : The application 'C:/Users/C27Soren.Herzog/ece383/Herzog_ece383_wksp/FinalProj/FinalProj_vitis/ublaze_ZoGolf_V5/Debug/ublaze_ZoGolf_V5.elf' is downloaded to processor 'microblaze_0'.
20:56:44 INFO  : ----------------XSDB Script----------------
connect -url tcp:127.0.0.1:3121
targets -set -filter {jtag_cable_name =~ "Digilent Nexys Video 210276B817F4B" && level==0 && jtag_device_ctx=="jsn-Nexys Video-210276B817F4B-13636093-0"}
fpga -file C:/Users/C27Soren.Herzog/ece383/Herzog_ece383_wksp/FinalProj/FinalProj_vitis/ublaze_ZoGolf_V5/_ide/bitstream/ZoGolf_V5_wrapper.bit
targets -set -nocase -filter {name =~ "*microblaze*#0" && bscan=="USER2" }
loadhw -hw C:/Users/C27Soren.Herzog/ece383/Herzog_ece383_wksp/FinalProj/FinalProj_vitis/ZoGolf_V5_wrapper/export/ZoGolf_V5_wrapper/hw/ZoGolf_V5_wrapper.xsa -regs
configparams mdm-detect-bscan-mask 2
targets -set -nocase -filter {name =~ "*microblaze*#0" && bscan=="USER2" }
rst -system
after 3000
targets -set -nocase -filter {name =~ "*microblaze*#0" && bscan=="USER2" }
dow C:/Users/C27Soren.Herzog/ece383/Herzog_ece383_wksp/FinalProj/FinalProj_vitis/ublaze_ZoGolf_V5/Debug/ublaze_ZoGolf_V5.elf
----------------End of Script----------------

20:56:45 INFO  : Context for processor 'microblaze_0' is selected.
20:56:45 INFO  : 'con' command is executed.
20:56:45 INFO  : ----------------XSDB Script (After Launch)----------------
targets -set -nocase -filter {name =~ "*microblaze*#0" && bscan=="USER2" }
con
----------------End of Script----------------

20:56:45 INFO  : Launch script is exported to file 'C:\Users\C27Soren.Herzog\ece383\Herzog_ece383_wksp\FinalProj\FinalProj_vitis\ublaze_ZoGolf_V5_system\_ide\scripts\systemdebugger_ublaze_zogolf_v5_system_standalone.tcl'
20:57:24 INFO  : Checking for BSP changes to sync application flags for project 'ublaze_ZoGolf_V5'...
20:57:29 INFO  : Disconnected from the channel tcfchan#16.
20:57:29 INFO  : Connected to target on host '127.0.0.1' and port '3121'.
20:57:29 INFO  : Jtag cable 'Digilent Nexys Video 210276B817F4B' is selected.
20:57:29 INFO  : 'jtag frequency' command is executed.
20:57:29 INFO  : 'targets -set -filter {jtag_cable_name =~ "Digilent Nexys Video 210276B817F4B" && level==0 && jtag_device_ctx=="jsn-Nexys Video-210276B817F4B-13636093-0"}' command is executed.
20:57:35 INFO  : Device configured successfully with "C:/Users/C27Soren.Herzog/ece383/Herzog_ece383_wksp/FinalProj/FinalProj_vitis/ublaze_ZoGolf_V5/_ide/bitstream/ZoGolf_V5_wrapper.bit"
20:57:35 INFO  : Context for processor 'microblaze_0' is selected.
20:57:35 INFO  : Hardware design and registers information is loaded from 'C:/Users/C27Soren.Herzog/ece383/Herzog_ece383_wksp/FinalProj/FinalProj_vitis/ZoGolf_V5_wrapper/export/ZoGolf_V5_wrapper/hw/ZoGolf_V5_wrapper.xsa'.
20:57:35 INFO  : 'configparams mdm-detect-bscan-mask 2' command is executed.
20:57:35 INFO  : Context for processor 'microblaze_0' is selected.
20:57:35 INFO  : System reset is completed.
20:57:38 INFO  : 'after 3000' command is executed.
20:57:38 INFO  : Context for processor 'microblaze_0' is selected.
20:57:39 INFO  : The application 'C:/Users/C27Soren.Herzog/ece383/Herzog_ece383_wksp/FinalProj/FinalProj_vitis/ublaze_ZoGolf_V5/Debug/ublaze_ZoGolf_V5.elf' is downloaded to processor 'microblaze_0'.
20:57:39 INFO  : ----------------XSDB Script----------------
connect -url tcp:127.0.0.1:3121
targets -set -filter {jtag_cable_name =~ "Digilent Nexys Video 210276B817F4B" && level==0 && jtag_device_ctx=="jsn-Nexys Video-210276B817F4B-13636093-0"}
fpga -file C:/Users/C27Soren.Herzog/ece383/Herzog_ece383_wksp/FinalProj/FinalProj_vitis/ublaze_ZoGolf_V5/_ide/bitstream/ZoGolf_V5_wrapper.bit
targets -set -nocase -filter {name =~ "*microblaze*#0" && bscan=="USER2" }
loadhw -hw C:/Users/C27Soren.Herzog/ece383/Herzog_ece383_wksp/FinalProj/FinalProj_vitis/ZoGolf_V5_wrapper/export/ZoGolf_V5_wrapper/hw/ZoGolf_V5_wrapper.xsa -regs
configparams mdm-detect-bscan-mask 2
targets -set -nocase -filter {name =~ "*microblaze*#0" && bscan=="USER2" }
rst -system
after 3000
targets -set -nocase -filter {name =~ "*microblaze*#0" && bscan=="USER2" }
dow C:/Users/C27Soren.Herzog/ece383/Herzog_ece383_wksp/FinalProj/FinalProj_vitis/ublaze_ZoGolf_V5/Debug/ublaze_ZoGolf_V5.elf
----------------End of Script----------------

20:57:39 INFO  : Context for processor 'microblaze_0' is selected.
20:57:39 INFO  : 'con' command is executed.
20:57:39 INFO  : ----------------XSDB Script (After Launch)----------------
targets -set -nocase -filter {name =~ "*microblaze*#0" && bscan=="USER2" }
con
----------------End of Script----------------

20:57:39 INFO  : Launch script is exported to file 'C:\Users\C27Soren.Herzog\ece383\Herzog_ece383_wksp\FinalProj\FinalProj_vitis\ublaze_ZoGolf_V5_system\_ide\scripts\systemdebugger_ublaze_zogolf_v5_system_standalone.tcl'
21:02:34 INFO  : Disconnected from the channel tcfchan#17.
21:02:34 INFO  : Connected to target on host '127.0.0.1' and port '3121'.
21:02:34 INFO  : Jtag cable 'Digilent Nexys Video 210276B817F4B' is selected.
21:02:34 INFO  : 'jtag frequency' command is executed.
21:02:34 INFO  : 'targets -set -filter {jtag_cable_name =~ "Digilent Nexys Video 210276B817F4B" && level==0 && jtag_device_ctx=="jsn-Nexys Video-210276B817F4B-13636093-0"}' command is executed.
21:02:40 INFO  : Device configured successfully with "C:/Users/C27Soren.Herzog/ece383/Herzog_ece383_wksp/FinalProj/FinalProj_vitis/ublaze_ZoGolf_V5/_ide/bitstream/ZoGolf_V5_wrapper.bit"
21:02:40 INFO  : Context for processor 'microblaze_0' is selected.
21:02:40 INFO  : Hardware design and registers information is loaded from 'C:/Users/C27Soren.Herzog/ece383/Herzog_ece383_wksp/FinalProj/FinalProj_vitis/ZoGolf_V5_wrapper/export/ZoGolf_V5_wrapper/hw/ZoGolf_V5_wrapper.xsa'.
21:02:40 INFO  : 'configparams mdm-detect-bscan-mask 2' command is executed.
21:02:40 INFO  : Context for processor 'microblaze_0' is selected.
21:02:40 INFO  : System reset is completed.
21:02:43 INFO  : 'after 3000' command is executed.
21:02:43 INFO  : Context for processor 'microblaze_0' is selected.
21:02:44 INFO  : The application 'C:/Users/C27Soren.Herzog/ece383/Herzog_ece383_wksp/FinalProj/FinalProj_vitis/ublaze_ZoGolf_V5/Debug/ublaze_ZoGolf_V5.elf' is downloaded to processor 'microblaze_0'.
21:02:44 INFO  : ----------------XSDB Script----------------
connect -url tcp:127.0.0.1:3121
targets -set -filter {jtag_cable_name =~ "Digilent Nexys Video 210276B817F4B" && level==0 && jtag_device_ctx=="jsn-Nexys Video-210276B817F4B-13636093-0"}
fpga -file C:/Users/C27Soren.Herzog/ece383/Herzog_ece383_wksp/FinalProj/FinalProj_vitis/ublaze_ZoGolf_V5/_ide/bitstream/ZoGolf_V5_wrapper.bit
targets -set -nocase -filter {name =~ "*microblaze*#0" && bscan=="USER2" }
loadhw -hw C:/Users/C27Soren.Herzog/ece383/Herzog_ece383_wksp/FinalProj/FinalProj_vitis/ZoGolf_V5_wrapper/export/ZoGolf_V5_wrapper/hw/ZoGolf_V5_wrapper.xsa -regs
configparams mdm-detect-bscan-mask 2
targets -set -nocase -filter {name =~ "*microblaze*#0" && bscan=="USER2" }
rst -system
after 3000
targets -set -nocase -filter {name =~ "*microblaze*#0" && bscan=="USER2" }
dow C:/Users/C27Soren.Herzog/ece383/Herzog_ece383_wksp/FinalProj/FinalProj_vitis/ublaze_ZoGolf_V5/Debug/ublaze_ZoGolf_V5.elf
----------------End of Script----------------

21:02:44 INFO  : Context for processor 'microblaze_0' is selected.
21:02:44 INFO  : 'con' command is executed.
21:02:44 INFO  : ----------------XSDB Script (After Launch)----------------
targets -set -nocase -filter {name =~ "*microblaze*#0" && bscan=="USER2" }
con
----------------End of Script----------------

21:02:44 INFO  : Launch script is exported to file 'C:\Users\C27Soren.Herzog\ece383\Herzog_ece383_wksp\FinalProj\FinalProj_vitis\ublaze_ZoGolf_V5_system\_ide\scripts\systemdebugger_ublaze_zogolf_v5_system_standalone.tcl'
21:03:12 INFO  : Connected to target on host '127.0.0.1' and port '3121'.
21:03:12 INFO  : Disconnected from the channel tcfchan#18.
21:03:12 INFO  : ----------------XSDB Script----------------
connect -url tcp:127.0.0.1:3121
----------------End of Script----------------

21:03:12 ERROR : Invalid target. Use "connect" command to connect to hw_server/TCF agent
21:03:17 INFO  : Connected to target on host '127.0.0.1' and port '3121'.
21:03:18 INFO  : Jtag cable 'Digilent Nexys Video 210276B817F4B' is selected.
21:03:18 INFO  : 'jtag frequency' command is executed.
21:03:19 INFO  : 'targets -set -filter {jtag_cable_name =~ "Digilent Nexys Video 210276B817F4B" && level==0 && jtag_device_ctx=="jsn-Nexys Video-210276B817F4B-13636093-0"}' command is executed.
21:03:24 INFO  : Device configured successfully with "C:/Users/C27Soren.Herzog/ece383/Herzog_ece383_wksp/FinalProj/FinalProj_vitis/ublaze_ZoGolf_V5/_ide/bitstream/ZoGolf_V5_wrapper.bit"
21:03:25 INFO  : Context for processor 'microblaze_0' is selected.
21:03:25 INFO  : Hardware design and registers information is loaded from 'C:/Users/C27Soren.Herzog/ece383/Herzog_ece383_wksp/FinalProj/FinalProj_vitis/ZoGolf_V5_wrapper/export/ZoGolf_V5_wrapper/hw/ZoGolf_V5_wrapper.xsa'.
21:03:25 INFO  : 'configparams mdm-detect-bscan-mask 2' command is executed.
21:03:25 INFO  : Context for processor 'microblaze_0' is selected.
21:03:25 INFO  : System reset is completed.
21:03:28 INFO  : 'after 3000' command is executed.
21:03:28 INFO  : Context for processor 'microblaze_0' is selected.
21:03:29 INFO  : The application 'C:/Users/C27Soren.Herzog/ece383/Herzog_ece383_wksp/FinalProj/FinalProj_vitis/ublaze_ZoGolf_V5/Debug/ublaze_ZoGolf_V5.elf' is downloaded to processor 'microblaze_0'.
21:03:29 INFO  : ----------------XSDB Script----------------
connect -url tcp:127.0.0.1:3121
targets -set -filter {jtag_cable_name =~ "Digilent Nexys Video 210276B817F4B" && level==0 && jtag_device_ctx=="jsn-Nexys Video-210276B817F4B-13636093-0"}
fpga -file C:/Users/C27Soren.Herzog/ece383/Herzog_ece383_wksp/FinalProj/FinalProj_vitis/ublaze_ZoGolf_V5/_ide/bitstream/ZoGolf_V5_wrapper.bit
targets -set -nocase -filter {name =~ "*microblaze*#0" && bscan=="USER2" }
loadhw -hw C:/Users/C27Soren.Herzog/ece383/Herzog_ece383_wksp/FinalProj/FinalProj_vitis/ZoGolf_V5_wrapper/export/ZoGolf_V5_wrapper/hw/ZoGolf_V5_wrapper.xsa -regs
configparams mdm-detect-bscan-mask 2
targets -set -nocase -filter {name =~ "*microblaze*#0" && bscan=="USER2" }
rst -system
after 3000
targets -set -nocase -filter {name =~ "*microblaze*#0" && bscan=="USER2" }
dow C:/Users/C27Soren.Herzog/ece383/Herzog_ece383_wksp/FinalProj/FinalProj_vitis/ublaze_ZoGolf_V5/Debug/ublaze_ZoGolf_V5.elf
----------------End of Script----------------

21:03:29 INFO  : Context for processor 'microblaze_0' is selected.
21:03:29 INFO  : 'con' command is executed.
21:03:29 INFO  : ----------------XSDB Script (After Launch)----------------
targets -set -nocase -filter {name =~ "*microblaze*#0" && bscan=="USER2" }
con
----------------End of Script----------------

21:03:29 INFO  : Launch script is exported to file 'C:\Users\C27Soren.Herzog\ece383\Herzog_ece383_wksp\FinalProj\FinalProj_vitis\ublaze_ZoGolf_V5_system\_ide\scripts\systemdebugger_ublaze_zogolf_v5_system_standalone.tcl'
21:05:14 INFO  : Disconnected from the channel tcfchan#19.
21:05:14 INFO  : Connected to target on host '127.0.0.1' and port '3121'.
21:05:15 INFO  : Jtag cable 'Digilent Nexys Video 210276B817F4B' is selected.
21:05:15 INFO  : 'jtag frequency' command is executed.
21:05:15 INFO  : 'targets -set -filter {jtag_cable_name =~ "Digilent Nexys Video 210276B817F4B" && level==0 && jtag_device_ctx=="jsn-Nexys Video-210276B817F4B-13636093-0"}' command is executed.
21:05:20 INFO  : Device configured successfully with "C:/Users/C27Soren.Herzog/ece383/Herzog_ece383_wksp/FinalProj/FinalProj_vitis/ublaze_ZoGolf_V5/_ide/bitstream/ZoGolf_V5_wrapper.bit"
21:05:20 INFO  : Context for processor 'microblaze_0' is selected.
21:05:21 INFO  : Hardware design and registers information is loaded from 'C:/Users/C27Soren.Herzog/ece383/Herzog_ece383_wksp/FinalProj/FinalProj_vitis/ZoGolf_V5_wrapper/export/ZoGolf_V5_wrapper/hw/ZoGolf_V5_wrapper.xsa'.
21:05:21 INFO  : 'configparams mdm-detect-bscan-mask 2' command is executed.
21:05:21 INFO  : Context for processor 'microblaze_0' is selected.
21:05:21 INFO  : System reset is completed.
21:05:24 INFO  : 'after 3000' command is executed.
21:05:24 INFO  : Context for processor 'microblaze_0' is selected.
21:05:24 INFO  : The application 'C:/Users/C27Soren.Herzog/ece383/Herzog_ece383_wksp/FinalProj/FinalProj_vitis/ublaze_ZoGolf_V5/Debug/ublaze_ZoGolf_V5.elf' is downloaded to processor 'microblaze_0'.
21:05:24 INFO  : ----------------XSDB Script----------------
connect -url tcp:127.0.0.1:3121
targets -set -filter {jtag_cable_name =~ "Digilent Nexys Video 210276B817F4B" && level==0 && jtag_device_ctx=="jsn-Nexys Video-210276B817F4B-13636093-0"}
fpga -file C:/Users/C27Soren.Herzog/ece383/Herzog_ece383_wksp/FinalProj/FinalProj_vitis/ublaze_ZoGolf_V5/_ide/bitstream/ZoGolf_V5_wrapper.bit
targets -set -nocase -filter {name =~ "*microblaze*#0" && bscan=="USER2" }
loadhw -hw C:/Users/C27Soren.Herzog/ece383/Herzog_ece383_wksp/FinalProj/FinalProj_vitis/ZoGolf_V5_wrapper/export/ZoGolf_V5_wrapper/hw/ZoGolf_V5_wrapper.xsa -regs
configparams mdm-detect-bscan-mask 2
targets -set -nocase -filter {name =~ "*microblaze*#0" && bscan=="USER2" }
rst -system
after 3000
targets -set -nocase -filter {name =~ "*microblaze*#0" && bscan=="USER2" }
dow C:/Users/C27Soren.Herzog/ece383/Herzog_ece383_wksp/FinalProj/FinalProj_vitis/ublaze_ZoGolf_V5/Debug/ublaze_ZoGolf_V5.elf
----------------End of Script----------------

21:05:25 INFO  : Context for processor 'microblaze_0' is selected.
21:05:25 INFO  : 'con' command is executed.
21:05:25 INFO  : ----------------XSDB Script (After Launch)----------------
targets -set -nocase -filter {name =~ "*microblaze*#0" && bscan=="USER2" }
con
----------------End of Script----------------

21:05:25 INFO  : Launch script is exported to file 'C:\Users\C27Soren.Herzog\ece383\Herzog_ece383_wksp\FinalProj\FinalProj_vitis\ublaze_ZoGolf_V5_system\_ide\scripts\systemdebugger_ublaze_zogolf_v5_system_standalone.tcl'
21:14:07 INFO  : Result from executing command 'removePlatformRepo': 
21:14:35 INFO  : Result from executing command 'getProjects': ZoGolf_V5_wrapper
21:14:35 INFO  : Result from executing command 'getPlatforms': 
21:14:35 INFO  : Checking for BSP changes to sync application flags for project 'ublaze_ZoGolf_V5'...
