
*** Running vivado
    with args -log ZoGolf_DataPath.vds -m64 -product Vivado -mode batch -messageDb vivado.pb -notrace -source ZoGolf_DataPath.tcl



****** Vivado v2024.2 (64-bit)
  **** SW Build 5239630 on Fri Nov 08 22:35:27 MST 2024
  **** IP Build 5239520 on Sun Nov 10 16:12:51 MST 2024
  **** SharedData Build 5239561 on Fri Nov 08 14:39:27 MST 2024
  **** Start of session at: Wed Apr 29 09:39:24 2026
    ** Copyright 1986-2022 Xilinx, Inc. All Rights Reserved.
    ** Copyright 2022-2024 Advanced Micro Devices, Inc. All Rights Reserved.

source ZoGolf_DataPath.tcl -notrace
create_project: Time (s): cpu = 00:00:04 ; elapsed = 00:00:10 . Memory (MB): peak = 439.230 ; gain = 127.617
Command: read_checkpoint -auto_incremental -incremental C:/Users/C27Soren.Herzog/ece383/Herzog_ece383_wksp/FinalProj/ZoGolf_FinalProj.srcs/utils_1/imports/synth_1/ZoGolf_DataPath.dcp
INFO: [Vivado 12-5825] Read reference checkpoint from C:/Users/C27Soren.Herzog/ece383/Herzog_ece383_wksp/FinalProj/ZoGolf_FinalProj.srcs/utils_1/imports/synth_1/ZoGolf_DataPath.dcp for incremental synthesis
INFO: [Vivado 12-7989] Please ensure there are no constraint changes
Command: synth_design -top ZoGolf_DataPath -part xc7a200tsbg484-1
Starting synth_design
Attempting to get a license for feature 'Synthesis' and/or device 'xc7a200t'
INFO: [Common 17-349] Got license for feature 'Synthesis' and/or device 'xc7a200t'
INFO: [Device 21-403] Loading part xc7a200tsbg484-1
INFO: [Designutils 20-5440] No compile time benefit to using incremental synthesis; A full resynthesis will be run
INFO: [Designutils 20-4379] Flow is switching to default flow due to incremental criteria not met. If you would like to alter this behaviour and have the flow terminate instead, please set the following parameter config_implementation {autoIncr.Synth.RejectBehavior Terminate}
INFO: [Synth 8-7079] Multithreading enabled for synth_design using a maximum of 2 processes.
INFO: [Synth 8-7078] Launching helper process for spawning children vivado processes
INFO: [Synth 8-7075] Helper process launched with PID 14272
---------------------------------------------------------------------------------
Starting RTL Elaboration : Time (s): cpu = 00:00:07 ; elapsed = 00:00:11 . Memory (MB): peak = 1159.523 ; gain = 468.273
---------------------------------------------------------------------------------
INFO: [Synth 8-638] synthesizing module 'ZoGolf_DataPath' [C:/Users/C27Soren.Herzog/ece383/Herzog_ece383_wksp/FinalProj/ZoGolf_FinalProj.srcs/sources_1/new/ZoGolf_DataPath.vhd:52]
INFO: [Synth 8-3491] module 'video' declared at 'C:/Users/C27Soren.Herzog/ece383/Herzog_ece383_wksp/FinalProj/ZoGolf_FinalProj.srcs/sources_1/imports/code/video components/video.vhdl:11' bound to instance 'video_inst' of component 'video' [C:/Users/C27Soren.Herzog/ece383/Herzog_ece383_wksp/FinalProj/ZoGolf_FinalProj.srcs/sources_1/new/ZoGolf_DataPath.vhd:81]
INFO: [Synth 8-638] synthesizing module 'video' [C:/Users/C27Soren.Herzog/ece383/Herzog_ece383_wksp/FinalProj/ZoGolf_FinalProj.srcs/sources_1/imports/code/video components/video.vhdl:23]
INFO: [Synth 8-3491] module 'clk_wiz_0' declared at 'C:/Users/C27Soren.Herzog/ece383/Herzog_ece383_wksp/FinalProj/ZoGolf_FinalProj.runs/synth_1/.Xil/Vivado-21184-C27-5CG3121G96/realtime/clk_wiz_0_stub.vhdl:6' bound to instance 'mmcm_adv_inst_display_clocks' of component 'clk_wiz_0' [C:/Users/C27Soren.Herzog/ece383/Herzog_ece383_wksp/FinalProj/ZoGolf_FinalProj.srcs/sources_1/imports/code/video components/video.vhdl:52]
INFO: [Synth 8-638] synthesizing module 'clk_wiz_0' [C:/Users/C27Soren.Herzog/ece383/Herzog_ece383_wksp/FinalProj/ZoGolf_FinalProj.runs/synth_1/.Xil/Vivado-21184-C27-5CG3121G96/realtime/clk_wiz_0_stub.vhdl:19]
INFO: [Synth 8-3491] module 'vga_signal_generator' declared at 'C:/Users/C27Soren.Herzog/ece383/Herzog_ece383_wksp/FinalProj/ZoGolf_FinalProj.srcs/sources_1/imports/code/video components/vga_signal_generator.vhd:8' bound to instance 'Inst_vga_signal_gen' of component 'vga_signal_generator' [C:/Users/C27Soren.Herzog/ece383/Herzog_ece383_wksp/FinalProj/ZoGolf_FinalProj.srcs/sources_1/imports/code/video components/video.vhdl:63]
INFO: [Synth 8-638] synthesizing module 'vga_signal_generator' [C:/Users/C27Soren.Herzog/ece383/Herzog_ece383_wksp/FinalProj/ZoGolf_FinalProj.srcs/sources_1/imports/code/video components/vga_signal_generator.vhd:15]
	Parameter num_bits bound to: 10 - type: integer 
	Parameter max_value bound to: 799 - type: integer 
INFO: [Synth 8-3491] module 'counter' declared at 'C:/Users/C27Soren.Herzog/ece383/Herzog_ece383_wksp/FinalProj/ZoGolf_FinalProj.srcs/sources_1/imports/video components/counter.vhd:34' bound to instance 'h_counter' of component 'counter' [C:/Users/C27Soren.Herzog/ece383/Herzog_ece383_wksp/FinalProj/ZoGolf_FinalProj.srcs/sources_1/imports/code/video components/vga_signal_generator.vhd:24]
INFO: [Synth 8-638] synthesizing module 'counter' [C:/Users/C27Soren.Herzog/ece383/Herzog_ece383_wksp/FinalProj/ZoGolf_FinalProj.srcs/sources_1/imports/video components/counter.vhd:46]
	Parameter num_bits bound to: 10 - type: integer 
	Parameter max_value bound to: 799 - type: integer 
INFO: [Synth 8-256] done synthesizing module 'counter' (0#1) [C:/Users/C27Soren.Herzog/ece383/Herzog_ece383_wksp/FinalProj/ZoGolf_FinalProj.srcs/sources_1/imports/video components/counter.vhd:46]
	Parameter num_bits bound to: 10 - type: integer 
	Parameter max_value bound to: 525 - type: integer 
INFO: [Synth 8-3491] module 'counter' declared at 'C:/Users/C27Soren.Herzog/ece383/Herzog_ece383_wksp/FinalProj/ZoGolf_FinalProj.srcs/sources_1/imports/video components/counter.vhd:34' bound to instance 'v_counter' of component 'counter' [C:/Users/C27Soren.Herzog/ece383/Herzog_ece383_wksp/FinalProj/ZoGolf_FinalProj.srcs/sources_1/imports/code/video components/vga_signal_generator.vhd:39]
INFO: [Synth 8-638] synthesizing module 'counter__parameterized1' [C:/Users/C27Soren.Herzog/ece383/Herzog_ece383_wksp/FinalProj/ZoGolf_FinalProj.srcs/sources_1/imports/video components/counter.vhd:46]
	Parameter num_bits bound to: 10 - type: integer 
	Parameter max_value bound to: 525 - type: integer 
INFO: [Synth 8-256] done synthesizing module 'counter__parameterized1' (0#1) [C:/Users/C27Soren.Herzog/ece383/Herzog_ece383_wksp/FinalProj/ZoGolf_FinalProj.srcs/sources_1/imports/video components/counter.vhd:46]
INFO: [Synth 8-256] done synthesizing module 'vga_signal_generator' (0#1) [C:/Users/C27Soren.Herzog/ece383/Herzog_ece383_wksp/FinalProj/ZoGolf_FinalProj.srcs/sources_1/imports/code/video components/vga_signal_generator.vhd:15]
INFO: [Synth 8-3491] module 'color_mapper' declared at 'C:/Users/C27Soren.Herzog/ece383/Herzog_ece383_wksp/FinalProj/ZoGolf_FinalProj.srcs/sources_1/imports/code/color_mapper.vhd:11' bound to instance 'inst_color_mapper' of component 'color_mapper' [C:/Users/C27Soren.Herzog/ece383/Herzog_ece383_wksp/FinalProj/ZoGolf_FinalProj.srcs/sources_1/imports/code/video components/video.vhdl:71]
INFO: [Synth 8-638] synthesizing module 'color_mapper' [C:/Users/C27Soren.Herzog/ece383/Herzog_ece383_wksp/FinalProj/ZoGolf_FinalProj.srcs/sources_1/imports/code/color_mapper.vhd:20]
INFO: [Synth 8-256] done synthesizing module 'color_mapper' (0#1) [C:/Users/C27Soren.Herzog/ece383/Herzog_ece383_wksp/FinalProj/ZoGolf_FinalProj.srcs/sources_1/imports/code/color_mapper.vhd:20]
INFO: [Synth 8-638] synthesizing module 'dvid' [C:/Users/C27Soren.Herzog/ece383/Herzog_ece383_wksp/FinalProj/ZoGolf_FinalProj.srcs/sources_1/imports/code/video components/dvid.vhdl:31]
INFO: [Synth 8-3491] module 'TDMS_encoder' declared at 'C:/Users/C27Soren.Herzog/ece383/Herzog_ece383_wksp/FinalProj/ZoGolf_FinalProj.srcs/sources_1/imports/code/video components/tdms.vhdl:14' bound to instance 'TDMS_encoder_red' of component 'TDMS_encoder' [C:/Users/C27Soren.Herzog/ece383/Herzog_ece383_wksp/FinalProj/ZoGolf_FinalProj.srcs/sources_1/imports/code/video components/dvid.vhdl:56]
INFO: [Synth 8-638] synthesizing module 'TDMS_encoder' [C:/Users/C27Soren.Herzog/ece383/Herzog_ece383_wksp/FinalProj/ZoGolf_FinalProj.srcs/sources_1/imports/code/video components/tdms.vhdl:22]
INFO: [Synth 8-256] done synthesizing module 'TDMS_encoder' (0#1) [C:/Users/C27Soren.Herzog/ece383/Herzog_ece383_wksp/FinalProj/ZoGolf_FinalProj.srcs/sources_1/imports/code/video components/tdms.vhdl:22]
INFO: [Synth 8-3491] module 'TDMS_encoder' declared at 'C:/Users/C27Soren.Herzog/ece383/Herzog_ece383_wksp/FinalProj/ZoGolf_FinalProj.srcs/sources_1/imports/code/video components/tdms.vhdl:14' bound to instance 'TDMS_encoder_green' of component 'TDMS_encoder' [C:/Users/C27Soren.Herzog/ece383/Herzog_ece383_wksp/FinalProj/ZoGolf_FinalProj.srcs/sources_1/imports/code/video components/dvid.vhdl:57]
INFO: [Synth 8-3491] module 'TDMS_encoder' declared at 'C:/Users/C27Soren.Herzog/ece383/Herzog_ece383_wksp/FinalProj/ZoGolf_FinalProj.srcs/sources_1/imports/code/video components/tdms.vhdl:14' bound to instance 'TDMS_encoder_blue' of component 'TDMS_encoder' [C:/Users/C27Soren.Herzog/ece383/Herzog_ece383_wksp/FinalProj/ZoGolf_FinalProj.srcs/sources_1/imports/code/video components/dvid.vhdl:58]
	Parameter DDR_ALIGNMENT bound to: C0 - type: string 
	Parameter INIT bound to: 1'b0 
	Parameter SRTYPE bound to: ASYNC - type: string 
INFO: [Synth 8-113] binding component instance 'ODDR2_red' to cell 'ODDR2' [C:/Users/C27Soren.Herzog/ece383/Herzog_ece383_wksp/FinalProj/ZoGolf_FinalProj.srcs/sources_1/imports/code/video components/dvid.vhdl:60]
	Parameter DDR_ALIGNMENT bound to: C0 - type: string 
	Parameter INIT bound to: 1'b0 
	Parameter SRTYPE bound to: ASYNC - type: string 
INFO: [Synth 8-113] binding component instance 'ODDR2_green' to cell 'ODDR2' [C:/Users/C27Soren.Herzog/ece383/Herzog_ece383_wksp/FinalProj/ZoGolf_FinalProj.srcs/sources_1/imports/code/video components/dvid.vhdl:63]
	Parameter DDR_ALIGNMENT bound to: C0 - type: string 
	Parameter INIT bound to: 1'b0 
	Parameter SRTYPE bound to: ASYNC - type: string 
INFO: [Synth 8-113] binding component instance 'ODDR2_blue' to cell 'ODDR2' [C:/Users/C27Soren.Herzog/ece383/Herzog_ece383_wksp/FinalProj/ZoGolf_FinalProj.srcs/sources_1/imports/code/video components/dvid.vhdl:66]
	Parameter DDR_ALIGNMENT bound to: C0 - type: string 
	Parameter INIT bound to: 1'b0 
	Parameter SRTYPE bound to: ASYNC - type: string 
INFO: [Synth 8-113] binding component instance 'ODDR2_clock' to cell 'ODDR2' [C:/Users/C27Soren.Herzog/ece383/Herzog_ece383_wksp/FinalProj/ZoGolf_FinalProj.srcs/sources_1/imports/code/video components/dvid.vhdl:69]
INFO: [Synth 8-256] done synthesizing module 'dvid' (0#1) [C:/Users/C27Soren.Herzog/ece383/Herzog_ece383_wksp/FinalProj/ZoGolf_FinalProj.srcs/sources_1/imports/code/video components/dvid.vhdl:31]
INFO: [Synth 8-113] binding component instance 'OBUFDS_blue' to cell 'OBUFDS' [C:/Users/C27Soren.Herzog/ece383/Herzog_ece383_wksp/FinalProj/ZoGolf_FinalProj.srcs/sources_1/imports/code/video components/video.vhdl:103]
INFO: [Synth 8-113] binding component instance 'OBUFDS_red' to cell 'OBUFDS' [C:/Users/C27Soren.Herzog/ece383/Herzog_ece383_wksp/FinalProj/ZoGolf_FinalProj.srcs/sources_1/imports/code/video components/video.vhdl:105]
INFO: [Synth 8-113] binding component instance 'OBUFDS_green' to cell 'OBUFDS' [C:/Users/C27Soren.Herzog/ece383/Herzog_ece383_wksp/FinalProj/ZoGolf_FinalProj.srcs/sources_1/imports/code/video components/video.vhdl:107]
INFO: [Synth 8-113] binding component instance 'OBUFDS_clock' to cell 'OBUFDS' [C:/Users/C27Soren.Herzog/ece383/Herzog_ece383_wksp/FinalProj/ZoGolf_FinalProj.srcs/sources_1/imports/code/video components/video.vhdl:109]
INFO: [Synth 8-256] done synthesizing module 'video' (0#1) [C:/Users/C27Soren.Herzog/ece383/Herzog_ece383_wksp/FinalProj/ZoGolf_FinalProj.srcs/sources_1/imports/code/video components/video.vhdl:23]
INFO: [Synth 8-256] done synthesizing module 'ZoGolf_DataPath' (0#1) [C:/Users/C27Soren.Herzog/ece383/Herzog_ece383_wksp/FinalProj/ZoGolf_FinalProj.srcs/sources_1/new/ZoGolf_DataPath.vhd:52]
WARNING: [Synth 8-3848] Net BRAM_DO in module/entity ZoGolf_DataPath does not have driver. [C:/Users/C27Soren.Herzog/ece383/Herzog_ece383_wksp/FinalProj/ZoGolf_FinalProj.srcs/sources_1/new/ZoGolf_DataPath.vhd:57]
WARNING: [Synth 8-7129] Port position[row][9] in module color_mapper is either unconnected or has no load
WARNING: [Synth 8-7129] Port position[row][8] in module color_mapper is either unconnected or has no load
WARNING: [Synth 8-7129] Port position[row][7] in module color_mapper is either unconnected or has no load
WARNING: [Synth 8-7129] Port position[row][6] in module color_mapper is either unconnected or has no load
WARNING: [Synth 8-7129] Port position[row][5] in module color_mapper is either unconnected or has no load
WARNING: [Synth 8-7129] Port position[row][4] in module color_mapper is either unconnected or has no load
WARNING: [Synth 8-7129] Port position[row][3] in module color_mapper is either unconnected or has no load
WARNING: [Synth 8-7129] Port position[row][2] in module color_mapper is either unconnected or has no load
WARNING: [Synth 8-7129] Port position[row][1] in module color_mapper is either unconnected or has no load
WARNING: [Synth 8-7129] Port position[row][0] in module color_mapper is either unconnected or has no load
WARNING: [Synth 8-7129] Port position[col][9] in module color_mapper is either unconnected or has no load
WARNING: [Synth 8-7129] Port position[col][8] in module color_mapper is either unconnected or has no load
WARNING: [Synth 8-7129] Port position[col][7] in module color_mapper is either unconnected or has no load
WARNING: [Synth 8-7129] Port position[col][6] in module color_mapper is either unconnected or has no load
WARNING: [Synth 8-7129] Port position[col][5] in module color_mapper is either unconnected or has no load
WARNING: [Synth 8-7129] Port position[col][4] in module color_mapper is either unconnected or has no load
WARNING: [Synth 8-7129] Port position[col][3] in module color_mapper is either unconnected or has no load
WARNING: [Synth 8-7129] Port position[col][2] in module color_mapper is either unconnected or has no load
WARNING: [Synth 8-7129] Port position[col][1] in module color_mapper is either unconnected or has no load
WARNING: [Synth 8-7129] Port position[col][0] in module color_mapper is either unconnected or has no load
WARNING: [Synth 8-7129] Port level_map[15] in module color_mapper is either unconnected or has no load
WARNING: [Synth 8-7129] Port level_map[14] in module color_mapper is either unconnected or has no load
WARNING: [Synth 8-7129] Port level_map[13] in module color_mapper is either unconnected or has no load
WARNING: [Synth 8-7129] Port level_map[12] in module color_mapper is either unconnected or has no load
WARNING: [Synth 8-7129] Port level_map[11] in module color_mapper is either unconnected or has no load
WARNING: [Synth 8-7129] Port level_map[10] in module color_mapper is either unconnected or has no load
WARNING: [Synth 8-7129] Port level_map[9] in module color_mapper is either unconnected or has no load
WARNING: [Synth 8-7129] Port level_map[8] in module color_mapper is either unconnected or has no load
WARNING: [Synth 8-7129] Port level_map[7] in module color_mapper is either unconnected or has no load
WARNING: [Synth 8-7129] Port level_map[6] in module color_mapper is either unconnected or has no load
WARNING: [Synth 8-7129] Port level_map[5] in module color_mapper is either unconnected or has no load
WARNING: [Synth 8-7129] Port level_map[4] in module color_mapper is either unconnected or has no load
WARNING: [Synth 8-7129] Port level_map[3] in module color_mapper is either unconnected or has no load
WARNING: [Synth 8-7129] Port level_map[2] in module color_mapper is either unconnected or has no load
WARNING: [Synth 8-7129] Port level_map[1] in module color_mapper is either unconnected or has no load
WARNING: [Synth 8-7129] Port level_map[0] in module color_mapper is either unconnected or has no load
WARNING: [Synth 8-7129] Port ball_pos[19] in module color_mapper is either unconnected or has no load
WARNING: [Synth 8-7129] Port ball_pos[18] in module color_mapper is either unconnected or has no load
WARNING: [Synth 8-7129] Port ball_pos[17] in module color_mapper is either unconnected or has no load
WARNING: [Synth 8-7129] Port ball_pos[16] in module color_mapper is either unconnected or has no load
WARNING: [Synth 8-7129] Port ball_pos[15] in module color_mapper is either unconnected or has no load
WARNING: [Synth 8-7129] Port ball_pos[14] in module color_mapper is either unconnected or has no load
WARNING: [Synth 8-7129] Port ball_pos[13] in module color_mapper is either unconnected or has no load
WARNING: [Synth 8-7129] Port ball_pos[12] in module color_mapper is either unconnected or has no load
WARNING: [Synth 8-7129] Port ball_pos[11] in module color_mapper is either unconnected or has no load
WARNING: [Synth 8-7129] Port ball_pos[10] in module color_mapper is either unconnected or has no load
WARNING: [Synth 8-7129] Port ball_pos[9] in module color_mapper is either unconnected or has no load
WARNING: [Synth 8-7129] Port ball_pos[8] in module color_mapper is either unconnected or has no load
WARNING: [Synth 8-7129] Port ball_pos[7] in module color_mapper is either unconnected or has no load
WARNING: [Synth 8-7129] Port ball_pos[6] in module color_mapper is either unconnected or has no load
WARNING: [Synth 8-7129] Port ball_pos[5] in module color_mapper is either unconnected or has no load
WARNING: [Synth 8-7129] Port ball_pos[4] in module color_mapper is either unconnected or has no load
WARNING: [Synth 8-7129] Port ball_pos[3] in module color_mapper is either unconnected or has no load
WARNING: [Synth 8-7129] Port ball_pos[2] in module color_mapper is either unconnected or has no load
WARNING: [Synth 8-7129] Port ball_pos[1] in module color_mapper is either unconnected or has no load
WARNING: [Synth 8-7129] Port ball_pos[0] in module color_mapper is either unconnected or has no load
WARNING: [Synth 8-7129] Port mouse_pos[19] in module color_mapper is either unconnected or has no load
WARNING: [Synth 8-7129] Port mouse_pos[18] in module color_mapper is either unconnected or has no load
WARNING: [Synth 8-7129] Port mouse_pos[17] in module color_mapper is either unconnected or has no load
WARNING: [Synth 8-7129] Port mouse_pos[16] in module color_mapper is either unconnected or has no load
WARNING: [Synth 8-7129] Port mouse_pos[15] in module color_mapper is either unconnected or has no load
WARNING: [Synth 8-7129] Port mouse_pos[14] in module color_mapper is either unconnected or has no load
WARNING: [Synth 8-7129] Port mouse_pos[13] in module color_mapper is either unconnected or has no load
WARNING: [Synth 8-7129] Port mouse_pos[12] in module color_mapper is either unconnected or has no load
WARNING: [Synth 8-7129] Port mouse_pos[11] in module color_mapper is either unconnected or has no load
WARNING: [Synth 8-7129] Port mouse_pos[10] in module color_mapper is either unconnected or has no load
WARNING: [Synth 8-7129] Port mouse_pos[9] in module color_mapper is either unconnected or has no load
WARNING: [Synth 8-7129] Port mouse_pos[8] in module color_mapper is either unconnected or has no load
WARNING: [Synth 8-7129] Port mouse_pos[7] in module color_mapper is either unconnected or has no load
WARNING: [Synth 8-7129] Port mouse_pos[6] in module color_mapper is either unconnected or has no load
WARNING: [Synth 8-7129] Port mouse_pos[5] in module color_mapper is either unconnected or has no load
WARNING: [Synth 8-7129] Port mouse_pos[4] in module color_mapper is either unconnected or has no load
WARNING: [Synth 8-7129] Port mouse_pos[3] in module color_mapper is either unconnected or has no load
WARNING: [Synth 8-7129] Port mouse_pos[2] in module color_mapper is either unconnected or has no load
WARNING: [Synth 8-7129] Port mouse_pos[1] in module color_mapper is either unconnected or has no load
WARNING: [Synth 8-7129] Port mouse_pos[0] in module color_mapper is either unconnected or has no load
WARNING: [Synth 8-7129] Port level_select[3] in module color_mapper is either unconnected or has no load
WARNING: [Synth 8-7129] Port level_select[2] in module color_mapper is either unconnected or has no load
WARNING: [Synth 8-7129] Port level_select[1] in module color_mapper is either unconnected or has no load
WARNING: [Synth 8-7129] Port level_select[0] in module color_mapper is either unconnected or has no load
---------------------------------------------------------------------------------
Finished RTL Elaboration : Time (s): cpu = 00:00:09 ; elapsed = 00:00:15 . Memory (MB): peak = 1271.535 ; gain = 580.285
---------------------------------------------------------------------------------
---------------------------------------------------------------------------------
Start Handling Custom Attributes
---------------------------------------------------------------------------------
---------------------------------------------------------------------------------
Finished Handling Custom Attributes : Time (s): cpu = 00:00:09 ; elapsed = 00:00:16 . Memory (MB): peak = 1271.535 ; gain = 580.285
---------------------------------------------------------------------------------
---------------------------------------------------------------------------------
Finished RTL Optimization Phase 1 : Time (s): cpu = 00:00:09 ; elapsed = 00:00:16 . Memory (MB): peak = 1271.535 ; gain = 580.285
---------------------------------------------------------------------------------
Netlist sorting complete. Time (s): cpu = 00:00:00 ; elapsed = 00:00:00.012 . Memory (MB): peak = 1271.535 ; gain = 0.000
INFO: [Netlist 29-17] Analyzing 8 Unisim elements for replacement
WARNING: [Netlist 29-151] Pin 'C1' on instance 'video_inst/inst_dvid/ODDR2_blue' of cell type 'ODDR2' does not have an equivalent function on the new cell type 'ODDR'. Net 'clk_n' that is connected to this pin will not be connected to the replacement instance.
WARNING: [Netlist 29-151] Pin 'C1' on instance 'video_inst/inst_dvid/ODDR2_clock' of cell type 'ODDR2' does not have an equivalent function on the new cell type 'ODDR'. Net 'clk_n' that is connected to this pin will not be connected to the replacement instance.
WARNING: [Netlist 29-151] Pin 'C1' on instance 'video_inst/inst_dvid/ODDR2_green' of cell type 'ODDR2' does not have an equivalent function on the new cell type 'ODDR'. Net 'clk_n' that is connected to this pin will not be connected to the replacement instance.
WARNING: [Netlist 29-151] Pin 'C1' on instance 'video_inst/inst_dvid/ODDR2_red' of cell type 'ODDR2' does not have an equivalent function on the new cell type 'ODDR'. Net 'clk_n' that is connected to this pin will not be connected to the replacement instance.
INFO: [Netlist 29-28] Unisim Transformation completed in 0 CPU seconds
INFO: [Project 1-570] Preparing netlist for logic optimization

Processing XDC Constraints
Initializing timing engine
Parsing XDC File [c:/Users/C27Soren.Herzog/ece383/Herzog_ece383_wksp/FinalProj/ZoGolf_FinalProj.gen/sources_1/ip/clk_wiz_0/clk_wiz_0/clk_wiz_0_in_context.xdc] for cell 'video_inst/mmcm_adv_inst_display_clocks'
Finished Parsing XDC File [c:/Users/C27Soren.Herzog/ece383/Herzog_ece383_wksp/FinalProj/ZoGolf_FinalProj.gen/sources_1/ip/clk_wiz_0/clk_wiz_0/clk_wiz_0_in_context.xdc] for cell 'video_inst/mmcm_adv_inst_display_clocks'
Parsing XDC File [C:/Users/C27Soren.Herzog/ece383/Herzog_ece383_wksp/FinalProj/ZoGolf_FinalProj.srcs/constrs_1/imports/code/FinalProj.xdc]
Finished Parsing XDC File [C:/Users/C27Soren.Herzog/ece383/Herzog_ece383_wksp/FinalProj/ZoGolf_FinalProj.srcs/constrs_1/imports/code/FinalProj.xdc]
INFO: [Project 1-236] Implementation specific constraints were found while reading constraint file [C:/Users/C27Soren.Herzog/ece383/Herzog_ece383_wksp/FinalProj/ZoGolf_FinalProj.srcs/constrs_1/imports/code/FinalProj.xdc]. These constraints will be ignored for synthesis but will be used in implementation. Impacted constraints are listed in the file [.Xil/ZoGolf_DataPath_propImpl.xdc].
Resolution: To avoid this warning, move constraints listed in [.Xil/ZoGolf_DataPath_propImpl.xdc] to another XDC file and exclude this new file from synthesis with the used_in_synthesis property (File Properties dialog in GUI) and re-run elaboration/synthesis.
Completed Processing XDC Constraints

Netlist sorting complete. Time (s): cpu = 00:00:00 ; elapsed = 00:00:00.001 . Memory (MB): peak = 1320.895 ; gain = 0.000
INFO: [Project 1-111] Unisim Transformation Summary:
  A total of 8 instances were transformed.
  OBUFDS => OBUFDS_DUAL_BUF (INV, OBUFDS(x2)): 4 instances
  ODDR2 => ODDR: 4 instances

Constraint Validation Runtime : Time (s): cpu = 00:00:00 ; elapsed = 00:00:00.009 . Memory (MB): peak = 1320.895 ; gain = 0.000
INFO: [Designutils 20-5440] No compile time benefit to using incremental synthesis; A full resynthesis will be run
INFO: [Designutils 20-4379] Flow is switching to default flow due to incremental criteria not met. If you would like to alter this behaviour and have the flow terminate instead, please set the following parameter config_implementation {autoIncr.Synth.RejectBehavior Terminate}
---------------------------------------------------------------------------------
Finished Constraint Validation : Time (s): cpu = 00:00:20 ; elapsed = 00:00:32 . Memory (MB): peak = 1320.895 ; gain = 629.645
---------------------------------------------------------------------------------
---------------------------------------------------------------------------------
Start Loading Part and Timing Information
---------------------------------------------------------------------------------
Loading part: xc7a200tsbg484-1
---------------------------------------------------------------------------------
Finished Loading Part and Timing Information : Time (s): cpu = 00:00:20 ; elapsed = 00:00:32 . Memory (MB): peak = 1320.895 ; gain = 629.645
---------------------------------------------------------------------------------
---------------------------------------------------------------------------------
Start Applying 'set_property' XDC Constraints
---------------------------------------------------------------------------------
Applied set_property IO_BUFFER_TYPE = NONE for clk. (constraint file  c:/Users/C27Soren.Herzog/ece383/Herzog_ece383_wksp/FinalProj/ZoGolf_FinalProj.gen/sources_1/ip/clk_wiz_0/clk_wiz_0/clk_wiz_0_in_context.xdc, line 5).
Applied set_property CLOCK_BUFFER_TYPE = NONE for clk. (constraint file  c:/Users/C27Soren.Herzog/ece383/Herzog_ece383_wksp/FinalProj/ZoGolf_FinalProj.gen/sources_1/ip/clk_wiz_0/clk_wiz_0/clk_wiz_0_in_context.xdc, line 6).
Applied set_property KEEP_HIERARCHY = SOFT for video_inst/mmcm_adv_inst_display_clocks. (constraint file  auto generated constraint).
---------------------------------------------------------------------------------
Finished applying 'set_property' XDC Constraints : Time (s): cpu = 00:00:20 ; elapsed = 00:00:32 . Memory (MB): peak = 1320.895 ; gain = 629.645
---------------------------------------------------------------------------------
---------------------------------------------------------------------------------
Finished RTL Optimization Phase 2 : Time (s): cpu = 00:00:21 ; elapsed = 00:00:33 . Memory (MB): peak = 1320.895 ; gain = 629.645
---------------------------------------------------------------------------------
---------------------------------------------------------------------------------
Start RTL Component Statistics 
---------------------------------------------------------------------------------
Detailed RTL Component Info : 
+---Adders : 
	   2 Input   10 Bit       Adders := 2     
	   8 Input    4 Bit       Adders := 3     
	   9 Input    4 Bit       Adders := 3     
	  11 Input    4 Bit       Adders := 3     
	   4 Input    4 Bit       Adders := 3     
	  10 Input    4 Bit       Adders := 3     
+---XORs : 
	   2 Input      1 Bit         XORs := 42    
+---Registers : 
	               10 Bit    Registers := 12    
	                4 Bit    Registers := 3     
	                1 Bit    Registers := 7     
+---Muxes : 
	   5 Input   10 Bit        Muxes := 6     
	   4 Input   10 Bit        Muxes := 3     
	   2 Input   10 Bit        Muxes := 9     
	   2 Input    9 Bit        Muxes := 6     
	   2 Input    4 Bit        Muxes := 9     
	   2 Input    1 Bit        Muxes := 7     
	   5 Input    1 Bit        Muxes := 2     
---------------------------------------------------------------------------------
Finished RTL Component Statistics 
---------------------------------------------------------------------------------
---------------------------------------------------------------------------------
Start Part Resource Summary
---------------------------------------------------------------------------------
Part Resources:
DSPs: 740 (col length:100)
BRAMs: 730 (col length: RAMB18 100 RAMB36 50)
---------------------------------------------------------------------------------
Finished Part Resource Summary
---------------------------------------------------------------------------------
---------------------------------------------------------------------------------
Start Cross Boundary and Area Optimization
---------------------------------------------------------------------------------
WARNING: [Synth 8-7080] Parallel synthesis criteria is not met
---------------------------------------------------------------------------------
Finished Cross Boundary and Area Optimization : Time (s): cpu = 00:00:24 ; elapsed = 00:00:38 . Memory (MB): peak = 1323.594 ; gain = 632.344
---------------------------------------------------------------------------------
---------------------------------------------------------------------------------
Start Applying XDC Timing Constraints
---------------------------------------------------------------------------------
---------------------------------------------------------------------------------
Finished Applying XDC Timing Constraints : Time (s): cpu = 00:00:32 ; elapsed = 00:00:50 . Memory (MB): peak = 1462.277 ; gain = 771.027
---------------------------------------------------------------------------------
---------------------------------------------------------------------------------
Start Timing Optimization
---------------------------------------------------------------------------------
---------------------------------------------------------------------------------
Finished Timing Optimization : Time (s): cpu = 00:00:32 ; elapsed = 00:00:50 . Memory (MB): peak = 1482.902 ; gain = 791.652
---------------------------------------------------------------------------------
---------------------------------------------------------------------------------
Start Technology Mapping
---------------------------------------------------------------------------------
---------------------------------------------------------------------------------
Finished Technology Mapping : Time (s): cpu = 00:00:32 ; elapsed = 00:00:51 . Memory (MB): peak = 1492.762 ; gain = 801.512
---------------------------------------------------------------------------------
---------------------------------------------------------------------------------
Start IO Insertion
---------------------------------------------------------------------------------
---------------------------------------------------------------------------------
Start Flattening Before IO Insertion
---------------------------------------------------------------------------------
---------------------------------------------------------------------------------
Finished Flattening Before IO Insertion
---------------------------------------------------------------------------------
---------------------------------------------------------------------------------
Start Final Netlist Cleanup
---------------------------------------------------------------------------------
---------------------------------------------------------------------------------
Finished Final Netlist Cleanup
---------------------------------------------------------------------------------
---------------------------------------------------------------------------------
Finished IO Insertion : Time (s): cpu = 00:00:37 ; elapsed = 00:00:58 . Memory (MB): peak = 1689.422 ; gain = 998.172
---------------------------------------------------------------------------------
---------------------------------------------------------------------------------
Start Renaming Generated Instances
---------------------------------------------------------------------------------
---------------------------------------------------------------------------------
Finished Renaming Generated Instances : Time (s): cpu = 00:00:37 ; elapsed = 00:00:58 . Memory (MB): peak = 1689.422 ; gain = 998.172
---------------------------------------------------------------------------------
---------------------------------------------------------------------------------
Start Rebuilding User Hierarchy
---------------------------------------------------------------------------------
---------------------------------------------------------------------------------
Finished Rebuilding User Hierarchy : Time (s): cpu = 00:00:37 ; elapsed = 00:00:58 . Memory (MB): peak = 1689.422 ; gain = 998.172
---------------------------------------------------------------------------------
---------------------------------------------------------------------------------
Start Renaming Generated Ports
---------------------------------------------------------------------------------
---------------------------------------------------------------------------------
Finished Renaming Generated Ports : Time (s): cpu = 00:00:37 ; elapsed = 00:00:58 . Memory (MB): peak = 1689.422 ; gain = 998.172
---------------------------------------------------------------------------------
---------------------------------------------------------------------------------
Start Handling Custom Attributes
---------------------------------------------------------------------------------
---------------------------------------------------------------------------------
Finished Handling Custom Attributes : Time (s): cpu = 00:00:37 ; elapsed = 00:00:58 . Memory (MB): peak = 1689.422 ; gain = 998.172
---------------------------------------------------------------------------------
---------------------------------------------------------------------------------
Start Renaming Generated Nets
---------------------------------------------------------------------------------
---------------------------------------------------------------------------------
Finished Renaming Generated Nets : Time (s): cpu = 00:00:37 ; elapsed = 00:00:58 . Memory (MB): peak = 1689.422 ; gain = 998.172
---------------------------------------------------------------------------------
---------------------------------------------------------------------------------
Start Writing Synthesis Report
---------------------------------------------------------------------------------

Report BlackBoxes: 
+------+--------------+----------+
|      |BlackBox name |Instances |
+------+--------------+----------+
|1     |clk_wiz_0     |         1|
+------+--------------+----------+

Report Cell Usage: 
+------+---------------+------+
|      |Cell           |Count |
+------+---------------+------+
|1     |clk_wiz_0_bbox |     1|
|2     |LUT1           |     3|
|3     |LUT2           |    32|
|4     |LUT3           |    22|
|5     |LUT4           |    15|
|6     |LUT5           |    13|
|7     |LUT6           |    18|
|8     |ODDR2          |     4|
|9     |FDRE           |    85|
|10    |FDSE           |    17|
|11    |IBUF           |     1|
|12    |OBUFDS         |     4|
+------+---------------+------+
---------------------------------------------------------------------------------
Finished Writing Synthesis Report : Time (s): cpu = 00:00:37 ; elapsed = 00:00:58 . Memory (MB): peak = 1689.422 ; gain = 998.172
---------------------------------------------------------------------------------
Synthesis finished with 0 errors, 0 critical warnings and 1 warnings.
Synthesis Optimization Runtime : Time (s): cpu = 00:00:26 ; elapsed = 00:00:52 . Memory (MB): peak = 1689.422 ; gain = 948.812
Synthesis Optimization Complete : Time (s): cpu = 00:00:38 ; elapsed = 00:00:58 . Memory (MB): peak = 1689.422 ; gain = 998.172
INFO: [Project 1-571] Translating synthesized netlist
Netlist sorting complete. Time (s): cpu = 00:00:00 ; elapsed = 00:00:00.003 . Memory (MB): peak = 1689.422 ; gain = 0.000
INFO: [Netlist 29-17] Analyzing 8 Unisim elements for replacement
WARNING: [Netlist 29-151] Pin 'C1' on instance 'video_inst/inst_dvid/ODDR2_blue' of cell type 'ODDR2' does not have an equivalent function on the new cell type 'ODDR'. Net 'clk_out3' that is connected to this pin will not be connected to the replacement instance.
WARNING: [Netlist 29-151] Pin 'C1' on instance 'video_inst/inst_dvid/ODDR2_clock' of cell type 'ODDR2' does not have an equivalent function on the new cell type 'ODDR'. Net 'clk_out3' that is connected to this pin will not be connected to the replacement instance.
WARNING: [Netlist 29-151] Pin 'C1' on instance 'video_inst/inst_dvid/ODDR2_green' of cell type 'ODDR2' does not have an equivalent function on the new cell type 'ODDR'. Net 'clk_out3' that is connected to this pin will not be connected to the replacement instance.
WARNING: [Netlist 29-151] Pin 'C1' on instance 'video_inst/inst_dvid/ODDR2_red' of cell type 'ODDR2' does not have an equivalent function on the new cell type 'ODDR'. Net 'clk_out3' that is connected to this pin will not be connected to the replacement instance.
INFO: [Netlist 29-28] Unisim Transformation completed in 0 CPU seconds
INFO: [Project 1-570] Preparing netlist for logic optimization
INFO: [Opt 31-138] Pushed 0 inverter(s) to 0 load pin(s).
Netlist sorting complete. Time (s): cpu = 00:00:00 ; elapsed = 00:00:00 . Memory (MB): peak = 1704.887 ; gain = 0.000
INFO: [Project 1-111] Unisim Transformation Summary:
  A total of 8 instances were transformed.
  OBUFDS => OBUFDS_DUAL_BUF (INV, OBUFDS(x2)): 4 instances
  ODDR2 => ODDR: 4 instances

Synth Design complete | Checksum: 3791a386
INFO: [Common 17-83] Releasing license: Synthesis
57 Infos, 90 Warnings, 0 Critical Warnings and 0 Errors encountered.
synth_design completed successfully
synth_design: Time (s): cpu = 00:00:43 ; elapsed = 00:01:35 . Memory (MB): peak = 1704.887 ; gain = 1250.316
Write ShapeDB Complete: Time (s): cpu = 00:00:00 ; elapsed = 00:00:00.002 . Memory (MB): peak = 1704.887 ; gain = 0.000
INFO: [Common 17-1381] The checkpoint 'C:/Users/C27Soren.Herzog/ece383/Herzog_ece383_wksp/FinalProj/ZoGolf_FinalProj.runs/synth_1/ZoGolf_DataPath.dcp' has been generated.
INFO: [Vivado 12-24828] Executing command : report_utilization -file ZoGolf_DataPath_utilization_synth.rpt -pb ZoGolf_DataPath_utilization_synth.pb
INFO: [Common 17-206] Exiting Vivado at Wed Apr 29 09:41:28 2026...
