TRACE::2026-05-07.23:21:59::SCWPlatform::Trying to open the hw design at C:/Users/C27Soren.Herzog/ece383/Herzog_ece383_wksp/FinalProj/FinalProj_vitis/ZoGolf_V5_wrapper/hw/ZoGolf_V5_wrapper.xsa
TRACE::2026-05-07.23:21:59::SCWPlatform::DSA given C:/Users/C27Soren.Herzog/ece383/Herzog_ece383_wksp/FinalProj/FinalProj_vitis/ZoGolf_V5_wrapper/hw/ZoGolf_V5_wrapper.xsa
TRACE::2026-05-07.23:21:59::SCWPlatform::DSA absoulate path C:/Users/C27Soren.Herzog/ece383/Herzog_ece383_wksp/FinalProj/FinalProj_vitis/ZoGolf_V5_wrapper/hw/ZoGolf_V5_wrapper.xsa
TRACE::2026-05-07.23:21:59::SCWPlatform::DSA directory C:/Users/C27Soren.Herzog/ece383/Herzog_ece383_wksp/FinalProj/FinalProj_vitis/ZoGolf_V5_wrapper/hw
TRACE::2026-05-07.23:21:59::SCWPlatform:: Platform Path C:/Users/C27Soren.Herzog/ece383/Herzog_ece383_wksp/FinalProj/FinalProj_vitis/ZoGolf_V5_wrapper/hw/ZoGolf_V5_wrapper.xsa
TRACE::2026-05-07.23:21:59::SCWPlatform:: Unique name xilinx:nexys_video::0.0
TRACE::2026-05-07.23:21:59::SCWPlatform::Do not have an existing db opened. 
TRACE::2026-05-07.23:22:00::SCWPlatform::Opened new HwDB with name design_1_wrapper_10
TRACE::2026-05-07.23:22:00::SCWWriter::formatted JSON is {
	"platformName":	"ZoGolf_V5_wrapper",
	"sprVersion":	"2.0",
	"mode":	"gui",
	"dsaType":	"Fixed",
	"platformDesc":	"ZoGolf_V5_wrapper",
	"platHandOff":	"C:/Users/C27Soren.Herzog/ece383/Herzog_ece383_wksp/FinalProj/FinalProj_IP/ZoGolf_V5_wrapper.xsa",
	"platIntHandOff":	"<platformDir>/hw/ZoGolf_V5_wrapper.xsa",
	"deviceType":	"FPGA",
	"platIsPrebuiltAutogen":	"false",
	"platIsNoBootBsp":	"false",
	"hasFsblMakeHasChanges":	"false",
	"hasPmufwMakeHasChanges":	"false",
	"platPreBuiltFlag":	false,
	"platformSamplesDir":	""
}
TRACE::2026-05-07.23:22:00::SCWWriter::formatted JSON is {
	"platformName":	"ZoGolf_V5_wrapper",
	"sprVersion":	"2.0",
	"mode":	"gui",
	"dsaType":	"Fixed",
	"platformDesc":	"ZoGolf_V5_wrapper",
	"platHandOff":	"C:/Users/C27Soren.Herzog/ece383/Herzog_ece383_wksp/FinalProj/FinalProj_IP/ZoGolf_V5_wrapper.xsa",
	"platIntHandOff":	"<platformDir>/hw/ZoGolf_V5_wrapper.xsa",
	"deviceType":	"FPGA",
	"platIsPrebuiltAutogen":	"false",
	"platIsNoBootBsp":	"false",
	"hasFsblMakeHasChanges":	"false",
	"hasPmufwMakeHasChanges":	"false",
	"platPreBuiltFlag":	false,
	"platformSamplesDir":	"",
	"platActiveSys":	"ZoGolf_V5_wrapper",
	"systems":	[{
			"systemName":	"ZoGolf_V5_wrapper",
			"systemDesc":	"ZoGolf_V5_wrapper",
			"sysIsBootAutoGen":	"true",
			"systemDispName":	"ZoGolf_V5_wrapper"
		}]
}
TRACE::2026-05-07.23:22:00::SCWPlatform::Boot application domains not present, creating them
TRACE::2026-05-07.23:22:00::SCWPlatform::Pure FPGA device, no boot application will be created.
TRACE::2026-05-07.23:22:00::SCWWriter::formatted JSON is {
	"platformName":	"ZoGolf_V5_wrapper",
	"sprVersion":	"2.0",
	"mode":	"gui",
	"dsaType":	"Fixed",
	"platformDesc":	"ZoGolf_V5_wrapper",
	"platHandOff":	"C:/Users/C27Soren.Herzog/ece383/Herzog_ece383_wksp/FinalProj/FinalProj_IP/ZoGolf_V5_wrapper.xsa",
	"platIntHandOff":	"<platformDir>/hw/ZoGolf_V5_wrapper.xsa",
	"deviceType":	"FPGA",
	"platIsPrebuiltAutogen":	"false",
	"platIsNoBootBsp":	"false",
	"hasFsblMakeHasChanges":	"false",
	"hasPmufwMakeHasChanges":	"false",
	"platPreBuiltFlag":	false,
	"platformSamplesDir":	"",
	"platActiveSys":	"ZoGolf_V5_wrapper",
	"systems":	[{
			"systemName":	"ZoGolf_V5_wrapper",
			"systemDesc":	"ZoGolf_V5_wrapper",
			"sysIsBootAutoGen":	"true",
			"systemDispName":	"ZoGolf_V5_wrapper"
		}]
}
TRACE::2026-05-07.23:22:00::SCWWriter::formatted JSON is {
	"platformName":	"ZoGolf_V5_wrapper",
	"sprVersion":	"2.0",
	"mode":	"gui",
	"dsaType":	"Fixed",
	"platformDesc":	"ZoGolf_V5_wrapper",
	"platHandOff":	"C:/Users/C27Soren.Herzog/ece383/Herzog_ece383_wksp/FinalProj/FinalProj_IP/ZoGolf_V5_wrapper.xsa",
	"platIntHandOff":	"<platformDir>/hw/ZoGolf_V5_wrapper.xsa",
	"deviceType":	"FPGA",
	"platIsPrebuiltAutogen":	"false",
	"platIsNoBootBsp":	"false",
	"hasFsblMakeHasChanges":	"false",
	"hasPmufwMakeHasChanges":	"false",
	"platPreBuiltFlag":	false,
	"platformSamplesDir":	"",
	"platActiveSys":	"ZoGolf_V5_wrapper",
	"systems":	[{
			"systemName":	"ZoGolf_V5_wrapper",
			"systemDesc":	"ZoGolf_V5_wrapper",
			"sysIsBootAutoGen":	"true",
			"systemDispName":	"ZoGolf_V5_wrapper"
		}]
}
TRACE::2026-05-07.23:22:00::SCWPlatform::Trying to open the hw design at C:/Users/C27Soren.Herzog/ece383/Herzog_ece383_wksp/FinalProj/FinalProj_vitis/ZoGolf_V5_wrapper/hw/ZoGolf_V5_wrapper.xsa
TRACE::2026-05-07.23:22:00::SCWPlatform::DSA given C:/Users/C27Soren.Herzog/ece383/Herzog_ece383_wksp/FinalProj/FinalProj_vitis/ZoGolf_V5_wrapper/hw/ZoGolf_V5_wrapper.xsa
TRACE::2026-05-07.23:22:00::SCWPlatform::DSA absoulate path C:/Users/C27Soren.Herzog/ece383/Herzog_ece383_wksp/FinalProj/FinalProj_vitis/ZoGolf_V5_wrapper/hw/ZoGolf_V5_wrapper.xsa
TRACE::2026-05-07.23:22:00::SCWPlatform::DSA directory C:/Users/C27Soren.Herzog/ece383/Herzog_ece383_wksp/FinalProj/FinalProj_vitis/ZoGolf_V5_wrapper/hw
TRACE::2026-05-07.23:22:00::SCWPlatform:: Platform Path C:/Users/C27Soren.Herzog/ece383/Herzog_ece383_wksp/FinalProj/FinalProj_vitis/ZoGolf_V5_wrapper/hw/ZoGolf_V5_wrapper.xsa
TRACE::2026-05-07.23:22:00::SCWPlatform:: Unique name xilinx:nexys_video::0.0
TRACE::2026-05-07.23:22:00::SCWPlatform::Trying to set the existing hwdb with name design_1_wrapper_10
TRACE::2026-05-07.23:22:00::SCWPlatform::Opened existing hwdb design_1_wrapper_10
TRACE::2026-05-07.23:22:00::SCWPlatform::Found the Hw Db part of the input DSA
TRACE::2026-05-07.23:22:00::SCWPlatform::Trying to open the hw design at C:/Users/C27Soren.Herzog/ece383/Herzog_ece383_wksp/FinalProj/FinalProj_vitis/ZoGolf_V5_wrapper/hw/ZoGolf_V5_wrapper.xsa
TRACE::2026-05-07.23:22:00::SCWPlatform::DSA given C:/Users/C27Soren.Herzog/ece383/Herzog_ece383_wksp/FinalProj/FinalProj_vitis/ZoGolf_V5_wrapper/hw/ZoGolf_V5_wrapper.xsa
TRACE::2026-05-07.23:22:00::SCWPlatform::DSA absoulate path C:/Users/C27Soren.Herzog/ece383/Herzog_ece383_wksp/FinalProj/FinalProj_vitis/ZoGolf_V5_wrapper/hw/ZoGolf_V5_wrapper.xsa
TRACE::2026-05-07.23:22:00::SCWPlatform::DSA directory C:/Users/C27Soren.Herzog/ece383/Herzog_ece383_wksp/FinalProj/FinalProj_vitis/ZoGolf_V5_wrapper/hw
TRACE::2026-05-07.23:22:00::SCWPlatform:: Platform Path C:/Users/C27Soren.Herzog/ece383/Herzog_ece383_wksp/FinalProj/FinalProj_vitis/ZoGolf_V5_wrapper/hw/ZoGolf_V5_wrapper.xsa
TRACE::2026-05-07.23:22:00::SCWPlatform:: Unique name xilinx:nexys_video::0.0
TRACE::2026-05-07.23:22:00::SCWPlatform::Trying to set the existing hwdb with name design_1_wrapper_10
TRACE::2026-05-07.23:22:00::SCWPlatform::Opened existing hwdb design_1_wrapper_10
TRACE::2026-05-07.23:22:00::SCWPlatform::Found the Hw Db part of the input DSA
TRACE::2026-05-07.23:22:00::SCWDomain::checking for install qemu data   : 
TRACE::2026-05-07.23:22:00::SCWPlatform::Trying to open the hw design at C:/Users/C27Soren.Herzog/ece383/Herzog_ece383_wksp/FinalProj/FinalProj_vitis/ZoGolf_V5_wrapper/hw/ZoGolf_V5_wrapper.xsa
TRACE::2026-05-07.23:22:00::SCWPlatform::DSA given C:/Users/C27Soren.Herzog/ece383/Herzog_ece383_wksp/FinalProj/FinalProj_vitis/ZoGolf_V5_wrapper/hw/ZoGolf_V5_wrapper.xsa
TRACE::2026-05-07.23:22:00::SCWPlatform::DSA absoulate path C:/Users/C27Soren.Herzog/ece383/Herzog_ece383_wksp/FinalProj/FinalProj_vitis/ZoGolf_V5_wrapper/hw/ZoGolf_V5_wrapper.xsa
TRACE::2026-05-07.23:22:00::SCWPlatform::DSA directory C:/Users/C27Soren.Herzog/ece383/Herzog_ece383_wksp/FinalProj/FinalProj_vitis/ZoGolf_V5_wrapper/hw
TRACE::2026-05-07.23:22:00::SCWPlatform:: Platform Path C:/Users/C27Soren.Herzog/ece383/Herzog_ece383_wksp/FinalProj/FinalProj_vitis/ZoGolf_V5_wrapper/hw/ZoGolf_V5_wrapper.xsa
TRACE::2026-05-07.23:22:00::SCWPlatform:: Unique name xilinx:nexys_video::0.0
TRACE::2026-05-07.23:22:00::SCWPlatform::Trying to set the existing hwdb with name design_1_wrapper_10
TRACE::2026-05-07.23:22:00::SCWPlatform::Opened existing hwdb design_1_wrapper_10
TRACE::2026-05-07.23:22:00::SCWPlatform::Found the Hw Db part of the input DSA
TRACE::2026-05-07.23:22:00::SCWPlatform::Trying to open the hw design at C:/Users/C27Soren.Herzog/ece383/Herzog_ece383_wksp/FinalProj/FinalProj_vitis/ZoGolf_V5_wrapper/hw/ZoGolf_V5_wrapper.xsa
TRACE::2026-05-07.23:22:00::SCWPlatform::DSA given C:/Users/C27Soren.Herzog/ece383/Herzog_ece383_wksp/FinalProj/FinalProj_vitis/ZoGolf_V5_wrapper/hw/ZoGolf_V5_wrapper.xsa
TRACE::2026-05-07.23:22:00::SCWPlatform::DSA absoulate path C:/Users/C27Soren.Herzog/ece383/Herzog_ece383_wksp/FinalProj/FinalProj_vitis/ZoGolf_V5_wrapper/hw/ZoGolf_V5_wrapper.xsa
TRACE::2026-05-07.23:22:00::SCWPlatform::DSA directory C:/Users/C27Soren.Herzog/ece383/Herzog_ece383_wksp/FinalProj/FinalProj_vitis/ZoGolf_V5_wrapper/hw
TRACE::2026-05-07.23:22:00::SCWPlatform:: Platform Path C:/Users/C27Soren.Herzog/ece383/Herzog_ece383_wksp/FinalProj/FinalProj_vitis/ZoGolf_V5_wrapper/hw/ZoGolf_V5_wrapper.xsa
TRACE::2026-05-07.23:22:00::SCWPlatform:: Unique name xilinx:nexys_video::0.0
TRACE::2026-05-07.23:22:00::SCWPlatform::Trying to set the existing hwdb with name design_1_wrapper_10
TRACE::2026-05-07.23:22:00::SCWPlatform::Opened existing hwdb design_1_wrapper_10
TRACE::2026-05-07.23:22:00::SCWPlatform::Found the Hw Db part of the input DSA
TRACE::2026-05-07.23:22:00::SCWPlatform::Trying to open the hw design at C:/Users/C27Soren.Herzog/ece383/Herzog_ece383_wksp/FinalProj/FinalProj_vitis/ZoGolf_V5_wrapper/hw/ZoGolf_V5_wrapper.xsa
TRACE::2026-05-07.23:22:00::SCWPlatform::DSA given C:/Users/C27Soren.Herzog/ece383/Herzog_ece383_wksp/FinalProj/FinalProj_vitis/ZoGolf_V5_wrapper/hw/ZoGolf_V5_wrapper.xsa
TRACE::2026-05-07.23:22:00::SCWPlatform::DSA absoulate path C:/Users/C27Soren.Herzog/ece383/Herzog_ece383_wksp/FinalProj/FinalProj_vitis/ZoGolf_V5_wrapper/hw/ZoGolf_V5_wrapper.xsa
TRACE::2026-05-07.23:22:00::SCWPlatform::DSA directory C:/Users/C27Soren.Herzog/ece383/Herzog_ece383_wksp/FinalProj/FinalProj_vitis/ZoGolf_V5_wrapper/hw
TRACE::2026-05-07.23:22:00::SCWPlatform:: Platform Path C:/Users/C27Soren.Herzog/ece383/Herzog_ece383_wksp/FinalProj/FinalProj_vitis/ZoGolf_V5_wrapper/hw/ZoGolf_V5_wrapper.xsa
TRACE::2026-05-07.23:22:00::SCWPlatform:: Unique name xilinx:nexys_video::0.0
TRACE::2026-05-07.23:22:00::SCWPlatform::Trying to set the existing hwdb with name design_1_wrapper_10
TRACE::2026-05-07.23:22:00::SCWPlatform::Opened existing hwdb design_1_wrapper_10
TRACE::2026-05-07.23:22:00::SCWPlatform::Found the Hw Db part of the input DSA
TRACE::2026-05-07.23:22:00::SCWMssOS::Checking the sw design at  C:/Users/C27Soren.Herzog/ece383/Herzog_ece383_wksp/FinalProj/FinalProj_vitis/ZoGolf_V5_wrapper/microblaze_0/standalone_microblaze_0/bsp/system.mss
TRACE::2026-05-07.23:22:00::SCWMssOS::DEBUG:  swdes dump  
TRACE::2026-05-07.23:22:00::SCWMssOS::No sw design opened at  C:/Users/C27Soren.Herzog/ece383/Herzog_ece383_wksp/FinalProj/FinalProj_vitis/ZoGolf_V5_wrapper/microblaze_0/standalone_microblaze_0/bsp/system.mss
TRACE::2026-05-07.23:22:00::SCWMssOS::mss does not exists at C:/Users/C27Soren.Herzog/ece383/Herzog_ece383_wksp/FinalProj/FinalProj_vitis/ZoGolf_V5_wrapper/microblaze_0/standalone_microblaze_0/bsp/system.mss
TRACE::2026-05-07.23:22:00::SCWMssOS::Creating sw design at  C:/Users/C27Soren.Herzog/ece383/Herzog_ece383_wksp/FinalProj/FinalProj_vitis/ZoGolf_V5_wrapper/microblaze_0/standalone_microblaze_0/bsp/system.mss
TRACE::2026-05-07.23:22:00::SCWMssOS::Adding the swdes entry, created swdb C:/Users/C27Soren.Herzog/ece383/Herzog_ece383_wksp/FinalProj/FinalProj_vitis/ZoGolf_V5_wrapper/microblaze_0/standalone_microblaze_0/bsp/system.mss with des name C:/Users/C27Soren.Herzog/ece383/Herzog_ece383_wksp/FinalProj/FinalProj_vitis/ZoGolf_V5_wrapper/microblaze_0/standalone_microblaze_0/bsp/system.mss
TRACE::2026-05-07.23:22:00::SCWMssOS::updating the scw layer changes to swdes at   C:/Users/C27Soren.Herzog/ece383/Herzog_ece383_wksp/FinalProj/FinalProj_vitis/ZoGolf_V5_wrapper/microblaze_0/standalone_microblaze_0/bsp/system.mss
TRACE::2026-05-07.23:22:00::SCWMssOS::Writing mss at C:/Users/C27Soren.Herzog/ece383/Herzog_ece383_wksp/FinalProj/FinalProj_vitis/ZoGolf_V5_wrapper/microblaze_0/standalone_microblaze_0/bsp/system.mss
TRACE::2026-05-07.23:22:00::SCWMssOS::Completed writing the mss file at C:/Users/C27Soren.Herzog/ece383/Herzog_ece383_wksp/FinalProj/FinalProj_vitis/ZoGolf_V5_wrapper/microblaze_0/standalone_microblaze_0/bsp
TRACE::2026-05-07.23:22:00::SCWMssOS::Picking up changes from newly written mss file into SCW Layer. 
TRACE::2026-05-07.23:22:00::SCWMssOS::Updated the changes from newly written mss file into SCW Layer. 
TRACE::2026-05-07.23:22:00::SCWMssOS::Completed writing the mss file at C:/Users/C27Soren.Herzog/ece383/Herzog_ece383_wksp/FinalProj/FinalProj_vitis/ZoGolf_V5_wrapper/microblaze_0/standalone_microblaze_0/bsp
TRACE::2026-05-07.23:22:00::SCWMssOS::Forcing BSP Sources regeneration.
TRACE::2026-05-07.23:22:07::SCWMssOS::Saving the mss changes C:/Users/C27Soren.Herzog/ece383/Herzog_ece383_wksp/FinalProj/FinalProj_vitis/ZoGolf_V5_wrapper/microblaze_0/standalone_microblaze_0/bsp/system.mss
TRACE::2026-05-07.23:22:07::SCWMssOS::Adding the swdes entry, mss present, able to open swdb C:/Users/C27Soren.Herzog/ece383/Herzog_ece383_wksp/FinalProj/FinalProj_vitis/ZoGolf_V5_wrapper/microblaze_0/standalone_microblaze_0/bsp/system.mss with des name system
TRACE::2026-05-07.23:22:07::SCWMssOS::Writing the mss file completed C:/Users/C27Soren.Herzog/ece383/Herzog_ece383_wksp/FinalProj/FinalProj_vitis/ZoGolf_V5_wrapper/microblaze_0/standalone_microblaze_0/bsp/system.mss
TRACE::2026-05-07.23:22:07::SCWMssOS::Commit changes completed.
TRACE::2026-05-07.23:22:07::SCWPlatform::Trying to open the hw design at C:/Users/C27Soren.Herzog/ece383/Herzog_ece383_wksp/FinalProj/FinalProj_vitis/ZoGolf_V5_wrapper/hw/ZoGolf_V5_wrapper.xsa
TRACE::2026-05-07.23:22:07::SCWPlatform::DSA given C:/Users/C27Soren.Herzog/ece383/Herzog_ece383_wksp/FinalProj/FinalProj_vitis/ZoGolf_V5_wrapper/hw/ZoGolf_V5_wrapper.xsa
TRACE::2026-05-07.23:22:07::SCWPlatform::DSA absoulate path C:/Users/C27Soren.Herzog/ece383/Herzog_ece383_wksp/FinalProj/FinalProj_vitis/ZoGolf_V5_wrapper/hw/ZoGolf_V5_wrapper.xsa
TRACE::2026-05-07.23:22:07::SCWPlatform::DSA directory C:/Users/C27Soren.Herzog/ece383/Herzog_ece383_wksp/FinalProj/FinalProj_vitis/ZoGolf_V5_wrapper/hw
TRACE::2026-05-07.23:22:07::SCWPlatform:: Platform Path C:/Users/C27Soren.Herzog/ece383/Herzog_ece383_wksp/FinalProj/FinalProj_vitis/ZoGolf_V5_wrapper/hw/ZoGolf_V5_wrapper.xsa
TRACE::2026-05-07.23:22:07::SCWPlatform:: Unique name xilinx:nexys_video::0.0
TRACE::2026-05-07.23:22:07::SCWPlatform::Trying to set the existing hwdb with name design_1_wrapper_10
TRACE::2026-05-07.23:22:07::SCWPlatform::Opened existing hwdb design_1_wrapper_10
TRACE::2026-05-07.23:22:07::SCWPlatform::Found the Hw Db part of the input DSA
TRACE::2026-05-07.23:22:07::SCWMssOS::Checking the sw design at  C:/Users/C27Soren.Herzog/ece383/Herzog_ece383_wksp/FinalProj/FinalProj_vitis/ZoGolf_V5_wrapper/microblaze_0/standalone_microblaze_0/bsp/system.mss
TRACE::2026-05-07.23:22:07::SCWMssOS::DEBUG:  swdes dump  C:/Users/C27Soren.Herzog/ece383/Herzog_ece383_wksp/FinalProj/FinalProj_vitis/ZoGolf_V5_wrapper/microblaze_0/standalone_microblaze_0/bsp/system.mss|system||

TRACE::2026-05-07.23:22:07::SCWMssOS::Sw design exists and opened at  C:/Users/C27Soren.Herzog/ece383/Herzog_ece383_wksp/FinalProj/FinalProj_vitis/ZoGolf_V5_wrapper/microblaze_0/standalone_microblaze_0/bsp/system.mss
TRACE::2026-05-07.23:22:07::SCWPlatform::Trying to open the hw design at C:/Users/C27Soren.Herzog/ece383/Herzog_ece383_wksp/FinalProj/FinalProj_vitis/ZoGolf_V5_wrapper/hw/ZoGolf_V5_wrapper.xsa
TRACE::2026-05-07.23:22:07::SCWPlatform::DSA given C:/Users/C27Soren.Herzog/ece383/Herzog_ece383_wksp/FinalProj/FinalProj_vitis/ZoGolf_V5_wrapper/hw/ZoGolf_V5_wrapper.xsa
TRACE::2026-05-07.23:22:07::SCWPlatform::DSA absoulate path C:/Users/C27Soren.Herzog/ece383/Herzog_ece383_wksp/FinalProj/FinalProj_vitis/ZoGolf_V5_wrapper/hw/ZoGolf_V5_wrapper.xsa
TRACE::2026-05-07.23:22:07::SCWPlatform::DSA directory C:/Users/C27Soren.Herzog/ece383/Herzog_ece383_wksp/FinalProj/FinalProj_vitis/ZoGolf_V5_wrapper/hw
TRACE::2026-05-07.23:22:07::SCWPlatform:: Platform Path C:/Users/C27Soren.Herzog/ece383/Herzog_ece383_wksp/FinalProj/FinalProj_vitis/ZoGolf_V5_wrapper/hw/ZoGolf_V5_wrapper.xsa
TRACE::2026-05-07.23:22:07::SCWPlatform:: Unique name xilinx:nexys_video::0.0
TRACE::2026-05-07.23:22:07::SCWPlatform::Trying to set the existing hwdb with name design_1_wrapper_10
TRACE::2026-05-07.23:22:07::SCWPlatform::Opened existing hwdb design_1_wrapper_10
TRACE::2026-05-07.23:22:07::SCWPlatform::Found the Hw Db part of the input DSA
TRACE::2026-05-07.23:22:07::SCWMssOS::Checking the sw design at  C:/Users/C27Soren.Herzog/ece383/Herzog_ece383_wksp/FinalProj/FinalProj_vitis/ZoGolf_V5_wrapper/microblaze_0/standalone_microblaze_0/bsp/system.mss
TRACE::2026-05-07.23:22:07::SCWMssOS::DEBUG:  swdes dump  C:/Users/C27Soren.Herzog/ece383/Herzog_ece383_wksp/FinalProj/FinalProj_vitis/ZoGolf_V5_wrapper/microblaze_0/standalone_microblaze_0/bsp/system.mss|system||

TRACE::2026-05-07.23:22:07::SCWMssOS::Sw design exists and opened at  C:/Users/C27Soren.Herzog/ece383/Herzog_ece383_wksp/FinalProj/FinalProj_vitis/ZoGolf_V5_wrapper/microblaze_0/standalone_microblaze_0/bsp/system.mss
TRACE::2026-05-07.23:22:07::SCWPlatform::Trying to open the hw design at C:/Users/C27Soren.Herzog/ece383/Herzog_ece383_wksp/FinalProj/FinalProj_vitis/ZoGolf_V5_wrapper/hw/ZoGolf_V5_wrapper.xsa
TRACE::2026-05-07.23:22:07::SCWPlatform::DSA given C:/Users/C27Soren.Herzog/ece383/Herzog_ece383_wksp/FinalProj/FinalProj_vitis/ZoGolf_V5_wrapper/hw/ZoGolf_V5_wrapper.xsa
TRACE::2026-05-07.23:22:07::SCWPlatform::DSA absoulate path C:/Users/C27Soren.Herzog/ece383/Herzog_ece383_wksp/FinalProj/FinalProj_vitis/ZoGolf_V5_wrapper/hw/ZoGolf_V5_wrapper.xsa
TRACE::2026-05-07.23:22:07::SCWPlatform::DSA directory C:/Users/C27Soren.Herzog/ece383/Herzog_ece383_wksp/FinalProj/FinalProj_vitis/ZoGolf_V5_wrapper/hw
TRACE::2026-05-07.23:22:07::SCWPlatform:: Platform Path C:/Users/C27Soren.Herzog/ece383/Herzog_ece383_wksp/FinalProj/FinalProj_vitis/ZoGolf_V5_wrapper/hw/ZoGolf_V5_wrapper.xsa
TRACE::2026-05-07.23:22:07::SCWPlatform:: Unique name xilinx:nexys_video::0.0
TRACE::2026-05-07.23:22:07::SCWPlatform::Trying to set the existing hwdb with name design_1_wrapper_10
TRACE::2026-05-07.23:22:07::SCWPlatform::Opened existing hwdb design_1_wrapper_10
TRACE::2026-05-07.23:22:07::SCWPlatform::Found the Hw Db part of the input DSA
TRACE::2026-05-07.23:22:07::SCWMssOS::Checking the sw design at  C:/Users/C27Soren.Herzog/ece383/Herzog_ece383_wksp/FinalProj/FinalProj_vitis/ZoGolf_V5_wrapper/microblaze_0/standalone_microblaze_0/bsp/system.mss
TRACE::2026-05-07.23:22:07::SCWMssOS::DEBUG:  swdes dump  C:/Users/C27Soren.Herzog/ece383/Herzog_ece383_wksp/FinalProj/FinalProj_vitis/ZoGolf_V5_wrapper/microblaze_0/standalone_microblaze_0/bsp/system.mss|system||

TRACE::2026-05-07.23:22:07::SCWMssOS::Sw design exists and opened at  C:/Users/C27Soren.Herzog/ece383/Herzog_ece383_wksp/FinalProj/FinalProj_vitis/ZoGolf_V5_wrapper/microblaze_0/standalone_microblaze_0/bsp/system.mss
TRACE::2026-05-07.23:22:07::SCWWriter::formatted JSON is {
	"platformName":	"ZoGolf_V5_wrapper",
	"sprVersion":	"2.0",
	"mode":	"gui",
	"dsaType":	"Fixed",
	"platformDesc":	"ZoGolf_V5_wrapper",
	"platHandOff":	"C:/Users/C27Soren.Herzog/ece383/Herzog_ece383_wksp/FinalProj/FinalProj_IP/ZoGolf_V5_wrapper.xsa",
	"platIntHandOff":	"<platformDir>/hw/ZoGolf_V5_wrapper.xsa",
	"deviceType":	"FPGA",
	"platIsPrebuiltAutogen":	"false",
	"platIsNoBootBsp":	"false",
	"hasFsblMakeHasChanges":	"false",
	"hasPmufwMakeHasChanges":	"false",
	"platPreBuiltFlag":	false,
	"platformSamplesDir":	"",
	"platActiveSys":	"ZoGolf_V5_wrapper",
	"systems":	[{
			"systemName":	"ZoGolf_V5_wrapper",
			"systemDesc":	"ZoGolf_V5_wrapper",
			"sysIsBootAutoGen":	"true",
			"systemDispName":	"ZoGolf_V5_wrapper",
			"sysActiveDom":	"standalone_microblaze_0",
			"sysDefaultDom":	"standalone_microblaze_0",
			"domains":	[{
					"domainName":	"standalone_microblaze_0",
					"domainDispName":	"standalone_microblaze_0",
					"domainDesc":	"standalone_microblaze_0",
					"processors":	"microblaze_0",
					"os":	"standalone",
					"sdxOs":	"standalone",
					"debugEnable":	"False",
					"domRuntimes":	["cpp"],
					"swRepo":	"",
					"mssOsVer":	"9.2",
					"mssFile":	"",
					"md5Digest":	"bec4f60b96832dfa4f6a986ab55e5f08",
					"compatibleApp":	"hello_world",
					"domType":	"mssDomain",
					"arch":	"32-bit",
					"appSettings":	{
						"appCompilerFlags":	"",
						"appLinkerFlags":	""
					},
					"addedLibs":	[],
					"libOptions":	{
						"libsContainingOptions":	[]
					},
					"prebuiltLibs":	{
						"prebuiltIncPath":	[],
						"prebuiltLibPath":	[]
					},
					"isolation":	{
					}
				}]
		}]
}
LOG::2026-05-07.23:22:07::SCWPlatform::Started generating the artifacts platform ZoGolf_V5_wrapper
TRACE::2026-05-07.23:22:07::SCWPlatform::Sanity checking of platform is completed
LOG::2026-05-07.23:22:07::SCWPlatform::Started generating the artifacts for system configuration ZoGolf_V5_wrapper
LOG::2026-05-07.23:22:07::SCWSystem::Checking the domain standalone_microblaze_0
LOG::2026-05-07.23:22:07::SCWSystem::Not a boot domain 
LOG::2026-05-07.23:22:07::SCWSystem::Started Processing the domain standalone_microblaze_0
TRACE::2026-05-07.23:22:07::SCWDomain::Generating domain artifcats
TRACE::2026-05-07.23:22:07::SCWMssOS::Generating standalone artifcats
TRACE::2026-05-07.23:22:07::SCWMssOS:: Copying the user libraries. 
TRACE::2026-05-07.23:22:07::SCWPlatform::Trying to open the hw design at C:/Users/C27Soren.Herzog/ece383/Herzog_ece383_wksp/FinalProj/FinalProj_vitis/ZoGolf_V5_wrapper/hw/ZoGolf_V5_wrapper.xsa
TRACE::2026-05-07.23:22:07::SCWPlatform::DSA given C:/Users/C27Soren.Herzog/ece383/Herzog_ece383_wksp/FinalProj/FinalProj_vitis/ZoGolf_V5_wrapper/hw/ZoGolf_V5_wrapper.xsa
TRACE::2026-05-07.23:22:07::SCWPlatform::DSA absoulate path C:/Users/C27Soren.Herzog/ece383/Herzog_ece383_wksp/FinalProj/FinalProj_vitis/ZoGolf_V5_wrapper/hw/ZoGolf_V5_wrapper.xsa
TRACE::2026-05-07.23:22:07::SCWPlatform::DSA directory C:/Users/C27Soren.Herzog/ece383/Herzog_ece383_wksp/FinalProj/FinalProj_vitis/ZoGolf_V5_wrapper/hw
TRACE::2026-05-07.23:22:08::SCWPlatform:: Platform Path C:/Users/C27Soren.Herzog/ece383/Herzog_ece383_wksp/FinalProj/FinalProj_vitis/ZoGolf_V5_wrapper/hw/ZoGolf_V5_wrapper.xsa
TRACE::2026-05-07.23:22:08::SCWPlatform:: Unique name xilinx:nexys_video::0.0
TRACE::2026-05-07.23:22:08::SCWPlatform::Trying to set the existing hwdb with name design_1_wrapper_10
TRACE::2026-05-07.23:22:08::SCWPlatform::Opened existing hwdb design_1_wrapper_10
TRACE::2026-05-07.23:22:08::SCWPlatform::Found the Hw Db part of the input DSA
TRACE::2026-05-07.23:22:08::SCWMssOS::Checking the sw design at  C:/Users/C27Soren.Herzog/ece383/Herzog_ece383_wksp/FinalProj/FinalProj_vitis/ZoGolf_V5_wrapper/microblaze_0/standalone_microblaze_0/bsp/system.mss
TRACE::2026-05-07.23:22:08::SCWMssOS::DEBUG:  swdes dump  C:/Users/C27Soren.Herzog/ece383/Herzog_ece383_wksp/FinalProj/FinalProj_vitis/ZoGolf_V5_wrapper/microblaze_0/standalone_microblaze_0/bsp/system.mss|system||

TRACE::2026-05-07.23:22:08::SCWMssOS::Sw design exists and opened at  C:/Users/C27Soren.Herzog/ece383/Herzog_ece383_wksp/FinalProj/FinalProj_vitis/ZoGolf_V5_wrapper/microblaze_0/standalone_microblaze_0/bsp/system.mss
TRACE::2026-05-07.23:22:08::SCWMssOS::Completed writing the mss file at C:/Users/C27Soren.Herzog/ece383/Herzog_ece383_wksp/FinalProj/FinalProj_vitis/ZoGolf_V5_wrapper/microblaze_0/standalone_microblaze_0/bsp
TRACE::2026-05-07.23:22:08::SCWMssOS::Mss edits present, copying mssfile into export location C:/Users/C27Soren.Herzog/ece383/Herzog_ece383_wksp/FinalProj/FinalProj_vitis/ZoGolf_V5_wrapper/microblaze_0/standalone_microblaze_0/bsp/system.mss
TRACE::2026-05-07.23:22:08::SCWMssOS::bsp generated is upto date with the mss file. Skipping bsp generation.
TRACE::2026-05-07.23:22:08::SCWMssOS::BSP is already built. skipping the bsp build ... 
TRACE::2026-05-07.23:22:08::SCWDomain::Skipping the build for domain :  standalone_microblaze_0
TRACE::2026-05-07.23:22:08::SCWMssOS::skipping the bsp build ... 
TRACE::2026-05-07.23:22:08::SCWMssOS::Copying to export directory.
TRACE::2026-05-07.23:22:08::SCWMssOS:: Checking if to create the Supporting Applications
TRACE::2026-05-07.23:22:08::SCWMssOS:: No Linux domain exists, trying to generate FSBL 
LOG::2026-05-07.23:22:08::SCWSystem::Completed Processing the domain standalone_microblaze_0
LOG::2026-05-07.23:22:08::SCWSystem::Completed Processing the sysconfig ZoGolf_V5_wrapper
LOG::2026-05-07.23:22:08::SCWPlatform::Completed generating the artifacts for system configuration ZoGolf_V5_wrapper
TRACE::2026-05-07.23:22:08::SCWPlatform::Started preparing the platform 
TRACE::2026-05-07.23:22:08::SCWSystem::Writing the bif file for system config ZoGolf_V5_wrapper
TRACE::2026-05-07.23:22:08::SCWSystem::dir created 
TRACE::2026-05-07.23:22:08::SCWSystem::Writing the bif 
TRACE::2026-05-07.23:22:08::SCWPlatform::Started writing the spfm file 
TRACE::2026-05-07.23:22:08::SCWPlatform::Started writing the xpfm file 
TRACE::2026-05-07.23:22:08::SCWPlatform::Completed generating the platform
TRACE::2026-05-07.23:22:08::SCWMssOS::Saving the mss changes C:/Users/C27Soren.Herzog/ece383/Herzog_ece383_wksp/FinalProj/FinalProj_vitis/ZoGolf_V5_wrapper/microblaze_0/standalone_microblaze_0/bsp/system.mss
TRACE::2026-05-07.23:22:08::SCWMssOS::Found a swdesign opened with the mssfile.
TRACE::2026-05-07.23:22:08::SCWMssOS::Completed writemss as part of save.
TRACE::2026-05-07.23:22:08::SCWMssOS::Commit changes completed.
TRACE::2026-05-07.23:22:08::SCWPlatform::Trying to open the hw design at C:/Users/C27Soren.Herzog/ece383/Herzog_ece383_wksp/FinalProj/FinalProj_vitis/ZoGolf_V5_wrapper/hw/ZoGolf_V5_wrapper.xsa
TRACE::2026-05-07.23:22:08::SCWPlatform::DSA given C:/Users/C27Soren.Herzog/ece383/Herzog_ece383_wksp/FinalProj/FinalProj_vitis/ZoGolf_V5_wrapper/hw/ZoGolf_V5_wrapper.xsa
TRACE::2026-05-07.23:22:08::SCWPlatform::DSA absoulate path C:/Users/C27Soren.Herzog/ece383/Herzog_ece383_wksp/FinalProj/FinalProj_vitis/ZoGolf_V5_wrapper/hw/ZoGolf_V5_wrapper.xsa
TRACE::2026-05-07.23:22:08::SCWPlatform::DSA directory C:/Users/C27Soren.Herzog/ece383/Herzog_ece383_wksp/FinalProj/FinalProj_vitis/ZoGolf_V5_wrapper/hw
TRACE::2026-05-07.23:22:08::SCWPlatform:: Platform Path C:/Users/C27Soren.Herzog/ece383/Herzog_ece383_wksp/FinalProj/FinalProj_vitis/ZoGolf_V5_wrapper/hw/ZoGolf_V5_wrapper.xsa
TRACE::2026-05-07.23:22:08::SCWPlatform:: Unique name xilinx:nexys_video::0.0
TRACE::2026-05-07.23:22:08::SCWPlatform::Trying to set the existing hwdb with name design_1_wrapper_10
TRACE::2026-05-07.23:22:08::SCWPlatform::Opened existing hwdb design_1_wrapper_10
TRACE::2026-05-07.23:22:08::SCWPlatform::Found the Hw Db part of the input DSA
TRACE::2026-05-07.23:22:08::SCWMssOS::Checking the sw design at  C:/Users/C27Soren.Herzog/ece383/Herzog_ece383_wksp/FinalProj/FinalProj_vitis/ZoGolf_V5_wrapper/microblaze_0/standalone_microblaze_0/bsp/system.mss
TRACE::2026-05-07.23:22:08::SCWMssOS::DEBUG:  swdes dump  C:/Users/C27Soren.Herzog/ece383/Herzog_ece383_wksp/FinalProj/FinalProj_vitis/ZoGolf_V5_wrapper/microblaze_0/standalone_microblaze_0/bsp/system.mss|system||

TRACE::2026-05-07.23:22:08::SCWMssOS::Sw design exists and opened at  C:/Users/C27Soren.Herzog/ece383/Herzog_ece383_wksp/FinalProj/FinalProj_vitis/ZoGolf_V5_wrapper/microblaze_0/standalone_microblaze_0/bsp/system.mss
TRACE::2026-05-07.23:22:08::SCWPlatform::Trying to open the hw design at C:/Users/C27Soren.Herzog/ece383/Herzog_ece383_wksp/FinalProj/FinalProj_vitis/ZoGolf_V5_wrapper/hw/ZoGolf_V5_wrapper.xsa
TRACE::2026-05-07.23:22:08::SCWPlatform::DSA given C:/Users/C27Soren.Herzog/ece383/Herzog_ece383_wksp/FinalProj/FinalProj_vitis/ZoGolf_V5_wrapper/hw/ZoGolf_V5_wrapper.xsa
TRACE::2026-05-07.23:22:08::SCWPlatform::DSA absoulate path C:/Users/C27Soren.Herzog/ece383/Herzog_ece383_wksp/FinalProj/FinalProj_vitis/ZoGolf_V5_wrapper/hw/ZoGolf_V5_wrapper.xsa
TRACE::2026-05-07.23:22:08::SCWPlatform::DSA directory C:/Users/C27Soren.Herzog/ece383/Herzog_ece383_wksp/FinalProj/FinalProj_vitis/ZoGolf_V5_wrapper/hw
TRACE::2026-05-07.23:22:08::SCWPlatform:: Platform Path C:/Users/C27Soren.Herzog/ece383/Herzog_ece383_wksp/FinalProj/FinalProj_vitis/ZoGolf_V5_wrapper/hw/ZoGolf_V5_wrapper.xsa
TRACE::2026-05-07.23:22:08::SCWPlatform:: Unique name xilinx:nexys_video::0.0
TRACE::2026-05-07.23:22:08::SCWPlatform::Trying to set the existing hwdb with name design_1_wrapper_10
TRACE::2026-05-07.23:22:08::SCWPlatform::Opened existing hwdb design_1_wrapper_10
TRACE::2026-05-07.23:22:08::SCWPlatform::Found the Hw Db part of the input DSA
TRACE::2026-05-07.23:22:08::SCWMssOS::Checking the sw design at  C:/Users/C27Soren.Herzog/ece383/Herzog_ece383_wksp/FinalProj/FinalProj_vitis/ZoGolf_V5_wrapper/microblaze_0/standalone_microblaze_0/bsp/system.mss
TRACE::2026-05-07.23:22:08::SCWMssOS::DEBUG:  swdes dump  C:/Users/C27Soren.Herzog/ece383/Herzog_ece383_wksp/FinalProj/FinalProj_vitis/ZoGolf_V5_wrapper/microblaze_0/standalone_microblaze_0/bsp/system.mss|system||

TRACE::2026-05-07.23:22:08::SCWMssOS::Sw design exists and opened at  C:/Users/C27Soren.Herzog/ece383/Herzog_ece383_wksp/FinalProj/FinalProj_vitis/ZoGolf_V5_wrapper/microblaze_0/standalone_microblaze_0/bsp/system.mss
TRACE::2026-05-07.23:22:08::SCWPlatform::Trying to open the hw design at C:/Users/C27Soren.Herzog/ece383/Herzog_ece383_wksp/FinalProj/FinalProj_vitis/ZoGolf_V5_wrapper/hw/ZoGolf_V5_wrapper.xsa
TRACE::2026-05-07.23:22:08::SCWPlatform::DSA given C:/Users/C27Soren.Herzog/ece383/Herzog_ece383_wksp/FinalProj/FinalProj_vitis/ZoGolf_V5_wrapper/hw/ZoGolf_V5_wrapper.xsa
TRACE::2026-05-07.23:22:08::SCWPlatform::DSA absoulate path C:/Users/C27Soren.Herzog/ece383/Herzog_ece383_wksp/FinalProj/FinalProj_vitis/ZoGolf_V5_wrapper/hw/ZoGolf_V5_wrapper.xsa
TRACE::2026-05-07.23:22:08::SCWPlatform::DSA directory C:/Users/C27Soren.Herzog/ece383/Herzog_ece383_wksp/FinalProj/FinalProj_vitis/ZoGolf_V5_wrapper/hw
TRACE::2026-05-07.23:22:08::SCWPlatform:: Platform Path C:/Users/C27Soren.Herzog/ece383/Herzog_ece383_wksp/FinalProj/FinalProj_vitis/ZoGolf_V5_wrapper/hw/ZoGolf_V5_wrapper.xsa
TRACE::2026-05-07.23:22:08::SCWPlatform:: Unique name xilinx:nexys_video::0.0
TRACE::2026-05-07.23:22:08::SCWPlatform::Trying to set the existing hwdb with name design_1_wrapper_10
TRACE::2026-05-07.23:22:08::SCWPlatform::Opened existing hwdb design_1_wrapper_10
TRACE::2026-05-07.23:22:08::SCWPlatform::Found the Hw Db part of the input DSA
TRACE::2026-05-07.23:22:08::SCWMssOS::Checking the sw design at  C:/Users/C27Soren.Herzog/ece383/Herzog_ece383_wksp/FinalProj/FinalProj_vitis/ZoGolf_V5_wrapper/microblaze_0/standalone_microblaze_0/bsp/system.mss
TRACE::2026-05-07.23:22:08::SCWMssOS::DEBUG:  swdes dump  C:/Users/C27Soren.Herzog/ece383/Herzog_ece383_wksp/FinalProj/FinalProj_vitis/ZoGolf_V5_wrapper/microblaze_0/standalone_microblaze_0/bsp/system.mss|system||

TRACE::2026-05-07.23:22:08::SCWMssOS::Sw design exists and opened at  C:/Users/C27Soren.Herzog/ece383/Herzog_ece383_wksp/FinalProj/FinalProj_vitis/ZoGolf_V5_wrapper/microblaze_0/standalone_microblaze_0/bsp/system.mss
TRACE::2026-05-07.23:22:08::SCWWriter::formatted JSON is {
	"platformName":	"ZoGolf_V5_wrapper",
	"sprVersion":	"2.0",
	"mode":	"gui",
	"dsaType":	"Fixed",
	"platformDesc":	"ZoGolf_V5_wrapper",
	"platHandOff":	"C:/Users/C27Soren.Herzog/ece383/Herzog_ece383_wksp/FinalProj/FinalProj_IP/ZoGolf_V5_wrapper.xsa",
	"platIntHandOff":	"<platformDir>/hw/ZoGolf_V5_wrapper.xsa",
	"deviceType":	"FPGA",
	"platIsPrebuiltAutogen":	"false",
	"platIsNoBootBsp":	"false",
	"hasFsblMakeHasChanges":	"false",
	"hasPmufwMakeHasChanges":	"false",
	"platPreBuiltFlag":	false,
	"platformSamplesDir":	"",
	"platActiveSys":	"ZoGolf_V5_wrapper",
	"systems":	[{
			"systemName":	"ZoGolf_V5_wrapper",
			"systemDesc":	"ZoGolf_V5_wrapper",
			"sysIsBootAutoGen":	"true",
			"systemDispName":	"ZoGolf_V5_wrapper",
			"sysActiveDom":	"standalone_microblaze_0",
			"sysDefaultDom":	"standalone_microblaze_0",
			"domains":	[{
					"domainName":	"standalone_microblaze_0",
					"domainDispName":	"standalone_microblaze_0",
					"domainDesc":	"standalone_microblaze_0",
					"processors":	"microblaze_0",
					"os":	"standalone",
					"sdxOs":	"standalone",
					"debugEnable":	"False",
					"domRuntimes":	["cpp"],
					"swRepo":	"",
					"mssOsVer":	"9.2",
					"mssFile":	"",
					"md5Digest":	"bec4f60b96832dfa4f6a986ab55e5f08",
					"compatibleApp":	"hello_world",
					"domType":	"mssDomain",
					"arch":	"32-bit",
					"appSettings":	{
						"appCompilerFlags":	"",
						"appLinkerFlags":	""
					},
					"addedLibs":	[],
					"libOptions":	{
						"libsContainingOptions":	[]
					},
					"prebuiltLibs":	{
						"prebuiltIncPath":	[],
						"prebuiltLibPath":	[]
					},
					"isolation":	{
					}
				}]
		}]
}
KEYINFO::2026-05-07.23:22:08::SCWPlatform::updated the xpfm file.
TRACE::2026-05-07.23:22:08::SCWPlatform::Trying to open the hw design at C:/Users/C27Soren.Herzog/ece383/Herzog_ece383_wksp/FinalProj/FinalProj_vitis/ZoGolf_V5_wrapper/hw/ZoGolf_V5_wrapper.xsa
TRACE::2026-05-07.23:22:08::SCWPlatform::DSA given C:/Users/C27Soren.Herzog/ece383/Herzog_ece383_wksp/FinalProj/FinalProj_vitis/ZoGolf_V5_wrapper/hw/ZoGolf_V5_wrapper.xsa
TRACE::2026-05-07.23:22:08::SCWPlatform::DSA absoulate path C:/Users/C27Soren.Herzog/ece383/Herzog_ece383_wksp/FinalProj/FinalProj_vitis/ZoGolf_V5_wrapper/hw/ZoGolf_V5_wrapper.xsa
TRACE::2026-05-07.23:22:08::SCWPlatform::DSA directory C:/Users/C27Soren.Herzog/ece383/Herzog_ece383_wksp/FinalProj/FinalProj_vitis/ZoGolf_V5_wrapper/hw
TRACE::2026-05-07.23:22:08::SCWPlatform:: Platform Path C:/Users/C27Soren.Herzog/ece383/Herzog_ece383_wksp/FinalProj/FinalProj_vitis/ZoGolf_V5_wrapper/hw/ZoGolf_V5_wrapper.xsa
TRACE::2026-05-07.23:22:08::SCWPlatform:: Unique name xilinx:nexys_video::0.0
TRACE::2026-05-07.23:22:08::SCWPlatform::Trying to set the existing hwdb with name design_1_wrapper_10
TRACE::2026-05-07.23:22:08::SCWPlatform::Opened existing hwdb design_1_wrapper_10
TRACE::2026-05-07.23:22:08::SCWPlatform::Found the Hw Db part of the input DSA
TRACE::2026-05-07.23:22:08::SCWMssOS::Checking the sw design at  C:/Users/C27Soren.Herzog/ece383/Herzog_ece383_wksp/FinalProj/FinalProj_vitis/ZoGolf_V5_wrapper/microblaze_0/standalone_microblaze_0/bsp/system.mss
TRACE::2026-05-07.23:22:08::SCWMssOS::DEBUG:  swdes dump  C:/Users/C27Soren.Herzog/ece383/Herzog_ece383_wksp/FinalProj/FinalProj_vitis/ZoGolf_V5_wrapper/microblaze_0/standalone_microblaze_0/bsp/system.mss|system||

TRACE::2026-05-07.23:22:08::SCWMssOS::Sw design exists and opened at  C:/Users/C27Soren.Herzog/ece383/Herzog_ece383_wksp/FinalProj/FinalProj_vitis/ZoGolf_V5_wrapper/microblaze_0/standalone_microblaze_0/bsp/system.mss
TRACE::2026-05-07.23:22:08::SCWMssOS::Saving the mss changes C:/Users/C27Soren.Herzog/ece383/Herzog_ece383_wksp/FinalProj/FinalProj_vitis/ZoGolf_V5_wrapper/microblaze_0/standalone_microblaze_0/bsp/system.mss
TRACE::2026-05-07.23:22:08::SCWMssOS::Found a swdesign opened with the mssfile.
TRACE::2026-05-07.23:22:08::SCWMssOS::Completed writemss as part of save.
TRACE::2026-05-07.23:22:08::SCWMssOS::Commit changes completed.
TRACE::2026-05-07.23:22:08::SCWPlatform::Trying to open the hw design at C:/Users/C27Soren.Herzog/ece383/Herzog_ece383_wksp/FinalProj/FinalProj_vitis/ZoGolf_V5_wrapper/hw/ZoGolf_V5_wrapper.xsa
TRACE::2026-05-07.23:22:08::SCWPlatform::DSA given C:/Users/C27Soren.Herzog/ece383/Herzog_ece383_wksp/FinalProj/FinalProj_vitis/ZoGolf_V5_wrapper/hw/ZoGolf_V5_wrapper.xsa
TRACE::2026-05-07.23:22:08::SCWPlatform::DSA absoulate path C:/Users/C27Soren.Herzog/ece383/Herzog_ece383_wksp/FinalProj/FinalProj_vitis/ZoGolf_V5_wrapper/hw/ZoGolf_V5_wrapper.xsa
TRACE::2026-05-07.23:22:08::SCWPlatform::DSA directory C:/Users/C27Soren.Herzog/ece383/Herzog_ece383_wksp/FinalProj/FinalProj_vitis/ZoGolf_V5_wrapper/hw
TRACE::2026-05-07.23:22:08::SCWPlatform:: Platform Path C:/Users/C27Soren.Herzog/ece383/Herzog_ece383_wksp/FinalProj/FinalProj_vitis/ZoGolf_V5_wrapper/hw/ZoGolf_V5_wrapper.xsa
TRACE::2026-05-07.23:22:08::SCWPlatform:: Unique name xilinx:nexys_video::0.0
TRACE::2026-05-07.23:22:08::SCWPlatform::Trying to set the existing hwdb with name design_1_wrapper_10
TRACE::2026-05-07.23:22:08::SCWPlatform::Opened existing hwdb design_1_wrapper_10
TRACE::2026-05-07.23:22:08::SCWPlatform::Found the Hw Db part of the input DSA
TRACE::2026-05-07.23:22:08::SCWMssOS::Checking the sw design at  C:/Users/C27Soren.Herzog/ece383/Herzog_ece383_wksp/FinalProj/FinalProj_vitis/ZoGolf_V5_wrapper/microblaze_0/standalone_microblaze_0/bsp/system.mss
TRACE::2026-05-07.23:22:08::SCWMssOS::DEBUG:  swdes dump  C:/Users/C27Soren.Herzog/ece383/Herzog_ece383_wksp/FinalProj/FinalProj_vitis/ZoGolf_V5_wrapper/microblaze_0/standalone_microblaze_0/bsp/system.mss|system||

TRACE::2026-05-07.23:22:08::SCWMssOS::Sw design exists and opened at  C:/Users/C27Soren.Herzog/ece383/Herzog_ece383_wksp/FinalProj/FinalProj_vitis/ZoGolf_V5_wrapper/microblaze_0/standalone_microblaze_0/bsp/system.mss
TRACE::2026-05-07.23:22:08::SCWPlatform::Trying to open the hw design at C:/Users/C27Soren.Herzog/ece383/Herzog_ece383_wksp/FinalProj/FinalProj_vitis/ZoGolf_V5_wrapper/hw/ZoGolf_V5_wrapper.xsa
TRACE::2026-05-07.23:22:08::SCWPlatform::DSA given C:/Users/C27Soren.Herzog/ece383/Herzog_ece383_wksp/FinalProj/FinalProj_vitis/ZoGolf_V5_wrapper/hw/ZoGolf_V5_wrapper.xsa
TRACE::2026-05-07.23:22:08::SCWPlatform::DSA absoulate path C:/Users/C27Soren.Herzog/ece383/Herzog_ece383_wksp/FinalProj/FinalProj_vitis/ZoGolf_V5_wrapper/hw/ZoGolf_V5_wrapper.xsa
TRACE::2026-05-07.23:22:08::SCWPlatform::DSA directory C:/Users/C27Soren.Herzog/ece383/Herzog_ece383_wksp/FinalProj/FinalProj_vitis/ZoGolf_V5_wrapper/hw
TRACE::2026-05-07.23:22:08::SCWPlatform:: Platform Path C:/Users/C27Soren.Herzog/ece383/Herzog_ece383_wksp/FinalProj/FinalProj_vitis/ZoGolf_V5_wrapper/hw/ZoGolf_V5_wrapper.xsa
TRACE::2026-05-07.23:22:08::SCWPlatform:: Unique name xilinx:nexys_video::0.0
TRACE::2026-05-07.23:22:08::SCWPlatform::Trying to set the existing hwdb with name design_1_wrapper_10
TRACE::2026-05-07.23:22:08::SCWPlatform::Opened existing hwdb design_1_wrapper_10
TRACE::2026-05-07.23:22:08::SCWPlatform::Found the Hw Db part of the input DSA
TRACE::2026-05-07.23:22:08::SCWMssOS::Checking the sw design at  C:/Users/C27Soren.Herzog/ece383/Herzog_ece383_wksp/FinalProj/FinalProj_vitis/ZoGolf_V5_wrapper/microblaze_0/standalone_microblaze_0/bsp/system.mss
TRACE::2026-05-07.23:22:08::SCWMssOS::DEBUG:  swdes dump  C:/Users/C27Soren.Herzog/ece383/Herzog_ece383_wksp/FinalProj/FinalProj_vitis/ZoGolf_V5_wrapper/microblaze_0/standalone_microblaze_0/bsp/system.mss|system||

TRACE::2026-05-07.23:22:08::SCWMssOS::Sw design exists and opened at  C:/Users/C27Soren.Herzog/ece383/Herzog_ece383_wksp/FinalProj/FinalProj_vitis/ZoGolf_V5_wrapper/microblaze_0/standalone_microblaze_0/bsp/system.mss
TRACE::2026-05-07.23:22:08::SCWPlatform::Trying to open the hw design at C:/Users/C27Soren.Herzog/ece383/Herzog_ece383_wksp/FinalProj/FinalProj_vitis/ZoGolf_V5_wrapper/hw/ZoGolf_V5_wrapper.xsa
TRACE::2026-05-07.23:22:08::SCWPlatform::DSA given C:/Users/C27Soren.Herzog/ece383/Herzog_ece383_wksp/FinalProj/FinalProj_vitis/ZoGolf_V5_wrapper/hw/ZoGolf_V5_wrapper.xsa
TRACE::2026-05-07.23:22:08::SCWPlatform::DSA absoulate path C:/Users/C27Soren.Herzog/ece383/Herzog_ece383_wksp/FinalProj/FinalProj_vitis/ZoGolf_V5_wrapper/hw/ZoGolf_V5_wrapper.xsa
TRACE::2026-05-07.23:22:08::SCWPlatform::DSA directory C:/Users/C27Soren.Herzog/ece383/Herzog_ece383_wksp/FinalProj/FinalProj_vitis/ZoGolf_V5_wrapper/hw
TRACE::2026-05-07.23:22:08::SCWPlatform:: Platform Path C:/Users/C27Soren.Herzog/ece383/Herzog_ece383_wksp/FinalProj/FinalProj_vitis/ZoGolf_V5_wrapper/hw/ZoGolf_V5_wrapper.xsa
TRACE::2026-05-07.23:22:08::SCWPlatform:: Unique name xilinx:nexys_video::0.0
TRACE::2026-05-07.23:22:08::SCWPlatform::Trying to set the existing hwdb with name design_1_wrapper_10
TRACE::2026-05-07.23:22:08::SCWPlatform::Opened existing hwdb design_1_wrapper_10
TRACE::2026-05-07.23:22:08::SCWPlatform::Found the Hw Db part of the input DSA
TRACE::2026-05-07.23:22:08::SCWMssOS::Checking the sw design at  C:/Users/C27Soren.Herzog/ece383/Herzog_ece383_wksp/FinalProj/FinalProj_vitis/ZoGolf_V5_wrapper/microblaze_0/standalone_microblaze_0/bsp/system.mss
TRACE::2026-05-07.23:22:08::SCWMssOS::DEBUG:  swdes dump  C:/Users/C27Soren.Herzog/ece383/Herzog_ece383_wksp/FinalProj/FinalProj_vitis/ZoGolf_V5_wrapper/microblaze_0/standalone_microblaze_0/bsp/system.mss|system||

TRACE::2026-05-07.23:22:08::SCWMssOS::Sw design exists and opened at  C:/Users/C27Soren.Herzog/ece383/Herzog_ece383_wksp/FinalProj/FinalProj_vitis/ZoGolf_V5_wrapper/microblaze_0/standalone_microblaze_0/bsp/system.mss
TRACE::2026-05-07.23:22:08::SCWWriter::formatted JSON is {
	"platformName":	"ZoGolf_V5_wrapper",
	"sprVersion":	"2.0",
	"mode":	"gui",
	"dsaType":	"Fixed",
	"platformDesc":	"ZoGolf_V5_wrapper",
	"platHandOff":	"C:/Users/C27Soren.Herzog/ece383/Herzog_ece383_wksp/FinalProj/FinalProj_IP/ZoGolf_V5_wrapper.xsa",
	"platIntHandOff":	"<platformDir>/hw/ZoGolf_V5_wrapper.xsa",
	"deviceType":	"FPGA",
	"platIsPrebuiltAutogen":	"false",
	"platIsNoBootBsp":	"false",
	"hasFsblMakeHasChanges":	"false",
	"hasPmufwMakeHasChanges":	"false",
	"platPreBuiltFlag":	false,
	"platformSamplesDir":	"",
	"platActiveSys":	"ZoGolf_V5_wrapper",
	"systems":	[{
			"systemName":	"ZoGolf_V5_wrapper",
			"systemDesc":	"ZoGolf_V5_wrapper",
			"sysIsBootAutoGen":	"true",
			"systemDispName":	"ZoGolf_V5_wrapper",
			"sysActiveDom":	"standalone_microblaze_0",
			"sysDefaultDom":	"standalone_microblaze_0",
			"domains":	[{
					"domainName":	"standalone_microblaze_0",
					"domainDispName":	"standalone_microblaze_0",
					"domainDesc":	"standalone_microblaze_0",
					"processors":	"microblaze_0",
					"os":	"standalone",
					"sdxOs":	"standalone",
					"debugEnable":	"False",
					"domRuntimes":	["cpp"],
					"swRepo":	"",
					"mssOsVer":	"9.2",
					"mssFile":	"",
					"md5Digest":	"bec4f60b96832dfa4f6a986ab55e5f08",
					"compatibleApp":	"hello_world",
					"domType":	"mssDomain",
					"arch":	"32-bit",
					"appSettings":	{
						"appCompilerFlags":	"",
						"appLinkerFlags":	""
					},
					"addedLibs":	[],
					"libOptions":	{
						"libsContainingOptions":	[]
					},
					"prebuiltLibs":	{
						"prebuiltIncPath":	[],
						"prebuiltLibPath":	[]
					},
					"isolation":	{
					}
				}]
		}]
}
TRACE::2026-05-07.23:22:08::SCWPlatform::Trying to open the hw design at C:/Users/C27Soren.Herzog/ece383/Herzog_ece383_wksp/FinalProj/FinalProj_vitis/ZoGolf_V5_wrapper/hw/ZoGolf_V5_wrapper.xsa
TRACE::2026-05-07.23:22:08::SCWPlatform::DSA given C:/Users/C27Soren.Herzog/ece383/Herzog_ece383_wksp/FinalProj/FinalProj_vitis/ZoGolf_V5_wrapper/hw/ZoGolf_V5_wrapper.xsa
TRACE::2026-05-07.23:22:08::SCWPlatform::DSA absoulate path C:/Users/C27Soren.Herzog/ece383/Herzog_ece383_wksp/FinalProj/FinalProj_vitis/ZoGolf_V5_wrapper/hw/ZoGolf_V5_wrapper.xsa
TRACE::2026-05-07.23:22:08::SCWPlatform::DSA directory C:/Users/C27Soren.Herzog/ece383/Herzog_ece383_wksp/FinalProj/FinalProj_vitis/ZoGolf_V5_wrapper/hw
TRACE::2026-05-07.23:22:08::SCWPlatform:: Platform Path C:/Users/C27Soren.Herzog/ece383/Herzog_ece383_wksp/FinalProj/FinalProj_vitis/ZoGolf_V5_wrapper/hw/ZoGolf_V5_wrapper.xsa
TRACE::2026-05-07.23:22:08::SCWPlatform:: Unique name xilinx:nexys_video::0.0
TRACE::2026-05-07.23:22:08::SCWPlatform::Trying to set the existing hwdb with name design_1_wrapper_10
TRACE::2026-05-07.23:22:08::SCWPlatform::Opened existing hwdb design_1_wrapper_10
TRACE::2026-05-07.23:22:08::SCWPlatform::Found the Hw Db part of the input DSA
TRACE::2026-05-07.23:22:08::SCWMssOS::Checking the sw design at  C:/Users/C27Soren.Herzog/ece383/Herzog_ece383_wksp/FinalProj/FinalProj_vitis/ZoGolf_V5_wrapper/microblaze_0/standalone_microblaze_0/bsp/system.mss
TRACE::2026-05-07.23:22:08::SCWMssOS::DEBUG:  swdes dump  C:/Users/C27Soren.Herzog/ece383/Herzog_ece383_wksp/FinalProj/FinalProj_vitis/ZoGolf_V5_wrapper/microblaze_0/standalone_microblaze_0/bsp/system.mss|system||

TRACE::2026-05-07.23:22:08::SCWMssOS::Sw design exists and opened at  C:/Users/C27Soren.Herzog/ece383/Herzog_ece383_wksp/FinalProj/FinalProj_vitis/ZoGolf_V5_wrapper/microblaze_0/standalone_microblaze_0/bsp/system.mss
TRACE::2026-05-07.23:22:08::SCWPlatform::Trying to open the hw design at C:/Users/C27Soren.Herzog/ece383/Herzog_ece383_wksp/FinalProj/FinalProj_vitis/ZoGolf_V5_wrapper/hw/ZoGolf_V5_wrapper.xsa
TRACE::2026-05-07.23:22:08::SCWPlatform::DSA given C:/Users/C27Soren.Herzog/ece383/Herzog_ece383_wksp/FinalProj/FinalProj_vitis/ZoGolf_V5_wrapper/hw/ZoGolf_V5_wrapper.xsa
TRACE::2026-05-07.23:22:08::SCWPlatform::DSA absoulate path C:/Users/C27Soren.Herzog/ece383/Herzog_ece383_wksp/FinalProj/FinalProj_vitis/ZoGolf_V5_wrapper/hw/ZoGolf_V5_wrapper.xsa
TRACE::2026-05-07.23:22:08::SCWPlatform::DSA directory C:/Users/C27Soren.Herzog/ece383/Herzog_ece383_wksp/FinalProj/FinalProj_vitis/ZoGolf_V5_wrapper/hw
TRACE::2026-05-07.23:22:08::SCWPlatform:: Platform Path C:/Users/C27Soren.Herzog/ece383/Herzog_ece383_wksp/FinalProj/FinalProj_vitis/ZoGolf_V5_wrapper/hw/ZoGolf_V5_wrapper.xsa
TRACE::2026-05-07.23:22:08::SCWPlatform:: Unique name xilinx:nexys_video::0.0
TRACE::2026-05-07.23:22:08::SCWPlatform::Trying to set the existing hwdb with name design_1_wrapper_10
TRACE::2026-05-07.23:22:08::SCWPlatform::Opened existing hwdb design_1_wrapper_10
TRACE::2026-05-07.23:22:08::SCWPlatform::Found the Hw Db part of the input DSA
TRACE::2026-05-07.23:22:08::SCWMssOS::Checking the sw design at  C:/Users/C27Soren.Herzog/ece383/Herzog_ece383_wksp/FinalProj/FinalProj_vitis/ZoGolf_V5_wrapper/microblaze_0/standalone_microblaze_0/bsp/system.mss
TRACE::2026-05-07.23:22:08::SCWMssOS::DEBUG:  swdes dump  C:/Users/C27Soren.Herzog/ece383/Herzog_ece383_wksp/FinalProj/FinalProj_vitis/ZoGolf_V5_wrapper/microblaze_0/standalone_microblaze_0/bsp/system.mss|system||

TRACE::2026-05-07.23:22:08::SCWMssOS::Sw design exists and opened at  C:/Users/C27Soren.Herzog/ece383/Herzog_ece383_wksp/FinalProj/FinalProj_vitis/ZoGolf_V5_wrapper/microblaze_0/standalone_microblaze_0/bsp/system.mss
TRACE::2026-05-07.23:22:08::SCWMssOS::Saving the mss changes C:/Users/C27Soren.Herzog/ece383/Herzog_ece383_wksp/FinalProj/FinalProj_vitis/ZoGolf_V5_wrapper/microblaze_0/standalone_microblaze_0/bsp/system.mss
TRACE::2026-05-07.23:22:08::SCWMssOS::Found a swdesign opened with the mssfile.
TRACE::2026-05-07.23:22:08::SCWMssOS::Completed writemss as part of save.
TRACE::2026-05-07.23:22:08::SCWMssOS::Commit changes completed.
TRACE::2026-05-07.23:22:08::SCWPlatform::Trying to open the hw design at C:/Users/C27Soren.Herzog/ece383/Herzog_ece383_wksp/FinalProj/FinalProj_vitis/ZoGolf_V5_wrapper/hw/ZoGolf_V5_wrapper.xsa
TRACE::2026-05-07.23:22:08::SCWPlatform::DSA given C:/Users/C27Soren.Herzog/ece383/Herzog_ece383_wksp/FinalProj/FinalProj_vitis/ZoGolf_V5_wrapper/hw/ZoGolf_V5_wrapper.xsa
TRACE::2026-05-07.23:22:08::SCWPlatform::DSA absoulate path C:/Users/C27Soren.Herzog/ece383/Herzog_ece383_wksp/FinalProj/FinalProj_vitis/ZoGolf_V5_wrapper/hw/ZoGolf_V5_wrapper.xsa
TRACE::2026-05-07.23:22:08::SCWPlatform::DSA directory C:/Users/C27Soren.Herzog/ece383/Herzog_ece383_wksp/FinalProj/FinalProj_vitis/ZoGolf_V5_wrapper/hw
TRACE::2026-05-07.23:22:08::SCWPlatform:: Platform Path C:/Users/C27Soren.Herzog/ece383/Herzog_ece383_wksp/FinalProj/FinalProj_vitis/ZoGolf_V5_wrapper/hw/ZoGolf_V5_wrapper.xsa
TRACE::2026-05-07.23:22:08::SCWPlatform:: Unique name xilinx:nexys_video::0.0
TRACE::2026-05-07.23:22:08::SCWPlatform::Trying to set the existing hwdb with name design_1_wrapper_10
TRACE::2026-05-07.23:22:08::SCWPlatform::Opened existing hwdb design_1_wrapper_10
TRACE::2026-05-07.23:22:08::SCWPlatform::Found the Hw Db part of the input DSA
TRACE::2026-05-07.23:22:08::SCWMssOS::Checking the sw design at  C:/Users/C27Soren.Herzog/ece383/Herzog_ece383_wksp/FinalProj/FinalProj_vitis/ZoGolf_V5_wrapper/microblaze_0/standalone_microblaze_0/bsp/system.mss
TRACE::2026-05-07.23:22:08::SCWMssOS::DEBUG:  swdes dump  C:/Users/C27Soren.Herzog/ece383/Herzog_ece383_wksp/FinalProj/FinalProj_vitis/ZoGolf_V5_wrapper/microblaze_0/standalone_microblaze_0/bsp/system.mss|system||

TRACE::2026-05-07.23:22:08::SCWMssOS::Sw design exists and opened at  C:/Users/C27Soren.Herzog/ece383/Herzog_ece383_wksp/FinalProj/FinalProj_vitis/ZoGolf_V5_wrapper/microblaze_0/standalone_microblaze_0/bsp/system.mss
TRACE::2026-05-07.23:22:08::SCWPlatform::Trying to open the hw design at C:/Users/C27Soren.Herzog/ece383/Herzog_ece383_wksp/FinalProj/FinalProj_vitis/ZoGolf_V5_wrapper/hw/ZoGolf_V5_wrapper.xsa
TRACE::2026-05-07.23:22:08::SCWPlatform::DSA given C:/Users/C27Soren.Herzog/ece383/Herzog_ece383_wksp/FinalProj/FinalProj_vitis/ZoGolf_V5_wrapper/hw/ZoGolf_V5_wrapper.xsa
TRACE::2026-05-07.23:22:08::SCWPlatform::DSA absoulate path C:/Users/C27Soren.Herzog/ece383/Herzog_ece383_wksp/FinalProj/FinalProj_vitis/ZoGolf_V5_wrapper/hw/ZoGolf_V5_wrapper.xsa
TRACE::2026-05-07.23:22:08::SCWPlatform::DSA directory C:/Users/C27Soren.Herzog/ece383/Herzog_ece383_wksp/FinalProj/FinalProj_vitis/ZoGolf_V5_wrapper/hw
TRACE::2026-05-07.23:22:08::SCWPlatform:: Platform Path C:/Users/C27Soren.Herzog/ece383/Herzog_ece383_wksp/FinalProj/FinalProj_vitis/ZoGolf_V5_wrapper/hw/ZoGolf_V5_wrapper.xsa
TRACE::2026-05-07.23:22:08::SCWPlatform:: Unique name xilinx:nexys_video::0.0
TRACE::2026-05-07.23:22:08::SCWPlatform::Trying to set the existing hwdb with name design_1_wrapper_10
TRACE::2026-05-07.23:22:08::SCWPlatform::Opened existing hwdb design_1_wrapper_10
TRACE::2026-05-07.23:22:08::SCWPlatform::Found the Hw Db part of the input DSA
TRACE::2026-05-07.23:22:08::SCWMssOS::Checking the sw design at  C:/Users/C27Soren.Herzog/ece383/Herzog_ece383_wksp/FinalProj/FinalProj_vitis/ZoGolf_V5_wrapper/microblaze_0/standalone_microblaze_0/bsp/system.mss
TRACE::2026-05-07.23:22:08::SCWMssOS::DEBUG:  swdes dump  C:/Users/C27Soren.Herzog/ece383/Herzog_ece383_wksp/FinalProj/FinalProj_vitis/ZoGolf_V5_wrapper/microblaze_0/standalone_microblaze_0/bsp/system.mss|system||

TRACE::2026-05-07.23:22:08::SCWMssOS::Sw design exists and opened at  C:/Users/C27Soren.Herzog/ece383/Herzog_ece383_wksp/FinalProj/FinalProj_vitis/ZoGolf_V5_wrapper/microblaze_0/standalone_microblaze_0/bsp/system.mss
TRACE::2026-05-07.23:22:08::SCWPlatform::Trying to open the hw design at C:/Users/C27Soren.Herzog/ece383/Herzog_ece383_wksp/FinalProj/FinalProj_vitis/ZoGolf_V5_wrapper/hw/ZoGolf_V5_wrapper.xsa
TRACE::2026-05-07.23:22:08::SCWPlatform::DSA given C:/Users/C27Soren.Herzog/ece383/Herzog_ece383_wksp/FinalProj/FinalProj_vitis/ZoGolf_V5_wrapper/hw/ZoGolf_V5_wrapper.xsa
TRACE::2026-05-07.23:22:08::SCWPlatform::DSA absoulate path C:/Users/C27Soren.Herzog/ece383/Herzog_ece383_wksp/FinalProj/FinalProj_vitis/ZoGolf_V5_wrapper/hw/ZoGolf_V5_wrapper.xsa
TRACE::2026-05-07.23:22:08::SCWPlatform::DSA directory C:/Users/C27Soren.Herzog/ece383/Herzog_ece383_wksp/FinalProj/FinalProj_vitis/ZoGolf_V5_wrapper/hw
TRACE::2026-05-07.23:22:08::SCWPlatform:: Platform Path C:/Users/C27Soren.Herzog/ece383/Herzog_ece383_wksp/FinalProj/FinalProj_vitis/ZoGolf_V5_wrapper/hw/ZoGolf_V5_wrapper.xsa
TRACE::2026-05-07.23:22:08::SCWPlatform:: Unique name xilinx:nexys_video::0.0
TRACE::2026-05-07.23:22:08::SCWPlatform::Trying to set the existing hwdb with name design_1_wrapper_10
TRACE::2026-05-07.23:22:08::SCWPlatform::Opened existing hwdb design_1_wrapper_10
TRACE::2026-05-07.23:22:08::SCWPlatform::Found the Hw Db part of the input DSA
TRACE::2026-05-07.23:22:08::SCWMssOS::Checking the sw design at  C:/Users/C27Soren.Herzog/ece383/Herzog_ece383_wksp/FinalProj/FinalProj_vitis/ZoGolf_V5_wrapper/microblaze_0/standalone_microblaze_0/bsp/system.mss
TRACE::2026-05-07.23:22:08::SCWMssOS::DEBUG:  swdes dump  C:/Users/C27Soren.Herzog/ece383/Herzog_ece383_wksp/FinalProj/FinalProj_vitis/ZoGolf_V5_wrapper/microblaze_0/standalone_microblaze_0/bsp/system.mss|system||

TRACE::2026-05-07.23:22:08::SCWMssOS::Sw design exists and opened at  C:/Users/C27Soren.Herzog/ece383/Herzog_ece383_wksp/FinalProj/FinalProj_vitis/ZoGolf_V5_wrapper/microblaze_0/standalone_microblaze_0/bsp/system.mss
TRACE::2026-05-07.23:22:08::SCWWriter::formatted JSON is {
	"platformName":	"ZoGolf_V5_wrapper",
	"sprVersion":	"2.0",
	"mode":	"gui",
	"dsaType":	"Fixed",
	"platformDesc":	"ZoGolf_V5_wrapper",
	"platHandOff":	"C:/Users/C27Soren.Herzog/ece383/Herzog_ece383_wksp/FinalProj/FinalProj_IP/ZoGolf_V5_wrapper.xsa",
	"platIntHandOff":	"<platformDir>/hw/ZoGolf_V5_wrapper.xsa",
	"deviceType":	"FPGA",
	"platIsPrebuiltAutogen":	"false",
	"platIsNoBootBsp":	"false",
	"hasFsblMakeHasChanges":	"false",
	"hasPmufwMakeHasChanges":	"false",
	"platPreBuiltFlag":	false,
	"platformSamplesDir":	"",
	"platActiveSys":	"ZoGolf_V5_wrapper",
	"systems":	[{
			"systemName":	"ZoGolf_V5_wrapper",
			"systemDesc":	"ZoGolf_V5_wrapper",
			"sysIsBootAutoGen":	"true",
			"systemDispName":	"ZoGolf_V5_wrapper",
			"sysActiveDom":	"standalone_microblaze_0",
			"sysDefaultDom":	"standalone_microblaze_0",
			"domains":	[{
					"domainName":	"standalone_microblaze_0",
					"domainDispName":	"standalone_microblaze_0",
					"domainDesc":	"standalone_microblaze_0",
					"processors":	"microblaze_0",
					"os":	"standalone",
					"sdxOs":	"standalone",
					"debugEnable":	"False",
					"domRuntimes":	["cpp"],
					"swRepo":	"",
					"mssOsVer":	"9.2",
					"mssFile":	"",
					"md5Digest":	"bec4f60b96832dfa4f6a986ab55e5f08",
					"compatibleApp":	"hello_world",
					"domType":	"mssDomain",
					"arch":	"32-bit",
					"appSettings":	{
						"appCompilerFlags":	"",
						"appLinkerFlags":	""
					},
					"addedLibs":	[],
					"libOptions":	{
						"libsContainingOptions":	[]
					},
					"prebuiltLibs":	{
						"prebuiltIncPath":	[],
						"prebuiltLibPath":	[]
					},
					"isolation":	{
					}
				}]
		}]
}
LOG::2026-05-07.23:22:08::SCWPlatform::Started generating the artifacts platform ZoGolf_V5_wrapper
TRACE::2026-05-07.23:22:08::SCWPlatform::Sanity checking of platform is completed
LOG::2026-05-07.23:22:08::SCWPlatform::Started generating the artifacts for system configuration ZoGolf_V5_wrapper
LOG::2026-05-07.23:22:08::SCWSystem::Started Processing the domain standalone_microblaze_0
TRACE::2026-05-07.23:22:08::SCWDomain::Generating domain artifcats
TRACE::2026-05-07.23:22:08::SCWMssOS::Generating standalone artifcats
TRACE::2026-05-07.23:22:08::SCWMssOS:: Copying the user libraries. 
TRACE::2026-05-07.23:22:08::SCWPlatform::Trying to open the hw design at C:/Users/C27Soren.Herzog/ece383/Herzog_ece383_wksp/FinalProj/FinalProj_vitis/ZoGolf_V5_wrapper/hw/ZoGolf_V5_wrapper.xsa
TRACE::2026-05-07.23:22:08::SCWPlatform::DSA given C:/Users/C27Soren.Herzog/ece383/Herzog_ece383_wksp/FinalProj/FinalProj_vitis/ZoGolf_V5_wrapper/hw/ZoGolf_V5_wrapper.xsa
TRACE::2026-05-07.23:22:08::SCWPlatform::DSA absoulate path C:/Users/C27Soren.Herzog/ece383/Herzog_ece383_wksp/FinalProj/FinalProj_vitis/ZoGolf_V5_wrapper/hw/ZoGolf_V5_wrapper.xsa
TRACE::2026-05-07.23:22:08::SCWPlatform::DSA directory C:/Users/C27Soren.Herzog/ece383/Herzog_ece383_wksp/FinalProj/FinalProj_vitis/ZoGolf_V5_wrapper/hw
TRACE::2026-05-07.23:22:08::SCWPlatform:: Platform Path C:/Users/C27Soren.Herzog/ece383/Herzog_ece383_wksp/FinalProj/FinalProj_vitis/ZoGolf_V5_wrapper/hw/ZoGolf_V5_wrapper.xsa
TRACE::2026-05-07.23:22:08::SCWPlatform:: Unique name xilinx:nexys_video::0.0
TRACE::2026-05-07.23:22:08::SCWPlatform::Trying to set the existing hwdb with name design_1_wrapper_10
TRACE::2026-05-07.23:22:08::SCWPlatform::Opened existing hwdb design_1_wrapper_10
TRACE::2026-05-07.23:22:08::SCWPlatform::Found the Hw Db part of the input DSA
TRACE::2026-05-07.23:22:08::SCWMssOS::Checking the sw design at  C:/Users/C27Soren.Herzog/ece383/Herzog_ece383_wksp/FinalProj/FinalProj_vitis/ZoGolf_V5_wrapper/microblaze_0/standalone_microblaze_0/bsp/system.mss
TRACE::2026-05-07.23:22:08::SCWMssOS::DEBUG:  swdes dump  C:/Users/C27Soren.Herzog/ece383/Herzog_ece383_wksp/FinalProj/FinalProj_vitis/ZoGolf_V5_wrapper/microblaze_0/standalone_microblaze_0/bsp/system.mss|system||

TRACE::2026-05-07.23:22:08::SCWMssOS::Sw design exists and opened at  C:/Users/C27Soren.Herzog/ece383/Herzog_ece383_wksp/FinalProj/FinalProj_vitis/ZoGolf_V5_wrapper/microblaze_0/standalone_microblaze_0/bsp/system.mss
TRACE::2026-05-07.23:22:08::SCWMssOS::Completed writing the mss file at C:/Users/C27Soren.Herzog/ece383/Herzog_ece383_wksp/FinalProj/FinalProj_vitis/ZoGolf_V5_wrapper/microblaze_0/standalone_microblaze_0/bsp
TRACE::2026-05-07.23:22:08::SCWMssOS::Mss edits present, copying mssfile into export location C:/Users/C27Soren.Herzog/ece383/Herzog_ece383_wksp/FinalProj/FinalProj_vitis/ZoGolf_V5_wrapper/microblaze_0/standalone_microblaze_0/bsp/system.mss
TRACE::2026-05-07.23:22:08::SCWMssOS::bsp generated is upto date with the mss file. Skipping bsp generation.
TRACE::2026-05-07.23:22:08::SCWMssOS::BSP is already built. skipping the bsp build ... 
TRACE::2026-05-07.23:22:08::SCWDomain::Building the domain as part of full build :  standalone_microblaze_0
TRACE::2026-05-07.23:22:08::SCWMssOS::skipping the bsp build ... 
TRACE::2026-05-07.23:22:08::SCWMssOS::Copying to export directory.
TRACE::2026-05-07.23:22:08::SCWMssOS:: Checking if to create the Supporting Applications
TRACE::2026-05-07.23:22:08::SCWMssOS:: No Linux domain exists, trying to generate FSBL 
LOG::2026-05-07.23:22:08::SCWSystem::Completed Processing the domain standalone_microblaze_0
LOG::2026-05-07.23:22:08::SCWSystem::Completed Processing the sysconfig ZoGolf_V5_wrapper
LOG::2026-05-07.23:22:08::SCWPlatform::Completed generating the artifacts for system configuration ZoGolf_V5_wrapper
TRACE::2026-05-07.23:22:08::SCWPlatform::Started preparing the platform 
TRACE::2026-05-07.23:22:08::SCWSystem::Writing the bif file for system config ZoGolf_V5_wrapper
TRACE::2026-05-07.23:22:08::SCWSystem::dir created 
TRACE::2026-05-07.23:22:08::SCWSystem::Writing the bif 
TRACE::2026-05-07.23:22:08::SCWPlatform::Started writing the spfm file 
TRACE::2026-05-07.23:22:08::SCWPlatform::Started writing the xpfm file 
TRACE::2026-05-07.23:22:08::SCWPlatform::Completed generating the platform
TRACE::2026-05-07.23:22:08::SCWMssOS::Saving the mss changes C:/Users/C27Soren.Herzog/ece383/Herzog_ece383_wksp/FinalProj/FinalProj_vitis/ZoGolf_V5_wrapper/microblaze_0/standalone_microblaze_0/bsp/system.mss
TRACE::2026-05-07.23:22:08::SCWMssOS::Found a swdesign opened with the mssfile.
TRACE::2026-05-07.23:22:08::SCWMssOS::Completed writemss as part of save.
TRACE::2026-05-07.23:22:08::SCWMssOS::Commit changes completed.
TRACE::2026-05-07.23:22:08::SCWPlatform::Trying to open the hw design at C:/Users/C27Soren.Herzog/ece383/Herzog_ece383_wksp/FinalProj/FinalProj_vitis/ZoGolf_V5_wrapper/hw/ZoGolf_V5_wrapper.xsa
TRACE::2026-05-07.23:22:08::SCWPlatform::DSA given C:/Users/C27Soren.Herzog/ece383/Herzog_ece383_wksp/FinalProj/FinalProj_vitis/ZoGolf_V5_wrapper/hw/ZoGolf_V5_wrapper.xsa
TRACE::2026-05-07.23:22:08::SCWPlatform::DSA absoulate path C:/Users/C27Soren.Herzog/ece383/Herzog_ece383_wksp/FinalProj/FinalProj_vitis/ZoGolf_V5_wrapper/hw/ZoGolf_V5_wrapper.xsa
TRACE::2026-05-07.23:22:08::SCWPlatform::DSA directory C:/Users/C27Soren.Herzog/ece383/Herzog_ece383_wksp/FinalProj/FinalProj_vitis/ZoGolf_V5_wrapper/hw
TRACE::2026-05-07.23:22:08::SCWPlatform:: Platform Path C:/Users/C27Soren.Herzog/ece383/Herzog_ece383_wksp/FinalProj/FinalProj_vitis/ZoGolf_V5_wrapper/hw/ZoGolf_V5_wrapper.xsa
TRACE::2026-05-07.23:22:08::SCWPlatform:: Unique name xilinx:nexys_video::0.0
TRACE::2026-05-07.23:22:08::SCWPlatform::Trying to set the existing hwdb with name design_1_wrapper_10
TRACE::2026-05-07.23:22:08::SCWPlatform::Opened existing hwdb design_1_wrapper_10
TRACE::2026-05-07.23:22:08::SCWPlatform::Found the Hw Db part of the input DSA
TRACE::2026-05-07.23:22:08::SCWMssOS::Checking the sw design at  C:/Users/C27Soren.Herzog/ece383/Herzog_ece383_wksp/FinalProj/FinalProj_vitis/ZoGolf_V5_wrapper/microblaze_0/standalone_microblaze_0/bsp/system.mss
TRACE::2026-05-07.23:22:08::SCWMssOS::DEBUG:  swdes dump  C:/Users/C27Soren.Herzog/ece383/Herzog_ece383_wksp/FinalProj/FinalProj_vitis/ZoGolf_V5_wrapper/microblaze_0/standalone_microblaze_0/bsp/system.mss|system||

TRACE::2026-05-07.23:22:08::SCWMssOS::Sw design exists and opened at  C:/Users/C27Soren.Herzog/ece383/Herzog_ece383_wksp/FinalProj/FinalProj_vitis/ZoGolf_V5_wrapper/microblaze_0/standalone_microblaze_0/bsp/system.mss
TRACE::2026-05-07.23:22:08::SCWPlatform::Trying to open the hw design at C:/Users/C27Soren.Herzog/ece383/Herzog_ece383_wksp/FinalProj/FinalProj_vitis/ZoGolf_V5_wrapper/hw/ZoGolf_V5_wrapper.xsa
TRACE::2026-05-07.23:22:08::SCWPlatform::DSA given C:/Users/C27Soren.Herzog/ece383/Herzog_ece383_wksp/FinalProj/FinalProj_vitis/ZoGolf_V5_wrapper/hw/ZoGolf_V5_wrapper.xsa
TRACE::2026-05-07.23:22:08::SCWPlatform::DSA absoulate path C:/Users/C27Soren.Herzog/ece383/Herzog_ece383_wksp/FinalProj/FinalProj_vitis/ZoGolf_V5_wrapper/hw/ZoGolf_V5_wrapper.xsa
TRACE::2026-05-07.23:22:08::SCWPlatform::DSA directory C:/Users/C27Soren.Herzog/ece383/Herzog_ece383_wksp/FinalProj/FinalProj_vitis/ZoGolf_V5_wrapper/hw
TRACE::2026-05-07.23:22:08::SCWPlatform:: Platform Path C:/Users/C27Soren.Herzog/ece383/Herzog_ece383_wksp/FinalProj/FinalProj_vitis/ZoGolf_V5_wrapper/hw/ZoGolf_V5_wrapper.xsa
TRACE::2026-05-07.23:22:08::SCWPlatform:: Unique name xilinx:nexys_video::0.0
TRACE::2026-05-07.23:22:08::SCWPlatform::Trying to set the existing hwdb with name design_1_wrapper_10
TRACE::2026-05-07.23:22:08::SCWPlatform::Opened existing hwdb design_1_wrapper_10
TRACE::2026-05-07.23:22:08::SCWPlatform::Found the Hw Db part of the input DSA
TRACE::2026-05-07.23:22:08::SCWMssOS::Checking the sw design at  C:/Users/C27Soren.Herzog/ece383/Herzog_ece383_wksp/FinalProj/FinalProj_vitis/ZoGolf_V5_wrapper/microblaze_0/standalone_microblaze_0/bsp/system.mss
TRACE::2026-05-07.23:22:08::SCWMssOS::DEBUG:  swdes dump  C:/Users/C27Soren.Herzog/ece383/Herzog_ece383_wksp/FinalProj/FinalProj_vitis/ZoGolf_V5_wrapper/microblaze_0/standalone_microblaze_0/bsp/system.mss|system||

TRACE::2026-05-07.23:22:08::SCWMssOS::Sw design exists and opened at  C:/Users/C27Soren.Herzog/ece383/Herzog_ece383_wksp/FinalProj/FinalProj_vitis/ZoGolf_V5_wrapper/microblaze_0/standalone_microblaze_0/bsp/system.mss
TRACE::2026-05-07.23:22:08::SCWPlatform::Trying to open the hw design at C:/Users/C27Soren.Herzog/ece383/Herzog_ece383_wksp/FinalProj/FinalProj_vitis/ZoGolf_V5_wrapper/hw/ZoGolf_V5_wrapper.xsa
TRACE::2026-05-07.23:22:08::SCWPlatform::DSA given C:/Users/C27Soren.Herzog/ece383/Herzog_ece383_wksp/FinalProj/FinalProj_vitis/ZoGolf_V5_wrapper/hw/ZoGolf_V5_wrapper.xsa
TRACE::2026-05-07.23:22:08::SCWPlatform::DSA absoulate path C:/Users/C27Soren.Herzog/ece383/Herzog_ece383_wksp/FinalProj/FinalProj_vitis/ZoGolf_V5_wrapper/hw/ZoGolf_V5_wrapper.xsa
TRACE::2026-05-07.23:22:08::SCWPlatform::DSA directory C:/Users/C27Soren.Herzog/ece383/Herzog_ece383_wksp/FinalProj/FinalProj_vitis/ZoGolf_V5_wrapper/hw
TRACE::2026-05-07.23:22:08::SCWPlatform:: Platform Path C:/Users/C27Soren.Herzog/ece383/Herzog_ece383_wksp/FinalProj/FinalProj_vitis/ZoGolf_V5_wrapper/hw/ZoGolf_V5_wrapper.xsa
TRACE::2026-05-07.23:22:08::SCWPlatform:: Unique name xilinx:nexys_video::0.0
TRACE::2026-05-07.23:22:08::SCWPlatform::Trying to set the existing hwdb with name design_1_wrapper_10
TRACE::2026-05-07.23:22:08::SCWPlatform::Opened existing hwdb design_1_wrapper_10
TRACE::2026-05-07.23:22:08::SCWPlatform::Found the Hw Db part of the input DSA
TRACE::2026-05-07.23:22:08::SCWMssOS::Checking the sw design at  C:/Users/C27Soren.Herzog/ece383/Herzog_ece383_wksp/FinalProj/FinalProj_vitis/ZoGolf_V5_wrapper/microblaze_0/standalone_microblaze_0/bsp/system.mss
TRACE::2026-05-07.23:22:08::SCWMssOS::DEBUG:  swdes dump  C:/Users/C27Soren.Herzog/ece383/Herzog_ece383_wksp/FinalProj/FinalProj_vitis/ZoGolf_V5_wrapper/microblaze_0/standalone_microblaze_0/bsp/system.mss|system||

TRACE::2026-05-07.23:22:08::SCWMssOS::Sw design exists and opened at  C:/Users/C27Soren.Herzog/ece383/Herzog_ece383_wksp/FinalProj/FinalProj_vitis/ZoGolf_V5_wrapper/microblaze_0/standalone_microblaze_0/bsp/system.mss
TRACE::2026-05-07.23:22:08::SCWWriter::formatted JSON is {
	"platformName":	"ZoGolf_V5_wrapper",
	"sprVersion":	"2.0",
	"mode":	"gui",
	"dsaType":	"Fixed",
	"platformDesc":	"ZoGolf_V5_wrapper",
	"platHandOff":	"C:/Users/C27Soren.Herzog/ece383/Herzog_ece383_wksp/FinalProj/FinalProj_IP/ZoGolf_V5_wrapper.xsa",
	"platIntHandOff":	"<platformDir>/hw/ZoGolf_V5_wrapper.xsa",
	"deviceType":	"FPGA",
	"platIsPrebuiltAutogen":	"false",
	"platIsNoBootBsp":	"false",
	"hasFsblMakeHasChanges":	"false",
	"hasPmufwMakeHasChanges":	"false",
	"platPreBuiltFlag":	false,
	"platformSamplesDir":	"",
	"platActiveSys":	"ZoGolf_V5_wrapper",
	"systems":	[{
			"systemName":	"ZoGolf_V5_wrapper",
			"systemDesc":	"ZoGolf_V5_wrapper",
			"sysIsBootAutoGen":	"true",
			"systemDispName":	"ZoGolf_V5_wrapper",
			"sysActiveDom":	"standalone_microblaze_0",
			"sysDefaultDom":	"standalone_microblaze_0",
			"domains":	[{
					"domainName":	"standalone_microblaze_0",
					"domainDispName":	"standalone_microblaze_0",
					"domainDesc":	"standalone_microblaze_0",
					"processors":	"microblaze_0",
					"os":	"standalone",
					"sdxOs":	"standalone",
					"debugEnable":	"False",
					"domRuntimes":	["cpp"],
					"swRepo":	"",
					"mssOsVer":	"9.2",
					"mssFile":	"",
					"md5Digest":	"bec4f60b96832dfa4f6a986ab55e5f08",
					"compatibleApp":	"hello_world",
					"domType":	"mssDomain",
					"arch":	"32-bit",
					"appSettings":	{
						"appCompilerFlags":	"",
						"appLinkerFlags":	""
					},
					"addedLibs":	[],
					"libOptions":	{
						"libsContainingOptions":	[]
					},
					"prebuiltLibs":	{
						"prebuiltIncPath":	[],
						"prebuiltLibPath":	[]
					},
					"isolation":	{
					}
				}]
		}]
}
KEYINFO::2026-05-07.23:22:08::SCWPlatform::updated the xpfm file.
LOG::2026-05-07.23:23:47::SCWPlatform::Started generating the artifacts platform ZoGolf_V5_wrapper
TRACE::2026-05-07.23:23:47::SCWPlatform::Sanity checking of platform is completed
LOG::2026-05-07.23:23:47::SCWPlatform::Started generating the artifacts for system configuration ZoGolf_V5_wrapper
LOG::2026-05-07.23:23:47::SCWSystem::Checking the domain standalone_microblaze_0
LOG::2026-05-07.23:23:47::SCWSystem::Not a boot domain 
LOG::2026-05-07.23:23:47::SCWSystem::Started Processing the domain standalone_microblaze_0
TRACE::2026-05-07.23:23:47::SCWDomain::Generating domain artifcats
TRACE::2026-05-07.23:23:47::SCWMssOS::Generating standalone artifcats
TRACE::2026-05-07.23:23:47::SCWMssOS:: Copying the user libraries. 
TRACE::2026-05-07.23:23:47::SCWPlatform::Trying to open the hw design at C:/Users/C27Soren.Herzog/ece383/Herzog_ece383_wksp/FinalProj/FinalProj_vitis/ZoGolf_V5_wrapper/hw/ZoGolf_V5_wrapper.xsa
TRACE::2026-05-07.23:23:47::SCWPlatform::DSA given C:/Users/C27Soren.Herzog/ece383/Herzog_ece383_wksp/FinalProj/FinalProj_vitis/ZoGolf_V5_wrapper/hw/ZoGolf_V5_wrapper.xsa
TRACE::2026-05-07.23:23:47::SCWPlatform::DSA absoulate path C:/Users/C27Soren.Herzog/ece383/Herzog_ece383_wksp/FinalProj/FinalProj_vitis/ZoGolf_V5_wrapper/hw/ZoGolf_V5_wrapper.xsa
TRACE::2026-05-07.23:23:47::SCWPlatform::DSA directory C:/Users/C27Soren.Herzog/ece383/Herzog_ece383_wksp/FinalProj/FinalProj_vitis/ZoGolf_V5_wrapper/hw
TRACE::2026-05-07.23:23:47::SCWPlatform:: Platform Path C:/Users/C27Soren.Herzog/ece383/Herzog_ece383_wksp/FinalProj/FinalProj_vitis/ZoGolf_V5_wrapper/hw/ZoGolf_V5_wrapper.xsa
TRACE::2026-05-07.23:23:47::SCWPlatform:: Unique name xilinx:nexys_video::0.0
TRACE::2026-05-07.23:23:47::SCWPlatform::Trying to set the existing hwdb with name design_1_wrapper_10
TRACE::2026-05-07.23:23:47::SCWPlatform::Opened existing hwdb design_1_wrapper_10
TRACE::2026-05-07.23:23:47::SCWPlatform::Found the Hw Db part of the input DSA
TRACE::2026-05-07.23:23:47::SCWMssOS::Checking the sw design at  C:/Users/C27Soren.Herzog/ece383/Herzog_ece383_wksp/FinalProj/FinalProj_vitis/ZoGolf_V5_wrapper/microblaze_0/standalone_microblaze_0/bsp/system.mss
TRACE::2026-05-07.23:23:47::SCWMssOS::DEBUG:  swdes dump  C:/Users/C27Soren.Herzog/ece383/Herzog_ece383_wksp/FinalProj/FinalProj_vitis/ZoGolf_V5_wrapper/microblaze_0/standalone_microblaze_0/bsp/system.mss|system||

TRACE::2026-05-07.23:23:47::SCWMssOS::Sw design exists and opened at  C:/Users/C27Soren.Herzog/ece383/Herzog_ece383_wksp/FinalProj/FinalProj_vitis/ZoGolf_V5_wrapper/microblaze_0/standalone_microblaze_0/bsp/system.mss
TRACE::2026-05-07.23:23:47::SCWMssOS::Completed writing the mss file at C:/Users/C27Soren.Herzog/ece383/Herzog_ece383_wksp/FinalProj/FinalProj_vitis/ZoGolf_V5_wrapper/microblaze_0/standalone_microblaze_0/bsp
TRACE::2026-05-07.23:23:47::SCWMssOS::Mss edits present, copying mssfile into export location C:/Users/C27Soren.Herzog/ece383/Herzog_ece383_wksp/FinalProj/FinalProj_vitis/ZoGolf_V5_wrapper/microblaze_0/standalone_microblaze_0/bsp/system.mss
TRACE::2026-05-07.23:23:47::SCWMssOS::bsp generated is upto date with the mss file. Skipping bsp generation.
TRACE::2026-05-07.23:23:47::SCWMssOS::BSP is already built. skipping the bsp build ... 
TRACE::2026-05-07.23:23:47::SCWDomain::Building the domain as part of full build :  standalone_microblaze_0
TRACE::2026-05-07.23:23:47::SCWMssOS::doing bsp build ... 
TRACE::2026-05-07.23:23:47::SCWMssOS::System Command Ran  C: & cd  C:/Users/C27Soren.Herzog/ece383/Herzog_ece383_wksp/FinalProj/FinalProj_vitis/ZoGolf_V5_wrapper/microblaze_0/standalone_microblaze_0/bsp & make 
TRACE::2026-05-07.23:23:48::SCWMssOS::make --no-print-directory seq_libs

TRACE::2026-05-07.23:23:48::SCWMssOS::'Finished building libraries sequentially.'

TRACE::2026-05-07.23:23:48::SCWMssOS::make -j 14 --no-print-directory par_libs

TRACE::2026-05-07.23:23:48::SCWMssOS::"Running Make include in microblaze_0/libsrc/bram_v4_11/src"

TRACE::2026-05-07.23:23:48::SCWMssOS::make -C microblaze_0/libsrc/bram_v4_11/src -s include  "SHELL=CMD" "COMPILER=mb-gcc" "ASSEMBLER=mb-as" "ARCHIVER=mb-ar" "COMPIL
TRACE::2026-05-07.23:23:48::SCWMssOS::ER_FLAGS=  -O2 -c -mcpu=v11.0 -mlittle-endian -mxl-soft-mul" "EXTRA_COMPILER_FLAGS=-g -ffunction-sections -fdata-sections -Wall
TRACE::2026-05-07.23:23:48::SCWMssOS:: -Wextra -fno-tree-loop-distribute-patterns"

TRACE::2026-05-07.23:23:48::SCWMssOS::"Running Make include in microblaze_0/libsrc/cpu_v2_18/src"

TRACE::2026-05-07.23:23:48::SCWMssOS::make -C microblaze_0/libsrc/cpu_v2_18/src -s include  "SHELL=CMD" "COMPILER=mb-gcc" "ASSEMBLER=mb-as" "ARCHIVER=mb-ar" "COMPILE
TRACE::2026-05-07.23:23:48::SCWMssOS::R_FLAGS=  -O2 -c -mcpu=v11.0 -mlittle-endian -mxl-soft-mul" "EXTRA_COMPILER_FLAGS=-g -ffunction-sections -fdata-sections -Wall 
TRACE::2026-05-07.23:23:48::SCWMssOS::-Wextra -fno-tree-loop-distribute-patterns"

TRACE::2026-05-07.23:23:48::SCWMssOS::"Running Make include in microblaze_0/libsrc/standalone_v9_2/src"

TRACE::2026-05-07.23:23:48::SCWMssOS::make -C microblaze_0/libsrc/standalone_v9_2/src -s include  "SHELL=CMD" "COMPILER=mb-gcc" "ASSEMBLER=mb-as" "ARCHIVER=mb-ar" "C
TRACE::2026-05-07.23:23:48::SCWMssOS::OMPILER_FLAGS=  -O2 -c -mcpu=v11.0 -mlittle-endian -mxl-soft-mul" "EXTRA_COMPILER_FLAGS=-g -ffunction-sections -fdata-sections 
TRACE::2026-05-07.23:23:48::SCWMssOS::-Wall -Wextra -fno-tree-loop-distribute-patterns"

TRACE::2026-05-07.23:23:48::SCWMssOS::"Running Make include in microblaze_0/libsrc/uartlite_v3_11/src"

TRACE::2026-05-07.23:23:48::SCWMssOS::make -C microblaze_0/libsrc/uartlite_v3_11/src -s include  "SHELL=CMD" "COMPILER=mb-gcc" "ASSEMBLER=mb-as" "ARCHIVER=mb-ar" "CO
TRACE::2026-05-07.23:23:48::SCWMssOS::MPILER_FLAGS=  -O2 -c -mcpu=v11.0 -mlittle-endian -mxl-soft-mul" "EXTRA_COMPILER_FLAGS=-g -ffunction-sections -fdata-sections -
TRACE::2026-05-07.23:23:48::SCWMssOS::Wall -Wextra -fno-tree-loop-distribute-patterns"

TRACE::2026-05-07.23:23:49::SCWMssOS::"Running Make libs in microblaze_0/libsrc/bram_v4_11/src"

TRACE::2026-05-07.23:23:49::SCWMssOS::make -C microblaze_0/libsrc/bram_v4_11/src -s libs  "SHELL=CMD" "COMPILER=mb-gcc" "ASSEMBLER=mb-as" "ARCHIVER=mb-ar" "COMPILER_
TRACE::2026-05-07.23:23:49::SCWMssOS::FLAGS=  -O2 -c -mcpu=v11.0 -mlittle-endian -mxl-soft-mul" "EXTRA_COMPILER_FLAGS=-g -ffunction-sections -fdata-sections -Wall -W
TRACE::2026-05-07.23:23:49::SCWMssOS::extra -fno-tree-loop-distribute-patterns"

TRACE::2026-05-07.23:23:49::SCWMssOS::"Running Make libs in microblaze_0/libsrc/cpu_v2_18/src"

TRACE::2026-05-07.23:23:49::SCWMssOS::make -C microblaze_0/libsrc/cpu_v2_18/src -s libs  "SHELL=CMD" "COMPILER=mb-gcc" "ASSEMBLER=mb-as" "ARCHIVER=mb-ar" "COMPILER_F
TRACE::2026-05-07.23:23:49::SCWMssOS::LAGS=  -O2 -c -mcpu=v11.0 -mlittle-endian -mxl-soft-mul" "EXTRA_COMPILER_FLAGS=-g -ffunction-sections -fdata-sections -Wall -We
TRACE::2026-05-07.23:23:49::SCWMssOS::xtra -fno-tree-loop-distribute-patterns"

TRACE::2026-05-07.23:23:49::SCWMssOS::"Running Make libs in microblaze_0/libsrc/standalone_v9_2/src"

TRACE::2026-05-07.23:23:49::SCWMssOS::make -C microblaze_0/libsrc/standalone_v9_2/src -s libs  "SHELL=CMD" "COMPILER=mb-gcc" "ASSEMBLER=mb-as" "ARCHIVER=mb-ar" "COMP
TRACE::2026-05-07.23:23:49::SCWMssOS::ILER_FLAGS=  -O2 -c -mcpu=v11.0 -mlittle-endian -mxl-soft-mul" "EXTRA_COMPILER_FLAGS=-g -ffunction-sections -fdata-sections -Wa
TRACE::2026-05-07.23:23:49::SCWMssOS::ll -Wextra -fno-tree-loop-distribute-patterns"

TRACE::2026-05-07.23:23:49::SCWMssOS::"Running Make libs in microblaze_0/libsrc/uartlite_v3_11/src"

TRACE::2026-05-07.23:23:49::SCWMssOS::make -C microblaze_0/libsrc/uartlite_v3_11/src -s libs  "SHELL=CMD" "COMPILER=mb-gcc" "ASSEMBLER=mb-as" "ARCHIVER=mb-ar" "COMPI
TRACE::2026-05-07.23:23:49::SCWMssOS::LER_FLAGS=  -O2 -c -mcpu=v11.0 -mlittle-endian -mxl-soft-mul" "EXTRA_COMPILER_FLAGS=-g -ffunction-sections -fdata-sections -Wal
TRACE::2026-05-07.23:23:49::SCWMssOS::l -Wextra -fno-tree-loop-distribute-patterns"

TRACE::2026-05-07.23:23:52::SCWMssOS::"DEBUG NON_LTO_OBJECTS is ../../../lib/microblaze_interrupt_handler.o"

TRACE::2026-05-07.23:23:52::SCWMssOS::'Finished building libraries parallelly.'

TRACE::2026-05-07.23:23:52::SCWMssOS::make --no-print-directory archive

TRACE::2026-05-07.23:23:52::SCWMssOS::mb-ar -r  microblaze_0/lib/libxil.a microblaze_0/lib/_exit.o microblaze_0/lib/errno.o microblaze_0/lib/fcntl.o microblaze_0/lib
TRACE::2026-05-07.23:23:52::SCWMssOS::/hw_exception_handler.o microblaze_0/lib/inbyte.o microblaze_0/lib/microblaze_disable_dcache.o microblaze_0/lib/microblaze_disa
TRACE::2026-05-07.23:23:52::SCWMssOS::ble_exceptions.o microblaze_0/lib/microblaze_disable_icache.o microblaze_0/lib/microblaze_disable_interrupts.o microblaze_0/lib
TRACE::2026-05-07.23:23:52::SCWMssOS::/microblaze_enable_dcache.o microblaze_0/lib/microblaze_enable_exceptions.o microblaze_0/lib/microblaze_enable_icache.o microbl
TRACE::2026-05-07.23:23:52::SCWMssOS::aze_0/lib/microblaze_enable_interrupts.o microblaze_0/lib/microblaze_exception_handler.o microblaze_0/lib/microblaze_flush_cach
TRACE::2026-05-07.23:23:52::SCWMssOS::e_ext.o microblaze_0/lib/microblaze_flush_cache_ext_range.o microblaze_0/lib/microblaze_flush_dcache.o microblaze_0/lib/microbl
TRACE::2026-05-07.23:23:52::SCWMssOS::aze_flush_dcache_range.o microblaze_0/lib/microblaze_init_dcache_range.o microblaze_0/lib/microblaze_init_icache_range.o microb
TRACE::2026-05-07.23:23:52::SCWMssOS::laze_0/lib/microblaze_interrupt_handler.o microblaze_0/lib/microblaze_interrupts_g.o microblaze_0/lib/microblaze_invalidate_cac
TRACE::2026-05-07.23:23:52::SCWMssOS::he_ext.o microblaze_0/lib/microblaze_invalidate_cache_ext_range.o microblaze_0/lib/microblaze_invalidate_dcache.o microblaze_0/
TRACE::2026-05-07.23:23:52::SCWMssOS::lib/microblaze_invalidate_dcache_range.o microblaze_0/lib/microblaze_invalidate_icache.o microblaze_0/lib/microblaze_invalidate
TRACE::2026-05-07.23:23:52::SCWMssOS::_icache_range.o microblaze_0/lib/microblaze_scrub.o microblaze_0/lib/microblaze_selftest.o microblaze_0/lib/microblaze_sleep.o 
TRACE::2026-05-07.23:23:52::SCWMssOS::microblaze_0/lib/microblaze_update_dcache.o microblaze_0/lib/microblaze_update_icache.o microblaze_0/lib/outbyte.o microblaze_0
TRACE::2026-05-07.23:23:52::SCWMssOS::/lib/print.o microblaze_0/lib/pvr.o microblaze_0/lib/xbram.o microblaze_0/lib/xbram_g.o microblaze_0/lib/xbram_intr.o microblaz
TRACE::2026-05-07.23:23:52::SCWMssOS::e_0/lib/xbram_selftest.o microblaze_0/lib/xbram_sinit.o microblaze_0/lib/xil_assert.o microblaze_0/lib/xil_cache.o microblaze_0
TRACE::2026-05-07.23:23:52::SCWMssOS::/lib/xil_clocking.o microblaze_0/lib/xil_exception.o microblaze_0/lib/xil_mem.o microblaze_0/lib/xil_misc_psreset_api.o microbl
TRACE::2026-05-07.23:23:52::SCWMssOS::aze_0/lib/xil_printf.o microblaze_0/lib/xil_sleepcommon.o microblaze_0/lib/xil_sutil.o microblaze_0/lib/xil_testcache.o microbl
TRACE::2026-05-07.23:23:52::SCWMssOS::aze_0/lib/xil_testio.o microblaze_0/lib/xil_testmem.o microblaze_0/lib/xil_util.o microblaze_0/lib/xinterrupt_wrap.o microblaze
TRACE::2026-05-07.23:23:52::SCWMssOS::_0/lib/xio.o microblaze_0/lib/xplatform_info.o microblaze_0/lib/xpm_init.o microblaze_0/lib/xuartlite.o microblaze_0/lib/xuartl
TRACE::2026-05-07.23:23:52::SCWMssOS::ite_g.o microblaze_0/lib/xuartlite_intr.o microblaze_0/lib/xuartlite_l.o microblaze_0/lib/xuartlite_selftest.o microblaze_0/lib
TRACE::2026-05-07.23:23:52::SCWMssOS::/xuartlite_sinit.o microblaze_0/lib/xuartlite_stats.o

TRACE::2026-05-07.23:23:52::SCWMssOS::'Finished building libraries'

TRACE::2026-05-07.23:23:53::SCWMssOS::Copying to export directory.
TRACE::2026-05-07.23:23:53::SCWMssOS:: Checking if to create the Supporting Applications
TRACE::2026-05-07.23:23:53::SCWMssOS:: No Linux domain exists, trying to generate FSBL 
LOG::2026-05-07.23:23:53::SCWSystem::Completed Processing the domain standalone_microblaze_0
LOG::2026-05-07.23:23:53::SCWSystem::Completed Processing the sysconfig ZoGolf_V5_wrapper
LOG::2026-05-07.23:23:53::SCWPlatform::Completed generating the artifacts for system configuration ZoGolf_V5_wrapper
TRACE::2026-05-07.23:23:53::SCWPlatform::Started preparing the platform 
TRACE::2026-05-07.23:23:53::SCWSystem::Writing the bif file for system config ZoGolf_V5_wrapper
TRACE::2026-05-07.23:23:53::SCWSystem::dir created 
TRACE::2026-05-07.23:23:53::SCWSystem::Writing the bif 
TRACE::2026-05-07.23:23:53::SCWPlatform::Started writing the spfm file 
TRACE::2026-05-07.23:23:53::SCWPlatform::Started writing the xpfm file 
TRACE::2026-05-07.23:23:53::SCWPlatform::Completed generating the platform
TRACE::2026-05-07.23:23:53::SCWMssOS::Saving the mss changes C:/Users/C27Soren.Herzog/ece383/Herzog_ece383_wksp/FinalProj/FinalProj_vitis/ZoGolf_V5_wrapper/microblaze_0/standalone_microblaze_0/bsp/system.mss
TRACE::2026-05-07.23:23:53::SCWMssOS::Found a swdesign opened with the mssfile.
TRACE::2026-05-07.23:23:53::SCWMssOS::Completed writemss as part of save.
TRACE::2026-05-07.23:23:53::SCWMssOS::Commit changes completed.
TRACE::2026-05-07.23:23:53::SCWPlatform::Trying to open the hw design at C:/Users/C27Soren.Herzog/ece383/Herzog_ece383_wksp/FinalProj/FinalProj_vitis/ZoGolf_V5_wrapper/hw/ZoGolf_V5_wrapper.xsa
TRACE::2026-05-07.23:23:53::SCWPlatform::DSA given C:/Users/C27Soren.Herzog/ece383/Herzog_ece383_wksp/FinalProj/FinalProj_vitis/ZoGolf_V5_wrapper/hw/ZoGolf_V5_wrapper.xsa
TRACE::2026-05-07.23:23:53::SCWPlatform::DSA absoulate path C:/Users/C27Soren.Herzog/ece383/Herzog_ece383_wksp/FinalProj/FinalProj_vitis/ZoGolf_V5_wrapper/hw/ZoGolf_V5_wrapper.xsa
TRACE::2026-05-07.23:23:53::SCWPlatform::DSA directory C:/Users/C27Soren.Herzog/ece383/Herzog_ece383_wksp/FinalProj/FinalProj_vitis/ZoGolf_V5_wrapper/hw
TRACE::2026-05-07.23:23:53::SCWPlatform:: Platform Path C:/Users/C27Soren.Herzog/ece383/Herzog_ece383_wksp/FinalProj/FinalProj_vitis/ZoGolf_V5_wrapper/hw/ZoGolf_V5_wrapper.xsa
TRACE::2026-05-07.23:23:53::SCWPlatform:: Unique name xilinx:nexys_video::0.0
TRACE::2026-05-07.23:23:53::SCWPlatform::Trying to set the existing hwdb with name design_1_wrapper_10
TRACE::2026-05-07.23:23:53::SCWPlatform::Opened existing hwdb design_1_wrapper_10
TRACE::2026-05-07.23:23:53::SCWPlatform::Found the Hw Db part of the input DSA
TRACE::2026-05-07.23:23:53::SCWMssOS::Checking the sw design at  C:/Users/C27Soren.Herzog/ece383/Herzog_ece383_wksp/FinalProj/FinalProj_vitis/ZoGolf_V5_wrapper/microblaze_0/standalone_microblaze_0/bsp/system.mss
TRACE::2026-05-07.23:23:53::SCWMssOS::DEBUG:  swdes dump  C:/Users/C27Soren.Herzog/ece383/Herzog_ece383_wksp/FinalProj/FinalProj_vitis/ZoGolf_V5_wrapper/microblaze_0/standalone_microblaze_0/bsp/system.mss|system||

TRACE::2026-05-07.23:23:53::SCWMssOS::Sw design exists and opened at  C:/Users/C27Soren.Herzog/ece383/Herzog_ece383_wksp/FinalProj/FinalProj_vitis/ZoGolf_V5_wrapper/microblaze_0/standalone_microblaze_0/bsp/system.mss
TRACE::2026-05-07.23:23:53::SCWPlatform::Trying to open the hw design at C:/Users/C27Soren.Herzog/ece383/Herzog_ece383_wksp/FinalProj/FinalProj_vitis/ZoGolf_V5_wrapper/hw/ZoGolf_V5_wrapper.xsa
TRACE::2026-05-07.23:23:53::SCWPlatform::DSA given C:/Users/C27Soren.Herzog/ece383/Herzog_ece383_wksp/FinalProj/FinalProj_vitis/ZoGolf_V5_wrapper/hw/ZoGolf_V5_wrapper.xsa
TRACE::2026-05-07.23:23:53::SCWPlatform::DSA absoulate path C:/Users/C27Soren.Herzog/ece383/Herzog_ece383_wksp/FinalProj/FinalProj_vitis/ZoGolf_V5_wrapper/hw/ZoGolf_V5_wrapper.xsa
TRACE::2026-05-07.23:23:53::SCWPlatform::DSA directory C:/Users/C27Soren.Herzog/ece383/Herzog_ece383_wksp/FinalProj/FinalProj_vitis/ZoGolf_V5_wrapper/hw
TRACE::2026-05-07.23:23:53::SCWPlatform:: Platform Path C:/Users/C27Soren.Herzog/ece383/Herzog_ece383_wksp/FinalProj/FinalProj_vitis/ZoGolf_V5_wrapper/hw/ZoGolf_V5_wrapper.xsa
TRACE::2026-05-07.23:23:53::SCWPlatform:: Unique name xilinx:nexys_video::0.0
TRACE::2026-05-07.23:23:53::SCWPlatform::Trying to set the existing hwdb with name design_1_wrapper_10
TRACE::2026-05-07.23:23:53::SCWPlatform::Opened existing hwdb design_1_wrapper_10
TRACE::2026-05-07.23:23:53::SCWPlatform::Found the Hw Db part of the input DSA
TRACE::2026-05-07.23:23:53::SCWMssOS::Checking the sw design at  C:/Users/C27Soren.Herzog/ece383/Herzog_ece383_wksp/FinalProj/FinalProj_vitis/ZoGolf_V5_wrapper/microblaze_0/standalone_microblaze_0/bsp/system.mss
TRACE::2026-05-07.23:23:53::SCWMssOS::DEBUG:  swdes dump  C:/Users/C27Soren.Herzog/ece383/Herzog_ece383_wksp/FinalProj/FinalProj_vitis/ZoGolf_V5_wrapper/microblaze_0/standalone_microblaze_0/bsp/system.mss|system||

TRACE::2026-05-07.23:23:53::SCWMssOS::Sw design exists and opened at  C:/Users/C27Soren.Herzog/ece383/Herzog_ece383_wksp/FinalProj/FinalProj_vitis/ZoGolf_V5_wrapper/microblaze_0/standalone_microblaze_0/bsp/system.mss
TRACE::2026-05-07.23:23:53::SCWPlatform::Trying to open the hw design at C:/Users/C27Soren.Herzog/ece383/Herzog_ece383_wksp/FinalProj/FinalProj_vitis/ZoGolf_V5_wrapper/hw/ZoGolf_V5_wrapper.xsa
TRACE::2026-05-07.23:23:53::SCWPlatform::DSA given C:/Users/C27Soren.Herzog/ece383/Herzog_ece383_wksp/FinalProj/FinalProj_vitis/ZoGolf_V5_wrapper/hw/ZoGolf_V5_wrapper.xsa
TRACE::2026-05-07.23:23:53::SCWPlatform::DSA absoulate path C:/Users/C27Soren.Herzog/ece383/Herzog_ece383_wksp/FinalProj/FinalProj_vitis/ZoGolf_V5_wrapper/hw/ZoGolf_V5_wrapper.xsa
TRACE::2026-05-07.23:23:53::SCWPlatform::DSA directory C:/Users/C27Soren.Herzog/ece383/Herzog_ece383_wksp/FinalProj/FinalProj_vitis/ZoGolf_V5_wrapper/hw
TRACE::2026-05-07.23:23:53::SCWPlatform:: Platform Path C:/Users/C27Soren.Herzog/ece383/Herzog_ece383_wksp/FinalProj/FinalProj_vitis/ZoGolf_V5_wrapper/hw/ZoGolf_V5_wrapper.xsa
TRACE::2026-05-07.23:23:53::SCWPlatform:: Unique name xilinx:nexys_video::0.0
TRACE::2026-05-07.23:23:53::SCWPlatform::Trying to set the existing hwdb with name design_1_wrapper_10
TRACE::2026-05-07.23:23:53::SCWPlatform::Opened existing hwdb design_1_wrapper_10
TRACE::2026-05-07.23:23:53::SCWPlatform::Found the Hw Db part of the input DSA
TRACE::2026-05-07.23:23:53::SCWMssOS::Checking the sw design at  C:/Users/C27Soren.Herzog/ece383/Herzog_ece383_wksp/FinalProj/FinalProj_vitis/ZoGolf_V5_wrapper/microblaze_0/standalone_microblaze_0/bsp/system.mss
TRACE::2026-05-07.23:23:53::SCWMssOS::DEBUG:  swdes dump  C:/Users/C27Soren.Herzog/ece383/Herzog_ece383_wksp/FinalProj/FinalProj_vitis/ZoGolf_V5_wrapper/microblaze_0/standalone_microblaze_0/bsp/system.mss|system||

TRACE::2026-05-07.23:23:53::SCWMssOS::Sw design exists and opened at  C:/Users/C27Soren.Herzog/ece383/Herzog_ece383_wksp/FinalProj/FinalProj_vitis/ZoGolf_V5_wrapper/microblaze_0/standalone_microblaze_0/bsp/system.mss
TRACE::2026-05-07.23:23:53::SCWWriter::formatted JSON is {
	"platformName":	"ZoGolf_V5_wrapper",
	"sprVersion":	"2.0",
	"mode":	"gui",
	"dsaType":	"Fixed",
	"platformDesc":	"ZoGolf_V5_wrapper",
	"platHandOff":	"C:/Users/C27Soren.Herzog/ece383/Herzog_ece383_wksp/FinalProj/FinalProj_IP/ZoGolf_V5_wrapper.xsa",
	"platIntHandOff":	"<platformDir>/hw/ZoGolf_V5_wrapper.xsa",
	"deviceType":	"FPGA",
	"platIsPrebuiltAutogen":	"false",
	"platIsNoBootBsp":	"false",
	"hasFsblMakeHasChanges":	"false",
	"hasPmufwMakeHasChanges":	"false",
	"platPreBuiltFlag":	false,
	"platformSamplesDir":	"",
	"platActiveSys":	"ZoGolf_V5_wrapper",
	"systems":	[{
			"systemName":	"ZoGolf_V5_wrapper",
			"systemDesc":	"ZoGolf_V5_wrapper",
			"sysIsBootAutoGen":	"true",
			"systemDispName":	"ZoGolf_V5_wrapper",
			"sysActiveDom":	"standalone_microblaze_0",
			"sysDefaultDom":	"standalone_microblaze_0",
			"domains":	[{
					"domainName":	"standalone_microblaze_0",
					"domainDispName":	"standalone_microblaze_0",
					"domainDesc":	"standalone_microblaze_0",
					"processors":	"microblaze_0",
					"os":	"standalone",
					"sdxOs":	"standalone",
					"debugEnable":	"False",
					"domRuntimes":	["cpp"],
					"swRepo":	"",
					"mssOsVer":	"9.2",
					"mssFile":	"",
					"md5Digest":	"bec4f60b96832dfa4f6a986ab55e5f08",
					"compatibleApp":	"hello_world",
					"domType":	"mssDomain",
					"arch":	"32-bit",
					"appSettings":	{
						"appCompilerFlags":	"",
						"appLinkerFlags":	""
					},
					"addedLibs":	[],
					"libOptions":	{
						"libsContainingOptions":	[]
					},
					"prebuiltLibs":	{
						"prebuiltIncPath":	[],
						"prebuiltLibPath":	[]
					},
					"isolation":	{
					}
				}]
		}]
}
KEYINFO::2026-05-07.23:23:53::SCWPlatform::updated the xpfm file.
TRACE::2026-05-07.23:23:53::SCWPlatform::Trying to open the hw design at C:/Users/C27Soren.Herzog/ece383/Herzog_ece383_wksp/FinalProj/FinalProj_vitis/ZoGolf_V5_wrapper/hw/ZoGolf_V5_wrapper.xsa
TRACE::2026-05-07.23:23:53::SCWPlatform::DSA given C:/Users/C27Soren.Herzog/ece383/Herzog_ece383_wksp/FinalProj/FinalProj_vitis/ZoGolf_V5_wrapper/hw/ZoGolf_V5_wrapper.xsa
TRACE::2026-05-07.23:23:53::SCWPlatform::DSA absoulate path C:/Users/C27Soren.Herzog/ece383/Herzog_ece383_wksp/FinalProj/FinalProj_vitis/ZoGolf_V5_wrapper/hw/ZoGolf_V5_wrapper.xsa
TRACE::2026-05-07.23:23:53::SCWPlatform::DSA directory C:/Users/C27Soren.Herzog/ece383/Herzog_ece383_wksp/FinalProj/FinalProj_vitis/ZoGolf_V5_wrapper/hw
TRACE::2026-05-07.23:23:53::SCWPlatform:: Platform Path C:/Users/C27Soren.Herzog/ece383/Herzog_ece383_wksp/FinalProj/FinalProj_vitis/ZoGolf_V5_wrapper/hw/ZoGolf_V5_wrapper.xsa
TRACE::2026-05-07.23:23:53::SCWPlatform:: Unique name xilinx:nexys_video::0.0
TRACE::2026-05-07.23:23:53::SCWPlatform::Trying to set the existing hwdb with name design_1_wrapper_10
TRACE::2026-05-07.23:23:53::SCWPlatform::Opened existing hwdb design_1_wrapper_10
TRACE::2026-05-07.23:23:53::SCWPlatform::Found the Hw Db part of the input DSA
TRACE::2026-05-07.23:23:53::SCWMssOS::Checking the sw design at  C:/Users/C27Soren.Herzog/ece383/Herzog_ece383_wksp/FinalProj/FinalProj_vitis/ZoGolf_V5_wrapper/microblaze_0/standalone_microblaze_0/bsp/system.mss
TRACE::2026-05-07.23:23:53::SCWMssOS::DEBUG:  swdes dump  C:/Users/C27Soren.Herzog/ece383/Herzog_ece383_wksp/FinalProj/FinalProj_vitis/ZoGolf_V5_wrapper/microblaze_0/standalone_microblaze_0/bsp/system.mss|system||

TRACE::2026-05-07.23:23:53::SCWMssOS::Sw design exists and opened at  C:/Users/C27Soren.Herzog/ece383/Herzog_ece383_wksp/FinalProj/FinalProj_vitis/ZoGolf_V5_wrapper/microblaze_0/standalone_microblaze_0/bsp/system.mss
