08:51:32 **** Incremental Build of configuration Debug for project ublaze_ZoGolf_V3 ****
make all 
'Building file: ../src/game_main.c'
'Invoking: MicroBlaze gcc compiler'
mb-gcc -Wall -O0 -g3 -c -fmessage-length=0 -MT"src/game_main.o" -IC:/Users/C27Soren.Herzog/ece383/Herzog_ece383_wksp/FinalProj_vitis/ZoGolf_V3_wrapper/export/ZoGolf_V3_wrapper/sw/ZoGolf_V3_wrapper/standalone_microblaze_0/bspinclude/include -mlittle-endian -mcpu=v11.0 -mxl-soft-mul -Wl,--no-relax -ffunction-sections -fdata-sections -MMD -MP -MF"src/game_main.d" -MT"src/game_main.o" -o "src/game_main.o" "../src/game_main.c"
'Finished building: ../src/game_main.c'
' '
'Building target: ublaze_ZoGolf_V3.elf'
'Invoking: MicroBlaze gcc linker'
mb-gcc -Wl,-T -Wl,../src/lscript.ld -LC:/Users/C27Soren.Herzog/ece383/Herzog_ece383_wksp/FinalProj_vitis/ZoGolf_V3_wrapper/export/ZoGolf_V3_wrapper/sw/ZoGolf_V3_wrapper/standalone_microblaze_0/bsplib/lib -mlittle-endian -mcpu=v11.0 -mxl-soft-mul -Wl,--no-relax -Wl,--gc-sections -o "ublaze_ZoGolf_V3.elf"  ./src/game_functions.o ./src/game_main.o ./src/level_data.o ./src/platform.o   -Wl,--start-group,-lxil,-lgcc,-lc,--end-group
'Finished building target: ublaze_ZoGolf_V3.elf'
' '
'Invoking: MicroBlaze Print Size'
mb-size ublaze_ZoGolf_V3.elf  |tee "ublaze_ZoGolf_V3.elf.size"
   text	   data	    bss	    dec	    hex	filename
  24464	 129704	   3432	 157600	  267a0	ublaze_ZoGolf_V3.elf
'Finished building: ublaze_ZoGolf_V3.elf.size'
' '

08:51:33 Build Finished (took 1s.598ms)

