2026-05-08T21:14:20.000934300255-21:14:20 **** Build of project ZoGolf_V5_wrapper ****
000-buildplatform.bat 53752 ZoGolf_V5_wrapper  
000-
000-****** Software Commandline Tool (XSCT) v2024.2.0
000-  **** SW Build 5239620 on Sun Nov 10 09:56:12 MST 2024
000-    ** Copyright 1986-2022 Xilinx, Inc. All Rights Reserved.
000-    ** Copyright 2022-2024 Advanced Micro Devices, Inc. All Rights Reserved.
000-
000-
000/ZoGolf_V5_wrapper0-1-1XSCT is deprecated and will be removed in future releases.1-Warning: XSCT is deprecated and will be removed in future releases.
000-We recommend using the new Python command-line tool for project management and debugging:
000-- Run "vitis -i" for interactive mode.
000-- Run "vitis -s <script>" for script mode.
000-XSDB Server Channel: tcfchan#22
000-Building the BSP Library for domain  - standalone_microblaze_0 on processor microblaze_0
000-make --no-print-directory seq_libs
000-
000-'Finished building libraries sequentially.'
000-
000-make -j 14 --no-print-directory par_libs
000-
000-"Running Make include in microblaze_0/libsrc/bram_v4_11/src"
000-
000-make -C microblaze_0/libsrc/bram_v4_11/src -s include  "SHELL=CMD" "COMPILER=mb-gcc" "ASSEMBLER=mb-as" "ARCHIVER=mb-ar" "COMPIL
000-ER_FLAGS=  -O2 -c -mcpu=v11.0 -mlittle-endian -mxl-soft-mul" "EXTRA_COMPILER_FLAGS=-g -ffunction-sections -fdata-sections -Wall
000- -Wextra -fno-tree-loop-distribute-patterns"
000-
000-"Running Make include in microblaze_0/libsrc/cpu_v2_18/src"
000-
000-make -C microblaze_0/libsrc/cpu_v2_18/src -s include  "SHELL=CMD" "COMPILER=mb-gcc" "ASSEMBLER=mb-as" "ARCHIVER=mb-ar" "COMPILE
000-R_FLAGS=  -O2 -c -mcpu=v11.0 -mlittle-endian -mxl-soft-mul" "EXTRA_COMPILER_FLAGS=-g -ffunction-sections -fdata-sections -Wall 
000--Wextra -fno-tree-loop-distribute-patterns"
000-
000-"Running Make include in microblaze_0/libsrc/standalone_v9_2/src"
000-
000-make -C microblaze_0/libsrc/standalone_v9_2/src -s include  "SHELL=CMD" "COMPILER=mb-gcc" "ASSEMBLER=mb-as" "ARCHIVER=mb-ar" "C
000-OMPILER_FLAGS=  -O2 -c -mcpu=v11.0 -mlittle-endian -mxl-soft-mul" "EXTRA_COMPILER_FLAGS=-g -ffunction-sections -fdata-sections 
000--Wall -Wextra -fno-tree-loop-distribute-patterns"
000-
000-"Running Make include in microblaze_0/libsrc/uartlite_v3_11/src"
000-
000-make -C microblaze_0/libsrc/uartlite_v3_11/src -s include  "SHELL=CMD" "COMPILER=mb-gcc" "ASSEMBLER=mb-as" "ARCHIVER=mb-ar" "CO
000-MPILER_FLAGS=  -O2 -c -mcpu=v11.0 -mlittle-endian -mxl-soft-mul" "EXTRA_COMPILER_FLAGS=-g -ffunction-sections -fdata-sections -
000-Wall -Wextra -fno-tree-loop-distribute-patterns"
000-
000-"Running Make libs in microblaze_0/libsrc/bram_v4_11/src"
000-
000-make -C microblaze_0/libsrc/bram_v4_11/src -s libs  "SHELL=CMD" "COMPILER=mb-gcc" "ASSEMBLER=mb-as" "ARCHIVER=mb-ar" "COMPILER_
000-FLAGS=  -O2 -c -mcpu=v11.0 -mlittle-endian -mxl-soft-mul" "EXTRA_COMPILER_FLAGS=-g -ffunction-sections -fdata-sections -Wall -W
000-extra -fno-tree-loop-distribute-patterns"
000-
000-"Running Make libs in microblaze_0/libsrc/cpu_v2_18/src"
000-
000-make -C microblaze_0/libsrc/cpu_v2_18/src -s libs  "SHELL=CMD" "COMPILER=mb-gcc" "ASSEMBLER=mb-as" "ARCHIVER=mb-ar" "COMPILER_F
000-LAGS=  -O2 -c -mcpu=v11.0 -mlittle-endian -mxl-soft-mul" "EXTRA_COMPILER_FLAGS=-g -ffunction-sections -fdata-sections -Wall -We
000-xtra -fno-tree-loop-distribute-patterns"
000-
000-"Running Make libs in microblaze_0/libsrc/standalone_v9_2/src"
000-
000-make -C microblaze_0/libsrc/standalone_v9_2/src -s libs  "SHELL=CMD" "COMPILER=mb-gcc" "ASSEMBLER=mb-as" "ARCHIVER=mb-ar" "COMP
000-ILER_FLAGS=  -O2 -c -mcpu=v11.0 -mlittle-endian -mxl-soft-mul" "EXTRA_COMPILER_FLAGS=-g -ffunction-sections -fdata-sections -Wa
000-ll -Wextra -fno-tree-loop-distribute-patterns"
000-
000-"Running Make libs in microblaze_0/libsrc/uartlite_v3_11/src"
000-
000-make -C microblaze_0/libsrc/uartlite_v3_11/src -s libs  "SHELL=CMD" "COMPILER=mb-gcc" "ASSEMBLER=mb-as" "ARCHIVER=mb-ar" "COMPI
000-LER_FLAGS=  -O2 -c -mcpu=v11.0 -mlittle-endian -mxl-soft-mul" "EXTRA_COMPILER_FLAGS=-g -ffunction-sections -fdata-sections -Wal
000-l -Wextra -fno-tree-loop-distribute-patterns"
000-
000/ZoGolf_V5_wrapper83-1-1'#pragma message: For the sleep routines, assembly instructions are used'0-microblaze_sleep.c:83:9: note: '#pragma message: For the sleep routines, assembly instructions are used'
000-   83 | #pragma message ("For the sleep routines, assembly instructions are used")
000-      |         ^~~~~~~
000-"DEBUG NON_LTO_OBJECTS is ../../../lib/microblaze_interrupt_handler.o"
000-
000-'Finished building libraries parallelly.'
000-
000-make --no-print-directory archive
000-
000-mb-ar -r  microblaze_0/lib/libxil.a microblaze_0/lib/_exit.o microblaze_0/lib/errno.o microblaze_0/lib/fcntl.o microblaze_0/lib
000-/hw_exception_handler.o microblaze_0/lib/inbyte.o microblaze_0/lib/microblaze_disable_dcache.o microblaze_0/lib/microblaze_disa
000-ble_exceptions.o microblaze_0/lib/microblaze_disable_icache.o microblaze_0/lib/microblaze_disable_interrupts.o microblaze_0/lib
000-/microblaze_enable_dcache.o microblaze_0/lib/microblaze_enable_exceptions.o microblaze_0/lib/microblaze_enable_icache.o microbl
000-aze_0/lib/microblaze_enable_interrupts.o microblaze_0/lib/microblaze_exception_handler.o microblaze_0/lib/microblaze_flush_cach
000-e_ext.o microblaze_0/lib/microblaze_flush_cache_ext_range.o microblaze_0/lib/microblaze_flush_dcache.o microblaze_0/lib/microbl
000-aze_flush_dcache_range.o microblaze_0/lib/microblaze_init_dcache_range.o microblaze_0/lib/microblaze_init_icache_range.o microb
000-laze_0/lib/microblaze_interrupt_handler.o microblaze_0/lib/microblaze_interrupts_g.o microblaze_0/lib/microblaze_invalidate_cac
000-he_ext.o microblaze_0/lib/microblaze_invalidate_cache_ext_range.o microblaze_0/lib/microblaze_invalidate_dcache.o microblaze_0/
000-lib/microblaze_invalidate_dcache_range.o microblaze_0/lib/microblaze_invalidate_icache.o microblaze_0/lib/microblaze_invalidate
000-_icache_range.o microblaze_0/lib/microblaze_scrub.o microblaze_0/lib/microblaze_selftest.o microblaze_0/lib/microblaze_sleep.o 
000-microblaze_0/lib/microblaze_update_dcache.o microblaze_0/lib/microblaze_update_icache.o microblaze_0/lib/outbyte.o microblaze_0
000-/lib/print.o microblaze_0/lib/pvr.o microblaze_0/lib/xbram.o microblaze_0/lib/xbram_g.o microblaze_0/lib/xbram_intr.o microblaz
000-e_0/lib/xbram_selftest.o microblaze_0/lib/xbram_sinit.o microblaze_0/lib/xil_assert.o microblaze_0/lib/xil_cache.o microblaze_0
000-/lib/xil_clocking.o microblaze_0/lib/xil_exception.o microblaze_0/lib/xil_mem.o microblaze_0/lib/xil_misc_psreset_api.o microbl
000-aze_0/lib/xil_printf.o microblaze_0/lib/xil_sleepcommon.o microblaze_0/lib/xil_sutil.o microblaze_0/lib/xil_testcache.o microbl
000-aze_0/lib/xil_testio.o microblaze_0/lib/xil_testmem.o microblaze_0/lib/xil_util.o microblaze_0/lib/xinterrupt_wrap.o microblaze
000-_0/lib/xio.o microblaze_0/lib/xplatform_info.o microblaze_0/lib/xpm_init.o microblaze_0/lib/xuartlite.o microblaze_0/lib/xuartl
000-ite_g.o microblaze_0/lib/xuartlite_intr.o microblaze_0/lib/xuartlite_l.o microblaze_0/lib/xuartlite_selftest.o microblaze_0/lib
000-/xuartlite_sinit.o microblaze_0/lib/xuartlite_stats.o
000-
000-mb-ar: creating microblaze_0/lib/libxil.a
000-'Finished building libraries'
000-
00255-
21:14:35 Build Finished (took 15s.577ms)

