#-----------------------------------------------------------
# Vivado v2024.2 (64-bit)
# SW Build 5239630 on Fri Nov 08 22:35:27 MST 2024
# IP Build 5239520 on Sun Nov 10 16:12:51 MST 2024
# SharedData Build 5239561 on Fri Nov 08 14:39:27 MST 2024
# Start of session at: Wed Jan 28 17:35:19 2026
# Process ID         : 15252
# Current directory  : C:/Users/C27Soren.Herzog/ece383/Herzog_ece383_wksp/lab1
# Command line       : vivado.exe -gui_launcher_event rodinguilauncherevent8232 C:\Users\C27Soren.Herzog\ece383\Herzog_ece383_wksp\lab1\Lab1-Herzog.xpr
# Log file           : C:/Users/C27Soren.Herzog/ece383/Herzog_ece383_wksp/lab1/vivado.log
# Journal file       : C:/Users/C27Soren.Herzog/ece383/Herzog_ece383_wksp/lab1\vivado.jou
# Running On         : C27-5CG3121G96
# Platform           : Windows Server 2016 or Windows 10
# Operating System   : 22631
# Processor Detail   : AMD Ryzen 7 PRO 6850U with Radeon Graphics     
# CPU Frequency      : 2695 MHz
# CPU Physical cores : 8
# CPU Logical cores  : 16
# Host memory        : 16442 MB
# Swap memory        : 7247 MB
# Total Virtual      : 23690 MB
# Available Virtual  : 6131 MB
#-----------------------------------------------------------
start_gui
open_project C:/Users/C27Soren.Herzog/ece383/Herzog_ece383_wksp/lab1/Lab1-Herzog.xpr
update_compile_order -fileset sources_1
open_hw_manager
connect_hw_server -allow_non_jtag
open_hw_target
set_property PROGRAM.FILE {C:/Users/C27Soren.Herzog/ece383/Herzog_ece383_wksp/lab1/Lab1-Herzog.runs/impl_1/Lab1.bit} [get_hw_devices xc7a200t_0]
current_hw_device [get_hw_devices xc7a200t_0]
refresh_hw_device -update_hw_probes false [lindex [get_hw_devices xc7a200t_0] 0]
set_property PROBES.FILE {} [get_hw_devices xc7a200t_0]
set_property FULL_PROBES.FILE {} [get_hw_devices xc7a200t_0]
set_property PROGRAM.FILE {C:/Users/C27Soren.Herzog/ece383/Herzog_ece383_wksp/lab1/Lab1-Herzog.runs/impl_1/Lab1.bit} [get_hw_devices xc7a200t_0]
program_hw_devices [get_hw_devices xc7a200t_0]
refresh_hw_device [lindex [get_hw_devices xc7a200t_0] 0]
reset_run synth_1
launch_runs impl_1 -to_step write_bitstream -jobs 8
wait_on_run impl_1
set_property PROBES.FILE {} [get_hw_devices xc7a200t_0]
set_property FULL_PROBES.FILE {} [get_hw_devices xc7a200t_0]
set_property PROGRAM.FILE {C:/Users/C27Soren.Herzog/ece383/Herzog_ece383_wksp/lab1/Lab1-Herzog.runs/impl_1/Lab1.bit} [get_hw_devices xc7a200t_0]
program_hw_devices [get_hw_devices xc7a200t_0]
refresh_hw_device [lindex [get_hw_devices xc7a200t_0] 0]
# Disabling source management mode.  This is to allow the top design properties to be set without GUI intervention.
set_property source_mgmt_mode None [current_project]
set_property top instructor_tb [get_filesets sim_1]
set_property top_lib xil_defaultlib [get_filesets sim_1]
# Re-enabling previously disabled source management mode.
set_property source_mgmt_mode All [current_project]
update_compile_order -fileset sim_1
launch_simulation
export_ip_user_files -of_objects  [get_files C:/Users/C27Soren.Herzog/ece383/Herzog_ece383_wksp/lab1/NumStepper_tb_behav1.wcfg] -no_script -reset -force -quiet
remove_files  -fileset sim_1 C:/Users/C27Soren.Herzog/ece383/Herzog_ece383_wksp/lab1/NumStepper_tb_behav1.wcfg
launch_simulation
source instructor_tb.tcl
