#-----------------------------------------------------------
# Vivado v2024.2 (64-bit)
# SW Build 5239630 on Fri Nov 08 22:35:27 MST 2024
# IP Build 5239520 on Sun Nov 10 16:12:51 MST 2024
# SharedData Build 5239561 on Fri Nov 08 14:39:27 MST 2024
# Start of session at: Tue Feb  3 15:07:53 2026
# Process ID         : 17064
# Current directory  : C:/Users/C27Soren.Herzog/ece383/Herzog_ece383_wksp/hw7
# Command line       : vivado.exe -gui_launcher_event rodinguilauncherevent6344 C:\Users\C27Soren.Herzog\ece383\Herzog_ece383_wksp\hw7\HW7.xpr
# Log file           : C:/Users/C27Soren.Herzog/ece383/Herzog_ece383_wksp/hw7/vivado.log
# Journal file       : C:/Users/C27Soren.Herzog/ece383/Herzog_ece383_wksp/hw7\vivado.jou
# Running On         : C27-5CG3121G96
# Platform           : Windows Server 2016 or Windows 10
# Operating System   : 22631
# Processor Detail   : AMD Ryzen 7 PRO 6850U with Radeon Graphics     
# CPU Frequency      : 2695 MHz
# CPU Physical cores : 8
# CPU Logical cores  : 16
# Host memory        : 16442 MB
# Swap memory        : 7516 MB
# Total Virtual      : 23958 MB
# Available Virtual  : 7713 MB
#-----------------------------------------------------------
start_gui
open_project C:/Users/C27Soren.Herzog/ece383/Herzog_ece383_wksp/hw7/HW7.xpr
INFO: [filemgmt 56-3] Default IP Output Path : Could not find the directory 'C:/Users/C27Soren.Herzog/ece383/Herzog_ece383_wksp/hw7/HW7.gen/sources_1'.
Scanning sources...
Finished scanning sources
INFO: [IP_Flow 19-234] Refreshing IP repositories
INFO: [IP_Flow 19-1704] No user IP repositories specified
INFO: [IP_Flow 19-2313] Loaded Vivado IP repository 'C:/Xilinx/Vivado/2024.2/data/ip'.
open_project: Time (s): cpu = 00:00:08 ; elapsed = 00:00:10 . Memory (MB): peak = 1104.680 ; gain = 60.105
update_compile_order -fileset sources_1
WARNING: [filemgmt 56-199] Attempt to get parsing info during refresh. "On-the-fly" syntax checking information may be incorrect. [C:\Users\C27Soren.Herzog\ece383\Herzog_ece383_wksp\hw7\HW7.srcs\sources_1\imports\HW7\button_debounce.vhdl:]
WARNING: [filemgmt 56-199] Attempt to get parsing info during refresh. "On-the-fly" syntax checking information may be incorrect. [C:\Users\C27Soren.Herzog\ece383\Herzog_ece383_wksp\hw7\HW7.srcs\sources_1\imports\HW7\hw07_tb.vhdl:]
WARNING: [filemgmt 56-199] Attempt to get parsing info during refresh. "On-the-fly" syntax checking information may be incorrect. [C:\Users\C27Soren.Herzog\ece383\Herzog_ece383_wksp\hw7\HW7.srcs\sources_1\imports\HW7\button_debounce.vhdl:]
WARNING: [filemgmt 56-199] Attempt to get parsing info during refresh. "On-the-fly" syntax checking information may be incorrect. [C:\Users\C27Soren.Herzog\ece383\Herzog_ece383_wksp\hw7\HW7.srcs\sources_1\imports\HW7\button_debounce.vhdl:]
ERROR: [Common 17-180] Spawn failed: No error
launch_simulation
Command: launch_simulation 
INFO: [Vivado 12-12493] Simulation top is 'hw07_tb'
WARNING: [Vivado 12-13340] Unable to auto find GCC executables from simulator install path! (path not set)
INFO: [Vivado 12-5682] Launching behavioral simulation in 'C:/Users/C27Soren.Herzog/ece383/Herzog_ece383_wksp/hw7/HW7.sim/sim_1/behav/xsim'
INFO: [SIM-utils-51] Simulation object is 'sim_1'
INFO: [SIM-utils-72] Using boost library from 'C:/Xilinx/Vivado/2024.2/tps/boost_1_72_0'
INFO: [SIM-utils-54] Inspecting design source files for 'hw07_tb' in fileset 'sim_1'...
INFO: [USF-XSim-97] Finding global include files...
INFO: [USF-XSim-98] Fetching design files from 'sim_1'...
INFO: [USF-XSim-2] XSim::Compile design
INFO: [USF-XSim-61] Executing 'COMPILE and ANALYZE' step in 'C:/Users/C27Soren.Herzog/ece383/Herzog_ece383_wksp/hw7/HW7.sim/sim_1/behav/xsim'
"xvhdl --incr --relax -prj hw07_tb_vhdl.prj"
INFO: [VRFC 10-163] Analyzing VHDL file "C:/Users/C27Soren.Herzog/ece383/Herzog_ece383_wksp/hw7/HW7.srcs/sources_1/imports/HW7/button_debounce.vhdl" into library xil_defaultlib
INFO: [VRFC 10-3107] analyzing entity 'button_debounce'
INFO: [USF-XSim-69] 'compile' step finished in '3' seconds
INFO: [USF-XSim-3] XSim::Elaborate design
INFO: [USF-XSim-61] Executing 'ELABORATE' step in 'C:/Users/C27Soren.Herzog/ece383/Herzog_ece383_wksp/hw7/HW7.sim/sim_1/behav/xsim'
"xelab --incr --debug typical --relax --mt 2 -L xil_defaultlib -L secureip --snapshot hw07_tb_behav xil_defaultlib.hw07_tb -log elaborate.log"
Vivado Simulator v2024.2.0
Copyright 1986-2022 Xilinx, Inc. All Rights Reserved.
Copyright 2022-2024 Advanced Micro Devices, Inc. All Rights Reserved.
Running: C:/Xilinx/Vivado/2024.2/bin/unwrapped/win64.o/xelab.exe --incr --debug typical --relax --mt 2 -L xil_defaultlib -L secureip --snapshot hw07_tb_behav xil_defaultlib.hw07_tb -log elaborate.log 
Using 2 slave threads.
Starting static elaboration
Completed static elaboration
Starting simulation data flow analysis
Completed simulation data flow analysis
Time Resolution for simulation is 1ps
Compiling package std.standard
Compiling package std.textio
Compiling package ieee.std_logic_1164
Compiling package ieee.numeric_std
Compiling architecture behavior of entity xil_defaultlib.lec10 [\lec10(n=11)\]
Compiling architecture behavior of entity xil_defaultlib.button_debounce [button_debounce_default]
Compiling architecture behavior of entity xil_defaultlib.lec10 [\lec10(n=5)\]
Compiling architecture behavior of entity xil_defaultlib.hw07_tb
Built simulation snapshot hw07_tb_behav
run_program: Time (s): cpu = 00:00:00 ; elapsed = 00:00:06 . Memory (MB): peak = 1123.707 ; gain = 0.000
INFO: [USF-XSim-69] 'elaborate' step finished in '7' seconds
INFO: [USF-XSim-4] XSim::Simulate design
INFO: [USF-XSim-61] Executing 'SIMULATE' step in 'C:/Users/C27Soren.Herzog/ece383/Herzog_ece383_wksp/hw7/HW7.sim/sim_1/behav/xsim'
INFO: [USF-XSim-98] *** Running xsim
   with args "hw07_tb_behav -key {Behavioral:sim_1:Functional:hw07_tb} -tclbatch {hw07_tb.tcl} -log {simulate.log}"
INFO: [USF-XSim-8] Loading simulator feature
Time resolution is 1 ps
source hw07_tb.tcl
# set curr_wave [current_wave_config]
# if { [string length $curr_wave] == 0 } {
#   if { [llength [get_objects]] > 0} {
#     add_wave /
#     set_property needs_save false [current_wave_config]
#   } else {
#      send_msg_id Add_Wave-1 WARNING "No top level signals found. Simulator will start without a wave window. If you want to open a wave window go to 'File->New Waveform Configuration' or type 'create_wave_config' in the TCL console."
#   }
# }
# run 300 ms
INFO: [USF-XSim-96] XSim completed. Design snapshot 'hw07_tb_behav' loaded.
INFO: [USF-XSim-97] XSim simulation ran for 300 ms
launch_simulation: Time (s): cpu = 00:00:03 ; elapsed = 00:00:15 . Memory (MB): peak = 1155.949 ; gain = 32.242
current_wave_config {Untitled 1}
Untitled 1
add_wave {{/hw07_tb/uut1/state}} 
close_sim
INFO: [Simtcl 6-16] Simulation closed
launch_simulation
Command: launch_simulation 
INFO: [Vivado 12-12493] Simulation top is 'hw07_tb'
WARNING: [Vivado 12-13340] Unable to auto find GCC executables from simulator install path! (path not set)
INFO: [Vivado 12-5682] Launching behavioral simulation in 'C:/Users/C27Soren.Herzog/ece383/Herzog_ece383_wksp/hw7/HW7.sim/sim_1/behav/xsim'
INFO: [SIM-utils-51] Simulation object is 'sim_1'
INFO: [SIM-utils-72] Using boost library from 'C:/Xilinx/Vivado/2024.2/tps/boost_1_72_0'
INFO: [SIM-utils-54] Inspecting design source files for 'hw07_tb' in fileset 'sim_1'...
INFO: [USF-XSim-97] Finding global include files...
INFO: [USF-XSim-98] Fetching design files from 'sim_1'...
INFO: [USF-XSim-2] XSim::Compile design
INFO: [USF-XSim-61] Executing 'COMPILE and ANALYZE' step in 'C:/Users/C27Soren.Herzog/ece383/Herzog_ece383_wksp/hw7/HW7.sim/sim_1/behav/xsim'
"xvhdl --incr --relax -prj hw07_tb_vhdl.prj"
INFO: [Common 17-41] Interrupt caught. Command should exit soon.
INFO: [Common 17-344] 'run_program' was cancelled
INFO: [Vivado 12-5357] 'compile' step aborted
INFO: [Common 17-344] 'launch_simulation' was cancelled
launch_simulation
Command: launch_simulation 
INFO: [Vivado 12-12493] Simulation top is 'hw07_tb'
WARNING: [Vivado 12-13340] Unable to auto find GCC executables from simulator install path! (path not set)
INFO: [Vivado 12-5682] Launching behavioral simulation in 'C:/Users/C27Soren.Herzog/ece383/Herzog_ece383_wksp/hw7/HW7.sim/sim_1/behav/xsim'
INFO: [SIM-utils-51] Simulation object is 'sim_1'
INFO: [SIM-utils-72] Using boost library from 'C:/Xilinx/Vivado/2024.2/tps/boost_1_72_0'
INFO: [SIM-utils-54] Inspecting design source files for 'hw07_tb' in fileset 'sim_1'...
INFO: [USF-XSim-97] Finding global include files...
INFO: [USF-XSim-98] Fetching design files from 'sim_1'...
INFO: [USF-XSim-2] XSim::Compile design
INFO: [USF-XSim-61] Executing 'COMPILE and ANALYZE' step in 'C:/Users/C27Soren.Herzog/ece383/Herzog_ece383_wksp/hw7/HW7.sim/sim_1/behav/xsim'
"xvhdl --incr --relax -prj hw07_tb_vhdl.prj"
INFO: [USF-XSim-69] 'compile' step finished in '3' seconds
INFO: [USF-XSim-3] XSim::Elaborate design
INFO: [USF-XSim-61] Executing 'ELABORATE' step in 'C:/Users/C27Soren.Herzog/ece383/Herzog_ece383_wksp/hw7/HW7.sim/sim_1/behav/xsim'
"xelab --incr --debug typical --relax --mt 2 -L xil_defaultlib -L secureip --snapshot hw07_tb_behav xil_defaultlib.hw07_tb -log elaborate.log"
Vivado Simulator v2024.2.0
Copyright 1986-2022 Xilinx, Inc. All Rights Reserved.
Copyright 2022-2024 Advanced Micro Devices, Inc. All Rights Reserved.
Running: C:/Xilinx/Vivado/2024.2/bin/unwrapped/win64.o/xelab.exe --incr --debug typical --relax --mt 2 -L xil_defaultlib -L secureip --snapshot hw07_tb_behav xil_defaultlib.hw07_tb -log elaborate.log 
Using 2 slave threads.
Starting static elaboration
Completed static elaboration
INFO: [XSIM 43-4323] No Change in HDL. Linking previously generated obj files to create kernel
INFO: [USF-XSim-69] 'elaborate' step finished in '4' seconds
INFO: [USF-XSim-4] XSim::Simulate design
INFO: [USF-XSim-61] Executing 'SIMULATE' step in 'C:/Users/C27Soren.Herzog/ece383/Herzog_ece383_wksp/hw7/HW7.sim/sim_1/behav/xsim'
INFO: [USF-XSim-98] *** Running xsim
   with args "hw07_tb_behav -key {Behavioral:sim_1:Functional:hw07_tb} -tclbatch {hw07_tb.tcl} -log {simulate.log}"
INFO: [USF-XSim-8] Loading simulator feature
Time resolution is 1 ps
source hw07_tb.tcl
# set curr_wave [current_wave_config]
# if { [string length $curr_wave] == 0 } {
#   if { [llength [get_objects]] > 0} {
#     add_wave /
#     set_property needs_save false [current_wave_config]
#   } else {
#      send_msg_id Add_Wave-1 WARNING "No top level signals found. Simulator will start without a wave window. If you want to open a wave window go to 'File->New Waveform Configuration' or type 'create_wave_config' in the TCL console."
#   }
# }
# run 300 ms
INFO: [USF-XSim-96] XSim completed. Design snapshot 'hw07_tb_behav' loaded.
INFO: [USF-XSim-97] XSim simulation ran for 300 ms
launch_simulation: Time (s): cpu = 00:00:02 ; elapsed = 00:00:10 . Memory (MB): peak = 1228.234 ; gain = 0.000
current_wave_config {Untitled 2}
Untitled 2
add_wave {{/hw07_tb/uut1/state}} 
save_wave_config {C:/Users/C27Soren.Herzog/ece383/Herzog_ece383_wksp/hw7/hw07_tb_behav.wcfg}
add_files -fileset sim_1 -norecurse C:/Users/C27Soren.Herzog/ece383/Herzog_ece383_wksp/hw7/hw07_tb_behav.wcfg
set_property xsim.view C:/Users/C27Soren.Herzog/ece383/Herzog_ece383_wksp/hw7/hw07_tb_behav.wcfg [get_filesets sim_1]
close_sim
WARNING: [filemgmt 56-199] Attempt to get parsing info during refresh. "On-the-fly" syntax checking information may be incorrect. [C:\Users\C27Soren.Herzog\ece383\Herzog_ece383_wksp\hw7\HW7.srcs\sources_1\imports\HW7\button_debounce.vhdl:]
WARNING: [filemgmt 56-199] Attempt to get parsing info during refresh. "On-the-fly" syntax checking information may be incorrect. [C:\Users\C27Soren.Herzog\ece383\Herzog_ece383_wksp\hw7\HW7.srcs\sources_1\imports\HW7\hw07_tb.vhdl:]
WARNING: [filemgmt 56-199] Attempt to get parsing info during refresh. "On-the-fly" syntax checking information may be incorrect. [C:\Users\C27Soren.Herzog\ece383\Herzog_ece383_wksp\hw7\HW7.srcs\sources_1\imports\HW7\hw07_tb.vhdl:]
WARNING: [filemgmt 56-199] Attempt to get parsing info during refresh. "On-the-fly" syntax checking information may be incorrect. [C:\Users\C27Soren.Herzog\ece383\Herzog_ece383_wksp\hw7\HW7.srcs\sources_1\imports\HW7\hw07_tb.vhdl:]
INFO: [Simtcl 6-16] Simulation closed
launch_simulation
Command: launch_simulation 
INFO: [Vivado 12-12493] Simulation top is 'hw07_tb'
WARNING: [Vivado 12-13340] Unable to auto find GCC executables from simulator install path! (path not set)
INFO: [Vivado 12-5682] Launching behavioral simulation in 'C:/Users/C27Soren.Herzog/ece383/Herzog_ece383_wksp/hw7/HW7.sim/sim_1/behav/xsim'
INFO: [SIM-utils-51] Simulation object is 'sim_1'
INFO: [SIM-utils-72] Using boost library from 'C:/Xilinx/Vivado/2024.2/tps/boost_1_72_0'
INFO: [SIM-utils-54] Inspecting design source files for 'hw07_tb' in fileset 'sim_1'...
INFO: [USF-XSim-97] Finding global include files...
INFO: [USF-XSim-98] Fetching design files from 'sim_1'...
INFO: [USF-XSim-2] XSim::Compile design
INFO: [USF-XSim-61] Executing 'COMPILE and ANALYZE' step in 'C:/Users/C27Soren.Herzog/ece383/Herzog_ece383_wksp/hw7/HW7.sim/sim_1/behav/xsim'
"xvhdl --incr --relax -prj hw07_tb_vhdl.prj"
ERROR: [Common 17-180] Spawn failed: No error
INFO: [USF-XSim-69] 'compile' step finished in '3' seconds
ERROR: [USF-XSim-62] 'compile' step failed with error(s) while executing 'C:/Users/C27Soren.Herzog/ece383/Herzog_ece383_wksp/hw7/HW7.sim/sim_1/behav/xsim/compile.bat' script. Please check that the file has the correct 'read/write/execute' permissions and the Tcl console output for any other possible errors or warnings.
ERROR: [Vivado 12-4473] Detected error while running simulation. Please correct the issue and retry this operation.
ERROR: [Common 17-39] 'launch_simulation' failed due to earlier errors.
launch_simulation
Command: launch_simulation 
INFO: [Vivado 12-12493] Simulation top is 'hw07_tb'
WARNING: [Vivado 12-13340] Unable to auto find GCC executables from simulator install path! (path not set)
INFO: [Vivado 12-5682] Launching behavioral simulation in 'C:/Users/C27Soren.Herzog/ece383/Herzog_ece383_wksp/hw7/HW7.sim/sim_1/behav/xsim'
INFO: [SIM-utils-51] Simulation object is 'sim_1'
INFO: [SIM-utils-72] Using boost library from 'C:/Xilinx/Vivado/2024.2/tps/boost_1_72_0'
INFO: [SIM-utils-54] Inspecting design source files for 'hw07_tb' in fileset 'sim_1'...
INFO: [USF-XSim-97] Finding global include files...
INFO: [USF-XSim-98] Fetching design files from 'sim_1'...
INFO: [USF-XSim-2] XSim::Compile design
INFO: [USF-XSim-61] Executing 'COMPILE and ANALYZE' step in 'C:/Users/C27Soren.Herzog/ece383/Herzog_ece383_wksp/hw7/HW7.sim/sim_1/behav/xsim'
"xvhdl --incr --relax -prj hw07_tb_vhdl.prj"
INFO: [USF-XSim-69] 'compile' step finished in '3' seconds
INFO: [USF-XSim-3] XSim::Elaborate design
INFO: [USF-XSim-61] Executing 'ELABORATE' step in 'C:/Users/C27Soren.Herzog/ece383/Herzog_ece383_wksp/hw7/HW7.sim/sim_1/behav/xsim'
"xelab --incr --debug typical --relax --mt 2 -L xil_defaultlib -L secureip --snapshot hw07_tb_behav xil_defaultlib.hw07_tb -log elaborate.log"
Vivado Simulator v2024.2.0
Copyright 1986-2022 Xilinx, Inc. All Rights Reserved.
Copyright 2022-2024 Advanced Micro Devices, Inc. All Rights Reserved.
Running: C:/Xilinx/Vivado/2024.2/bin/unwrapped/win64.o/xelab.exe --incr --debug typical --relax --mt 2 -L xil_defaultlib -L secureip --snapshot hw07_tb_behav xil_defaultlib.hw07_tb -log elaborate.log 
Using 2 slave threads.
Starting static elaboration
Completed static elaboration
INFO: [XSIM 43-4323] No Change in HDL. Linking previously generated obj files to create kernel
INFO: [USF-XSim-69] 'elaborate' step finished in '2' seconds
INFO: [USF-XSim-4] XSim::Simulate design
INFO: [USF-XSim-61] Executing 'SIMULATE' step in 'C:/Users/C27Soren.Herzog/ece383/Herzog_ece383_wksp/hw7/HW7.sim/sim_1/behav/xsim'
INFO: [USF-XSim-98] *** Running xsim
   with args "hw07_tb_behav -key {Behavioral:sim_1:Functional:hw07_tb} -tclbatch {hw07_tb.tcl} -view {C:/Users/C27Soren.Herzog/ece383/Herzog_ece383_wksp/hw7/hw07_tb_behav.wcfg} -log {simulate.log}"
INFO: [USF-XSim-8] Loading simulator feature
Time resolution is 1 ps
open_wave_config C:/Users/C27Soren.Herzog/ece383/Herzog_ece383_wksp/hw7/hw07_tb_behav.wcfg
source hw07_tb.tcl
# set curr_wave [current_wave_config]
# if { [string length $curr_wave] == 0 } {
#   if { [llength [get_objects]] > 0} {
#     add_wave /
#     set_property needs_save false [current_wave_config]
#   } else {
#      send_msg_id Add_Wave-1 WARNING "No top level signals found. Simulator will start without a wave window. If you want to open a wave window go to 'File->New Waveform Configuration' or type 'create_wave_config' in the TCL console."
#   }
# }
# run 300 ms
INFO: [USF-XSim-96] XSim completed. Design snapshot 'hw07_tb_behav' loaded.
INFO: [USF-XSim-97] XSim simulation ran for 300 ms
launch_simulation: Time (s): cpu = 00:00:02 ; elapsed = 00:00:08 . Memory (MB): peak = 1228.234 ; gain = 0.000
close_sim
INFO: [Simtcl 6-16] Simulation closed
launch_simulation
Command: launch_simulation 
INFO: [Vivado 12-12493] Simulation top is 'hw07_tb'
WARNING: [Vivado 12-13340] Unable to auto find GCC executables from simulator install path! (path not set)
INFO: [Vivado 12-5682] Launching behavioral simulation in 'C:/Users/C27Soren.Herzog/ece383/Herzog_ece383_wksp/hw7/HW7.sim/sim_1/behav/xsim'
INFO: [SIM-utils-51] Simulation object is 'sim_1'
INFO: [SIM-utils-72] Using boost library from 'C:/Xilinx/Vivado/2024.2/tps/boost_1_72_0'
INFO: [SIM-utils-54] Inspecting design source files for 'hw07_tb' in fileset 'sim_1'...
INFO: [USF-XSim-97] Finding global include files...
INFO: [USF-XSim-98] Fetching design files from 'sim_1'...
INFO: [USF-XSim-2] XSim::Compile design
INFO: [USF-XSim-61] Executing 'COMPILE and ANALYZE' step in 'C:/Users/C27Soren.Herzog/ece383/Herzog_ece383_wksp/hw7/HW7.sim/sim_1/behav/xsim'
"xvhdl --incr --relax -prj hw07_tb_vhdl.prj"
INFO: [VRFC 10-163] Analyzing VHDL file "C:/Users/C27Soren.Herzog/ece383/Herzog_ece383_wksp/hw7/HW7.srcs/sources_1/imports/HW7/hw07_tb.vhdl" into library xil_defaultlib
INFO: [VRFC 10-3107] analyzing entity 'hw07_tb'
INFO: [USF-XSim-69] 'compile' step finished in '2' seconds
INFO: [USF-XSim-3] XSim::Elaborate design
INFO: [USF-XSim-61] Executing 'ELABORATE' step in 'C:/Users/C27Soren.Herzog/ece383/Herzog_ece383_wksp/hw7/HW7.sim/sim_1/behav/xsim'
"xelab --incr --debug typical --relax --mt 2 -L xil_defaultlib -L secureip --snapshot hw07_tb_behav xil_defaultlib.hw07_tb -log elaborate.log"
Vivado Simulator v2024.2.0
Copyright 1986-2022 Xilinx, Inc. All Rights Reserved.
Copyright 2022-2024 Advanced Micro Devices, Inc. All Rights Reserved.
Running: C:/Xilinx/Vivado/2024.2/bin/unwrapped/win64.o/xelab.exe --incr --debug typical --relax --mt 2 -L xil_defaultlib -L secureip --snapshot hw07_tb_behav xil_defaultlib.hw07_tb -log elaborate.log 
Using 2 slave threads.
Starting static elaboration
Completed static elaboration
Starting simulation data flow analysis
Completed simulation data flow analysis
Time Resolution for simulation is 1ps
Compiling package std.standard
Compiling package std.textio
Compiling package ieee.std_logic_1164
Compiling package ieee.numeric_std
Compiling architecture behavior of entity xil_defaultlib.lec10 [\lec10(n=11)\]
Compiling architecture behavior of entity xil_defaultlib.button_debounce [button_debounce_default]
Compiling architecture behavior of entity xil_defaultlib.lec10 [\lec10(n=5)\]
Compiling architecture behavior of entity xil_defaultlib.hw07_tb
Built simulation snapshot hw07_tb_behav
INFO: [USF-XSim-69] 'elaborate' step finished in '5' seconds
INFO: [USF-XSim-4] XSim::Simulate design
INFO: [USF-XSim-61] Executing 'SIMULATE' step in 'C:/Users/C27Soren.Herzog/ece383/Herzog_ece383_wksp/hw7/HW7.sim/sim_1/behav/xsim'
INFO: [USF-XSim-98] *** Running xsim
   with args "hw07_tb_behav -key {Behavioral:sim_1:Functional:hw07_tb} -tclbatch {hw07_tb.tcl} -view {C:/Users/C27Soren.Herzog/ece383/Herzog_ece383_wksp/hw7/hw07_tb_behav.wcfg} -log {simulate.log}"
INFO: [USF-XSim-8] Loading simulator feature
Time resolution is 1 ps
open_wave_config C:/Users/C27Soren.Herzog/ece383/Herzog_ece383_wksp/hw7/hw07_tb_behav.wcfg
source hw07_tb.tcl
# set curr_wave [current_wave_config]
# if { [string length $curr_wave] == 0 } {
#   if { [llength [get_objects]] > 0} {
#     add_wave /
#     set_property needs_save false [current_wave_config]
#   } else {
#      send_msg_id Add_Wave-1 WARNING "No top level signals found. Simulator will start without a wave window. If you want to open a wave window go to 'File->New Waveform Configuration' or type 'create_wave_config' in the TCL console."
#   }
# }
# run 300 ms
run: Time (s): cpu = 00:00:40 ; elapsed = 00:00:44 . Memory (MB): peak = 2241.203 ; gain = 0.000
xsim: Time (s): cpu = 00:00:42 ; elapsed = 00:00:47 . Memory (MB): peak = 2241.203 ; gain = 0.000
INFO: [USF-XSim-96] XSim completed. Design snapshot 'hw07_tb_behav' loaded.
INFO: [USF-XSim-97] XSim simulation ran for 300 ms
launch_simulation: Time (s): cpu = 00:00:43 ; elapsed = 00:00:56 . Memory (MB): peak = 2241.203 ; gain = 0.000
close_sim
INFO: xsimkernel Simulation Memory Usage: 35976 KB (Peak: 35976 KB), Simulation CPU Usage: 21937 ms
INFO: [Simtcl 6-16] Simulation closed
WARNING: [filemgmt 56-199] Attempt to get parsing info during refresh. "On-the-fly" syntax checking information may be incorrect. [C:\Users\C27Soren.Herzog\ece383\Herzog_ece383_wksp\hw7\HW7.srcs\sources_1\imports\HW7\button_debounce.vhdl:]
WARNING: [filemgmt 56-199] Attempt to get parsing info during refresh. "On-the-fly" syntax checking information may be incorrect. [C:\Users\C27Soren.Herzog\ece383\Herzog_ece383_wksp\hw7\HW7.srcs\sources_1\imports\HW7\hw07_tb.vhdl:]
WARNING: [filemgmt 56-199] Attempt to get parsing info during refresh. "On-the-fly" syntax checking information may be incorrect. [C:\Users\C27Soren.Herzog\ece383\Herzog_ece383_wksp\hw7\HW7.srcs\sources_1\imports\HW7\button_debounce.vhdl:]
WARNING: [filemgmt 56-199] Attempt to get parsing info during refresh. "On-the-fly" syntax checking information may be incorrect. [C:\Users\C27Soren.Herzog\ece383\Herzog_ece383_wksp\hw7\HW7.srcs\sources_1\imports\HW7\button_debounce.vhdl:]
launch_simulation
Command: launch_simulation 
INFO: [Vivado 12-12493] Simulation top is 'hw07_tb'
WARNING: [Vivado 12-13340] Unable to auto find GCC executables from simulator install path! (path not set)
INFO: [Vivado 12-5682] Launching behavioral simulation in 'C:/Users/C27Soren.Herzog/ece383/Herzog_ece383_wksp/hw7/HW7.sim/sim_1/behav/xsim'
INFO: [SIM-utils-51] Simulation object is 'sim_1'
INFO: [SIM-utils-72] Using boost library from 'C:/Xilinx/Vivado/2024.2/tps/boost_1_72_0'
ERROR: [Common 17-180] Spawn failed: No error
ERROR: [Common 17-39] 'get_xpm_libraries' failed due to earlier errors.

    while executing
"rdi::get_xpm_libraries"
    (procedure "xcs_get_xpm_libraries" line 14)
    invoked from within
"xcs_get_xpm_libraries"
    (procedure "usf_xsim_setup_simulation" line 50)
    invoked from within
"usf_xsim_setup_simulation"
    (procedure "tclapp::xilinx::xsim::setup" line 29)
    invoked from within
"tclapp::xilinx::xsim::setup { -simset sim_1 -mode behavioral -run_dir C:/Users/C27Soren.Herzog/ece383/Herzog_ece383_wksp/hw7/HW7.sim/sim_1/behav/xsim ..."
ERROR: [Vivado 12-4473] Detected error while running simulation. Please correct the issue and retry this operation.
ERROR: [Common 17-39] 'launch_simulation' failed due to earlier errors.
launch_simulation
Command: launch_simulation 
INFO: [Vivado 12-12493] Simulation top is 'hw07_tb'
WARNING: [Vivado 12-13340] Unable to auto find GCC executables from simulator install path! (path not set)
INFO: [Vivado 12-5682] Launching behavioral simulation in 'C:/Users/C27Soren.Herzog/ece383/Herzog_ece383_wksp/hw7/HW7.sim/sim_1/behav/xsim'
INFO: [SIM-utils-51] Simulation object is 'sim_1'
INFO: [SIM-utils-72] Using boost library from 'C:/Xilinx/Vivado/2024.2/tps/boost_1_72_0'
INFO: [SIM-utils-54] Inspecting design source files for 'hw07_tb' in fileset 'sim_1'...
INFO: [USF-XSim-97] Finding global include files...
INFO: [USF-XSim-98] Fetching design files from 'sim_1'...
INFO: [USF-XSim-2] XSim::Compile design
INFO: [USF-XSim-61] Executing 'COMPILE and ANALYZE' step in 'C:/Users/C27Soren.Herzog/ece383/Herzog_ece383_wksp/hw7/HW7.sim/sim_1/behav/xsim'
"xvhdl --incr --relax -prj hw07_tb_vhdl.prj"
INFO: [VRFC 10-163] Analyzing VHDL file "C:/Users/C27Soren.Herzog/ece383/Herzog_ece383_wksp/hw7/HW7.srcs/sources_1/imports/HW7/button_debounce.vhdl" into library xil_defaultlib
INFO: [VRFC 10-3107] analyzing entity 'button_debounce'
INFO: [USF-XSim-69] 'compile' step finished in '3' seconds
INFO: [USF-XSim-3] XSim::Elaborate design
INFO: [USF-XSim-61] Executing 'ELABORATE' step in 'C:/Users/C27Soren.Herzog/ece383/Herzog_ece383_wksp/hw7/HW7.sim/sim_1/behav/xsim'
"xelab --incr --debug typical --relax --mt 2 -L xil_defaultlib -L secureip --snapshot hw07_tb_behav xil_defaultlib.hw07_tb -log elaborate.log"
Vivado Simulator v2024.2.0
Copyright 1986-2022 Xilinx, Inc. All Rights Reserved.
Copyright 2022-2024 Advanced Micro Devices, Inc. All Rights Reserved.
Running: C:/Xilinx/Vivado/2024.2/bin/unwrapped/win64.o/xelab.exe --incr --debug typical --relax --mt 2 -L xil_defaultlib -L secureip --snapshot hw07_tb_behav xil_defaultlib.hw07_tb -log elaborate.log 
Using 2 slave threads.
Starting static elaboration
Completed static elaboration
Starting simulation data flow analysis
Completed simulation data flow analysis
Time Resolution for simulation is 1ps
Compiling package std.standard
Compiling package std.textio
Compiling package ieee.std_logic_1164
Compiling package ieee.numeric_std
Compiling architecture behavior of entity xil_defaultlib.lec10 [\lec10(n=11)\]
Compiling architecture behavior of entity xil_defaultlib.button_debounce [button_debounce_default]
Compiling architecture behavior of entity xil_defaultlib.lec10 [\lec10(n=5)\]
Compiling architecture behavior of entity xil_defaultlib.hw07_tb
Built simulation snapshot hw07_tb_behav
INFO: [USF-XSim-69] 'elaborate' step finished in '3' seconds
INFO: [USF-XSim-4] XSim::Simulate design
INFO: [USF-XSim-61] Executing 'SIMULATE' step in 'C:/Users/C27Soren.Herzog/ece383/Herzog_ece383_wksp/hw7/HW7.sim/sim_1/behav/xsim'
INFO: [USF-XSim-98] *** Running xsim
   with args "hw07_tb_behav -key {Behavioral:sim_1:Functional:hw07_tb} -tclbatch {hw07_tb.tcl} -view {C:/Users/C27Soren.Herzog/ece383/Herzog_ece383_wksp/hw7/hw07_tb_behav.wcfg} -log {simulate.log}"
INFO: [USF-XSim-8] Loading simulator feature
Time resolution is 1 ps
open_wave_config C:/Users/C27Soren.Herzog/ece383/Herzog_ece383_wksp/hw7/hw07_tb_behav.wcfg
source hw07_tb.tcl
# set curr_wave [current_wave_config]
# if { [string length $curr_wave] == 0 } {
#   if { [llength [get_objects]] > 0} {
#     add_wave /
#     set_property needs_save false [current_wave_config]
#   } else {
#      send_msg_id Add_Wave-1 WARNING "No top level signals found. Simulator will start without a wave window. If you want to open a wave window go to 'File->New Waveform Configuration' or type 'create_wave_config' in the TCL console."
#   }
# }
# run 300 ms
run: Time (s): cpu = 00:00:41 ; elapsed = 00:00:44 . Memory (MB): peak = 2243.742 ; gain = 0.000
xsim: Time (s): cpu = 00:00:42 ; elapsed = 00:00:47 . Memory (MB): peak = 2243.742 ; gain = 0.000
INFO: [USF-XSim-96] XSim completed. Design snapshot 'hw07_tb_behav' loaded.
INFO: [USF-XSim-97] XSim simulation ran for 300 ms
launch_simulation: Time (s): cpu = 00:00:42 ; elapsed = 00:00:53 . Memory (MB): peak = 2243.742 ; gain = 0.000
WARNING: [filemgmt 56-199] Attempt to get parsing info during refresh. "On-the-fly" syntax checking information may be incorrect. [C:\Users\C27Soren.Herzog\ece383\Herzog_ece383_wksp\hw7\HW7.srcs\sources_1\imports\HW7\lec10.vhdl:]
WARNING: [filemgmt 56-199] Attempt to get parsing info during refresh. "On-the-fly" syntax checking information may be incorrect. [C:\Users\C27Soren.Herzog\ece383\Herzog_ece383_wksp\hw7\HW7.srcs\sources_1\imports\HW7\button_debounce.vhdl:]
WARNING: [filemgmt 56-199] Attempt to get parsing info during refresh. "On-the-fly" syntax checking information may be incorrect. [C:\Users\C27Soren.Herzog\ece383\Herzog_ece383_wksp\hw7\HW7.srcs\sources_1\imports\HW7\hw07_tb.vhdl:]
WARNING: [filemgmt 56-199] Attempt to get parsing info during refresh. "On-the-fly" syntax checking information may be incorrect. [C:\Users\C27Soren.Herzog\ece383\Herzog_ece383_wksp\hw7\HW7.srcs\sources_1\imports\HW7\button_debounce.vhdl:]
WARNING: [filemgmt 56-199] Attempt to get parsing info during refresh. "On-the-fly" syntax checking information may be incorrect. [C:\Users\C27Soren.Herzog\ece383\Herzog_ece383_wksp\hw7\HW7.srcs\sources_1\imports\HW7\button_debounce.vhdl:]
save_wave_config {C:/Users/C27Soren.Herzog/ece383/Herzog_ece383_wksp/hw7/hw07_tb_behav.wcfg}
close_sim
INFO: xsimkernel Simulation Memory Usage: 35996 KB (Peak: 35996 KB), Simulation CPU Usage: 22312 ms
WARNING: [filemgmt 56-199] Attempt to get parsing info during refresh. "On-the-fly" syntax checking information may be incorrect. [C:\Users\C27Soren.Herzog\ece383\Herzog_ece383_wksp\hw7\HW7.srcs\sources_1\imports\HW7\lec10.vhdl:]
WARNING: [filemgmt 56-199] Attempt to get parsing info during refresh. "On-the-fly" syntax checking information may be incorrect. [C:\Users\C27Soren.Herzog\ece383\Herzog_ece383_wksp\hw7\HW7.srcs\sources_1\imports\HW7\button_debounce.vhdl:]
WARNING: [filemgmt 56-199] Attempt to get parsing info during refresh. "On-the-fly" syntax checking information may be incorrect. [C:\Users\C27Soren.Herzog\ece383\Herzog_ece383_wksp\hw7\HW7.srcs\sources_1\imports\HW7\hw07_tb.vhdl:]
WARNING: [filemgmt 56-199] Attempt to get parsing info during refresh. "On-the-fly" syntax checking information may be incorrect. [C:\Users\C27Soren.Herzog\ece383\Herzog_ece383_wksp\hw7\HW7.srcs\sources_1\imports\HW7\lec10.vhdl:]
WARNING: [filemgmt 56-199] Attempt to get parsing info during refresh. "On-the-fly" syntax checking information may be incorrect. [C:\Users\C27Soren.Herzog\ece383\Herzog_ece383_wksp\hw7\HW7.srcs\sources_1\imports\HW7\lec10.vhdl:]
INFO: [Simtcl 6-16] Simulation closed
launch_simulation
Command: launch_simulation 
INFO: [Vivado 12-12493] Simulation top is 'hw07_tb'
WARNING: [Vivado 12-13340] Unable to auto find GCC executables from simulator install path! (path not set)
INFO: [Vivado 12-5682] Launching behavioral simulation in 'C:/Users/C27Soren.Herzog/ece383/Herzog_ece383_wksp/hw7/HW7.sim/sim_1/behav/xsim'
INFO: [SIM-utils-51] Simulation object is 'sim_1'
INFO: [SIM-utils-72] Using boost library from 'C:/Xilinx/Vivado/2024.2/tps/boost_1_72_0'
WARNING: [filemgmt 56-199] Attempt to get parsing info during refresh. "On-the-fly" syntax checking information may be incorrect. [C:\Users\C27Soren.Herzog\ece383\Herzog_ece383_wksp\hw7\HW7.srcs\sources_1\imports\HW7\lec10.vhdl:]
WARNING: [filemgmt 56-199] Attempt to get parsing info during refresh. "On-the-fly" syntax checking information may be incorrect. [C:\Users\C27Soren.Herzog\ece383\Herzog_ece383_wksp\hw7\HW7.srcs\sources_1\imports\HW7\button_debounce.vhdl:]
WARNING: [filemgmt 56-199] Attempt to get parsing info during refresh. "On-the-fly" syntax checking information may be incorrect. [C:\Users\C27Soren.Herzog\ece383\Herzog_ece383_wksp\hw7\HW7.srcs\sources_1\imports\HW7\hw07_tb.vhdl:]
WARNING: [filemgmt 56-199] Attempt to get parsing info during refresh. "On-the-fly" syntax checking information may be incorrect. [C:\Users\C27Soren.Herzog\ece383\Herzog_ece383_wksp\hw7\HW7.srcs\sources_1\imports\HW7\button_debounce.vhdl:]
WARNING: [filemgmt 56-199] Attempt to get parsing info during refresh. "On-the-fly" syntax checking information may be incorrect. [C:\Users\C27Soren.Herzog\ece383\Herzog_ece383_wksp\hw7\HW7.srcs\sources_1\imports\HW7\button_debounce.vhdl:]
INFO: [SIM-utils-54] Inspecting design source files for 'hw07_tb' in fileset 'sim_1'...
INFO: [USF-XSim-97] Finding global include files...
INFO: [USF-XSim-98] Fetching design files from 'sim_1'...
INFO: [USF-XSim-2] XSim::Compile design
INFO: [USF-XSim-61] Executing 'COMPILE and ANALYZE' step in 'C:/Users/C27Soren.Herzog/ece383/Herzog_ece383_wksp/hw7/HW7.sim/sim_1/behav/xsim'
WARNING: [filemgmt 56-199] Attempt to get parsing info during refresh. "On-the-fly" syntax checking information may be incorrect. [C:\Users\C27Soren.Herzog\ece383\Herzog_ece383_wksp\hw7\HW7.srcs\sources_1\imports\HW7\lec10.vhdl:]
WARNING: [filemgmt 56-199] Attempt to get parsing info during refresh. "On-the-fly" syntax checking information may be incorrect. [C:\Users\C27Soren.Herzog\ece383\Herzog_ece383_wksp\hw7\HW7.srcs\sources_1\imports\HW7\button_debounce.vhdl:]
WARNING: [filemgmt 56-199] Attempt to get parsing info during refresh. "On-the-fly" syntax checking information may be incorrect. [C:\Users\C27Soren.Herzog\ece383\Herzog_ece383_wksp\hw7\HW7.srcs\sources_1\imports\HW7\hw07_tb.vhdl:]
WARNING: [filemgmt 56-199] Attempt to get parsing info during refresh. "On-the-fly" syntax checking information may be incorrect. [C:\Users\C27Soren.Herzog\ece383\Herzog_ece383_wksp\hw7\HW7.srcs\sources_1\imports\HW7\lec10.vhdl:]
WARNING: [filemgmt 56-199] Attempt to get parsing info during refresh. "On-the-fly" syntax checking information may be incorrect. [C:\Users\C27Soren.Herzog\ece383\Herzog_ece383_wksp\hw7\HW7.srcs\sources_1\imports\HW7\lec10.vhdl:]
"xvhdl --incr --relax -prj hw07_tb_vhdl.prj"
INFO: [VRFC 10-163] Analyzing VHDL file "C:/Users/C27Soren.Herzog/ece383/Herzog_ece383_wksp/hw7/HW7.srcs/sources_1/imports/HW7/button_debounce.vhdl" into library xil_defaultlib
INFO: [VRFC 10-3107] analyzing entity 'button_debounce'
INFO: [USF-XSim-69] 'compile' step finished in '3' seconds
INFO: [USF-XSim-3] XSim::Elaborate design
INFO: [USF-XSim-61] Executing 'ELABORATE' step in 'C:/Users/C27Soren.Herzog/ece383/Herzog_ece383_wksp/hw7/HW7.sim/sim_1/behav/xsim'
"xelab --incr --debug typical --relax --mt 2 -L xil_defaultlib -L secureip --snapshot hw07_tb_behav xil_defaultlib.hw07_tb -log elaborate.log"
Vivado Simulator v2024.2.0
Copyright 1986-2022 Xilinx, Inc. All Rights Reserved.
Copyright 2022-2024 Advanced Micro Devices, Inc. All Rights Reserved.
Running: C:/Xilinx/Vivado/2024.2/bin/unwrapped/win64.o/xelab.exe --incr --debug typical --relax --mt 2 -L xil_defaultlib -L secureip --snapshot hw07_tb_behav xil_defaultlib.hw07_tb -log elaborate.log 
Using 2 slave threads.
Starting static elaboration
Completed static elaboration
Starting simulation data flow analysis
Completed simulation data flow analysis
Time Resolution for simulation is 1ps
Compiling package std.standard
Compiling package std.textio
Compiling package ieee.std_logic_1164
Compiling package ieee.numeric_std
Compiling architecture behavior of entity xil_defaultlib.lec10 [\lec10(n=11)\]
Compiling architecture behavior of entity xil_defaultlib.button_debounce [button_debounce_default]
Compiling architecture behavior of entity xil_defaultlib.lec10 [\lec10(n=5)\]
Compiling architecture behavior of entity xil_defaultlib.hw07_tb
Built simulation snapshot hw07_tb_behav
INFO: [USF-XSim-69] 'elaborate' step finished in '3' seconds
INFO: [USF-XSim-4] XSim::Simulate design
INFO: [USF-XSim-61] Executing 'SIMULATE' step in 'C:/Users/C27Soren.Herzog/ece383/Herzog_ece383_wksp/hw7/HW7.sim/sim_1/behav/xsim'
INFO: [USF-XSim-98] *** Running xsim
   with args "hw07_tb_behav -key {Behavioral:sim_1:Functional:hw07_tb} -tclbatch {hw07_tb.tcl} -view {C:/Users/C27Soren.Herzog/ece383/Herzog_ece383_wksp/hw7/hw07_tb_behav.wcfg} -log {simulate.log}"
INFO: [USF-XSim-8] Loading simulator feature
Time resolution is 1 ps
open_wave_config C:/Users/C27Soren.Herzog/ece383/Herzog_ece383_wksp/hw7/hw07_tb_behav.wcfg
source hw07_tb.tcl
# set curr_wave [current_wave_config]
# if { [string length $curr_wave] == 0 } {
#   if { [llength [get_objects]] > 0} {
#     add_wave /
#     set_property needs_save false [current_wave_config]
#   } else {
#      send_msg_id Add_Wave-1 WARNING "No top level signals found. Simulator will start without a wave window. If you want to open a wave window go to 'File->New Waveform Configuration' or type 'create_wave_config' in the TCL console."
#   }
# }
# run 300 ms
run: Time (s): cpu = 00:00:42 ; elapsed = 00:00:44 . Memory (MB): peak = 2243.742 ; gain = 0.000
xsim: Time (s): cpu = 00:00:43 ; elapsed = 00:00:47 . Memory (MB): peak = 2243.742 ; gain = 0.000
INFO: [USF-XSim-96] XSim completed. Design snapshot 'hw07_tb_behav' loaded.
INFO: [USF-XSim-97] XSim simulation ran for 300 ms
launch_simulation: Time (s): cpu = 00:00:43 ; elapsed = 00:00:55 . Memory (MB): peak = 2243.742 ; gain = 0.000
current_wave_config {hw07_tb_behav.wcfg}
hw07_tb_behav.wcfg
add_wave {{/hw07_tb/uut1/Q}} 
save_wave_config {C:/Users/C27Soren.Herzog/ece383/Herzog_ece383_wksp/hw7/hw07_tb_behav.wcfg}
close_sim
INFO: xsimkernel Simulation Memory Usage: 35976 KB (Peak: 35976 KB), Simulation CPU Usage: 21562 ms
INFO: [Simtcl 6-16] Simulation closed
launch_simulation
Command: launch_simulation 
INFO: [Vivado 12-12493] Simulation top is 'hw07_tb'
WARNING: [Vivado 12-13340] Unable to auto find GCC executables from simulator install path! (path not set)
INFO: [Vivado 12-5682] Launching behavioral simulation in 'C:/Users/C27Soren.Herzog/ece383/Herzog_ece383_wksp/hw7/HW7.sim/sim_1/behav/xsim'
INFO: [SIM-utils-51] Simulation object is 'sim_1'
INFO: [SIM-utils-72] Using boost library from 'C:/Xilinx/Vivado/2024.2/tps/boost_1_72_0'
INFO: [SIM-utils-54] Inspecting design source files for 'hw07_tb' in fileset 'sim_1'...
INFO: [USF-XSim-97] Finding global include files...
INFO: [USF-XSim-98] Fetching design files from 'sim_1'...
INFO: [USF-XSim-2] XSim::Compile design
INFO: [USF-XSim-61] Executing 'COMPILE and ANALYZE' step in 'C:/Users/C27Soren.Herzog/ece383/Herzog_ece383_wksp/hw7/HW7.sim/sim_1/behav/xsim'
"xvhdl --incr --relax -prj hw07_tb_vhdl.prj"
INFO: [USF-XSim-69] 'compile' step finished in '2' seconds
INFO: [USF-XSim-3] XSim::Elaborate design
INFO: [USF-XSim-61] Executing 'ELABORATE' step in 'C:/Users/C27Soren.Herzog/ece383/Herzog_ece383_wksp/hw7/HW7.sim/sim_1/behav/xsim'
"xelab --incr --debug typical --relax --mt 2 -L xil_defaultlib -L secureip --snapshot hw07_tb_behav xil_defaultlib.hw07_tb -log elaborate.log"
Vivado Simulator v2024.2.0
Copyright 1986-2022 Xilinx, Inc. All Rights Reserved.
Copyright 2022-2024 Advanced Micro Devices, Inc. All Rights Reserved.
Running: C:/Xilinx/Vivado/2024.2/bin/unwrapped/win64.o/xelab.exe --incr --debug typical --relax --mt 2 -L xil_defaultlib -L secureip --snapshot hw07_tb_behav xil_defaultlib.hw07_tb -log elaborate.log 
Using 2 slave threads.
Starting static elaboration
Completed static elaboration
INFO: [XSIM 43-4323] No Change in HDL. Linking previously generated obj files to create kernel
INFO: [USF-XSim-69] 'elaborate' step finished in '3' seconds
INFO: [USF-XSim-4] XSim::Simulate design
INFO: [USF-XSim-61] Executing 'SIMULATE' step in 'C:/Users/C27Soren.Herzog/ece383/Herzog_ece383_wksp/hw7/HW7.sim/sim_1/behav/xsim'
INFO: [USF-XSim-98] *** Running xsim
   with args "hw07_tb_behav -key {Behavioral:sim_1:Functional:hw07_tb} -tclbatch {hw07_tb.tcl} -view {C:/Users/C27Soren.Herzog/ece383/Herzog_ece383_wksp/hw7/hw07_tb_behav.wcfg} -log {simulate.log}"
INFO: [USF-XSim-8] Loading simulator feature
Time resolution is 1 ps
open_wave_config C:/Users/C27Soren.Herzog/ece383/Herzog_ece383_wksp/hw7/hw07_tb_behav.wcfg
source hw07_tb.tcl
# set curr_wave [current_wave_config]
# if { [string length $curr_wave] == 0 } {
#   if { [llength [get_objects]] > 0} {
#     add_wave /
#     set_property needs_save false [current_wave_config]
#   } else {
#      send_msg_id Add_Wave-1 WARNING "No top level signals found. Simulator will start without a wave window. If you want to open a wave window go to 'File->New Waveform Configuration' or type 'create_wave_config' in the TCL console."
#   }
# }
# run 300 ms
INFO: [Common 17-41] Interrupt caught. Command should exit soon.
run: Time (s): cpu = 00:00:24 ; elapsed = 00:00:25 . Memory (MB): peak = 2243.742 ; gain = 0.000
INFO: [Common 17-344] 'run' was cancelled
INFO: [Common 17-344] 'source' was cancelled
xsim: Time (s): cpu = 00:00:25 ; elapsed = 00:00:28 . Memory (MB): peak = 2243.742 ; gain = 0.000
INFO: [Common 17-344] 'xsim' was cancelled
INFO: [Vivado 12-5357] 'simulate' step aborted
launch_simulation: Time (s): cpu = 00:00:25 ; elapsed = 00:00:33 . Memory (MB): peak = 2243.742 ; gain = 0.000
INFO: [Common 17-344] 'launch_simulation' was cancelled
WARNING: [filemgmt 56-199] Attempt to get parsing info during refresh. "On-the-fly" syntax checking information may be incorrect. [C:\Users\C27Soren.Herzog\ece383\Herzog_ece383_wksp\hw7\HW7.srcs\sources_1\imports\HW7\lec10.vhdl:]
WARNING: [filemgmt 56-199] Attempt to get parsing info during refresh. "On-the-fly" syntax checking information may be incorrect. [C:\Users\C27Soren.Herzog\ece383\Herzog_ece383_wksp\hw7\HW7.srcs\sources_1\imports\HW7\button_debounce.vhdl:]
WARNING: [filemgmt 56-199] Attempt to get parsing info during refresh. "On-the-fly" syntax checking information may be incorrect. [C:\Users\C27Soren.Herzog\ece383\Herzog_ece383_wksp\hw7\HW7.srcs\sources_1\imports\HW7\hw07_tb.vhdl:]
WARNING: [filemgmt 56-199] Attempt to get parsing info during refresh. "On-the-fly" syntax checking information may be incorrect. [C:\Users\C27Soren.Herzog\ece383\Herzog_ece383_wksp\hw7\HW7.srcs\sources_1\imports\HW7\button_debounce.vhdl:]
WARNING: [filemgmt 56-199] Attempt to get parsing info during refresh. "On-the-fly" syntax checking information may be incorrect. [C:\Users\C27Soren.Herzog\ece383\Herzog_ece383_wksp\hw7\HW7.srcs\sources_1\imports\HW7\button_debounce.vhdl:]
WARNING: [filemgmt 56-199] Attempt to get parsing info during refresh. "On-the-fly" syntax checking information may be incorrect. [C:\Users\C27Soren.Herzog\ece383\Herzog_ece383_wksp\hw7\HW7.srcs\sources_1\imports\HW7\lec10.vhdl:]
WARNING: [filemgmt 56-199] Attempt to get parsing info during refresh. "On-the-fly" syntax checking information may be incorrect. [C:\Users\C27Soren.Herzog\ece383\Herzog_ece383_wksp\hw7\HW7.srcs\sources_1\imports\HW7\button_debounce.vhdl:]
WARNING: [filemgmt 56-199] Attempt to get parsing info during refresh. "On-the-fly" syntax checking information may be incorrect. [C:\Users\C27Soren.Herzog\ece383\Herzog_ece383_wksp\hw7\HW7.srcs\sources_1\imports\HW7\hw07_tb.vhdl:]
WARNING: [filemgmt 56-199] Attempt to get parsing info during refresh. "On-the-fly" syntax checking information may be incorrect. [C:\Users\C27Soren.Herzog\ece383\Herzog_ece383_wksp\hw7\HW7.srcs\sources_1\imports\HW7\lec10.vhdl:]
WARNING: [filemgmt 56-199] Attempt to get parsing info during refresh. "On-the-fly" syntax checking information may be incorrect. [C:\Users\C27Soren.Herzog\ece383\Herzog_ece383_wksp\hw7\HW7.srcs\sources_1\imports\HW7\lec10.vhdl:]
ERROR: [Common 17-180] Spawn failed: No error
close_sim
INFO: xsimkernel Simulation Memory Usage: 35956 KB (Peak: 35956 KB), Simulation CPU Usage: 13140 ms
WARNING: [filemgmt 56-199] Attempt to get parsing info during refresh. "On-the-fly" syntax checking information may be incorrect. [C:\Users\C27Soren.Herzog\ece383\Herzog_ece383_wksp\hw7\HW7.srcs\sources_1\imports\HW7\lec10.vhdl:]
WARNING: [filemgmt 56-199] Attempt to get parsing info during refresh. "On-the-fly" syntax checking information may be incorrect. [C:\Users\C27Soren.Herzog\ece383\Herzog_ece383_wksp\hw7\HW7.srcs\sources_1\imports\HW7\button_debounce.vhdl:]
WARNING: [filemgmt 56-199] Attempt to get parsing info during refresh. "On-the-fly" syntax checking information may be incorrect. [C:\Users\C27Soren.Herzog\ece383\Herzog_ece383_wksp\hw7\HW7.srcs\sources_1\imports\HW7\hw07_tb.vhdl:]
WARNING: [filemgmt 56-199] Attempt to get parsing info during refresh. "On-the-fly" syntax checking information may be incorrect. [C:\Users\C27Soren.Herzog\ece383\Herzog_ece383_wksp\hw7\HW7.srcs\sources_1\imports\HW7\button_debounce.vhdl:]
WARNING: [filemgmt 56-199] Attempt to get parsing info during refresh. "On-the-fly" syntax checking information may be incorrect. [C:\Users\C27Soren.Herzog\ece383\Herzog_ece383_wksp\hw7\HW7.srcs\sources_1\imports\HW7\button_debounce.vhdl:]
INFO: [Simtcl 6-16] Simulation closed
WARNING: [filemgmt 56-199] Attempt to get parsing info during refresh. "On-the-fly" syntax checking information may be incorrect. [C:\Users\C27Soren.Herzog\ece383\Herzog_ece383_wksp\hw7\HW7.srcs\sources_1\imports\HW7\lec10.vhdl:]
WARNING: [filemgmt 56-199] Attempt to get parsing info during refresh. "On-the-fly" syntax checking information may be incorrect. [C:\Users\C27Soren.Herzog\ece383\Herzog_ece383_wksp\hw7\HW7.srcs\sources_1\imports\HW7\button_debounce.vhdl:]
WARNING: [filemgmt 56-199] Attempt to get parsing info during refresh. "On-the-fly" syntax checking information may be incorrect. [C:\Users\C27Soren.Herzog\ece383\Herzog_ece383_wksp\hw7\HW7.srcs\sources_1\imports\HW7\hw07_tb.vhdl:]
WARNING: [filemgmt 56-199] Attempt to get parsing info during refresh. "On-the-fly" syntax checking information may be incorrect. [C:\Users\C27Soren.Herzog\ece383\Herzog_ece383_wksp\hw7\HW7.srcs\sources_1\imports\HW7\lec10.vhdl:]
WARNING: [filemgmt 56-199] Attempt to get parsing info during refresh. "On-the-fly" syntax checking information may be incorrect. [C:\Users\C27Soren.Herzog\ece383\Herzog_ece383_wksp\hw7\HW7.srcs\sources_1\imports\HW7\lec10.vhdl:]
launch_simulation
Command: launch_simulation 
INFO: [Vivado 12-12493] Simulation top is 'hw07_tb'
WARNING: [Vivado 12-13340] Unable to auto find GCC executables from simulator install path! (path not set)
INFO: [Vivado 12-5682] Launching behavioral simulation in 'C:/Users/C27Soren.Herzog/ece383/Herzog_ece383_wksp/hw7/HW7.sim/sim_1/behav/xsim'
INFO: [SIM-utils-51] Simulation object is 'sim_1'
INFO: [SIM-utils-72] Using boost library from 'C:/Xilinx/Vivado/2024.2/tps/boost_1_72_0'
INFO: [SIM-utils-54] Inspecting design source files for 'hw07_tb' in fileset 'sim_1'...
INFO: [USF-XSim-97] Finding global include files...
INFO: [USF-XSim-98] Fetching design files from 'sim_1'...
INFO: [USF-XSim-2] XSim::Compile design
INFO: [USF-XSim-61] Executing 'COMPILE and ANALYZE' step in 'C:/Users/C27Soren.Herzog/ece383/Herzog_ece383_wksp/hw7/HW7.sim/sim_1/behav/xsim'
"xvhdl --incr --relax -prj hw07_tb_vhdl.prj"
INFO: [Common 17-41] Interrupt caught. Command should exit soon.
INFO: [VRFC 10-163] Analyzing VHDL file "C:/Users/C27Soren.Herzog/ece383/Herzog_ece383_wksp/hw7/HW7.srcs/sources_1/imports/HW7/button_debounce.vhdl" into library xil_defaultlib
INFO: [VRFC 10-3107] analyzing entity 'button_debounce'
INFO: [Common 17-344] 'run_program' was cancelled
INFO: [Vivado 12-5357] 'compile' step aborted
launch_simulation: Time (s): cpu = 00:00:00 ; elapsed = 00:00:06 . Memory (MB): peak = 2243.742 ; gain = 0.000
INFO: [Common 17-344] 'launch_simulation' was cancelled
WARNING: [filemgmt 56-199] Attempt to get parsing info during refresh. "On-the-fly" syntax checking information may be incorrect. [C:\Users\C27Soren.Herzog\ece383\Herzog_ece383_wksp\hw7\HW7.srcs\sources_1\imports\HW7\lec10.vhdl:]
WARNING: [filemgmt 56-199] Attempt to get parsing info during refresh. "On-the-fly" syntax checking information may be incorrect. [C:\Users\C27Soren.Herzog\ece383\Herzog_ece383_wksp\hw7\HW7.srcs\sources_1\imports\HW7\button_debounce.vhdl:]
WARNING: [filemgmt 56-199] Attempt to get parsing info during refresh. "On-the-fly" syntax checking information may be incorrect. [C:\Users\C27Soren.Herzog\ece383\Herzog_ece383_wksp\hw7\HW7.srcs\sources_1\imports\HW7\hw07_tb.vhdl:]
WARNING: [filemgmt 56-199] Attempt to get parsing info during refresh. "On-the-fly" syntax checking information may be incorrect. [C:\Users\C27Soren.Herzog\ece383\Herzog_ece383_wksp\hw7\HW7.srcs\sources_1\imports\HW7\button_debounce.vhdl:]
WARNING: [filemgmt 56-199] Attempt to get parsing info during refresh. "On-the-fly" syntax checking information may be incorrect. [C:\Users\C27Soren.Herzog\ece383\Herzog_ece383_wksp\hw7\HW7.srcs\sources_1\imports\HW7\button_debounce.vhdl:]
launch_simulation
Command: launch_simulation 
INFO: [Vivado 12-12493] Simulation top is 'hw07_tb'
WARNING: [Vivado 12-13340] Unable to auto find GCC executables from simulator install path! (path not set)
INFO: [Vivado 12-5682] Launching behavioral simulation in 'C:/Users/C27Soren.Herzog/ece383/Herzog_ece383_wksp/hw7/HW7.sim/sim_1/behav/xsim'
INFO: [SIM-utils-51] Simulation object is 'sim_1'
INFO: [SIM-utils-72] Using boost library from 'C:/Xilinx/Vivado/2024.2/tps/boost_1_72_0'
WARNING: [filemgmt 56-199] Attempt to get parsing info during refresh. "On-the-fly" syntax checking information may be incorrect. [C:\Users\C27Soren.Herzog\ece383\Herzog_ece383_wksp\hw7\HW7.srcs\sources_1\imports\HW7\lec10.vhdl:]
WARNING: [filemgmt 56-199] Attempt to get parsing info during refresh. "On-the-fly" syntax checking information may be incorrect. [C:\Users\C27Soren.Herzog\ece383\Herzog_ece383_wksp\hw7\HW7.srcs\sources_1\imports\HW7\button_debounce.vhdl:]
WARNING: [filemgmt 56-199] Attempt to get parsing info during refresh. "On-the-fly" syntax checking information may be incorrect. [C:\Users\C27Soren.Herzog\ece383\Herzog_ece383_wksp\hw7\HW7.srcs\sources_1\imports\HW7\hw07_tb.vhdl:]
WARNING: [filemgmt 56-199] Attempt to get parsing info during refresh. "On-the-fly" syntax checking information may be incorrect. [C:\Users\C27Soren.Herzog\ece383\Herzog_ece383_wksp\hw7\HW7.srcs\sources_1\imports\HW7\lec10.vhdl:]
WARNING: [filemgmt 56-199] Attempt to get parsing info during refresh. "On-the-fly" syntax checking information may be incorrect. [C:\Users\C27Soren.Herzog\ece383\Herzog_ece383_wksp\hw7\HW7.srcs\sources_1\imports\HW7\lec10.vhdl:]
INFO: [SIM-utils-54] Inspecting design source files for 'hw07_tb' in fileset 'sim_1'...
INFO: [USF-XSim-97] Finding global include files...
INFO: [USF-XSim-98] Fetching design files from 'sim_1'...
INFO: [USF-XSim-2] XSim::Compile design
INFO: [USF-XSim-61] Executing 'COMPILE and ANALYZE' step in 'C:/Users/C27Soren.Herzog/ece383/Herzog_ece383_wksp/hw7/HW7.sim/sim_1/behav/xsim'
"xvhdl --incr --relax -prj hw07_tb_vhdl.prj"
INFO: [VRFC 10-163] Analyzing VHDL file "C:/Users/C27Soren.Herzog/ece383/Herzog_ece383_wksp/hw7/HW7.srcs/sources_1/imports/HW7/button_debounce.vhdl" into library xil_defaultlib
INFO: [VRFC 10-3107] analyzing entity 'button_debounce'
INFO: [USF-XSim-69] 'compile' step finished in '4' seconds
INFO: [USF-XSim-3] XSim::Elaborate design
INFO: [USF-XSim-61] Executing 'ELABORATE' step in 'C:/Users/C27Soren.Herzog/ece383/Herzog_ece383_wksp/hw7/HW7.sim/sim_1/behav/xsim'
"xelab --incr --debug typical --relax --mt 2 -L xil_defaultlib -L secureip --snapshot hw07_tb_behav xil_defaultlib.hw07_tb -log elaborate.log"
Vivado Simulator v2024.2.0
Copyright 1986-2022 Xilinx, Inc. All Rights Reserved.
Copyright 2022-2024 Advanced Micro Devices, Inc. All Rights Reserved.
Running: C:/Xilinx/Vivado/2024.2/bin/unwrapped/win64.o/xelab.exe --incr --debug typical --relax --mt 2 -L xil_defaultlib -L secureip --snapshot hw07_tb_behav xil_defaultlib.hw07_tb -log elaborate.log 
Using 2 slave threads.
Starting static elaboration
Completed static elaboration
Starting simulation data flow analysis
Completed simulation data flow analysis
Time Resolution for simulation is 1ps
Compiling package std.standard
Compiling package std.textio
Compiling package ieee.std_logic_1164
Compiling package ieee.numeric_std
Compiling architecture behavior of entity xil_defaultlib.lec10 [\lec10(n=25)\]
Compiling architecture behavior of entity xil_defaultlib.button_debounce [button_debounce_default]
Compiling architecture behavior of entity xil_defaultlib.lec10 [\lec10(n=5)\]
Compiling architecture behavior of entity xil_defaultlib.hw07_tb
Built simulation snapshot hw07_tb_behav
run_program: Time (s): cpu = 00:00:00 ; elapsed = 00:00:07 . Memory (MB): peak = 2243.742 ; gain = 0.000
INFO: [USF-XSim-69] 'elaborate' step finished in '7' seconds
INFO: [USF-XSim-4] XSim::Simulate design
INFO: [USF-XSim-61] Executing 'SIMULATE' step in 'C:/Users/C27Soren.Herzog/ece383/Herzog_ece383_wksp/hw7/HW7.sim/sim_1/behav/xsim'
INFO: [USF-XSim-98] *** Running xsim
   with args "hw07_tb_behav -key {Behavioral:sim_1:Functional:hw07_tb} -tclbatch {hw07_tb.tcl} -view {C:/Users/C27Soren.Herzog/ece383/Herzog_ece383_wksp/hw7/hw07_tb_behav.wcfg} -log {simulate.log}"
INFO: [USF-XSim-8] Loading simulator feature
Time resolution is 1 ps
open_wave_config C:/Users/C27Soren.Herzog/ece383/Herzog_ece383_wksp/hw7/hw07_tb_behav.wcfg
source hw07_tb.tcl
# set curr_wave [current_wave_config]
# if { [string length $curr_wave] == 0 } {
#   if { [llength [get_objects]] > 0} {
#     add_wave /
#     set_property needs_save false [current_wave_config]
#   } else {
#      send_msg_id Add_Wave-1 WARNING "No top level signals found. Simulator will start without a wave window. If you want to open a wave window go to 'File->New Waveform Configuration' or type 'create_wave_config' in the TCL console."
#   }
# }
# run 300 ms
INFO: [Common 17-41] Interrupt caught. Command should exit soon.
run: Time (s): cpu = 00:00:36 ; elapsed = 00:00:41 . Memory (MB): peak = 2243.742 ; gain = 0.000
INFO: [Common 17-344] 'run' was cancelled
INFO: [Common 17-344] 'source' was cancelled
xsim: Time (s): cpu = 00:00:37 ; elapsed = 00:00:45 . Memory (MB): peak = 2243.742 ; gain = 0.000
INFO: [Common 17-344] 'xsim' was cancelled
INFO: [Vivado 12-5357] 'simulate' step aborted
launch_simulation: Time (s): cpu = 00:00:37 ; elapsed = 00:00:58 . Memory (MB): peak = 2243.742 ; gain = 0.000
INFO: [Common 17-344] 'launch_simulation' was cancelled
current_wave_config {hw07_tb_behav.wcfg}
hw07_tb_behav.wcfg
add_wave {{/hw07_tb/uut1/cw}} 
WARNING: [filemgmt 56-199] Attempt to get parsing info during refresh. "On-the-fly" syntax checking information may be incorrect. [C:\Users\C27Soren.Herzog\ece383\Herzog_ece383_wksp\hw7\HW7.srcs\sources_1\imports\HW7\lec10.vhdl:]
WARNING: [filemgmt 56-199] Attempt to get parsing info during refresh. "On-the-fly" syntax checking information may be incorrect. [C:\Users\C27Soren.Herzog\ece383\Herzog_ece383_wksp\hw7\HW7.srcs\sources_1\imports\HW7\button_debounce.vhdl:]
WARNING: [filemgmt 56-199] Attempt to get parsing info during refresh. "On-the-fly" syntax checking information may be incorrect. [C:\Users\C27Soren.Herzog\ece383\Herzog_ece383_wksp\hw7\HW7.srcs\sources_1\imports\HW7\hw07_tb.vhdl:]
WARNING: [filemgmt 56-199] Attempt to get parsing info during refresh. "On-the-fly" syntax checking information may be incorrect. [C:\Users\C27Soren.Herzog\ece383\Herzog_ece383_wksp\hw7\HW7.srcs\sources_1\imports\HW7\button_debounce.vhdl:]
WARNING: [filemgmt 56-199] Attempt to get parsing info during refresh. "On-the-fly" syntax checking information may be incorrect. [C:\Users\C27Soren.Herzog\ece383\Herzog_ece383_wksp\hw7\HW7.srcs\sources_1\imports\HW7\button_debounce.vhdl:]
WARNING: [filemgmt 56-199] Attempt to get parsing info during refresh. "On-the-fly" syntax checking information may be incorrect. [C:\Users\C27Soren.Herzog\ece383\Herzog_ece383_wksp\hw7\HW7.srcs\sources_1\imports\HW7\lec10.vhdl:]
WARNING: [filemgmt 56-199] Attempt to get parsing info during refresh. "On-the-fly" syntax checking information may be incorrect. [C:\Users\C27Soren.Herzog\ece383\Herzog_ece383_wksp\hw7\HW7.srcs\sources_1\imports\HW7\button_debounce.vhdl:]
WARNING: [filemgmt 56-199] Attempt to get parsing info during refresh. "On-the-fly" syntax checking information may be incorrect. [C:\Users\C27Soren.Herzog\ece383\Herzog_ece383_wksp\hw7\HW7.srcs\sources_1\imports\HW7\hw07_tb.vhdl:]
WARNING: [filemgmt 56-199] Attempt to get parsing info during refresh. "On-the-fly" syntax checking information may be incorrect. [C:\Users\C27Soren.Herzog\ece383\Herzog_ece383_wksp\hw7\HW7.srcs\sources_1\imports\HW7\lec10.vhdl:]
WARNING: [filemgmt 56-199] Attempt to get parsing info during refresh. "On-the-fly" syntax checking information may be incorrect. [C:\Users\C27Soren.Herzog\ece383\Herzog_ece383_wksp\hw7\HW7.srcs\sources_1\imports\HW7\lec10.vhdl:]
current_wave_config {hw07_tb_behav.wcfg}
hw07_tb_behav.wcfg
add_wave {{/hw07_tb/uut1/Q}} 
save_wave_config {C:/Users/C27Soren.Herzog/ece383/Herzog_ece383_wksp/hw7/hw07_tb_behav.wcfg}
close_sim
INFO: xsimkernel Simulation Memory Usage: 35968 KB (Peak: 35968 KB), Simulation CPU Usage: 20577 ms
INFO: [Simtcl 6-16] Simulation closed
WARNING: [filemgmt 56-199] Attempt to get parsing info during refresh. "On-the-fly" syntax checking information may be incorrect. [C:\Users\C27Soren.Herzog\ece383\Herzog_ece383_wksp\hw7\HW7.srcs\sources_1\imports\HW7\lec10.vhdl:]
WARNING: [filemgmt 56-199] Attempt to get parsing info during refresh. "On-the-fly" syntax checking information may be incorrect. [C:\Users\C27Soren.Herzog\ece383\Herzog_ece383_wksp\hw7\HW7.srcs\sources_1\imports\HW7\button_debounce.vhdl:]
WARNING: [filemgmt 56-199] Attempt to get parsing info during refresh. "On-the-fly" syntax checking information may be incorrect. [C:\Users\C27Soren.Herzog\ece383\Herzog_ece383_wksp\hw7\HW7.srcs\sources_1\imports\HW7\hw07_tb.vhdl:]
WARNING: [filemgmt 56-199] Attempt to get parsing info during refresh. "On-the-fly" syntax checking information may be incorrect. [C:\Users\C27Soren.Herzog\ece383\Herzog_ece383_wksp\hw7\HW7.srcs\sources_1\imports\HW7\button_debounce.vhdl:]
WARNING: [filemgmt 56-199] Attempt to get parsing info during refresh. "On-the-fly" syntax checking information may be incorrect. [C:\Users\C27Soren.Herzog\ece383\Herzog_ece383_wksp\hw7\HW7.srcs\sources_1\imports\HW7\button_debounce.vhdl:]
WARNING: [filemgmt 56-199] Attempt to get parsing info during refresh. "On-the-fly" syntax checking information may be incorrect. [C:\Users\C27Soren.Herzog\ece383\Herzog_ece383_wksp\hw7\HW7.srcs\sources_1\imports\HW7\lec10.vhdl:]
WARNING: [filemgmt 56-199] Attempt to get parsing info during refresh. "On-the-fly" syntax checking information may be incorrect. [C:\Users\C27Soren.Herzog\ece383\Herzog_ece383_wksp\hw7\HW7.srcs\sources_1\imports\HW7\button_debounce.vhdl:]
WARNING: [filemgmt 56-199] Attempt to get parsing info during refresh. "On-the-fly" syntax checking information may be incorrect. [C:\Users\C27Soren.Herzog\ece383\Herzog_ece383_wksp\hw7\HW7.srcs\sources_1\imports\HW7\hw07_tb.vhdl:]
WARNING: [filemgmt 56-199] Attempt to get parsing info during refresh. "On-the-fly" syntax checking information may be incorrect. [C:\Users\C27Soren.Herzog\ece383\Herzog_ece383_wksp\hw7\HW7.srcs\sources_1\imports\HW7\lec10.vhdl:]
WARNING: [filemgmt 56-199] Attempt to get parsing info during refresh. "On-the-fly" syntax checking information may be incorrect. [C:\Users\C27Soren.Herzog\ece383\Herzog_ece383_wksp\hw7\HW7.srcs\sources_1\imports\HW7\lec10.vhdl:]
launch_simulation
Command: launch_simulation 
INFO: [Vivado 12-12493] Simulation top is 'hw07_tb'
WARNING: [Vivado 12-13340] Unable to auto find GCC executables from simulator install path! (path not set)
INFO: [Vivado 12-5682] Launching behavioral simulation in 'C:/Users/C27Soren.Herzog/ece383/Herzog_ece383_wksp/hw7/HW7.sim/sim_1/behav/xsim'
INFO: [SIM-utils-51] Simulation object is 'sim_1'
INFO: [SIM-utils-72] Using boost library from 'C:/Xilinx/Vivado/2024.2/tps/boost_1_72_0'
INFO: [SIM-utils-54] Inspecting design source files for 'hw07_tb' in fileset 'sim_1'...
INFO: [USF-XSim-97] Finding global include files...
INFO: [USF-XSim-98] Fetching design files from 'sim_1'...
INFO: [USF-XSim-2] XSim::Compile design
INFO: [USF-XSim-61] Executing 'COMPILE and ANALYZE' step in 'C:/Users/C27Soren.Herzog/ece383/Herzog_ece383_wksp/hw7/HW7.sim/sim_1/behav/xsim'
"xvhdl --incr --relax -prj hw07_tb_vhdl.prj"
INFO: [VRFC 10-163] Analyzing VHDL file "C:/Users/C27Soren.Herzog/ece383/Herzog_ece383_wksp/hw7/HW7.srcs/sources_1/imports/HW7/button_debounce.vhdl" into library xil_defaultlib
INFO: [VRFC 10-3107] analyzing entity 'button_debounce'
INFO: [USF-XSim-69] 'compile' step finished in '4' seconds
INFO: [USF-XSim-3] XSim::Elaborate design
INFO: [USF-XSim-61] Executing 'ELABORATE' step in 'C:/Users/C27Soren.Herzog/ece383/Herzog_ece383_wksp/hw7/HW7.sim/sim_1/behav/xsim'
"xelab --incr --debug typical --relax --mt 2 -L xil_defaultlib -L secureip --snapshot hw07_tb_behav xil_defaultlib.hw07_tb -log elaborate.log"
Vivado Simulator v2024.2.0
Copyright 1986-2022 Xilinx, Inc. All Rights Reserved.
Copyright 2022-2024 Advanced Micro Devices, Inc. All Rights Reserved.
Running: C:/Xilinx/Vivado/2024.2/bin/unwrapped/win64.o/xelab.exe --incr --debug typical --relax --mt 2 -L xil_defaultlib -L secureip --snapshot hw07_tb_behav xil_defaultlib.hw07_tb -log elaborate.log 
Using 2 slave threads.
Starting static elaboration
Completed static elaboration
Starting simulation data flow analysis
Completed simulation data flow analysis
Time Resolution for simulation is 1ps
Compiling package std.standard
Compiling package std.textio
Compiling package ieee.std_logic_1164
Compiling package ieee.numeric_std
Compiling architecture behavior of entity xil_defaultlib.lec10 [\lec10(n=25)\]
Compiling architecture behavior of entity xil_defaultlib.button_debounce [button_debounce_default]
Compiling architecture behavior of entity xil_defaultlib.lec10 [\lec10(n=5)\]
Compiling architecture behavior of entity xil_defaultlib.hw07_tb
Built simulation snapshot hw07_tb_behav
run_program: Time (s): cpu = 00:00:01 ; elapsed = 00:00:07 . Memory (MB): peak = 2243.742 ; gain = 0.000
INFO: [USF-XSim-69] 'elaborate' step finished in '7' seconds
INFO: [USF-XSim-4] XSim::Simulate design
INFO: [USF-XSim-61] Executing 'SIMULATE' step in 'C:/Users/C27Soren.Herzog/ece383/Herzog_ece383_wksp/hw7/HW7.sim/sim_1/behav/xsim'
INFO: [USF-XSim-98] *** Running xsim
   with args "hw07_tb_behav -key {Behavioral:sim_1:Functional:hw07_tb} -tclbatch {hw07_tb.tcl} -view {C:/Users/C27Soren.Herzog/ece383/Herzog_ece383_wksp/hw7/hw07_tb_behav.wcfg} -log {simulate.log}"
INFO: [USF-XSim-8] Loading simulator feature
Time resolution is 1 ps
open_wave_config C:/Users/C27Soren.Herzog/ece383/Herzog_ece383_wksp/hw7/hw07_tb_behav.wcfg
WARNING: Simulation object /hw07_tb/uut1/Q was not found in the design.
source hw07_tb.tcl
# set curr_wave [current_wave_config]
# if { [string length $curr_wave] == 0 } {
#   if { [llength [get_objects]] > 0} {
#     add_wave /
#     set_property needs_save false [current_wave_config]
#   } else {
#      send_msg_id Add_Wave-1 WARNING "No top level signals found. Simulator will start without a wave window. If you want to open a wave window go to 'File->New Waveform Configuration' or type 'create_wave_config' in the TCL console."
#   }
# }
# run 300 ms
run: Time (s): cpu = 00:00:34 ; elapsed = 00:00:39 . Memory (MB): peak = 2243.742 ; gain = 0.000
xsim: Time (s): cpu = 00:00:35 ; elapsed = 00:00:43 . Memory (MB): peak = 2243.742 ; gain = 0.000
INFO: [USF-XSim-96] XSim completed. Design snapshot 'hw07_tb_behav' loaded.
INFO: [USF-XSim-97] XSim simulation ran for 300 ms
launch_simulation: Time (s): cpu = 00:00:36 ; elapsed = 00:00:55 . Memory (MB): peak = 2243.742 ; gain = 0.000
current_wave_config {hw07_tb_behav.wcfg}
hw07_tb_behav.wcfg
add_wave {{/hw07_tb/uut1/w_Q}} 
WARNING: [filemgmt 56-199] Attempt to get parsing info during refresh. "On-the-fly" syntax checking information may be incorrect. [C:\Users\C27Soren.Herzog\ece383\Herzog_ece383_wksp\hw7\HW7.srcs\sources_1\imports\HW7\lec10.vhdl:]
WARNING: [filemgmt 56-199] Attempt to get parsing info during refresh. "On-the-fly" syntax checking information may be incorrect. [C:\Users\C27Soren.Herzog\ece383\Herzog_ece383_wksp\hw7\HW7.srcs\sources_1\imports\HW7\button_debounce.vhdl:]
WARNING: [filemgmt 56-199] Attempt to get parsing info during refresh. "On-the-fly" syntax checking information may be incorrect. [C:\Users\C27Soren.Herzog\ece383\Herzog_ece383_wksp\hw7\HW7.srcs\sources_1\imports\HW7\hw07_tb.vhdl:]
WARNING: [filemgmt 56-199] Attempt to get parsing info during refresh. "On-the-fly" syntax checking information may be incorrect. [C:\Users\C27Soren.Herzog\ece383\Herzog_ece383_wksp\hw7\HW7.srcs\sources_1\imports\HW7\button_debounce.vhdl:]
WARNING: [filemgmt 56-199] Attempt to get parsing info during refresh. "On-the-fly" syntax checking information may be incorrect. [C:\Users\C27Soren.Herzog\ece383\Herzog_ece383_wksp\hw7\HW7.srcs\sources_1\imports\HW7\button_debounce.vhdl:]
save_wave_config {C:/Users/C27Soren.Herzog/ece383/Herzog_ece383_wksp/hw7/hw07_tb_behav.wcfg}
close_sim
INFO: xsimkernel Simulation Memory Usage: 35976 KB (Peak: 35976 KB), Simulation CPU Usage: 31311 ms
WARNING: [filemgmt 56-199] Attempt to get parsing info during refresh. "On-the-fly" syntax checking information may be incorrect. [C:\Users\C27Soren.Herzog\ece383\Herzog_ece383_wksp\hw7\HW7.srcs\sources_1\imports\HW7\lec10.vhdl:]
WARNING: [filemgmt 56-199] Attempt to get parsing info during refresh. "On-the-fly" syntax checking information may be incorrect. [C:\Users\C27Soren.Herzog\ece383\Herzog_ece383_wksp\hw7\HW7.srcs\sources_1\imports\HW7\button_debounce.vhdl:]
WARNING: [filemgmt 56-199] Attempt to get parsing info during refresh. "On-the-fly" syntax checking information may be incorrect. [C:\Users\C27Soren.Herzog\ece383\Herzog_ece383_wksp\hw7\HW7.srcs\sources_1\imports\HW7\hw07_tb.vhdl:]
WARNING: [filemgmt 56-199] Attempt to get parsing info during refresh. "On-the-fly" syntax checking information may be incorrect. [C:\Users\C27Soren.Herzog\ece383\Herzog_ece383_wksp\hw7\HW7.srcs\sources_1\imports\HW7\hw07_tb.vhdl:]
WARNING: [filemgmt 56-199] Attempt to get parsing info during refresh. "On-the-fly" syntax checking information may be incorrect. [C:\Users\C27Soren.Herzog\ece383\Herzog_ece383_wksp\hw7\HW7.srcs\sources_1\imports\HW7\hw07_tb.vhdl:]
INFO: [Simtcl 6-16] Simulation closed
WARNING: [filemgmt 56-199] Attempt to get parsing info during refresh. "On-the-fly" syntax checking information may be incorrect. [C:\Users\C27Soren.Herzog\ece383\Herzog_ece383_wksp\hw7\HW7.srcs\sources_1\imports\HW7\lec10.vhdl:]
WARNING: [filemgmt 56-199] Attempt to get parsing info during refresh. "On-the-fly" syntax checking information may be incorrect. [C:\Users\C27Soren.Herzog\ece383\Herzog_ece383_wksp\hw7\HW7.srcs\sources_1\imports\HW7\button_debounce.vhdl:]
WARNING: [filemgmt 56-199] Attempt to get parsing info during refresh. "On-the-fly" syntax checking information may be incorrect. [C:\Users\C27Soren.Herzog\ece383\Herzog_ece383_wksp\hw7\HW7.srcs\sources_1\imports\HW7\hw07_tb.vhdl:]
WARNING: [filemgmt 56-199] Attempt to get parsing info during refresh. "On-the-fly" syntax checking information may be incorrect. [C:\Users\C27Soren.Herzog\ece383\Herzog_ece383_wksp\hw7\HW7.srcs\sources_1\imports\HW7\button_debounce.vhdl:]
WARNING: [filemgmt 56-199] Attempt to get parsing info during refresh. "On-the-fly" syntax checking information may be incorrect. [C:\Users\C27Soren.Herzog\ece383\Herzog_ece383_wksp\hw7\HW7.srcs\sources_1\imports\HW7\button_debounce.vhdl:]
launch_simulation
Command: launch_simulation 
INFO: [Vivado 12-12493] Simulation top is 'hw07_tb'
WARNING: [Vivado 12-13340] Unable to auto find GCC executables from simulator install path! (path not set)
INFO: [Vivado 12-5682] Launching behavioral simulation in 'C:/Users/C27Soren.Herzog/ece383/Herzog_ece383_wksp/hw7/HW7.sim/sim_1/behav/xsim'
INFO: [SIM-utils-51] Simulation object is 'sim_1'
INFO: [SIM-utils-72] Using boost library from 'C:/Xilinx/Vivado/2024.2/tps/boost_1_72_0'
WARNING: [filemgmt 56-199] Attempt to get parsing info during refresh. "On-the-fly" syntax checking information may be incorrect. [C:\Users\C27Soren.Herzog\ece383\Herzog_ece383_wksp\hw7\HW7.srcs\sources_1\imports\HW7\lec10.vhdl:]
WARNING: [filemgmt 56-199] Attempt to get parsing info during refresh. "On-the-fly" syntax checking information may be incorrect. [C:\Users\C27Soren.Herzog\ece383\Herzog_ece383_wksp\hw7\HW7.srcs\sources_1\imports\HW7\button_debounce.vhdl:]
WARNING: [filemgmt 56-199] Attempt to get parsing info during refresh. "On-the-fly" syntax checking information may be incorrect. [C:\Users\C27Soren.Herzog\ece383\Herzog_ece383_wksp\hw7\HW7.srcs\sources_1\imports\HW7\hw07_tb.vhdl:]
WARNING: [filemgmt 56-199] Attempt to get parsing info during refresh. "On-the-fly" syntax checking information may be incorrect. [C:\Users\C27Soren.Herzog\ece383\Herzog_ece383_wksp\hw7\HW7.srcs\sources_1\imports\HW7\lec10.vhdl:]
WARNING: [filemgmt 56-199] Attempt to get parsing info during refresh. "On-the-fly" syntax checking information may be incorrect. [C:\Users\C27Soren.Herzog\ece383\Herzog_ece383_wksp\hw7\HW7.srcs\sources_1\imports\HW7\lec10.vhdl:]
INFO: [SIM-utils-54] Inspecting design source files for 'hw07_tb' in fileset 'sim_1'...
INFO: [USF-XSim-97] Finding global include files...
INFO: [USF-XSim-98] Fetching design files from 'sim_1'...
INFO: [USF-XSim-2] XSim::Compile design
INFO: [USF-XSim-61] Executing 'COMPILE and ANALYZE' step in 'C:/Users/C27Soren.Herzog/ece383/Herzog_ece383_wksp/hw7/HW7.sim/sim_1/behav/xsim'
"xvhdl --incr --relax -prj hw07_tb_vhdl.prj"
INFO: [VRFC 10-163] Analyzing VHDL file "C:/Users/C27Soren.Herzog/ece383/Herzog_ece383_wksp/hw7/HW7.srcs/sources_1/imports/HW7/button_debounce.vhdl" into library xil_defaultlib
INFO: [VRFC 10-3107] analyzing entity 'button_debounce'
INFO: [USF-XSim-69] 'compile' step finished in '3' seconds
INFO: [USF-XSim-3] XSim::Elaborate design
INFO: [USF-XSim-61] Executing 'ELABORATE' step in 'C:/Users/C27Soren.Herzog/ece383/Herzog_ece383_wksp/hw7/HW7.sim/sim_1/behav/xsim'
"xelab --incr --debug typical --relax --mt 2 -L xil_defaultlib -L secureip --snapshot hw07_tb_behav xil_defaultlib.hw07_tb -log elaborate.log"
Vivado Simulator v2024.2.0
Copyright 1986-2022 Xilinx, Inc. All Rights Reserved.
Copyright 2022-2024 Advanced Micro Devices, Inc. All Rights Reserved.
Running: C:/Xilinx/Vivado/2024.2/bin/unwrapped/win64.o/xelab.exe --incr --debug typical --relax --mt 2 -L xil_defaultlib -L secureip --snapshot hw07_tb_behav xil_defaultlib.hw07_tb -log elaborate.log 
Using 2 slave threads.
Starting static elaboration
Completed static elaboration
Starting simulation data flow analysis
Completed simulation data flow analysis
Time Resolution for simulation is 1ps
Compiling package std.standard
Compiling package std.textio
Compiling package ieee.std_logic_1164
Compiling package ieee.numeric_std
Compiling architecture behavior of entity xil_defaultlib.lec10 [\lec10(n=25)\]
Compiling architecture behavior of entity xil_defaultlib.button_debounce [button_debounce_default]
Compiling architecture behavior of entity xil_defaultlib.lec10 [\lec10(n=5)\]
Compiling architecture behavior of entity xil_defaultlib.hw07_tb
Built simulation snapshot hw07_tb_behav
INFO: [USF-XSim-69] 'elaborate' step finished in '4' seconds
INFO: [USF-XSim-4] XSim::Simulate design
INFO: [USF-XSim-61] Executing 'SIMULATE' step in 'C:/Users/C27Soren.Herzog/ece383/Herzog_ece383_wksp/hw7/HW7.sim/sim_1/behav/xsim'
INFO: [USF-XSim-98] *** Running xsim
   with args "hw07_tb_behav -key {Behavioral:sim_1:Functional:hw07_tb} -tclbatch {hw07_tb.tcl} -view {C:/Users/C27Soren.Herzog/ece383/Herzog_ece383_wksp/hw7/hw07_tb_behav.wcfg} -log {simulate.log}"
INFO: [USF-XSim-8] Loading simulator feature
Time resolution is 1 ps
open_wave_config C:/Users/C27Soren.Herzog/ece383/Herzog_ece383_wksp/hw7/hw07_tb_behav.wcfg
source hw07_tb.tcl
# set curr_wave [current_wave_config]
# if { [string length $curr_wave] == 0 } {
#   if { [llength [get_objects]] > 0} {
#     add_wave /
#     set_property needs_save false [current_wave_config]
#   } else {
#      send_msg_id Add_Wave-1 WARNING "No top level signals found. Simulator will start without a wave window. If you want to open a wave window go to 'File->New Waveform Configuration' or type 'create_wave_config' in the TCL console."
#   }
# }
# run 300 ms
run: Time (s): cpu = 00:00:49 ; elapsed = 00:00:53 . Memory (MB): peak = 2243.742 ; gain = 0.000
xsim: Time (s): cpu = 00:00:51 ; elapsed = 00:00:57 . Memory (MB): peak = 2243.742 ; gain = 0.000
INFO: [USF-XSim-96] XSim completed. Design snapshot 'hw07_tb_behav' loaded.
INFO: [USF-XSim-97] XSim simulation ran for 300 ms
launch_simulation: Time (s): cpu = 00:00:51 ; elapsed = 00:01:06 . Memory (MB): peak = 2243.742 ; gain = 0.000
current_wave_config {hw07_tb_behav.wcfg}
hw07_tb_behav.wcfg
add_wave {{/hw07_tb/Q}} 
save_wave_config {C:/Users/C27Soren.Herzog/ece383/Herzog_ece383_wksp/hw7/hw07_tb_behav.wcfg}
close_sim
INFO: xsimkernel Simulation Memory Usage: 35968 KB (Peak: 35968 KB), Simulation CPU Usage: 25437 ms
INFO: [Simtcl 6-16] Simulation closed
launch_simulation
Command: launch_simulation 
INFO: [Vivado 12-12493] Simulation top is 'hw07_tb'
WARNING: [Vivado 12-13340] Unable to auto find GCC executables from simulator install path! (path not set)
INFO: [Vivado 12-5682] Launching behavioral simulation in 'C:/Users/C27Soren.Herzog/ece383/Herzog_ece383_wksp/hw7/HW7.sim/sim_1/behav/xsim'
INFO: [SIM-utils-51] Simulation object is 'sim_1'
INFO: [SIM-utils-72] Using boost library from 'C:/Xilinx/Vivado/2024.2/tps/boost_1_72_0'
INFO: [SIM-utils-54] Inspecting design source files for 'hw07_tb' in fileset 'sim_1'...
INFO: [USF-XSim-97] Finding global include files...
INFO: [USF-XSim-98] Fetching design files from 'sim_1'...
INFO: [USF-XSim-2] XSim::Compile design
INFO: [USF-XSim-61] Executing 'COMPILE and ANALYZE' step in 'C:/Users/C27Soren.Herzog/ece383/Herzog_ece383_wksp/hw7/HW7.sim/sim_1/behav/xsim'
"xvhdl --incr --relax -prj hw07_tb_vhdl.prj"
INFO: [USF-XSim-69] 'compile' step finished in '3' seconds
INFO: [USF-XSim-3] XSim::Elaborate design
INFO: [USF-XSim-61] Executing 'ELABORATE' step in 'C:/Users/C27Soren.Herzog/ece383/Herzog_ece383_wksp/hw7/HW7.sim/sim_1/behav/xsim'
"xelab --incr --debug typical --relax --mt 2 -L xil_defaultlib -L secureip --snapshot hw07_tb_behav xil_defaultlib.hw07_tb -log elaborate.log"
Vivado Simulator v2024.2.0
Copyright 1986-2022 Xilinx, Inc. All Rights Reserved.
Copyright 2022-2024 Advanced Micro Devices, Inc. All Rights Reserved.
Running: C:/Xilinx/Vivado/2024.2/bin/unwrapped/win64.o/xelab.exe --incr --debug typical --relax --mt 2 -L xil_defaultlib -L secureip --snapshot hw07_tb_behav xil_defaultlib.hw07_tb -log elaborate.log 
Using 2 slave threads.
Starting static elaboration
Completed static elaboration
INFO: [XSIM 43-4323] No Change in HDL. Linking previously generated obj files to create kernel
INFO: [USF-XSim-69] 'elaborate' step finished in '3' seconds
INFO: [USF-XSim-4] XSim::Simulate design
INFO: [USF-XSim-61] Executing 'SIMULATE' step in 'C:/Users/C27Soren.Herzog/ece383/Herzog_ece383_wksp/hw7/HW7.sim/sim_1/behav/xsim'
INFO: [USF-XSim-98] *** Running xsim
   with args "hw07_tb_behav -key {Behavioral:sim_1:Functional:hw07_tb} -tclbatch {hw07_tb.tcl} -view {C:/Users/C27Soren.Herzog/ece383/Herzog_ece383_wksp/hw7/hw07_tb_behav.wcfg} -log {simulate.log}"
INFO: [USF-XSim-8] Loading simulator feature
Time resolution is 1 ps
open_wave_config C:/Users/C27Soren.Herzog/ece383/Herzog_ece383_wksp/hw7/hw07_tb_behav.wcfg
source hw07_tb.tcl
# set curr_wave [current_wave_config]
# if { [string length $curr_wave] == 0 } {
#   if { [llength [get_objects]] > 0} {
#     add_wave /
#     set_property needs_save false [current_wave_config]
#   } else {
#      send_msg_id Add_Wave-1 WARNING "No top level signals found. Simulator will start without a wave window. If you want to open a wave window go to 'File->New Waveform Configuration' or type 'create_wave_config' in the TCL console."
#   }
# }
# run 300 ms
run: Time (s): cpu = 00:00:48 ; elapsed = 00:00:53 . Memory (MB): peak = 2243.742 ; gain = 0.000
xsim: Time (s): cpu = 00:00:48 ; elapsed = 00:00:56 . Memory (MB): peak = 2243.742 ; gain = 0.000
INFO: [USF-XSim-96] XSim completed. Design snapshot 'hw07_tb_behav' loaded.
INFO: [USF-XSim-97] XSim simulation ran for 300 ms
launch_simulation: Time (s): cpu = 00:00:48 ; elapsed = 00:01:02 . Memory (MB): peak = 2243.742 ; gain = 0.000
WARNING: [filemgmt 56-199] Attempt to get parsing info during refresh. "On-the-fly" syntax checking information may be incorrect. [C:\Users\C27Soren.Herzog\ece383\Herzog_ece383_wksp\hw7\HW7.srcs\sources_1\imports\HW7\lec10.vhdl:]
WARNING: [filemgmt 56-199] Attempt to get parsing info during refresh. "On-the-fly" syntax checking information may be incorrect. [C:\Users\C27Soren.Herzog\ece383\Herzog_ece383_wksp\hw7\HW7.srcs\sources_1\imports\HW7\button_debounce.vhdl:]
WARNING: [filemgmt 56-199] Attempt to get parsing info during refresh. "On-the-fly" syntax checking information may be incorrect. [C:\Users\C27Soren.Herzog\ece383\Herzog_ece383_wksp\hw7\HW7.srcs\sources_1\imports\HW7\hw07_tb.vhdl:]
WARNING: [filemgmt 56-199] Attempt to get parsing info during refresh. "On-the-fly" syntax checking information may be incorrect. [C:\Users\C27Soren.Herzog\ece383\Herzog_ece383_wksp\hw7\HW7.srcs\sources_1\imports\HW7\button_debounce.vhdl:]
WARNING: [filemgmt 56-199] Attempt to get parsing info during refresh. "On-the-fly" syntax checking information may be incorrect. [C:\Users\C27Soren.Herzog\ece383\Herzog_ece383_wksp\hw7\HW7.srcs\sources_1\imports\HW7\button_debounce.vhdl:]
WARNING: [filemgmt 56-199] Attempt to get parsing info during refresh. "On-the-fly" syntax checking information may be incorrect. [C:\Users\C27Soren.Herzog\ece383\Herzog_ece383_wksp\hw7\HW7.srcs\sources_1\imports\HW7\lec10.vhdl:]
WARNING: [filemgmt 56-199] Attempt to get parsing info during refresh. "On-the-fly" syntax checking information may be incorrect. [C:\Users\C27Soren.Herzog\ece383\Herzog_ece383_wksp\hw7\HW7.srcs\sources_1\imports\HW7\button_debounce.vhdl:]
WARNING: [filemgmt 56-199] Attempt to get parsing info during refresh. "On-the-fly" syntax checking information may be incorrect. [C:\Users\C27Soren.Herzog\ece383\Herzog_ece383_wksp\hw7\HW7.srcs\sources_1\imports\HW7\hw07_tb.vhdl:]
WARNING: [filemgmt 56-199] Attempt to get parsing info during refresh. "On-the-fly" syntax checking information may be incorrect. [C:\Users\C27Soren.Herzog\ece383\Herzog_ece383_wksp\hw7\HW7.srcs\sources_1\imports\HW7\lec10.vhdl:]
WARNING: [filemgmt 56-199] Attempt to get parsing info during refresh. "On-the-fly" syntax checking information may be incorrect. [C:\Users\C27Soren.Herzog\ece383\Herzog_ece383_wksp\hw7\HW7.srcs\sources_1\imports\HW7\lec10.vhdl:]
WARNING: [filemgmt 56-199] Attempt to get parsing info during refresh. "On-the-fly" syntax checking information may be incorrect. [C:\Users\C27Soren.Herzog\ece383\Herzog_ece383_wksp\hw7\HW7.srcs\sources_1\imports\HW7\lec10.vhdl:]
WARNING: [filemgmt 56-199] Attempt to get parsing info during refresh. "On-the-fly" syntax checking information may be incorrect. [C:\Users\C27Soren.Herzog\ece383\Herzog_ece383_wksp\hw7\HW7.srcs\sources_1\imports\HW7\button_debounce.vhdl:]
WARNING: [filemgmt 56-199] Attempt to get parsing info during refresh. "On-the-fly" syntax checking information may be incorrect. [C:\Users\C27Soren.Herzog\ece383\Herzog_ece383_wksp\hw7\HW7.srcs\sources_1\imports\HW7\hw07_tb.vhdl:]
WARNING: [filemgmt 56-199] Attempt to get parsing info during refresh. "On-the-fly" syntax checking information may be incorrect. [C:\Users\C27Soren.Herzog\ece383\Herzog_ece383_wksp\hw7\HW7.srcs\sources_1\imports\HW7\hw07_tb.vhdl:]
WARNING: [filemgmt 56-199] Attempt to get parsing info during refresh. "On-the-fly" syntax checking information may be incorrect. [C:\Users\C27Soren.Herzog\ece383\Herzog_ece383_wksp\hw7\HW7.srcs\sources_1\imports\HW7\hw07_tb.vhdl:]
WARNING: [filemgmt 56-199] Attempt to get parsing info during refresh. "On-the-fly" syntax checking information may be incorrect. [C:\Users\C27Soren.Herzog\ece383\Herzog_ece383_wksp\hw7\HW7.srcs\sources_1\imports\HW7\lec10.vhdl:]
WARNING: [filemgmt 56-199] Attempt to get parsing info during refresh. "On-the-fly" syntax checking information may be incorrect. [C:\Users\C27Soren.Herzog\ece383\Herzog_ece383_wksp\hw7\HW7.srcs\sources_1\imports\HW7\button_debounce.vhdl:]
WARNING: [filemgmt 56-199] Attempt to get parsing info during refresh. "On-the-fly" syntax checking information may be incorrect. [C:\Users\C27Soren.Herzog\ece383\Herzog_ece383_wksp\hw7\HW7.srcs\sources_1\imports\HW7\hw07_tb.vhdl:]
WARNING: [filemgmt 56-199] Attempt to get parsing info during refresh. "On-the-fly" syntax checking information may be incorrect. [C:\Users\C27Soren.Herzog\ece383\Herzog_ece383_wksp\hw7\HW7.srcs\sources_1\imports\HW7\lec10.vhdl:]
WARNING: [filemgmt 56-199] Attempt to get parsing info during refresh. "On-the-fly" syntax checking information may be incorrect. [C:\Users\C27Soren.Herzog\ece383\Herzog_ece383_wksp\hw7\HW7.srcs\sources_1\imports\HW7\lec10.vhdl:]
ERROR: [Common 17-180] Spawn failed: No error
save_wave_config {C:/Users/C27Soren.Herzog/ece383/Herzog_ece383_wksp/hw7/hw07_tb_behav.wcfg}
close_sim
INFO: xsimkernel Simulation Memory Usage: 35928 KB (Peak: 35928 KB), Simulation CPU Usage: 26265 ms
INFO: [Simtcl 6-16] Simulation closed
launch_simulation
Command: launch_simulation 
INFO: [Vivado 12-12493] Simulation top is 'hw07_tb'
WARNING: [Vivado 12-13340] Unable to auto find GCC executables from simulator install path! (path not set)
INFO: [Vivado 12-5682] Launching behavioral simulation in 'C:/Users/C27Soren.Herzog/ece383/Herzog_ece383_wksp/hw7/HW7.sim/sim_1/behav/xsim'
INFO: [SIM-utils-51] Simulation object is 'sim_1'
INFO: [SIM-utils-72] Using boost library from 'C:/Xilinx/Vivado/2024.2/tps/boost_1_72_0'
INFO: [SIM-utils-54] Inspecting design source files for 'hw07_tb' in fileset 'sim_1'...
INFO: [USF-XSim-97] Finding global include files...
INFO: [USF-XSim-98] Fetching design files from 'sim_1'...
INFO: [USF-XSim-2] XSim::Compile design
INFO: [USF-XSim-61] Executing 'COMPILE and ANALYZE' step in 'C:/Users/C27Soren.Herzog/ece383/Herzog_ece383_wksp/hw7/HW7.sim/sim_1/behav/xsim'
"xvhdl --incr --relax -prj hw07_tb_vhdl.prj"
INFO: [VRFC 10-163] Analyzing VHDL file "C:/Users/C27Soren.Herzog/ece383/Herzog_ece383_wksp/hw7/HW7.srcs/sources_1/imports/HW7/button_debounce.vhdl" into library xil_defaultlib
INFO: [VRFC 10-3107] analyzing entity 'button_debounce'
INFO: [USF-XSim-69] 'compile' step finished in '4' seconds
INFO: [USF-XSim-3] XSim::Elaborate design
INFO: [USF-XSim-61] Executing 'ELABORATE' step in 'C:/Users/C27Soren.Herzog/ece383/Herzog_ece383_wksp/hw7/HW7.sim/sim_1/behav/xsim'
"xelab --incr --debug typical --relax --mt 2 -L xil_defaultlib -L secureip --snapshot hw07_tb_behav xil_defaultlib.hw07_tb -log elaborate.log"
Vivado Simulator v2024.2.0
Copyright 1986-2022 Xilinx, Inc. All Rights Reserved.
Copyright 2022-2024 Advanced Micro Devices, Inc. All Rights Reserved.
Running: C:/Xilinx/Vivado/2024.2/bin/unwrapped/win64.o/xelab.exe --incr --debug typical --relax --mt 2 -L xil_defaultlib -L secureip --snapshot hw07_tb_behav xil_defaultlib.hw07_tb -log elaborate.log 
Using 2 slave threads.
Starting static elaboration
ERROR: [VRFC 10-8554] case statement does not cover all choices; 'others' clause is needed [C:/Users/C27Soren.Herzog/ece383/Herzog_ece383_wksp/hw7/HW7.srcs/sources_1/imports/HW7/button_debounce.vhdl:77]
ERROR: [XSIM 43-3321] Static elaboration of top level VHDL design unit hw07_tb in library work failed.
INFO: [USF-XSim-69] 'elaborate' step finished in '3' seconds
INFO: [USF-XSim-99] Step results log file:'C:/Users/C27Soren.Herzog/ece383/Herzog_ece383_wksp/hw7/HW7.sim/sim_1/behav/xsim/elaborate.log'
ERROR: [USF-XSim-62] 'elaborate' step failed with error(s). Please check the Tcl console output or 'C:/Users/C27Soren.Herzog/ece383/Herzog_ece383_wksp/hw7/HW7.sim/sim_1/behav/xsim/elaborate.log' file for more information.
ERROR: [Vivado 12-4473] Detected error while running simulation. Please correct the issue and retry this operation.
launch_simulation: Time (s): cpu = 00:00:01 ; elapsed = 00:00:08 . Memory (MB): peak = 2258.496 ; gain = 0.000
ERROR: [Common 17-39] 'launch_simulation' failed due to earlier errors.
WARNING: [filemgmt 56-199] Attempt to get parsing info during refresh. "On-the-fly" syntax checking information may be incorrect. [C:\Users\C27Soren.Herzog\ece383\Herzog_ece383_wksp\hw7\HW7.srcs\sources_1\imports\HW7\lec10.vhdl:]
WARNING: [filemgmt 56-199] Attempt to get parsing info during refresh. "On-the-fly" syntax checking information may be incorrect. [C:\Users\C27Soren.Herzog\ece383\Herzog_ece383_wksp\hw7\HW7.srcs\sources_1\imports\HW7\button_debounce.vhdl:]
WARNING: [filemgmt 56-199] Attempt to get parsing info during refresh. "On-the-fly" syntax checking information may be incorrect. [C:\Users\C27Soren.Herzog\ece383\Herzog_ece383_wksp\hw7\HW7.srcs\sources_1\imports\HW7\hw07_tb.vhdl:]
WARNING: [filemgmt 56-199] Attempt to get parsing info during refresh. "On-the-fly" syntax checking information may be incorrect. [C:\Users\C27Soren.Herzog\ece383\Herzog_ece383_wksp\hw7\HW7.srcs\sources_1\imports\HW7\lec10.vhdl:]
WARNING: [filemgmt 56-199] Attempt to get parsing info during refresh. "On-the-fly" syntax checking information may be incorrect. [C:\Users\C27Soren.Herzog\ece383\Herzog_ece383_wksp\hw7\HW7.srcs\sources_1\imports\HW7\lec10.vhdl:]
WARNING: [filemgmt 56-199] Attempt to get parsing info during refresh. "On-the-fly" syntax checking information may be incorrect. [C:\Users\C27Soren.Herzog\ece383\Herzog_ece383_wksp\hw7\HW7.srcs\sources_1\imports\HW7\lec10.vhdl:]
WARNING: [filemgmt 56-199] Attempt to get parsing info during refresh. "On-the-fly" syntax checking information may be incorrect. [C:\Users\C27Soren.Herzog\ece383\Herzog_ece383_wksp\hw7\HW7.srcs\sources_1\imports\HW7\button_debounce.vhdl:]
WARNING: [filemgmt 56-199] Attempt to get parsing info during refresh. "On-the-fly" syntax checking information may be incorrect. [C:\Users\C27Soren.Herzog\ece383\Herzog_ece383_wksp\hw7\HW7.srcs\sources_1\imports\HW7\hw07_tb.vhdl:]
WARNING: [filemgmt 56-199] Attempt to get parsing info during refresh. "On-the-fly" syntax checking information may be incorrect. [C:\Users\C27Soren.Herzog\ece383\Herzog_ece383_wksp\hw7\HW7.srcs\sources_1\imports\HW7\hw07_tb.vhdl:]
WARNING: [filemgmt 56-199] Attempt to get parsing info during refresh. "On-the-fly" syntax checking information may be incorrect. [C:\Users\C27Soren.Herzog\ece383\Herzog_ece383_wksp\hw7\HW7.srcs\sources_1\imports\HW7\hw07_tb.vhdl:]
ERROR: [Common 17-180] Spawn failed: No error
launch_simulation
Command: launch_simulation 
INFO: [Vivado 12-12493] Simulation top is 'hw07_tb'
WARNING: [Vivado 12-13340] Unable to auto find GCC executables from simulator install path! (path not set)
INFO: [Vivado 12-5682] Launching behavioral simulation in 'C:/Users/C27Soren.Herzog/ece383/Herzog_ece383_wksp/hw7/HW7.sim/sim_1/behav/xsim'
INFO: [SIM-utils-51] Simulation object is 'sim_1'
INFO: [SIM-utils-72] Using boost library from 'C:/Xilinx/Vivado/2024.2/tps/boost_1_72_0'
INFO: [SIM-utils-54] Inspecting design source files for 'hw07_tb' in fileset 'sim_1'...
INFO: [USF-XSim-97] Finding global include files...
INFO: [USF-XSim-98] Fetching design files from 'sim_1'...
INFO: [USF-XSim-2] XSim::Compile design
INFO: [USF-XSim-61] Executing 'COMPILE and ANALYZE' step in 'C:/Users/C27Soren.Herzog/ece383/Herzog_ece383_wksp/hw7/HW7.sim/sim_1/behav/xsim'
"xvhdl --incr --relax -prj hw07_tb_vhdl.prj"
INFO: [USF-XSim-69] 'compile' step finished in '2' seconds
INFO: [USF-XSim-3] XSim::Elaborate design
INFO: [USF-XSim-61] Executing 'ELABORATE' step in 'C:/Users/C27Soren.Herzog/ece383/Herzog_ece383_wksp/hw7/HW7.sim/sim_1/behav/xsim'
"xelab --incr --debug typical --relax --mt 2 -L xil_defaultlib -L secureip --snapshot hw07_tb_behav xil_defaultlib.hw07_tb -log elaborate.log"
Vivado Simulator v2024.2.0
Copyright 1986-2022 Xilinx, Inc. All Rights Reserved.
Copyright 2022-2024 Advanced Micro Devices, Inc. All Rights Reserved.
Running: C:/Xilinx/Vivado/2024.2/bin/unwrapped/win64.o/xelab.exe --incr --debug typical --relax --mt 2 -L xil_defaultlib -L secureip --snapshot hw07_tb_behav xil_defaultlib.hw07_tb -log elaborate.log 
Using 2 slave threads.
Starting static elaboration
ERROR: [VRFC 10-8554] case statement does not cover all choices; 'others' clause is needed [C:/Users/C27Soren.Herzog/ece383/Herzog_ece383_wksp/hw7/HW7.srcs/sources_1/imports/HW7/button_debounce.vhdl:77]
ERROR: [XSIM 43-3321] Static elaboration of top level VHDL design unit hw07_tb in library work failed.
INFO: [USF-XSim-69] 'elaborate' step finished in '4' seconds
INFO: [USF-XSim-99] Step results log file:'C:/Users/C27Soren.Herzog/ece383/Herzog_ece383_wksp/hw7/HW7.sim/sim_1/behav/xsim/elaborate.log'
ERROR: [USF-XSim-62] 'elaborate' step failed with error(s). Please check the Tcl console output or 'C:/Users/C27Soren.Herzog/ece383/Herzog_ece383_wksp/hw7/HW7.sim/sim_1/behav/xsim/elaborate.log' file for more information.
ERROR: [Vivado 12-4473] Detected error while running simulation. Please correct the issue and retry this operation.
launch_simulation: Time (s): cpu = 00:00:00 ; elapsed = 00:00:06 . Memory (MB): peak = 2258.496 ; gain = 0.000
ERROR: [Common 17-39] 'launch_simulation' failed due to earlier errors.
launch_simulation
Command: launch_simulation 
INFO: [Vivado 12-12493] Simulation top is 'hw07_tb'
WARNING: [Vivado 12-13340] Unable to auto find GCC executables from simulator install path! (path not set)
INFO: [Vivado 12-5682] Launching behavioral simulation in 'C:/Users/C27Soren.Herzog/ece383/Herzog_ece383_wksp/hw7/HW7.sim/sim_1/behav/xsim'
INFO: [SIM-utils-51] Simulation object is 'sim_1'
INFO: [SIM-utils-72] Using boost library from 'C:/Xilinx/Vivado/2024.2/tps/boost_1_72_0'
INFO: [SIM-utils-54] Inspecting design source files for 'hw07_tb' in fileset 'sim_1'...
INFO: [USF-XSim-97] Finding global include files...
INFO: [USF-XSim-98] Fetching design files from 'sim_1'...
INFO: [USF-XSim-2] XSim::Compile design
INFO: [USF-XSim-61] Executing 'COMPILE and ANALYZE' step in 'C:/Users/C27Soren.Herzog/ece383/Herzog_ece383_wksp/hw7/HW7.sim/sim_1/behav/xsim'
"xvhdl --incr --relax -prj hw07_tb_vhdl.prj"
INFO: [USF-XSim-69] 'compile' step finished in '3' seconds
INFO: [USF-XSim-3] XSim::Elaborate design
INFO: [USF-XSim-61] Executing 'ELABORATE' step in 'C:/Users/C27Soren.Herzog/ece383/Herzog_ece383_wksp/hw7/HW7.sim/sim_1/behav/xsim'
"xelab --incr --debug typical --relax --mt 2 -L xil_defaultlib -L secureip --snapshot hw07_tb_behav xil_defaultlib.hw07_tb -log elaborate.log"
Vivado Simulator v2024.2.0
Copyright 1986-2022 Xilinx, Inc. All Rights Reserved.
Copyright 2022-2024 Advanced Micro Devices, Inc. All Rights Reserved.
Running: C:/Xilinx/Vivado/2024.2/bin/unwrapped/win64.o/xelab.exe --incr --debug typical --relax --mt 2 -L xil_defaultlib -L secureip --snapshot hw07_tb_behav xil_defaultlib.hw07_tb -log elaborate.log 
Using 2 slave threads.
Starting static elaboration
ERROR: [VRFC 10-8554] case statement does not cover all choices; 'others' clause is needed [C:/Users/C27Soren.Herzog/ece383/Herzog_ece383_wksp/hw7/HW7.srcs/sources_1/imports/HW7/button_debounce.vhdl:77]
ERROR: [XSIM 43-3321] Static elaboration of top level VHDL design unit hw07_tb in library work failed.
INFO: [USF-XSim-69] 'elaborate' step finished in '4' seconds
INFO: [USF-XSim-99] Step results log file:'C:/Users/C27Soren.Herzog/ece383/Herzog_ece383_wksp/hw7/HW7.sim/sim_1/behav/xsim/elaborate.log'
ERROR: [USF-XSim-62] 'elaborate' step failed with error(s). Please check the Tcl console output or 'C:/Users/C27Soren.Herzog/ece383/Herzog_ece383_wksp/hw7/HW7.sim/sim_1/behav/xsim/elaborate.log' file for more information.
ERROR: [Vivado 12-4473] Detected error while running simulation. Please correct the issue and retry this operation.
launch_simulation: Time (s): cpu = 00:00:00 ; elapsed = 00:00:06 . Memory (MB): peak = 2258.496 ; gain = 0.000
ERROR: [Common 17-39] 'launch_simulation' failed due to earlier errors.
WARNING: [filemgmt 56-199] Attempt to get parsing info during refresh. "On-the-fly" syntax checking information may be incorrect. [C:\Users\C27Soren.Herzog\ece383\Herzog_ece383_wksp\hw7\HW7.srcs\sources_1\imports\HW7\lec10.vhdl:]
WARNING: [filemgmt 56-199] Attempt to get parsing info during refresh. "On-the-fly" syntax checking information may be incorrect. [C:\Users\C27Soren.Herzog\ece383\Herzog_ece383_wksp\hw7\HW7.srcs\sources_1\imports\HW7\button_debounce.vhdl:]
WARNING: [filemgmt 56-199] Attempt to get parsing info during refresh. "On-the-fly" syntax checking information may be incorrect. [C:\Users\C27Soren.Herzog\ece383\Herzog_ece383_wksp\hw7\HW7.srcs\sources_1\imports\HW7\hw07_tb.vhdl:]
WARNING: [filemgmt 56-199] Attempt to get parsing info during refresh. "On-the-fly" syntax checking information may be incorrect. [C:\Users\C27Soren.Herzog\ece383\Herzog_ece383_wksp\hw7\HW7.srcs\sources_1\imports\HW7\button_debounce.vhdl:]
WARNING: [filemgmt 56-199] Attempt to get parsing info during refresh. "On-the-fly" syntax checking information may be incorrect. [C:\Users\C27Soren.Herzog\ece383\Herzog_ece383_wksp\hw7\HW7.srcs\sources_1\imports\HW7\button_debounce.vhdl:]
launch_simulation
Command: launch_simulation 
INFO: [Vivado 12-12493] Simulation top is 'hw07_tb'
WARNING: [Vivado 12-13340] Unable to auto find GCC executables from simulator install path! (path not set)
INFO: [Vivado 12-5682] Launching behavioral simulation in 'C:/Users/C27Soren.Herzog/ece383/Herzog_ece383_wksp/hw7/HW7.sim/sim_1/behav/xsim'
INFO: [SIM-utils-51] Simulation object is 'sim_1'
INFO: [SIM-utils-72] Using boost library from 'C:/Xilinx/Vivado/2024.2/tps/boost_1_72_0'
INFO: [SIM-utils-54] Inspecting design source files for 'hw07_tb' in fileset 'sim_1'...
INFO: [USF-XSim-97] Finding global include files...
INFO: [USF-XSim-98] Fetching design files from 'sim_1'...
INFO: [USF-XSim-2] XSim::Compile design
INFO: [USF-XSim-61] Executing 'COMPILE and ANALYZE' step in 'C:/Users/C27Soren.Herzog/ece383/Herzog_ece383_wksp/hw7/HW7.sim/sim_1/behav/xsim'
"xvhdl --incr --relax -prj hw07_tb_vhdl.prj"
INFO: [VRFC 10-163] Analyzing VHDL file "C:/Users/C27Soren.Herzog/ece383/Herzog_ece383_wksp/hw7/HW7.srcs/sources_1/imports/HW7/button_debounce.vhdl" into library xil_defaultlib
INFO: [VRFC 10-3107] analyzing entity 'button_debounce'
INFO: [USF-XSim-69] 'compile' step finished in '2' seconds
INFO: [USF-XSim-3] XSim::Elaborate design
INFO: [USF-XSim-61] Executing 'ELABORATE' step in 'C:/Users/C27Soren.Herzog/ece383/Herzog_ece383_wksp/hw7/HW7.sim/sim_1/behav/xsim'
"xelab --incr --debug typical --relax --mt 2 -L xil_defaultlib -L secureip --snapshot hw07_tb_behav xil_defaultlib.hw07_tb -log elaborate.log"
Vivado Simulator v2024.2.0
Copyright 1986-2022 Xilinx, Inc. All Rights Reserved.
Copyright 2022-2024 Advanced Micro Devices, Inc. All Rights Reserved.
Running: C:/Xilinx/Vivado/2024.2/bin/unwrapped/win64.o/xelab.exe --incr --debug typical --relax --mt 2 -L xil_defaultlib -L secureip --snapshot hw07_tb_behav xil_defaultlib.hw07_tb -log elaborate.log 
Using 2 slave threads.
Starting static elaboration
Completed static elaboration
Starting simulation data flow analysis
Completed simulation data flow analysis
Time Resolution for simulation is 1ps
Compiling package std.standard
Compiling package std.textio
Compiling package ieee.std_logic_1164
Compiling package ieee.numeric_std
Compiling architecture behavior of entity xil_defaultlib.lec10 [\lec10(n=25)\]
Compiling architecture behavior of entity xil_defaultlib.button_debounce [button_debounce_default]
Compiling architecture behavior of entity xil_defaultlib.lec10 [\lec10(n=5)\]
Compiling architecture behavior of entity xil_defaultlib.hw07_tb
Built simulation snapshot hw07_tb_behav
run_program: Time (s): cpu = 00:00:00 ; elapsed = 00:00:06 . Memory (MB): peak = 2258.496 ; gain = 0.000
INFO: [USF-XSim-69] 'elaborate' step finished in '6' seconds
INFO: [USF-XSim-4] XSim::Simulate design
INFO: [USF-XSim-61] Executing 'SIMULATE' step in 'C:/Users/C27Soren.Herzog/ece383/Herzog_ece383_wksp/hw7/HW7.sim/sim_1/behav/xsim'
INFO: [USF-XSim-98] *** Running xsim
   with args "hw07_tb_behav -key {Behavioral:sim_1:Functional:hw07_tb} -tclbatch {hw07_tb.tcl} -view {C:/Users/C27Soren.Herzog/ece383/Herzog_ece383_wksp/hw7/hw07_tb_behav.wcfg} -log {simulate.log}"
INFO: [USF-XSim-8] Loading simulator feature
Time resolution is 1 ps
open_wave_config C:/Users/C27Soren.Herzog/ece383/Herzog_ece383_wksp/hw7/hw07_tb_behav.wcfg
source hw07_tb.tcl
# set curr_wave [current_wave_config]
# if { [string length $curr_wave] == 0 } {
#   if { [llength [get_objects]] > 0} {
#     add_wave /
#     set_property needs_save false [current_wave_config]
#   } else {
#      send_msg_id Add_Wave-1 WARNING "No top level signals found. Simulator will start without a wave window. If you want to open a wave window go to 'File->New Waveform Configuration' or type 'create_wave_config' in the TCL console."
#   }
# }
# run 300 ms
run: Time (s): cpu = 00:00:47 ; elapsed = 00:00:51 . Memory (MB): peak = 2258.496 ; gain = 0.000
xsim: Time (s): cpu = 00:00:48 ; elapsed = 00:00:54 . Memory (MB): peak = 2258.496 ; gain = 0.000
INFO: [USF-XSim-96] XSim completed. Design snapshot 'hw07_tb_behav' loaded.
INFO: [USF-XSim-97] XSim simulation ran for 300 ms
launch_simulation: Time (s): cpu = 00:00:48 ; elapsed = 00:01:03 . Memory (MB): peak = 2258.496 ; gain = 0.000
close_sim
INFO: xsimkernel Simulation Memory Usage: 35972 KB (Peak: 35972 KB), Simulation CPU Usage: 23952 ms
INFO: [Simtcl 6-16] Simulation closed
exit
INFO: [Common 17-206] Exiting Vivado at Tue Feb  3 20:11:32 2026...
