#-----------------------------------------------------------
# Vivado v2024.2 (64-bit)
# SW Build 5239630 on Fri Nov 08 22:35:27 MST 2024
# IP Build 5239520 on Sun Nov 10 16:12:51 MST 2024
# SharedData Build 5239561 on Fri Nov 08 14:39:27 MST 2024
# Start of session at: Tue Feb 24 08:43:09 2026
# Process ID         : 17244
# Current directory  : C:/Users/C27Soren.Herzog/ece383/Herzog_ece383_wksp/lab2
# Command line       : vivado.exe -gui_launcher_event rodinguilauncherevent8456 C:\Users\C27Soren.Herzog\ece383\Herzog_ece383_wksp\lab2\Lab _2.xpr
# Log file           : C:/Users/C27Soren.Herzog/ece383/Herzog_ece383_wksp/lab2/vivado.log
# Journal file       : C:/Users/C27Soren.Herzog/ece383/Herzog_ece383_wksp/lab2\vivado.jou
# Running On         : C27-5CG3121G96
# Platform           : Windows Server 2016 or Windows 10
# Operating System   : 22631
# Processor Detail   : AMD Ryzen 7 PRO 6850U with Radeon Graphics     
# CPU Frequency      : 2695 MHz
# CPU Physical cores : 8
# CPU Logical cores  : 16
# Host memory        : 16442 MB
# Swap memory        : 6979 MB
# Total Virtual      : 23422 MB
# Available Virtual  : 12539 MB
#-----------------------------------------------------------
start_gui
open_project {C:/Users/C27Soren.Herzog/ece383/Herzog_ece383_wksp/lab2/Lab _2.xpr}
Scanning sources...
Finished scanning sources
INFO: [IP_Flow 19-234] Refreshing IP repositories
INFO: [IP_Flow 19-1704] No user IP repositories specified
INFO: [IP_Flow 19-2313] Loaded Vivado IP repository 'C:/Xilinx/Vivado/2024.2/data/ip'.
open_project: Time (s): cpu = 00:00:03 ; elapsed = 00:00:14 . Memory (MB): peak = 1134.934 ; gain = 85.449
update_compile_order -fileset sources_1
exit
INFO: [Common 17-206] Exiting Vivado at Tue Feb 24 08:45:20 2026...
