TRACE::2026-05-04.20:36:53::SCWPlatform::Trying to open the hw design at C:/Users/C27Soren.Herzog/ece383/Herzog_ece383_wksp/FinalProj_vitis/ZoGolf_V1_wrapper/hw/ZoGolf_V1_wrapper.xsa
TRACE::2026-05-04.20:36:53::SCWPlatform::DSA given C:/Users/C27Soren.Herzog/ece383/Herzog_ece383_wksp/FinalProj_vitis/ZoGolf_V1_wrapper/hw/ZoGolf_V1_wrapper.xsa
TRACE::2026-05-04.20:36:53::SCWPlatform::DSA absoulate path C:/Users/C27Soren.Herzog/ece383/Herzog_ece383_wksp/FinalProj_vitis/ZoGolf_V1_wrapper/hw/ZoGolf_V1_wrapper.xsa
TRACE::2026-05-04.20:36:53::SCWPlatform::DSA directory C:/Users/C27Soren.Herzog/ece383/Herzog_ece383_wksp/FinalProj_vitis/ZoGolf_V1_wrapper/hw
TRACE::2026-05-04.20:36:53::SCWPlatform:: Platform Path C:/Users/C27Soren.Herzog/ece383/Herzog_ece383_wksp/FinalProj_vitis/ZoGolf_V1_wrapper/hw/ZoGolf_V1_wrapper.xsa
TRACE::2026-05-04.20:36:53::SCWPlatform:: Unique name xilinx:nexys_video::0.0
TRACE::2026-05-04.20:36:53::SCWPlatform::Do not have an existing db opened. 
TRACE::2026-05-04.20:36:54::SCWPlatform::Opened new HwDB with name design_1_wrapper_0
TRACE::2026-05-04.20:36:54::SCWWriter::formatted JSON is {
	"platformName":	"ZoGolf_V1_wrapper",
	"sprVersion":	"2.0",
	"mode":	"gui",
	"dsaType":	"Fixed",
	"platformDesc":	"ZoGolf_V1_wrapper",
	"platHandOff":	"C:/Users/C27Soren.Herzog/ece383/Herzog_ece383_wksp/FinalProj_IP/ZoGolf_V1_wrapper.xsa",
	"platIntHandOff":	"<platformDir>/hw/ZoGolf_V1_wrapper.xsa",
	"deviceType":	"FPGA",
	"platIsPrebuiltAutogen":	"false",
	"platIsNoBootBsp":	"false",
	"hasFsblMakeHasChanges":	"false",
	"hasPmufwMakeHasChanges":	"false",
	"platPreBuiltFlag":	false,
	"platformSamplesDir":	""
}
TRACE::2026-05-04.20:36:54::SCWWriter::formatted JSON is {
	"platformName":	"ZoGolf_V1_wrapper",
	"sprVersion":	"2.0",
	"mode":	"gui",
	"dsaType":	"Fixed",
	"platformDesc":	"ZoGolf_V1_wrapper",
	"platHandOff":	"C:/Users/C27Soren.Herzog/ece383/Herzog_ece383_wksp/FinalProj_IP/ZoGolf_V1_wrapper.xsa",
	"platIntHandOff":	"<platformDir>/hw/ZoGolf_V1_wrapper.xsa",
	"deviceType":	"FPGA",
	"platIsPrebuiltAutogen":	"false",
	"platIsNoBootBsp":	"false",
	"hasFsblMakeHasChanges":	"false",
	"hasPmufwMakeHasChanges":	"false",
	"platPreBuiltFlag":	false,
	"platformSamplesDir":	"",
	"platActiveSys":	"ZoGolf_V1_wrapper",
	"systems":	[{
			"systemName":	"ZoGolf_V1_wrapper",
			"systemDesc":	"ZoGolf_V1_wrapper",
			"sysIsBootAutoGen":	"true",
			"systemDispName":	"ZoGolf_V1_wrapper"
		}]
}
TRACE::2026-05-04.20:36:54::SCWPlatform::Boot application domains not present, creating them
TRACE::2026-05-04.20:36:54::SCWPlatform::Pure FPGA device, no boot application will be created.
TRACE::2026-05-04.20:36:54::SCWWriter::formatted JSON is {
	"platformName":	"ZoGolf_V1_wrapper",
	"sprVersion":	"2.0",
	"mode":	"gui",
	"dsaType":	"Fixed",
	"platformDesc":	"ZoGolf_V1_wrapper",
	"platHandOff":	"C:/Users/C27Soren.Herzog/ece383/Herzog_ece383_wksp/FinalProj_IP/ZoGolf_V1_wrapper.xsa",
	"platIntHandOff":	"<platformDir>/hw/ZoGolf_V1_wrapper.xsa",
	"deviceType":	"FPGA",
	"platIsPrebuiltAutogen":	"false",
	"platIsNoBootBsp":	"false",
	"hasFsblMakeHasChanges":	"false",
	"hasPmufwMakeHasChanges":	"false",
	"platPreBuiltFlag":	false,
	"platformSamplesDir":	"",
	"platActiveSys":	"ZoGolf_V1_wrapper",
	"systems":	[{
			"systemName":	"ZoGolf_V1_wrapper",
			"systemDesc":	"ZoGolf_V1_wrapper",
			"sysIsBootAutoGen":	"true",
			"systemDispName":	"ZoGolf_V1_wrapper"
		}]
}
TRACE::2026-05-04.20:36:54::SCWWriter::formatted JSON is {
	"platformName":	"ZoGolf_V1_wrapper",
	"sprVersion":	"2.0",
	"mode":	"gui",
	"dsaType":	"Fixed",
	"platformDesc":	"ZoGolf_V1_wrapper",
	"platHandOff":	"C:/Users/C27Soren.Herzog/ece383/Herzog_ece383_wksp/FinalProj_IP/ZoGolf_V1_wrapper.xsa",
	"platIntHandOff":	"<platformDir>/hw/ZoGolf_V1_wrapper.xsa",
	"deviceType":	"FPGA",
	"platIsPrebuiltAutogen":	"false",
	"platIsNoBootBsp":	"false",
	"hasFsblMakeHasChanges":	"false",
	"hasPmufwMakeHasChanges":	"false",
	"platPreBuiltFlag":	false,
	"platformSamplesDir":	"",
	"platActiveSys":	"ZoGolf_V1_wrapper",
	"systems":	[{
			"systemName":	"ZoGolf_V1_wrapper",
			"systemDesc":	"ZoGolf_V1_wrapper",
			"sysIsBootAutoGen":	"true",
			"systemDispName":	"ZoGolf_V1_wrapper"
		}]
}
TRACE::2026-05-04.20:36:54::SCWPlatform::Trying to open the hw design at C:/Users/C27Soren.Herzog/ece383/Herzog_ece383_wksp/FinalProj_vitis/ZoGolf_V1_wrapper/hw/ZoGolf_V1_wrapper.xsa
TRACE::2026-05-04.20:36:54::SCWPlatform::DSA given C:/Users/C27Soren.Herzog/ece383/Herzog_ece383_wksp/FinalProj_vitis/ZoGolf_V1_wrapper/hw/ZoGolf_V1_wrapper.xsa
TRACE::2026-05-04.20:36:54::SCWPlatform::DSA absoulate path C:/Users/C27Soren.Herzog/ece383/Herzog_ece383_wksp/FinalProj_vitis/ZoGolf_V1_wrapper/hw/ZoGolf_V1_wrapper.xsa
TRACE::2026-05-04.20:36:54::SCWPlatform::DSA directory C:/Users/C27Soren.Herzog/ece383/Herzog_ece383_wksp/FinalProj_vitis/ZoGolf_V1_wrapper/hw
TRACE::2026-05-04.20:36:54::SCWPlatform:: Platform Path C:/Users/C27Soren.Herzog/ece383/Herzog_ece383_wksp/FinalProj_vitis/ZoGolf_V1_wrapper/hw/ZoGolf_V1_wrapper.xsa
TRACE::2026-05-04.20:36:54::SCWPlatform:: Unique name xilinx:nexys_video::0.0
TRACE::2026-05-04.20:36:54::SCWPlatform::Trying to set the existing hwdb with name design_1_wrapper_0
TRACE::2026-05-04.20:36:54::SCWPlatform::Opened existing hwdb design_1_wrapper_0
TRACE::2026-05-04.20:36:54::SCWPlatform::Found the Hw Db part of the input DSA
TRACE::2026-05-04.20:36:54::SCWPlatform::Trying to open the hw design at C:/Users/C27Soren.Herzog/ece383/Herzog_ece383_wksp/FinalProj_vitis/ZoGolf_V1_wrapper/hw/ZoGolf_V1_wrapper.xsa
TRACE::2026-05-04.20:36:54::SCWPlatform::DSA given C:/Users/C27Soren.Herzog/ece383/Herzog_ece383_wksp/FinalProj_vitis/ZoGolf_V1_wrapper/hw/ZoGolf_V1_wrapper.xsa
TRACE::2026-05-04.20:36:54::SCWPlatform::DSA absoulate path C:/Users/C27Soren.Herzog/ece383/Herzog_ece383_wksp/FinalProj_vitis/ZoGolf_V1_wrapper/hw/ZoGolf_V1_wrapper.xsa
TRACE::2026-05-04.20:36:54::SCWPlatform::DSA directory C:/Users/C27Soren.Herzog/ece383/Herzog_ece383_wksp/FinalProj_vitis/ZoGolf_V1_wrapper/hw
TRACE::2026-05-04.20:36:54::SCWPlatform:: Platform Path C:/Users/C27Soren.Herzog/ece383/Herzog_ece383_wksp/FinalProj_vitis/ZoGolf_V1_wrapper/hw/ZoGolf_V1_wrapper.xsa
TRACE::2026-05-04.20:36:54::SCWPlatform:: Unique name xilinx:nexys_video::0.0
TRACE::2026-05-04.20:36:54::SCWPlatform::Trying to set the existing hwdb with name design_1_wrapper_0
TRACE::2026-05-04.20:36:54::SCWPlatform::Opened existing hwdb design_1_wrapper_0
TRACE::2026-05-04.20:36:54::SCWPlatform::Found the Hw Db part of the input DSA
TRACE::2026-05-04.20:36:54::SCWDomain::checking for install qemu data   : 
TRACE::2026-05-04.20:36:54::SCWPlatform::Trying to open the hw design at C:/Users/C27Soren.Herzog/ece383/Herzog_ece383_wksp/FinalProj_vitis/ZoGolf_V1_wrapper/hw/ZoGolf_V1_wrapper.xsa
TRACE::2026-05-04.20:36:54::SCWPlatform::DSA given C:/Users/C27Soren.Herzog/ece383/Herzog_ece383_wksp/FinalProj_vitis/ZoGolf_V1_wrapper/hw/ZoGolf_V1_wrapper.xsa
TRACE::2026-05-04.20:36:54::SCWPlatform::DSA absoulate path C:/Users/C27Soren.Herzog/ece383/Herzog_ece383_wksp/FinalProj_vitis/ZoGolf_V1_wrapper/hw/ZoGolf_V1_wrapper.xsa
TRACE::2026-05-04.20:36:54::SCWPlatform::DSA directory C:/Users/C27Soren.Herzog/ece383/Herzog_ece383_wksp/FinalProj_vitis/ZoGolf_V1_wrapper/hw
TRACE::2026-05-04.20:36:54::SCWPlatform:: Platform Path C:/Users/C27Soren.Herzog/ece383/Herzog_ece383_wksp/FinalProj_vitis/ZoGolf_V1_wrapper/hw/ZoGolf_V1_wrapper.xsa
TRACE::2026-05-04.20:36:54::SCWPlatform:: Unique name xilinx:nexys_video::0.0
TRACE::2026-05-04.20:36:54::SCWPlatform::Trying to set the existing hwdb with name design_1_wrapper_0
TRACE::2026-05-04.20:36:54::SCWPlatform::Opened existing hwdb design_1_wrapper_0
TRACE::2026-05-04.20:36:54::SCWPlatform::Found the Hw Db part of the input DSA
TRACE::2026-05-04.20:36:54::SCWPlatform::Trying to open the hw design at C:/Users/C27Soren.Herzog/ece383/Herzog_ece383_wksp/FinalProj_vitis/ZoGolf_V1_wrapper/hw/ZoGolf_V1_wrapper.xsa
TRACE::2026-05-04.20:36:54::SCWPlatform::DSA given C:/Users/C27Soren.Herzog/ece383/Herzog_ece383_wksp/FinalProj_vitis/ZoGolf_V1_wrapper/hw/ZoGolf_V1_wrapper.xsa
TRACE::2026-05-04.20:36:54::SCWPlatform::DSA absoulate path C:/Users/C27Soren.Herzog/ece383/Herzog_ece383_wksp/FinalProj_vitis/ZoGolf_V1_wrapper/hw/ZoGolf_V1_wrapper.xsa
TRACE::2026-05-04.20:36:54::SCWPlatform::DSA directory C:/Users/C27Soren.Herzog/ece383/Herzog_ece383_wksp/FinalProj_vitis/ZoGolf_V1_wrapper/hw
TRACE::2026-05-04.20:36:54::SCWPlatform:: Platform Path C:/Users/C27Soren.Herzog/ece383/Herzog_ece383_wksp/FinalProj_vitis/ZoGolf_V1_wrapper/hw/ZoGolf_V1_wrapper.xsa
TRACE::2026-05-04.20:36:54::SCWPlatform:: Unique name xilinx:nexys_video::0.0
TRACE::2026-05-04.20:36:54::SCWPlatform::Trying to set the existing hwdb with name design_1_wrapper_0
TRACE::2026-05-04.20:36:54::SCWPlatform::Opened existing hwdb design_1_wrapper_0
TRACE::2026-05-04.20:36:54::SCWPlatform::Found the Hw Db part of the input DSA
TRACE::2026-05-04.20:36:54::SCWPlatform::Trying to open the hw design at C:/Users/C27Soren.Herzog/ece383/Herzog_ece383_wksp/FinalProj_vitis/ZoGolf_V1_wrapper/hw/ZoGolf_V1_wrapper.xsa
TRACE::2026-05-04.20:36:54::SCWPlatform::DSA given C:/Users/C27Soren.Herzog/ece383/Herzog_ece383_wksp/FinalProj_vitis/ZoGolf_V1_wrapper/hw/ZoGolf_V1_wrapper.xsa
TRACE::2026-05-04.20:36:54::SCWPlatform::DSA absoulate path C:/Users/C27Soren.Herzog/ece383/Herzog_ece383_wksp/FinalProj_vitis/ZoGolf_V1_wrapper/hw/ZoGolf_V1_wrapper.xsa
TRACE::2026-05-04.20:36:54::SCWPlatform::DSA directory C:/Users/C27Soren.Herzog/ece383/Herzog_ece383_wksp/FinalProj_vitis/ZoGolf_V1_wrapper/hw
TRACE::2026-05-04.20:36:54::SCWPlatform:: Platform Path C:/Users/C27Soren.Herzog/ece383/Herzog_ece383_wksp/FinalProj_vitis/ZoGolf_V1_wrapper/hw/ZoGolf_V1_wrapper.xsa
TRACE::2026-05-04.20:36:54::SCWPlatform:: Unique name xilinx:nexys_video::0.0
TRACE::2026-05-04.20:36:54::SCWPlatform::Trying to set the existing hwdb with name design_1_wrapper_0
TRACE::2026-05-04.20:36:54::SCWPlatform::Opened existing hwdb design_1_wrapper_0
TRACE::2026-05-04.20:36:54::SCWPlatform::Found the Hw Db part of the input DSA
TRACE::2026-05-04.20:36:54::SCWMssOS::Checking the sw design at  C:/Users/C27Soren.Herzog/ece383/Herzog_ece383_wksp/FinalProj_vitis/ZoGolf_V1_wrapper/microblaze_0/standalone_microblaze_0/bsp/system.mss
TRACE::2026-05-04.20:36:54::SCWMssOS::DEBUG:  swdes dump  
TRACE::2026-05-04.20:36:54::SCWMssOS::No sw design opened at  C:/Users/C27Soren.Herzog/ece383/Herzog_ece383_wksp/FinalProj_vitis/ZoGolf_V1_wrapper/microblaze_0/standalone_microblaze_0/bsp/system.mss
TRACE::2026-05-04.20:36:54::SCWMssOS::mss does not exists at C:/Users/C27Soren.Herzog/ece383/Herzog_ece383_wksp/FinalProj_vitis/ZoGolf_V1_wrapper/microblaze_0/standalone_microblaze_0/bsp/system.mss
TRACE::2026-05-04.20:36:54::SCWMssOS::Creating sw design at  C:/Users/C27Soren.Herzog/ece383/Herzog_ece383_wksp/FinalProj_vitis/ZoGolf_V1_wrapper/microblaze_0/standalone_microblaze_0/bsp/system.mss
TRACE::2026-05-04.20:36:54::SCWMssOS::Adding the swdes entry, created swdb C:/Users/C27Soren.Herzog/ece383/Herzog_ece383_wksp/FinalProj_vitis/ZoGolf_V1_wrapper/microblaze_0/standalone_microblaze_0/bsp/system.mss with des name C:/Users/C27Soren.Herzog/ece383/Herzog_ece383_wksp/FinalProj_vitis/ZoGolf_V1_wrapper/microblaze_0/standalone_microblaze_0/bsp/system.mss
TRACE::2026-05-04.20:36:54::SCWMssOS::updating the scw layer changes to swdes at   C:/Users/C27Soren.Herzog/ece383/Herzog_ece383_wksp/FinalProj_vitis/ZoGolf_V1_wrapper/microblaze_0/standalone_microblaze_0/bsp/system.mss
TRACE::2026-05-04.20:36:54::SCWMssOS::Writing mss at C:/Users/C27Soren.Herzog/ece383/Herzog_ece383_wksp/FinalProj_vitis/ZoGolf_V1_wrapper/microblaze_0/standalone_microblaze_0/bsp/system.mss
TRACE::2026-05-04.20:36:54::SCWMssOS::Completed writing the mss file at C:/Users/C27Soren.Herzog/ece383/Herzog_ece383_wksp/FinalProj_vitis/ZoGolf_V1_wrapper/microblaze_0/standalone_microblaze_0/bsp
TRACE::2026-05-04.20:36:54::SCWMssOS::Picking up changes from newly written mss file into SCW Layer. 
TRACE::2026-05-04.20:36:54::SCWMssOS::Updated the changes from newly written mss file into SCW Layer. 
TRACE::2026-05-04.20:36:54::SCWMssOS::Completed writing the mss file at C:/Users/C27Soren.Herzog/ece383/Herzog_ece383_wksp/FinalProj_vitis/ZoGolf_V1_wrapper/microblaze_0/standalone_microblaze_0/bsp
TRACE::2026-05-04.20:36:54::SCWMssOS::Forcing BSP Sources regeneration.
TRACE::2026-05-04.20:37:01::SCWMssOS::Saving the mss changes C:/Users/C27Soren.Herzog/ece383/Herzog_ece383_wksp/FinalProj_vitis/ZoGolf_V1_wrapper/microblaze_0/standalone_microblaze_0/bsp/system.mss
TRACE::2026-05-04.20:37:01::SCWMssOS::Adding the swdes entry, mss present, able to open swdb C:/Users/C27Soren.Herzog/ece383/Herzog_ece383_wksp/FinalProj_vitis/ZoGolf_V1_wrapper/microblaze_0/standalone_microblaze_0/bsp/system.mss with des name system
TRACE::2026-05-04.20:37:01::SCWMssOS::Writing the mss file completed C:/Users/C27Soren.Herzog/ece383/Herzog_ece383_wksp/FinalProj_vitis/ZoGolf_V1_wrapper/microblaze_0/standalone_microblaze_0/bsp/system.mss
TRACE::2026-05-04.20:37:01::SCWMssOS::Commit changes completed.
TRACE::2026-05-04.20:37:01::SCWPlatform::Trying to open the hw design at C:/Users/C27Soren.Herzog/ece383/Herzog_ece383_wksp/FinalProj_vitis/ZoGolf_V1_wrapper/hw/ZoGolf_V1_wrapper.xsa
TRACE::2026-05-04.20:37:01::SCWPlatform::DSA given C:/Users/C27Soren.Herzog/ece383/Herzog_ece383_wksp/FinalProj_vitis/ZoGolf_V1_wrapper/hw/ZoGolf_V1_wrapper.xsa
TRACE::2026-05-04.20:37:01::SCWPlatform::DSA absoulate path C:/Users/C27Soren.Herzog/ece383/Herzog_ece383_wksp/FinalProj_vitis/ZoGolf_V1_wrapper/hw/ZoGolf_V1_wrapper.xsa
TRACE::2026-05-04.20:37:01::SCWPlatform::DSA directory C:/Users/C27Soren.Herzog/ece383/Herzog_ece383_wksp/FinalProj_vitis/ZoGolf_V1_wrapper/hw
TRACE::2026-05-04.20:37:01::SCWPlatform:: Platform Path C:/Users/C27Soren.Herzog/ece383/Herzog_ece383_wksp/FinalProj_vitis/ZoGolf_V1_wrapper/hw/ZoGolf_V1_wrapper.xsa
TRACE::2026-05-04.20:37:01::SCWPlatform:: Unique name xilinx:nexys_video::0.0
TRACE::2026-05-04.20:37:01::SCWPlatform::Trying to set the existing hwdb with name design_1_wrapper_0
TRACE::2026-05-04.20:37:01::SCWPlatform::Opened existing hwdb design_1_wrapper_0
TRACE::2026-05-04.20:37:01::SCWPlatform::Found the Hw Db part of the input DSA
TRACE::2026-05-04.20:37:01::SCWMssOS::Checking the sw design at  C:/Users/C27Soren.Herzog/ece383/Herzog_ece383_wksp/FinalProj_vitis/ZoGolf_V1_wrapper/microblaze_0/standalone_microblaze_0/bsp/system.mss
TRACE::2026-05-04.20:37:01::SCWMssOS::DEBUG:  swdes dump  C:/Users/C27Soren.Herzog/ece383/Herzog_ece383_wksp/FinalProj_vitis/ZoGolf_V1_wrapper/microblaze_0/standalone_microblaze_0/bsp/system.mss|system||

TRACE::2026-05-04.20:37:01::SCWMssOS::Sw design exists and opened at  C:/Users/C27Soren.Herzog/ece383/Herzog_ece383_wksp/FinalProj_vitis/ZoGolf_V1_wrapper/microblaze_0/standalone_microblaze_0/bsp/system.mss
TRACE::2026-05-04.20:37:01::SCWPlatform::Trying to open the hw design at C:/Users/C27Soren.Herzog/ece383/Herzog_ece383_wksp/FinalProj_vitis/ZoGolf_V1_wrapper/hw/ZoGolf_V1_wrapper.xsa
TRACE::2026-05-04.20:37:01::SCWPlatform::DSA given C:/Users/C27Soren.Herzog/ece383/Herzog_ece383_wksp/FinalProj_vitis/ZoGolf_V1_wrapper/hw/ZoGolf_V1_wrapper.xsa
TRACE::2026-05-04.20:37:01::SCWPlatform::DSA absoulate path C:/Users/C27Soren.Herzog/ece383/Herzog_ece383_wksp/FinalProj_vitis/ZoGolf_V1_wrapper/hw/ZoGolf_V1_wrapper.xsa
TRACE::2026-05-04.20:37:01::SCWPlatform::DSA directory C:/Users/C27Soren.Herzog/ece383/Herzog_ece383_wksp/FinalProj_vitis/ZoGolf_V1_wrapper/hw
TRACE::2026-05-04.20:37:01::SCWPlatform:: Platform Path C:/Users/C27Soren.Herzog/ece383/Herzog_ece383_wksp/FinalProj_vitis/ZoGolf_V1_wrapper/hw/ZoGolf_V1_wrapper.xsa
TRACE::2026-05-04.20:37:01::SCWPlatform:: Unique name xilinx:nexys_video::0.0
TRACE::2026-05-04.20:37:01::SCWPlatform::Trying to set the existing hwdb with name design_1_wrapper_0
TRACE::2026-05-04.20:37:01::SCWPlatform::Opened existing hwdb design_1_wrapper_0
TRACE::2026-05-04.20:37:01::SCWPlatform::Found the Hw Db part of the input DSA
TRACE::2026-05-04.20:37:01::SCWMssOS::Checking the sw design at  C:/Users/C27Soren.Herzog/ece383/Herzog_ece383_wksp/FinalProj_vitis/ZoGolf_V1_wrapper/microblaze_0/standalone_microblaze_0/bsp/system.mss
TRACE::2026-05-04.20:37:01::SCWMssOS::DEBUG:  swdes dump  C:/Users/C27Soren.Herzog/ece383/Herzog_ece383_wksp/FinalProj_vitis/ZoGolf_V1_wrapper/microblaze_0/standalone_microblaze_0/bsp/system.mss|system||

TRACE::2026-05-04.20:37:01::SCWMssOS::Sw design exists and opened at  C:/Users/C27Soren.Herzog/ece383/Herzog_ece383_wksp/FinalProj_vitis/ZoGolf_V1_wrapper/microblaze_0/standalone_microblaze_0/bsp/system.mss
TRACE::2026-05-04.20:37:01::SCWPlatform::Trying to open the hw design at C:/Users/C27Soren.Herzog/ece383/Herzog_ece383_wksp/FinalProj_vitis/ZoGolf_V1_wrapper/hw/ZoGolf_V1_wrapper.xsa
TRACE::2026-05-04.20:37:01::SCWPlatform::DSA given C:/Users/C27Soren.Herzog/ece383/Herzog_ece383_wksp/FinalProj_vitis/ZoGolf_V1_wrapper/hw/ZoGolf_V1_wrapper.xsa
TRACE::2026-05-04.20:37:01::SCWPlatform::DSA absoulate path C:/Users/C27Soren.Herzog/ece383/Herzog_ece383_wksp/FinalProj_vitis/ZoGolf_V1_wrapper/hw/ZoGolf_V1_wrapper.xsa
TRACE::2026-05-04.20:37:01::SCWPlatform::DSA directory C:/Users/C27Soren.Herzog/ece383/Herzog_ece383_wksp/FinalProj_vitis/ZoGolf_V1_wrapper/hw
TRACE::2026-05-04.20:37:01::SCWPlatform:: Platform Path C:/Users/C27Soren.Herzog/ece383/Herzog_ece383_wksp/FinalProj_vitis/ZoGolf_V1_wrapper/hw/ZoGolf_V1_wrapper.xsa
TRACE::2026-05-04.20:37:01::SCWPlatform:: Unique name xilinx:nexys_video::0.0
TRACE::2026-05-04.20:37:01::SCWPlatform::Trying to set the existing hwdb with name design_1_wrapper_0
TRACE::2026-05-04.20:37:01::SCWPlatform::Opened existing hwdb design_1_wrapper_0
TRACE::2026-05-04.20:37:01::SCWPlatform::Found the Hw Db part of the input DSA
TRACE::2026-05-04.20:37:01::SCWMssOS::Checking the sw design at  C:/Users/C27Soren.Herzog/ece383/Herzog_ece383_wksp/FinalProj_vitis/ZoGolf_V1_wrapper/microblaze_0/standalone_microblaze_0/bsp/system.mss
TRACE::2026-05-04.20:37:01::SCWMssOS::DEBUG:  swdes dump  C:/Users/C27Soren.Herzog/ece383/Herzog_ece383_wksp/FinalProj_vitis/ZoGolf_V1_wrapper/microblaze_0/standalone_microblaze_0/bsp/system.mss|system||

TRACE::2026-05-04.20:37:01::SCWMssOS::Sw design exists and opened at  C:/Users/C27Soren.Herzog/ece383/Herzog_ece383_wksp/FinalProj_vitis/ZoGolf_V1_wrapper/microblaze_0/standalone_microblaze_0/bsp/system.mss
TRACE::2026-05-04.20:37:01::SCWWriter::formatted JSON is {
	"platformName":	"ZoGolf_V1_wrapper",
	"sprVersion":	"2.0",
	"mode":	"gui",
	"dsaType":	"Fixed",
	"platformDesc":	"ZoGolf_V1_wrapper",
	"platHandOff":	"C:/Users/C27Soren.Herzog/ece383/Herzog_ece383_wksp/FinalProj_IP/ZoGolf_V1_wrapper.xsa",
	"platIntHandOff":	"<platformDir>/hw/ZoGolf_V1_wrapper.xsa",
	"deviceType":	"FPGA",
	"platIsPrebuiltAutogen":	"false",
	"platIsNoBootBsp":	"false",
	"hasFsblMakeHasChanges":	"false",
	"hasPmufwMakeHasChanges":	"false",
	"platPreBuiltFlag":	false,
	"platformSamplesDir":	"",
	"platActiveSys":	"ZoGolf_V1_wrapper",
	"systems":	[{
			"systemName":	"ZoGolf_V1_wrapper",
			"systemDesc":	"ZoGolf_V1_wrapper",
			"sysIsBootAutoGen":	"true",
			"systemDispName":	"ZoGolf_V1_wrapper",
			"sysActiveDom":	"standalone_microblaze_0",
			"sysDefaultDom":	"standalone_microblaze_0",
			"domains":	[{
					"domainName":	"standalone_microblaze_0",
					"domainDispName":	"standalone_microblaze_0",
					"domainDesc":	"standalone_microblaze_0",
					"processors":	"microblaze_0",
					"os":	"standalone",
					"sdxOs":	"standalone",
					"debugEnable":	"False",
					"domRuntimes":	["cpp"],
					"swRepo":	"",
					"mssOsVer":	"9.2",
					"mssFile":	"",
					"md5Digest":	"bec4f60b96832dfa4f6a986ab55e5f08",
					"compatibleApp":	"hello_world",
					"domType":	"mssDomain",
					"arch":	"32-bit",
					"appSettings":	{
						"appCompilerFlags":	"",
						"appLinkerFlags":	""
					},
					"addedLibs":	[],
					"libOptions":	{
						"libsContainingOptions":	[]
					},
					"prebuiltLibs":	{
						"prebuiltIncPath":	[],
						"prebuiltLibPath":	[]
					},
					"isolation":	{
					}
				}]
		}]
}
LOG::2026-05-04.20:37:01::SCWPlatform::Started generating the artifacts platform ZoGolf_V1_wrapper
TRACE::2026-05-04.20:37:01::SCWPlatform::Sanity checking of platform is completed
LOG::2026-05-04.20:37:01::SCWPlatform::Started generating the artifacts for system configuration ZoGolf_V1_wrapper
LOG::2026-05-04.20:37:01::SCWSystem::Checking the domain standalone_microblaze_0
LOG::2026-05-04.20:37:01::SCWSystem::Not a boot domain 
LOG::2026-05-04.20:37:01::SCWSystem::Started Processing the domain standalone_microblaze_0
TRACE::2026-05-04.20:37:01::SCWDomain::Generating domain artifcats
TRACE::2026-05-04.20:37:01::SCWMssOS::Generating standalone artifcats
TRACE::2026-05-04.20:37:01::SCWMssOS:: Copying the user libraries. 
TRACE::2026-05-04.20:37:01::SCWPlatform::Trying to open the hw design at C:/Users/C27Soren.Herzog/ece383/Herzog_ece383_wksp/FinalProj_vitis/ZoGolf_V1_wrapper/hw/ZoGolf_V1_wrapper.xsa
TRACE::2026-05-04.20:37:01::SCWPlatform::DSA given C:/Users/C27Soren.Herzog/ece383/Herzog_ece383_wksp/FinalProj_vitis/ZoGolf_V1_wrapper/hw/ZoGolf_V1_wrapper.xsa
TRACE::2026-05-04.20:37:01::SCWPlatform::DSA absoulate path C:/Users/C27Soren.Herzog/ece383/Herzog_ece383_wksp/FinalProj_vitis/ZoGolf_V1_wrapper/hw/ZoGolf_V1_wrapper.xsa
TRACE::2026-05-04.20:37:01::SCWPlatform::DSA directory C:/Users/C27Soren.Herzog/ece383/Herzog_ece383_wksp/FinalProj_vitis/ZoGolf_V1_wrapper/hw
TRACE::2026-05-04.20:37:01::SCWPlatform:: Platform Path C:/Users/C27Soren.Herzog/ece383/Herzog_ece383_wksp/FinalProj_vitis/ZoGolf_V1_wrapper/hw/ZoGolf_V1_wrapper.xsa
TRACE::2026-05-04.20:37:01::SCWPlatform:: Unique name xilinx:nexys_video::0.0
TRACE::2026-05-04.20:37:01::SCWPlatform::Trying to set the existing hwdb with name design_1_wrapper_0
TRACE::2026-05-04.20:37:01::SCWPlatform::Opened existing hwdb design_1_wrapper_0
TRACE::2026-05-04.20:37:01::SCWPlatform::Found the Hw Db part of the input DSA
TRACE::2026-05-04.20:37:01::SCWMssOS::Checking the sw design at  C:/Users/C27Soren.Herzog/ece383/Herzog_ece383_wksp/FinalProj_vitis/ZoGolf_V1_wrapper/microblaze_0/standalone_microblaze_0/bsp/system.mss
TRACE::2026-05-04.20:37:01::SCWMssOS::DEBUG:  swdes dump  C:/Users/C27Soren.Herzog/ece383/Herzog_ece383_wksp/FinalProj_vitis/ZoGolf_V1_wrapper/microblaze_0/standalone_microblaze_0/bsp/system.mss|system||

TRACE::2026-05-04.20:37:01::SCWMssOS::Sw design exists and opened at  C:/Users/C27Soren.Herzog/ece383/Herzog_ece383_wksp/FinalProj_vitis/ZoGolf_V1_wrapper/microblaze_0/standalone_microblaze_0/bsp/system.mss
TRACE::2026-05-04.20:37:01::SCWMssOS::Completed writing the mss file at C:/Users/C27Soren.Herzog/ece383/Herzog_ece383_wksp/FinalProj_vitis/ZoGolf_V1_wrapper/microblaze_0/standalone_microblaze_0/bsp
TRACE::2026-05-04.20:37:01::SCWMssOS::Mss edits present, copying mssfile into export location C:/Users/C27Soren.Herzog/ece383/Herzog_ece383_wksp/FinalProj_vitis/ZoGolf_V1_wrapper/microblaze_0/standalone_microblaze_0/bsp/system.mss
TRACE::2026-05-04.20:37:01::SCWMssOS::bsp generated is upto date with the mss file. Skipping bsp generation.
TRACE::2026-05-04.20:37:01::SCWMssOS::BSP is already built. skipping the bsp build ... 
TRACE::2026-05-04.20:37:01::SCWDomain::Skipping the build for domain :  standalone_microblaze_0
TRACE::2026-05-04.20:37:01::SCWMssOS::skipping the bsp build ... 
TRACE::2026-05-04.20:37:01::SCWMssOS::Copying to export directory.
TRACE::2026-05-04.20:37:01::SCWMssOS:: Checking if to create the Supporting Applications
TRACE::2026-05-04.20:37:01::SCWMssOS:: No Linux domain exists, trying to generate FSBL 
LOG::2026-05-04.20:37:01::SCWSystem::Completed Processing the domain standalone_microblaze_0
LOG::2026-05-04.20:37:01::SCWSystem::Completed Processing the sysconfig ZoGolf_V1_wrapper
LOG::2026-05-04.20:37:01::SCWPlatform::Completed generating the artifacts for system configuration ZoGolf_V1_wrapper
TRACE::2026-05-04.20:37:01::SCWPlatform::Started preparing the platform 
TRACE::2026-05-04.20:37:01::SCWSystem::Writing the bif file for system config ZoGolf_V1_wrapper
TRACE::2026-05-04.20:37:01::SCWSystem::dir created 
TRACE::2026-05-04.20:37:01::SCWSystem::Writing the bif 
TRACE::2026-05-04.20:37:01::SCWPlatform::Started writing the spfm file 
TRACE::2026-05-04.20:37:01::SCWPlatform::Started writing the xpfm file 
TRACE::2026-05-04.20:37:01::SCWPlatform::Completed generating the platform
TRACE::2026-05-04.20:37:01::SCWMssOS::Saving the mss changes C:/Users/C27Soren.Herzog/ece383/Herzog_ece383_wksp/FinalProj_vitis/ZoGolf_V1_wrapper/microblaze_0/standalone_microblaze_0/bsp/system.mss
TRACE::2026-05-04.20:37:01::SCWMssOS::Found a swdesign opened with the mssfile.
TRACE::2026-05-04.20:37:01::SCWMssOS::Completed writemss as part of save.
TRACE::2026-05-04.20:37:01::SCWMssOS::Commit changes completed.
TRACE::2026-05-04.20:37:01::SCWPlatform::Trying to open the hw design at C:/Users/C27Soren.Herzog/ece383/Herzog_ece383_wksp/FinalProj_vitis/ZoGolf_V1_wrapper/hw/ZoGolf_V1_wrapper.xsa
TRACE::2026-05-04.20:37:01::SCWPlatform::DSA given C:/Users/C27Soren.Herzog/ece383/Herzog_ece383_wksp/FinalProj_vitis/ZoGolf_V1_wrapper/hw/ZoGolf_V1_wrapper.xsa
TRACE::2026-05-04.20:37:01::SCWPlatform::DSA absoulate path C:/Users/C27Soren.Herzog/ece383/Herzog_ece383_wksp/FinalProj_vitis/ZoGolf_V1_wrapper/hw/ZoGolf_V1_wrapper.xsa
TRACE::2026-05-04.20:37:01::SCWPlatform::DSA directory C:/Users/C27Soren.Herzog/ece383/Herzog_ece383_wksp/FinalProj_vitis/ZoGolf_V1_wrapper/hw
TRACE::2026-05-04.20:37:01::SCWPlatform:: Platform Path C:/Users/C27Soren.Herzog/ece383/Herzog_ece383_wksp/FinalProj_vitis/ZoGolf_V1_wrapper/hw/ZoGolf_V1_wrapper.xsa
TRACE::2026-05-04.20:37:01::SCWPlatform:: Unique name xilinx:nexys_video::0.0
TRACE::2026-05-04.20:37:01::SCWPlatform::Trying to set the existing hwdb with name design_1_wrapper_0
TRACE::2026-05-04.20:37:01::SCWPlatform::Opened existing hwdb design_1_wrapper_0
TRACE::2026-05-04.20:37:01::SCWPlatform::Found the Hw Db part of the input DSA
TRACE::2026-05-04.20:37:01::SCWMssOS::Checking the sw design at  C:/Users/C27Soren.Herzog/ece383/Herzog_ece383_wksp/FinalProj_vitis/ZoGolf_V1_wrapper/microblaze_0/standalone_microblaze_0/bsp/system.mss
TRACE::2026-05-04.20:37:01::SCWMssOS::DEBUG:  swdes dump  C:/Users/C27Soren.Herzog/ece383/Herzog_ece383_wksp/FinalProj_vitis/ZoGolf_V1_wrapper/microblaze_0/standalone_microblaze_0/bsp/system.mss|system||

TRACE::2026-05-04.20:37:01::SCWMssOS::Sw design exists and opened at  C:/Users/C27Soren.Herzog/ece383/Herzog_ece383_wksp/FinalProj_vitis/ZoGolf_V1_wrapper/microblaze_0/standalone_microblaze_0/bsp/system.mss
TRACE::2026-05-04.20:37:01::SCWPlatform::Trying to open the hw design at C:/Users/C27Soren.Herzog/ece383/Herzog_ece383_wksp/FinalProj_vitis/ZoGolf_V1_wrapper/hw/ZoGolf_V1_wrapper.xsa
TRACE::2026-05-04.20:37:01::SCWPlatform::DSA given C:/Users/C27Soren.Herzog/ece383/Herzog_ece383_wksp/FinalProj_vitis/ZoGolf_V1_wrapper/hw/ZoGolf_V1_wrapper.xsa
TRACE::2026-05-04.20:37:01::SCWPlatform::DSA absoulate path C:/Users/C27Soren.Herzog/ece383/Herzog_ece383_wksp/FinalProj_vitis/ZoGolf_V1_wrapper/hw/ZoGolf_V1_wrapper.xsa
TRACE::2026-05-04.20:37:01::SCWPlatform::DSA directory C:/Users/C27Soren.Herzog/ece383/Herzog_ece383_wksp/FinalProj_vitis/ZoGolf_V1_wrapper/hw
TRACE::2026-05-04.20:37:01::SCWPlatform:: Platform Path C:/Users/C27Soren.Herzog/ece383/Herzog_ece383_wksp/FinalProj_vitis/ZoGolf_V1_wrapper/hw/ZoGolf_V1_wrapper.xsa
TRACE::2026-05-04.20:37:01::SCWPlatform:: Unique name xilinx:nexys_video::0.0
TRACE::2026-05-04.20:37:01::SCWPlatform::Trying to set the existing hwdb with name design_1_wrapper_0
TRACE::2026-05-04.20:37:01::SCWPlatform::Opened existing hwdb design_1_wrapper_0
TRACE::2026-05-04.20:37:01::SCWPlatform::Found the Hw Db part of the input DSA
TRACE::2026-05-04.20:37:01::SCWMssOS::Checking the sw design at  C:/Users/C27Soren.Herzog/ece383/Herzog_ece383_wksp/FinalProj_vitis/ZoGolf_V1_wrapper/microblaze_0/standalone_microblaze_0/bsp/system.mss
TRACE::2026-05-04.20:37:01::SCWMssOS::DEBUG:  swdes dump  C:/Users/C27Soren.Herzog/ece383/Herzog_ece383_wksp/FinalProj_vitis/ZoGolf_V1_wrapper/microblaze_0/standalone_microblaze_0/bsp/system.mss|system||

TRACE::2026-05-04.20:37:01::SCWMssOS::Sw design exists and opened at  C:/Users/C27Soren.Herzog/ece383/Herzog_ece383_wksp/FinalProj_vitis/ZoGolf_V1_wrapper/microblaze_0/standalone_microblaze_0/bsp/system.mss
TRACE::2026-05-04.20:37:01::SCWPlatform::Trying to open the hw design at C:/Users/C27Soren.Herzog/ece383/Herzog_ece383_wksp/FinalProj_vitis/ZoGolf_V1_wrapper/hw/ZoGolf_V1_wrapper.xsa
TRACE::2026-05-04.20:37:01::SCWPlatform::DSA given C:/Users/C27Soren.Herzog/ece383/Herzog_ece383_wksp/FinalProj_vitis/ZoGolf_V1_wrapper/hw/ZoGolf_V1_wrapper.xsa
TRACE::2026-05-04.20:37:01::SCWPlatform::DSA absoulate path C:/Users/C27Soren.Herzog/ece383/Herzog_ece383_wksp/FinalProj_vitis/ZoGolf_V1_wrapper/hw/ZoGolf_V1_wrapper.xsa
TRACE::2026-05-04.20:37:01::SCWPlatform::DSA directory C:/Users/C27Soren.Herzog/ece383/Herzog_ece383_wksp/FinalProj_vitis/ZoGolf_V1_wrapper/hw
TRACE::2026-05-04.20:37:01::SCWPlatform:: Platform Path C:/Users/C27Soren.Herzog/ece383/Herzog_ece383_wksp/FinalProj_vitis/ZoGolf_V1_wrapper/hw/ZoGolf_V1_wrapper.xsa
TRACE::2026-05-04.20:37:01::SCWPlatform:: Unique name xilinx:nexys_video::0.0
TRACE::2026-05-04.20:37:01::SCWPlatform::Trying to set the existing hwdb with name design_1_wrapper_0
TRACE::2026-05-04.20:37:01::SCWPlatform::Opened existing hwdb design_1_wrapper_0
TRACE::2026-05-04.20:37:01::SCWPlatform::Found the Hw Db part of the input DSA
TRACE::2026-05-04.20:37:01::SCWMssOS::Checking the sw design at  C:/Users/C27Soren.Herzog/ece383/Herzog_ece383_wksp/FinalProj_vitis/ZoGolf_V1_wrapper/microblaze_0/standalone_microblaze_0/bsp/system.mss
TRACE::2026-05-04.20:37:01::SCWMssOS::DEBUG:  swdes dump  C:/Users/C27Soren.Herzog/ece383/Herzog_ece383_wksp/FinalProj_vitis/ZoGolf_V1_wrapper/microblaze_0/standalone_microblaze_0/bsp/system.mss|system||

TRACE::2026-05-04.20:37:01::SCWMssOS::Sw design exists and opened at  C:/Users/C27Soren.Herzog/ece383/Herzog_ece383_wksp/FinalProj_vitis/ZoGolf_V1_wrapper/microblaze_0/standalone_microblaze_0/bsp/system.mss
TRACE::2026-05-04.20:37:01::SCWWriter::formatted JSON is {
	"platformName":	"ZoGolf_V1_wrapper",
	"sprVersion":	"2.0",
	"mode":	"gui",
	"dsaType":	"Fixed",
	"platformDesc":	"ZoGolf_V1_wrapper",
	"platHandOff":	"C:/Users/C27Soren.Herzog/ece383/Herzog_ece383_wksp/FinalProj_IP/ZoGolf_V1_wrapper.xsa",
	"platIntHandOff":	"<platformDir>/hw/ZoGolf_V1_wrapper.xsa",
	"deviceType":	"FPGA",
	"platIsPrebuiltAutogen":	"false",
	"platIsNoBootBsp":	"false",
	"hasFsblMakeHasChanges":	"false",
	"hasPmufwMakeHasChanges":	"false",
	"platPreBuiltFlag":	false,
	"platformSamplesDir":	"",
	"platActiveSys":	"ZoGolf_V1_wrapper",
	"systems":	[{
			"systemName":	"ZoGolf_V1_wrapper",
			"systemDesc":	"ZoGolf_V1_wrapper",
			"sysIsBootAutoGen":	"true",
			"systemDispName":	"ZoGolf_V1_wrapper",
			"sysActiveDom":	"standalone_microblaze_0",
			"sysDefaultDom":	"standalone_microblaze_0",
			"domains":	[{
					"domainName":	"standalone_microblaze_0",
					"domainDispName":	"standalone_microblaze_0",
					"domainDesc":	"standalone_microblaze_0",
					"processors":	"microblaze_0",
					"os":	"standalone",
					"sdxOs":	"standalone",
					"debugEnable":	"False",
					"domRuntimes":	["cpp"],
					"swRepo":	"",
					"mssOsVer":	"9.2",
					"mssFile":	"",
					"md5Digest":	"bec4f60b96832dfa4f6a986ab55e5f08",
					"compatibleApp":	"hello_world",
					"domType":	"mssDomain",
					"arch":	"32-bit",
					"appSettings":	{
						"appCompilerFlags":	"",
						"appLinkerFlags":	""
					},
					"addedLibs":	[],
					"libOptions":	{
						"libsContainingOptions":	[]
					},
					"prebuiltLibs":	{
						"prebuiltIncPath":	[],
						"prebuiltLibPath":	[]
					},
					"isolation":	{
					}
				}]
		}]
}
KEYINFO::2026-05-04.20:37:01::SCWPlatform::updated the xpfm file.
TRACE::2026-05-04.20:37:01::SCWPlatform::Trying to open the hw design at C:/Users/C27Soren.Herzog/ece383/Herzog_ece383_wksp/FinalProj_vitis/ZoGolf_V1_wrapper/hw/ZoGolf_V1_wrapper.xsa
TRACE::2026-05-04.20:37:01::SCWPlatform::DSA given C:/Users/C27Soren.Herzog/ece383/Herzog_ece383_wksp/FinalProj_vitis/ZoGolf_V1_wrapper/hw/ZoGolf_V1_wrapper.xsa
TRACE::2026-05-04.20:37:01::SCWPlatform::DSA absoulate path C:/Users/C27Soren.Herzog/ece383/Herzog_ece383_wksp/FinalProj_vitis/ZoGolf_V1_wrapper/hw/ZoGolf_V1_wrapper.xsa
TRACE::2026-05-04.20:37:01::SCWPlatform::DSA directory C:/Users/C27Soren.Herzog/ece383/Herzog_ece383_wksp/FinalProj_vitis/ZoGolf_V1_wrapper/hw
TRACE::2026-05-04.20:37:01::SCWPlatform:: Platform Path C:/Users/C27Soren.Herzog/ece383/Herzog_ece383_wksp/FinalProj_vitis/ZoGolf_V1_wrapper/hw/ZoGolf_V1_wrapper.xsa
TRACE::2026-05-04.20:37:01::SCWPlatform:: Unique name xilinx:nexys_video::0.0
TRACE::2026-05-04.20:37:01::SCWPlatform::Trying to set the existing hwdb with name design_1_wrapper_0
TRACE::2026-05-04.20:37:01::SCWPlatform::Opened existing hwdb design_1_wrapper_0
TRACE::2026-05-04.20:37:01::SCWPlatform::Found the Hw Db part of the input DSA
TRACE::2026-05-04.20:37:01::SCWMssOS::Checking the sw design at  C:/Users/C27Soren.Herzog/ece383/Herzog_ece383_wksp/FinalProj_vitis/ZoGolf_V1_wrapper/microblaze_0/standalone_microblaze_0/bsp/system.mss
TRACE::2026-05-04.20:37:01::SCWMssOS::DEBUG:  swdes dump  C:/Users/C27Soren.Herzog/ece383/Herzog_ece383_wksp/FinalProj_vitis/ZoGolf_V1_wrapper/microblaze_0/standalone_microblaze_0/bsp/system.mss|system||

TRACE::2026-05-04.20:37:01::SCWMssOS::Sw design exists and opened at  C:/Users/C27Soren.Herzog/ece383/Herzog_ece383_wksp/FinalProj_vitis/ZoGolf_V1_wrapper/microblaze_0/standalone_microblaze_0/bsp/system.mss
TRACE::2026-05-04.20:37:01::SCWMssOS::Saving the mss changes C:/Users/C27Soren.Herzog/ece383/Herzog_ece383_wksp/FinalProj_vitis/ZoGolf_V1_wrapper/microblaze_0/standalone_microblaze_0/bsp/system.mss
TRACE::2026-05-04.20:37:01::SCWMssOS::Found a swdesign opened with the mssfile.
TRACE::2026-05-04.20:37:01::SCWMssOS::Completed writemss as part of save.
TRACE::2026-05-04.20:37:01::SCWMssOS::Commit changes completed.
TRACE::2026-05-04.20:37:01::SCWPlatform::Trying to open the hw design at C:/Users/C27Soren.Herzog/ece383/Herzog_ece383_wksp/FinalProj_vitis/ZoGolf_V1_wrapper/hw/ZoGolf_V1_wrapper.xsa
TRACE::2026-05-04.20:37:01::SCWPlatform::DSA given C:/Users/C27Soren.Herzog/ece383/Herzog_ece383_wksp/FinalProj_vitis/ZoGolf_V1_wrapper/hw/ZoGolf_V1_wrapper.xsa
TRACE::2026-05-04.20:37:01::SCWPlatform::DSA absoulate path C:/Users/C27Soren.Herzog/ece383/Herzog_ece383_wksp/FinalProj_vitis/ZoGolf_V1_wrapper/hw/ZoGolf_V1_wrapper.xsa
TRACE::2026-05-04.20:37:01::SCWPlatform::DSA directory C:/Users/C27Soren.Herzog/ece383/Herzog_ece383_wksp/FinalProj_vitis/ZoGolf_V1_wrapper/hw
TRACE::2026-05-04.20:37:01::SCWPlatform:: Platform Path C:/Users/C27Soren.Herzog/ece383/Herzog_ece383_wksp/FinalProj_vitis/ZoGolf_V1_wrapper/hw/ZoGolf_V1_wrapper.xsa
TRACE::2026-05-04.20:37:01::SCWPlatform:: Unique name xilinx:nexys_video::0.0
TRACE::2026-05-04.20:37:01::SCWPlatform::Trying to set the existing hwdb with name design_1_wrapper_0
TRACE::2026-05-04.20:37:01::SCWPlatform::Opened existing hwdb design_1_wrapper_0
TRACE::2026-05-04.20:37:01::SCWPlatform::Found the Hw Db part of the input DSA
TRACE::2026-05-04.20:37:01::SCWMssOS::Checking the sw design at  C:/Users/C27Soren.Herzog/ece383/Herzog_ece383_wksp/FinalProj_vitis/ZoGolf_V1_wrapper/microblaze_0/standalone_microblaze_0/bsp/system.mss
TRACE::2026-05-04.20:37:01::SCWMssOS::DEBUG:  swdes dump  C:/Users/C27Soren.Herzog/ece383/Herzog_ece383_wksp/FinalProj_vitis/ZoGolf_V1_wrapper/microblaze_0/standalone_microblaze_0/bsp/system.mss|system||

TRACE::2026-05-04.20:37:01::SCWMssOS::Sw design exists and opened at  C:/Users/C27Soren.Herzog/ece383/Herzog_ece383_wksp/FinalProj_vitis/ZoGolf_V1_wrapper/microblaze_0/standalone_microblaze_0/bsp/system.mss
TRACE::2026-05-04.20:37:01::SCWPlatform::Trying to open the hw design at C:/Users/C27Soren.Herzog/ece383/Herzog_ece383_wksp/FinalProj_vitis/ZoGolf_V1_wrapper/hw/ZoGolf_V1_wrapper.xsa
TRACE::2026-05-04.20:37:01::SCWPlatform::DSA given C:/Users/C27Soren.Herzog/ece383/Herzog_ece383_wksp/FinalProj_vitis/ZoGolf_V1_wrapper/hw/ZoGolf_V1_wrapper.xsa
TRACE::2026-05-04.20:37:01::SCWPlatform::DSA absoulate path C:/Users/C27Soren.Herzog/ece383/Herzog_ece383_wksp/FinalProj_vitis/ZoGolf_V1_wrapper/hw/ZoGolf_V1_wrapper.xsa
TRACE::2026-05-04.20:37:01::SCWPlatform::DSA directory C:/Users/C27Soren.Herzog/ece383/Herzog_ece383_wksp/FinalProj_vitis/ZoGolf_V1_wrapper/hw
TRACE::2026-05-04.20:37:01::SCWPlatform:: Platform Path C:/Users/C27Soren.Herzog/ece383/Herzog_ece383_wksp/FinalProj_vitis/ZoGolf_V1_wrapper/hw/ZoGolf_V1_wrapper.xsa
TRACE::2026-05-04.20:37:01::SCWPlatform:: Unique name xilinx:nexys_video::0.0
TRACE::2026-05-04.20:37:01::SCWPlatform::Trying to set the existing hwdb with name design_1_wrapper_0
TRACE::2026-05-04.20:37:01::SCWPlatform::Opened existing hwdb design_1_wrapper_0
TRACE::2026-05-04.20:37:01::SCWPlatform::Found the Hw Db part of the input DSA
TRACE::2026-05-04.20:37:01::SCWMssOS::Checking the sw design at  C:/Users/C27Soren.Herzog/ece383/Herzog_ece383_wksp/FinalProj_vitis/ZoGolf_V1_wrapper/microblaze_0/standalone_microblaze_0/bsp/system.mss
TRACE::2026-05-04.20:37:01::SCWMssOS::DEBUG:  swdes dump  C:/Users/C27Soren.Herzog/ece383/Herzog_ece383_wksp/FinalProj_vitis/ZoGolf_V1_wrapper/microblaze_0/standalone_microblaze_0/bsp/system.mss|system||

TRACE::2026-05-04.20:37:01::SCWMssOS::Sw design exists and opened at  C:/Users/C27Soren.Herzog/ece383/Herzog_ece383_wksp/FinalProj_vitis/ZoGolf_V1_wrapper/microblaze_0/standalone_microblaze_0/bsp/system.mss
TRACE::2026-05-04.20:37:01::SCWPlatform::Trying to open the hw design at C:/Users/C27Soren.Herzog/ece383/Herzog_ece383_wksp/FinalProj_vitis/ZoGolf_V1_wrapper/hw/ZoGolf_V1_wrapper.xsa
TRACE::2026-05-04.20:37:01::SCWPlatform::DSA given C:/Users/C27Soren.Herzog/ece383/Herzog_ece383_wksp/FinalProj_vitis/ZoGolf_V1_wrapper/hw/ZoGolf_V1_wrapper.xsa
TRACE::2026-05-04.20:37:01::SCWPlatform::DSA absoulate path C:/Users/C27Soren.Herzog/ece383/Herzog_ece383_wksp/FinalProj_vitis/ZoGolf_V1_wrapper/hw/ZoGolf_V1_wrapper.xsa
TRACE::2026-05-04.20:37:01::SCWPlatform::DSA directory C:/Users/C27Soren.Herzog/ece383/Herzog_ece383_wksp/FinalProj_vitis/ZoGolf_V1_wrapper/hw
TRACE::2026-05-04.20:37:01::SCWPlatform:: Platform Path C:/Users/C27Soren.Herzog/ece383/Herzog_ece383_wksp/FinalProj_vitis/ZoGolf_V1_wrapper/hw/ZoGolf_V1_wrapper.xsa
TRACE::2026-05-04.20:37:01::SCWPlatform:: Unique name xilinx:nexys_video::0.0
TRACE::2026-05-04.20:37:01::SCWPlatform::Trying to set the existing hwdb with name design_1_wrapper_0
TRACE::2026-05-04.20:37:01::SCWPlatform::Opened existing hwdb design_1_wrapper_0
TRACE::2026-05-04.20:37:01::SCWPlatform::Found the Hw Db part of the input DSA
TRACE::2026-05-04.20:37:01::SCWMssOS::Checking the sw design at  C:/Users/C27Soren.Herzog/ece383/Herzog_ece383_wksp/FinalProj_vitis/ZoGolf_V1_wrapper/microblaze_0/standalone_microblaze_0/bsp/system.mss
TRACE::2026-05-04.20:37:01::SCWMssOS::DEBUG:  swdes dump  C:/Users/C27Soren.Herzog/ece383/Herzog_ece383_wksp/FinalProj_vitis/ZoGolf_V1_wrapper/microblaze_0/standalone_microblaze_0/bsp/system.mss|system||

TRACE::2026-05-04.20:37:01::SCWMssOS::Sw design exists and opened at  C:/Users/C27Soren.Herzog/ece383/Herzog_ece383_wksp/FinalProj_vitis/ZoGolf_V1_wrapper/microblaze_0/standalone_microblaze_0/bsp/system.mss
TRACE::2026-05-04.20:37:01::SCWWriter::formatted JSON is {
	"platformName":	"ZoGolf_V1_wrapper",
	"sprVersion":	"2.0",
	"mode":	"gui",
	"dsaType":	"Fixed",
	"platformDesc":	"ZoGolf_V1_wrapper",
	"platHandOff":	"C:/Users/C27Soren.Herzog/ece383/Herzog_ece383_wksp/FinalProj_IP/ZoGolf_V1_wrapper.xsa",
	"platIntHandOff":	"<platformDir>/hw/ZoGolf_V1_wrapper.xsa",
	"deviceType":	"FPGA",
	"platIsPrebuiltAutogen":	"false",
	"platIsNoBootBsp":	"false",
	"hasFsblMakeHasChanges":	"false",
	"hasPmufwMakeHasChanges":	"false",
	"platPreBuiltFlag":	false,
	"platformSamplesDir":	"",
	"platActiveSys":	"ZoGolf_V1_wrapper",
	"systems":	[{
			"systemName":	"ZoGolf_V1_wrapper",
			"systemDesc":	"ZoGolf_V1_wrapper",
			"sysIsBootAutoGen":	"true",
			"systemDispName":	"ZoGolf_V1_wrapper",
			"sysActiveDom":	"standalone_microblaze_0",
			"sysDefaultDom":	"standalone_microblaze_0",
			"domains":	[{
					"domainName":	"standalone_microblaze_0",
					"domainDispName":	"standalone_microblaze_0",
					"domainDesc":	"standalone_microblaze_0",
					"processors":	"microblaze_0",
					"os":	"standalone",
					"sdxOs":	"standalone",
					"debugEnable":	"False",
					"domRuntimes":	["cpp"],
					"swRepo":	"",
					"mssOsVer":	"9.2",
					"mssFile":	"",
					"md5Digest":	"bec4f60b96832dfa4f6a986ab55e5f08",
					"compatibleApp":	"hello_world",
					"domType":	"mssDomain",
					"arch":	"32-bit",
					"appSettings":	{
						"appCompilerFlags":	"",
						"appLinkerFlags":	""
					},
					"addedLibs":	[],
					"libOptions":	{
						"libsContainingOptions":	[]
					},
					"prebuiltLibs":	{
						"prebuiltIncPath":	[],
						"prebuiltLibPath":	[]
					},
					"isolation":	{
					}
				}]
		}]
}
TRACE::2026-05-04.20:37:01::SCWPlatform::Trying to open the hw design at C:/Users/C27Soren.Herzog/ece383/Herzog_ece383_wksp/FinalProj_vitis/ZoGolf_V1_wrapper/hw/ZoGolf_V1_wrapper.xsa
TRACE::2026-05-04.20:37:01::SCWPlatform::DSA given C:/Users/C27Soren.Herzog/ece383/Herzog_ece383_wksp/FinalProj_vitis/ZoGolf_V1_wrapper/hw/ZoGolf_V1_wrapper.xsa
TRACE::2026-05-04.20:37:01::SCWPlatform::DSA absoulate path C:/Users/C27Soren.Herzog/ece383/Herzog_ece383_wksp/FinalProj_vitis/ZoGolf_V1_wrapper/hw/ZoGolf_V1_wrapper.xsa
TRACE::2026-05-04.20:37:01::SCWPlatform::DSA directory C:/Users/C27Soren.Herzog/ece383/Herzog_ece383_wksp/FinalProj_vitis/ZoGolf_V1_wrapper/hw
TRACE::2026-05-04.20:37:01::SCWPlatform:: Platform Path C:/Users/C27Soren.Herzog/ece383/Herzog_ece383_wksp/FinalProj_vitis/ZoGolf_V1_wrapper/hw/ZoGolf_V1_wrapper.xsa
TRACE::2026-05-04.20:37:01::SCWPlatform:: Unique name xilinx:nexys_video::0.0
TRACE::2026-05-04.20:37:01::SCWPlatform::Trying to set the existing hwdb with name design_1_wrapper_0
TRACE::2026-05-04.20:37:01::SCWPlatform::Opened existing hwdb design_1_wrapper_0
TRACE::2026-05-04.20:37:01::SCWPlatform::Found the Hw Db part of the input DSA
TRACE::2026-05-04.20:37:01::SCWMssOS::Checking the sw design at  C:/Users/C27Soren.Herzog/ece383/Herzog_ece383_wksp/FinalProj_vitis/ZoGolf_V1_wrapper/microblaze_0/standalone_microblaze_0/bsp/system.mss
TRACE::2026-05-04.20:37:01::SCWMssOS::DEBUG:  swdes dump  C:/Users/C27Soren.Herzog/ece383/Herzog_ece383_wksp/FinalProj_vitis/ZoGolf_V1_wrapper/microblaze_0/standalone_microblaze_0/bsp/system.mss|system||

TRACE::2026-05-04.20:37:01::SCWMssOS::Sw design exists and opened at  C:/Users/C27Soren.Herzog/ece383/Herzog_ece383_wksp/FinalProj_vitis/ZoGolf_V1_wrapper/microblaze_0/standalone_microblaze_0/bsp/system.mss
TRACE::2026-05-04.20:37:01::SCWPlatform::Trying to open the hw design at C:/Users/C27Soren.Herzog/ece383/Herzog_ece383_wksp/FinalProj_vitis/ZoGolf_V1_wrapper/hw/ZoGolf_V1_wrapper.xsa
TRACE::2026-05-04.20:37:01::SCWPlatform::DSA given C:/Users/C27Soren.Herzog/ece383/Herzog_ece383_wksp/FinalProj_vitis/ZoGolf_V1_wrapper/hw/ZoGolf_V1_wrapper.xsa
TRACE::2026-05-04.20:37:01::SCWPlatform::DSA absoulate path C:/Users/C27Soren.Herzog/ece383/Herzog_ece383_wksp/FinalProj_vitis/ZoGolf_V1_wrapper/hw/ZoGolf_V1_wrapper.xsa
TRACE::2026-05-04.20:37:01::SCWPlatform::DSA directory C:/Users/C27Soren.Herzog/ece383/Herzog_ece383_wksp/FinalProj_vitis/ZoGolf_V1_wrapper/hw
TRACE::2026-05-04.20:37:01::SCWPlatform:: Platform Path C:/Users/C27Soren.Herzog/ece383/Herzog_ece383_wksp/FinalProj_vitis/ZoGolf_V1_wrapper/hw/ZoGolf_V1_wrapper.xsa
TRACE::2026-05-04.20:37:01::SCWPlatform:: Unique name xilinx:nexys_video::0.0
TRACE::2026-05-04.20:37:01::SCWPlatform::Trying to set the existing hwdb with name design_1_wrapper_0
TRACE::2026-05-04.20:37:01::SCWPlatform::Opened existing hwdb design_1_wrapper_0
TRACE::2026-05-04.20:37:01::SCWPlatform::Found the Hw Db part of the input DSA
TRACE::2026-05-04.20:37:01::SCWMssOS::Checking the sw design at  C:/Users/C27Soren.Herzog/ece383/Herzog_ece383_wksp/FinalProj_vitis/ZoGolf_V1_wrapper/microblaze_0/standalone_microblaze_0/bsp/system.mss
TRACE::2026-05-04.20:37:01::SCWMssOS::DEBUG:  swdes dump  C:/Users/C27Soren.Herzog/ece383/Herzog_ece383_wksp/FinalProj_vitis/ZoGolf_V1_wrapper/microblaze_0/standalone_microblaze_0/bsp/system.mss|system||

TRACE::2026-05-04.20:37:01::SCWMssOS::Sw design exists and opened at  C:/Users/C27Soren.Herzog/ece383/Herzog_ece383_wksp/FinalProj_vitis/ZoGolf_V1_wrapper/microblaze_0/standalone_microblaze_0/bsp/system.mss
TRACE::2026-05-04.20:37:01::SCWMssOS::Saving the mss changes C:/Users/C27Soren.Herzog/ece383/Herzog_ece383_wksp/FinalProj_vitis/ZoGolf_V1_wrapper/microblaze_0/standalone_microblaze_0/bsp/system.mss
TRACE::2026-05-04.20:37:01::SCWMssOS::Found a swdesign opened with the mssfile.
TRACE::2026-05-04.20:37:01::SCWMssOS::Completed writemss as part of save.
TRACE::2026-05-04.20:37:01::SCWMssOS::Commit changes completed.
TRACE::2026-05-04.20:37:01::SCWPlatform::Trying to open the hw design at C:/Users/C27Soren.Herzog/ece383/Herzog_ece383_wksp/FinalProj_vitis/ZoGolf_V1_wrapper/hw/ZoGolf_V1_wrapper.xsa
TRACE::2026-05-04.20:37:01::SCWPlatform::DSA given C:/Users/C27Soren.Herzog/ece383/Herzog_ece383_wksp/FinalProj_vitis/ZoGolf_V1_wrapper/hw/ZoGolf_V1_wrapper.xsa
TRACE::2026-05-04.20:37:01::SCWPlatform::DSA absoulate path C:/Users/C27Soren.Herzog/ece383/Herzog_ece383_wksp/FinalProj_vitis/ZoGolf_V1_wrapper/hw/ZoGolf_V1_wrapper.xsa
TRACE::2026-05-04.20:37:01::SCWPlatform::DSA directory C:/Users/C27Soren.Herzog/ece383/Herzog_ece383_wksp/FinalProj_vitis/ZoGolf_V1_wrapper/hw
TRACE::2026-05-04.20:37:01::SCWPlatform:: Platform Path C:/Users/C27Soren.Herzog/ece383/Herzog_ece383_wksp/FinalProj_vitis/ZoGolf_V1_wrapper/hw/ZoGolf_V1_wrapper.xsa
TRACE::2026-05-04.20:37:01::SCWPlatform:: Unique name xilinx:nexys_video::0.0
TRACE::2026-05-04.20:37:01::SCWPlatform::Trying to set the existing hwdb with name design_1_wrapper_0
TRACE::2026-05-04.20:37:01::SCWPlatform::Opened existing hwdb design_1_wrapper_0
TRACE::2026-05-04.20:37:01::SCWPlatform::Found the Hw Db part of the input DSA
TRACE::2026-05-04.20:37:01::SCWMssOS::Checking the sw design at  C:/Users/C27Soren.Herzog/ece383/Herzog_ece383_wksp/FinalProj_vitis/ZoGolf_V1_wrapper/microblaze_0/standalone_microblaze_0/bsp/system.mss
TRACE::2026-05-04.20:37:01::SCWMssOS::DEBUG:  swdes dump  C:/Users/C27Soren.Herzog/ece383/Herzog_ece383_wksp/FinalProj_vitis/ZoGolf_V1_wrapper/microblaze_0/standalone_microblaze_0/bsp/system.mss|system||

TRACE::2026-05-04.20:37:01::SCWMssOS::Sw design exists and opened at  C:/Users/C27Soren.Herzog/ece383/Herzog_ece383_wksp/FinalProj_vitis/ZoGolf_V1_wrapper/microblaze_0/standalone_microblaze_0/bsp/system.mss
TRACE::2026-05-04.20:37:01::SCWPlatform::Trying to open the hw design at C:/Users/C27Soren.Herzog/ece383/Herzog_ece383_wksp/FinalProj_vitis/ZoGolf_V1_wrapper/hw/ZoGolf_V1_wrapper.xsa
TRACE::2026-05-04.20:37:01::SCWPlatform::DSA given C:/Users/C27Soren.Herzog/ece383/Herzog_ece383_wksp/FinalProj_vitis/ZoGolf_V1_wrapper/hw/ZoGolf_V1_wrapper.xsa
TRACE::2026-05-04.20:37:01::SCWPlatform::DSA absoulate path C:/Users/C27Soren.Herzog/ece383/Herzog_ece383_wksp/FinalProj_vitis/ZoGolf_V1_wrapper/hw/ZoGolf_V1_wrapper.xsa
TRACE::2026-05-04.20:37:01::SCWPlatform::DSA directory C:/Users/C27Soren.Herzog/ece383/Herzog_ece383_wksp/FinalProj_vitis/ZoGolf_V1_wrapper/hw
TRACE::2026-05-04.20:37:01::SCWPlatform:: Platform Path C:/Users/C27Soren.Herzog/ece383/Herzog_ece383_wksp/FinalProj_vitis/ZoGolf_V1_wrapper/hw/ZoGolf_V1_wrapper.xsa
TRACE::2026-05-04.20:37:01::SCWPlatform:: Unique name xilinx:nexys_video::0.0
TRACE::2026-05-04.20:37:01::SCWPlatform::Trying to set the existing hwdb with name design_1_wrapper_0
TRACE::2026-05-04.20:37:01::SCWPlatform::Opened existing hwdb design_1_wrapper_0
TRACE::2026-05-04.20:37:01::SCWPlatform::Found the Hw Db part of the input DSA
TRACE::2026-05-04.20:37:01::SCWMssOS::Checking the sw design at  C:/Users/C27Soren.Herzog/ece383/Herzog_ece383_wksp/FinalProj_vitis/ZoGolf_V1_wrapper/microblaze_0/standalone_microblaze_0/bsp/system.mss
TRACE::2026-05-04.20:37:01::SCWMssOS::DEBUG:  swdes dump  C:/Users/C27Soren.Herzog/ece383/Herzog_ece383_wksp/FinalProj_vitis/ZoGolf_V1_wrapper/microblaze_0/standalone_microblaze_0/bsp/system.mss|system||

TRACE::2026-05-04.20:37:01::SCWMssOS::Sw design exists and opened at  C:/Users/C27Soren.Herzog/ece383/Herzog_ece383_wksp/FinalProj_vitis/ZoGolf_V1_wrapper/microblaze_0/standalone_microblaze_0/bsp/system.mss
TRACE::2026-05-04.20:37:01::SCWPlatform::Trying to open the hw design at C:/Users/C27Soren.Herzog/ece383/Herzog_ece383_wksp/FinalProj_vitis/ZoGolf_V1_wrapper/hw/ZoGolf_V1_wrapper.xsa
TRACE::2026-05-04.20:37:01::SCWPlatform::DSA given C:/Users/C27Soren.Herzog/ece383/Herzog_ece383_wksp/FinalProj_vitis/ZoGolf_V1_wrapper/hw/ZoGolf_V1_wrapper.xsa
TRACE::2026-05-04.20:37:01::SCWPlatform::DSA absoulate path C:/Users/C27Soren.Herzog/ece383/Herzog_ece383_wksp/FinalProj_vitis/ZoGolf_V1_wrapper/hw/ZoGolf_V1_wrapper.xsa
TRACE::2026-05-04.20:37:01::SCWPlatform::DSA directory C:/Users/C27Soren.Herzog/ece383/Herzog_ece383_wksp/FinalProj_vitis/ZoGolf_V1_wrapper/hw
TRACE::2026-05-04.20:37:01::SCWPlatform:: Platform Path C:/Users/C27Soren.Herzog/ece383/Herzog_ece383_wksp/FinalProj_vitis/ZoGolf_V1_wrapper/hw/ZoGolf_V1_wrapper.xsa
TRACE::2026-05-04.20:37:01::SCWPlatform:: Unique name xilinx:nexys_video::0.0
TRACE::2026-05-04.20:37:01::SCWPlatform::Trying to set the existing hwdb with name design_1_wrapper_0
TRACE::2026-05-04.20:37:01::SCWPlatform::Opened existing hwdb design_1_wrapper_0
TRACE::2026-05-04.20:37:01::SCWPlatform::Found the Hw Db part of the input DSA
TRACE::2026-05-04.20:37:01::SCWMssOS::Checking the sw design at  C:/Users/C27Soren.Herzog/ece383/Herzog_ece383_wksp/FinalProj_vitis/ZoGolf_V1_wrapper/microblaze_0/standalone_microblaze_0/bsp/system.mss
TRACE::2026-05-04.20:37:01::SCWMssOS::DEBUG:  swdes dump  C:/Users/C27Soren.Herzog/ece383/Herzog_ece383_wksp/FinalProj_vitis/ZoGolf_V1_wrapper/microblaze_0/standalone_microblaze_0/bsp/system.mss|system||

TRACE::2026-05-04.20:37:01::SCWMssOS::Sw design exists and opened at  C:/Users/C27Soren.Herzog/ece383/Herzog_ece383_wksp/FinalProj_vitis/ZoGolf_V1_wrapper/microblaze_0/standalone_microblaze_0/bsp/system.mss
TRACE::2026-05-04.20:37:01::SCWWriter::formatted JSON is {
	"platformName":	"ZoGolf_V1_wrapper",
	"sprVersion":	"2.0",
	"mode":	"gui",
	"dsaType":	"Fixed",
	"platformDesc":	"ZoGolf_V1_wrapper",
	"platHandOff":	"C:/Users/C27Soren.Herzog/ece383/Herzog_ece383_wksp/FinalProj_IP/ZoGolf_V1_wrapper.xsa",
	"platIntHandOff":	"<platformDir>/hw/ZoGolf_V1_wrapper.xsa",
	"deviceType":	"FPGA",
	"platIsPrebuiltAutogen":	"false",
	"platIsNoBootBsp":	"false",
	"hasFsblMakeHasChanges":	"false",
	"hasPmufwMakeHasChanges":	"false",
	"platPreBuiltFlag":	false,
	"platformSamplesDir":	"",
	"platActiveSys":	"ZoGolf_V1_wrapper",
	"systems":	[{
			"systemName":	"ZoGolf_V1_wrapper",
			"systemDesc":	"ZoGolf_V1_wrapper",
			"sysIsBootAutoGen":	"true",
			"systemDispName":	"ZoGolf_V1_wrapper",
			"sysActiveDom":	"standalone_microblaze_0",
			"sysDefaultDom":	"standalone_microblaze_0",
			"domains":	[{
					"domainName":	"standalone_microblaze_0",
					"domainDispName":	"standalone_microblaze_0",
					"domainDesc":	"standalone_microblaze_0",
					"processors":	"microblaze_0",
					"os":	"standalone",
					"sdxOs":	"standalone",
					"debugEnable":	"False",
					"domRuntimes":	["cpp"],
					"swRepo":	"",
					"mssOsVer":	"9.2",
					"mssFile":	"",
					"md5Digest":	"bec4f60b96832dfa4f6a986ab55e5f08",
					"compatibleApp":	"hello_world",
					"domType":	"mssDomain",
					"arch":	"32-bit",
					"appSettings":	{
						"appCompilerFlags":	"",
						"appLinkerFlags":	""
					},
					"addedLibs":	[],
					"libOptions":	{
						"libsContainingOptions":	[]
					},
					"prebuiltLibs":	{
						"prebuiltIncPath":	[],
						"prebuiltLibPath":	[]
					},
					"isolation":	{
					}
				}]
		}]
}
LOG::2026-05-04.20:37:01::SCWPlatform::Started generating the artifacts platform ZoGolf_V1_wrapper
TRACE::2026-05-04.20:37:01::SCWPlatform::Sanity checking of platform is completed
LOG::2026-05-04.20:37:01::SCWPlatform::Started generating the artifacts for system configuration ZoGolf_V1_wrapper
LOG::2026-05-04.20:37:01::SCWSystem::Started Processing the domain standalone_microblaze_0
TRACE::2026-05-04.20:37:01::SCWDomain::Generating domain artifcats
TRACE::2026-05-04.20:37:01::SCWMssOS::Generating standalone artifcats
TRACE::2026-05-04.20:37:01::SCWMssOS:: Copying the user libraries. 
TRACE::2026-05-04.20:37:01::SCWPlatform::Trying to open the hw design at C:/Users/C27Soren.Herzog/ece383/Herzog_ece383_wksp/FinalProj_vitis/ZoGolf_V1_wrapper/hw/ZoGolf_V1_wrapper.xsa
TRACE::2026-05-04.20:37:01::SCWPlatform::DSA given C:/Users/C27Soren.Herzog/ece383/Herzog_ece383_wksp/FinalProj_vitis/ZoGolf_V1_wrapper/hw/ZoGolf_V1_wrapper.xsa
TRACE::2026-05-04.20:37:01::SCWPlatform::DSA absoulate path C:/Users/C27Soren.Herzog/ece383/Herzog_ece383_wksp/FinalProj_vitis/ZoGolf_V1_wrapper/hw/ZoGolf_V1_wrapper.xsa
TRACE::2026-05-04.20:37:01::SCWPlatform::DSA directory C:/Users/C27Soren.Herzog/ece383/Herzog_ece383_wksp/FinalProj_vitis/ZoGolf_V1_wrapper/hw
TRACE::2026-05-04.20:37:01::SCWPlatform:: Platform Path C:/Users/C27Soren.Herzog/ece383/Herzog_ece383_wksp/FinalProj_vitis/ZoGolf_V1_wrapper/hw/ZoGolf_V1_wrapper.xsa
TRACE::2026-05-04.20:37:01::SCWPlatform:: Unique name xilinx:nexys_video::0.0
TRACE::2026-05-04.20:37:01::SCWPlatform::Trying to set the existing hwdb with name design_1_wrapper_0
TRACE::2026-05-04.20:37:01::SCWPlatform::Opened existing hwdb design_1_wrapper_0
TRACE::2026-05-04.20:37:01::SCWPlatform::Found the Hw Db part of the input DSA
TRACE::2026-05-04.20:37:01::SCWMssOS::Checking the sw design at  C:/Users/C27Soren.Herzog/ece383/Herzog_ece383_wksp/FinalProj_vitis/ZoGolf_V1_wrapper/microblaze_0/standalone_microblaze_0/bsp/system.mss
TRACE::2026-05-04.20:37:01::SCWMssOS::DEBUG:  swdes dump  C:/Users/C27Soren.Herzog/ece383/Herzog_ece383_wksp/FinalProj_vitis/ZoGolf_V1_wrapper/microblaze_0/standalone_microblaze_0/bsp/system.mss|system||

TRACE::2026-05-04.20:37:01::SCWMssOS::Sw design exists and opened at  C:/Users/C27Soren.Herzog/ece383/Herzog_ece383_wksp/FinalProj_vitis/ZoGolf_V1_wrapper/microblaze_0/standalone_microblaze_0/bsp/system.mss
TRACE::2026-05-04.20:37:01::SCWMssOS::Completed writing the mss file at C:/Users/C27Soren.Herzog/ece383/Herzog_ece383_wksp/FinalProj_vitis/ZoGolf_V1_wrapper/microblaze_0/standalone_microblaze_0/bsp
TRACE::2026-05-04.20:37:01::SCWMssOS::Mss edits present, copying mssfile into export location C:/Users/C27Soren.Herzog/ece383/Herzog_ece383_wksp/FinalProj_vitis/ZoGolf_V1_wrapper/microblaze_0/standalone_microblaze_0/bsp/system.mss
TRACE::2026-05-04.20:37:01::SCWMssOS::bsp generated is upto date with the mss file. Skipping bsp generation.
TRACE::2026-05-04.20:37:01::SCWMssOS::BSP is already built. skipping the bsp build ... 
TRACE::2026-05-04.20:37:01::SCWDomain::Building the domain as part of full build :  standalone_microblaze_0
TRACE::2026-05-04.20:37:01::SCWMssOS::skipping the bsp build ... 
TRACE::2026-05-04.20:37:01::SCWMssOS::Copying to export directory.
TRACE::2026-05-04.20:37:01::SCWMssOS:: Checking if to create the Supporting Applications
TRACE::2026-05-04.20:37:01::SCWMssOS:: No Linux domain exists, trying to generate FSBL 
LOG::2026-05-04.20:37:01::SCWSystem::Completed Processing the domain standalone_microblaze_0
LOG::2026-05-04.20:37:01::SCWSystem::Completed Processing the sysconfig ZoGolf_V1_wrapper
LOG::2026-05-04.20:37:01::SCWPlatform::Completed generating the artifacts for system configuration ZoGolf_V1_wrapper
TRACE::2026-05-04.20:37:01::SCWPlatform::Started preparing the platform 
TRACE::2026-05-04.20:37:01::SCWSystem::Writing the bif file for system config ZoGolf_V1_wrapper
TRACE::2026-05-04.20:37:01::SCWSystem::dir created 
TRACE::2026-05-04.20:37:01::SCWSystem::Writing the bif 
TRACE::2026-05-04.20:37:01::SCWPlatform::Started writing the spfm file 
TRACE::2026-05-04.20:37:01::SCWPlatform::Started writing the xpfm file 
TRACE::2026-05-04.20:37:01::SCWPlatform::Completed generating the platform
TRACE::2026-05-04.20:37:01::SCWMssOS::Saving the mss changes C:/Users/C27Soren.Herzog/ece383/Herzog_ece383_wksp/FinalProj_vitis/ZoGolf_V1_wrapper/microblaze_0/standalone_microblaze_0/bsp/system.mss
TRACE::2026-05-04.20:37:01::SCWMssOS::Found a swdesign opened with the mssfile.
TRACE::2026-05-04.20:37:01::SCWMssOS::Completed writemss as part of save.
TRACE::2026-05-04.20:37:01::SCWMssOS::Commit changes completed.
TRACE::2026-05-04.20:37:01::SCWPlatform::Trying to open the hw design at C:/Users/C27Soren.Herzog/ece383/Herzog_ece383_wksp/FinalProj_vitis/ZoGolf_V1_wrapper/hw/ZoGolf_V1_wrapper.xsa
TRACE::2026-05-04.20:37:01::SCWPlatform::DSA given C:/Users/C27Soren.Herzog/ece383/Herzog_ece383_wksp/FinalProj_vitis/ZoGolf_V1_wrapper/hw/ZoGolf_V1_wrapper.xsa
TRACE::2026-05-04.20:37:01::SCWPlatform::DSA absoulate path C:/Users/C27Soren.Herzog/ece383/Herzog_ece383_wksp/FinalProj_vitis/ZoGolf_V1_wrapper/hw/ZoGolf_V1_wrapper.xsa
TRACE::2026-05-04.20:37:01::SCWPlatform::DSA directory C:/Users/C27Soren.Herzog/ece383/Herzog_ece383_wksp/FinalProj_vitis/ZoGolf_V1_wrapper/hw
TRACE::2026-05-04.20:37:01::SCWPlatform:: Platform Path C:/Users/C27Soren.Herzog/ece383/Herzog_ece383_wksp/FinalProj_vitis/ZoGolf_V1_wrapper/hw/ZoGolf_V1_wrapper.xsa
TRACE::2026-05-04.20:37:01::SCWPlatform:: Unique name xilinx:nexys_video::0.0
TRACE::2026-05-04.20:37:01::SCWPlatform::Trying to set the existing hwdb with name design_1_wrapper_0
TRACE::2026-05-04.20:37:01::SCWPlatform::Opened existing hwdb design_1_wrapper_0
TRACE::2026-05-04.20:37:01::SCWPlatform::Found the Hw Db part of the input DSA
TRACE::2026-05-04.20:37:01::SCWMssOS::Checking the sw design at  C:/Users/C27Soren.Herzog/ece383/Herzog_ece383_wksp/FinalProj_vitis/ZoGolf_V1_wrapper/microblaze_0/standalone_microblaze_0/bsp/system.mss
TRACE::2026-05-04.20:37:01::SCWMssOS::DEBUG:  swdes dump  C:/Users/C27Soren.Herzog/ece383/Herzog_ece383_wksp/FinalProj_vitis/ZoGolf_V1_wrapper/microblaze_0/standalone_microblaze_0/bsp/system.mss|system||

TRACE::2026-05-04.20:37:01::SCWMssOS::Sw design exists and opened at  C:/Users/C27Soren.Herzog/ece383/Herzog_ece383_wksp/FinalProj_vitis/ZoGolf_V1_wrapper/microblaze_0/standalone_microblaze_0/bsp/system.mss
TRACE::2026-05-04.20:37:01::SCWPlatform::Trying to open the hw design at C:/Users/C27Soren.Herzog/ece383/Herzog_ece383_wksp/FinalProj_vitis/ZoGolf_V1_wrapper/hw/ZoGolf_V1_wrapper.xsa
TRACE::2026-05-04.20:37:01::SCWPlatform::DSA given C:/Users/C27Soren.Herzog/ece383/Herzog_ece383_wksp/FinalProj_vitis/ZoGolf_V1_wrapper/hw/ZoGolf_V1_wrapper.xsa
TRACE::2026-05-04.20:37:01::SCWPlatform::DSA absoulate path C:/Users/C27Soren.Herzog/ece383/Herzog_ece383_wksp/FinalProj_vitis/ZoGolf_V1_wrapper/hw/ZoGolf_V1_wrapper.xsa
TRACE::2026-05-04.20:37:01::SCWPlatform::DSA directory C:/Users/C27Soren.Herzog/ece383/Herzog_ece383_wksp/FinalProj_vitis/ZoGolf_V1_wrapper/hw
TRACE::2026-05-04.20:37:01::SCWPlatform:: Platform Path C:/Users/C27Soren.Herzog/ece383/Herzog_ece383_wksp/FinalProj_vitis/ZoGolf_V1_wrapper/hw/ZoGolf_V1_wrapper.xsa
TRACE::2026-05-04.20:37:01::SCWPlatform:: Unique name xilinx:nexys_video::0.0
TRACE::2026-05-04.20:37:01::SCWPlatform::Trying to set the existing hwdb with name design_1_wrapper_0
TRACE::2026-05-04.20:37:01::SCWPlatform::Opened existing hwdb design_1_wrapper_0
TRACE::2026-05-04.20:37:01::SCWPlatform::Found the Hw Db part of the input DSA
TRACE::2026-05-04.20:37:01::SCWMssOS::Checking the sw design at  C:/Users/C27Soren.Herzog/ece383/Herzog_ece383_wksp/FinalProj_vitis/ZoGolf_V1_wrapper/microblaze_0/standalone_microblaze_0/bsp/system.mss
TRACE::2026-05-04.20:37:01::SCWMssOS::DEBUG:  swdes dump  C:/Users/C27Soren.Herzog/ece383/Herzog_ece383_wksp/FinalProj_vitis/ZoGolf_V1_wrapper/microblaze_0/standalone_microblaze_0/bsp/system.mss|system||

TRACE::2026-05-04.20:37:01::SCWMssOS::Sw design exists and opened at  C:/Users/C27Soren.Herzog/ece383/Herzog_ece383_wksp/FinalProj_vitis/ZoGolf_V1_wrapper/microblaze_0/standalone_microblaze_0/bsp/system.mss
TRACE::2026-05-04.20:37:01::SCWPlatform::Trying to open the hw design at C:/Users/C27Soren.Herzog/ece383/Herzog_ece383_wksp/FinalProj_vitis/ZoGolf_V1_wrapper/hw/ZoGolf_V1_wrapper.xsa
TRACE::2026-05-04.20:37:01::SCWPlatform::DSA given C:/Users/C27Soren.Herzog/ece383/Herzog_ece383_wksp/FinalProj_vitis/ZoGolf_V1_wrapper/hw/ZoGolf_V1_wrapper.xsa
TRACE::2026-05-04.20:37:01::SCWPlatform::DSA absoulate path C:/Users/C27Soren.Herzog/ece383/Herzog_ece383_wksp/FinalProj_vitis/ZoGolf_V1_wrapper/hw/ZoGolf_V1_wrapper.xsa
TRACE::2026-05-04.20:37:01::SCWPlatform::DSA directory C:/Users/C27Soren.Herzog/ece383/Herzog_ece383_wksp/FinalProj_vitis/ZoGolf_V1_wrapper/hw
TRACE::2026-05-04.20:37:01::SCWPlatform:: Platform Path C:/Users/C27Soren.Herzog/ece383/Herzog_ece383_wksp/FinalProj_vitis/ZoGolf_V1_wrapper/hw/ZoGolf_V1_wrapper.xsa
TRACE::2026-05-04.20:37:01::SCWPlatform:: Unique name xilinx:nexys_video::0.0
TRACE::2026-05-04.20:37:01::SCWPlatform::Trying to set the existing hwdb with name design_1_wrapper_0
TRACE::2026-05-04.20:37:01::SCWPlatform::Opened existing hwdb design_1_wrapper_0
TRACE::2026-05-04.20:37:01::SCWPlatform::Found the Hw Db part of the input DSA
TRACE::2026-05-04.20:37:01::SCWMssOS::Checking the sw design at  C:/Users/C27Soren.Herzog/ece383/Herzog_ece383_wksp/FinalProj_vitis/ZoGolf_V1_wrapper/microblaze_0/standalone_microblaze_0/bsp/system.mss
TRACE::2026-05-04.20:37:01::SCWMssOS::DEBUG:  swdes dump  C:/Users/C27Soren.Herzog/ece383/Herzog_ece383_wksp/FinalProj_vitis/ZoGolf_V1_wrapper/microblaze_0/standalone_microblaze_0/bsp/system.mss|system||

TRACE::2026-05-04.20:37:01::SCWMssOS::Sw design exists and opened at  C:/Users/C27Soren.Herzog/ece383/Herzog_ece383_wksp/FinalProj_vitis/ZoGolf_V1_wrapper/microblaze_0/standalone_microblaze_0/bsp/system.mss
TRACE::2026-05-04.20:37:01::SCWWriter::formatted JSON is {
	"platformName":	"ZoGolf_V1_wrapper",
	"sprVersion":	"2.0",
	"mode":	"gui",
	"dsaType":	"Fixed",
	"platformDesc":	"ZoGolf_V1_wrapper",
	"platHandOff":	"C:/Users/C27Soren.Herzog/ece383/Herzog_ece383_wksp/FinalProj_IP/ZoGolf_V1_wrapper.xsa",
	"platIntHandOff":	"<platformDir>/hw/ZoGolf_V1_wrapper.xsa",
	"deviceType":	"FPGA",
	"platIsPrebuiltAutogen":	"false",
	"platIsNoBootBsp":	"false",
	"hasFsblMakeHasChanges":	"false",
	"hasPmufwMakeHasChanges":	"false",
	"platPreBuiltFlag":	false,
	"platformSamplesDir":	"",
	"platActiveSys":	"ZoGolf_V1_wrapper",
	"systems":	[{
			"systemName":	"ZoGolf_V1_wrapper",
			"systemDesc":	"ZoGolf_V1_wrapper",
			"sysIsBootAutoGen":	"true",
			"systemDispName":	"ZoGolf_V1_wrapper",
			"sysActiveDom":	"standalone_microblaze_0",
			"sysDefaultDom":	"standalone_microblaze_0",
			"domains":	[{
					"domainName":	"standalone_microblaze_0",
					"domainDispName":	"standalone_microblaze_0",
					"domainDesc":	"standalone_microblaze_0",
					"processors":	"microblaze_0",
					"os":	"standalone",
					"sdxOs":	"standalone",
					"debugEnable":	"False",
					"domRuntimes":	["cpp"],
					"swRepo":	"",
					"mssOsVer":	"9.2",
					"mssFile":	"",
					"md5Digest":	"bec4f60b96832dfa4f6a986ab55e5f08",
					"compatibleApp":	"hello_world",
					"domType":	"mssDomain",
					"arch":	"32-bit",
					"appSettings":	{
						"appCompilerFlags":	"",
						"appLinkerFlags":	""
					},
					"addedLibs":	[],
					"libOptions":	{
						"libsContainingOptions":	[]
					},
					"prebuiltLibs":	{
						"prebuiltIncPath":	[],
						"prebuiltLibPath":	[]
					},
					"isolation":	{
					}
				}]
		}]
}
KEYINFO::2026-05-04.20:37:01::SCWPlatform::updated the xpfm file.
